============================= test session starts =============================
platform win32 -- Python 3.11.9, pytest-9.0.2, pluggy-1.6.0 -- C:\Users\Lenovo\AppData\Local\Programs\Python\Python311\python.exe
cachedir: .pytest_cache
rootdir: C:\Users\Lenovo\Desktop\Agentic-IAM-main
configfile: pytest.ini
plugins: anyio-4.12.1, asyncio-1.3.0, base-url-2.1.0, cov-7.1.0, mock-3.15.1, playwright-0.7.2
asyncio: mode=Mode.STRICT, debug=False, asyncio_default_fixture_loop_scope=None, asyncio_default_test_loop_scope=function
collecting ... collected 70 items

tests/test_integration/test_api_integration.py::TestAPIIntegration::test_full_agent_lifecycle ERROR [  1%]
tests/test_integration/test_api_integration.py::TestAPIIntegration::test_session_management_flow ERROR [  2%]
tests/test_integration/test_api_integration.py::TestAPIIntegration::test_audit_logging_integration ERROR [  4%]
tests/test_integration/test_api_integration.py::TestAPIIntegration::test_trust_scoring_integration ERROR [  5%]
tests/test_integration/test_api_integration.py::TestAPIIntegration::test_error_handling_integration ERROR [  7%]
tests/test_integration/test_api_integration.py::TestAPIIntegration::test_concurrent_requests ERROR [  8%]
tests/test_integration/test_api_integration.py::TestAPIIntegration::test_performance_under_load ERROR [ 10%]
tests/test_integration/test_api_integration.py::TestDatabaseIntegration::test_agent_persistence ERROR [ 11%]
tests/test_integration/test_api_integration.py::TestDatabaseIntegration::test_session_persistence ERROR [ 12%]
tests/test_integration/test_api_integration.py::TestDatabaseIntegration::test_audit_log_persistence ERROR [ 14%]
tests/test_integration/test_api_integration.py::TestSecurityIntegration::test_api_security_headers PASSED [ 15%]
tests/test_integration/test_api_integration.py::TestSecurityIntegration::test_input_validation FAILED [ 17%]
tests/test_integration/test_api_integration.py::TestSecurityIntegration::test_rate_limiting_integration FAILED [ 18%]
tests/test_integration/test_api_integration.py::TestSecurityIntegration::test_cors_configuration PASSED [ 20%]
tests/test_new_features.py::TestTrustScoring::test_trust_score_calculation PASSED [ 21%]
tests/test_new_features.py::TestTrustScoring::test_trust_score_caching PASSED [ 22%]
tests/test_new_features.py::TestComplianceFramework::test_compliance_framework_enum PASSED [ 24%]
tests/test_new_features.py::TestComplianceFramework::test_compliance_values PASSED [ 25%]
tests/test_new_features.py::TestMobileAPI::test_mobile_register_request PASSED [ 27%]
tests/test_new_features.py::TestMobileAPI::test_mobile_heartbeat_model PASSED [ 28%]
tests/test_new_features.py::TestGraphQL::test_graphql_schema_exists PASSED [ 30%]
tests/test_new_features.py::TestGraphQL::test_graphql_types PASSED       [ 31%]
tests/test_reports_alerts_auth.py::test_protected_endpoints_require_api_key PASSED [ 32%]
tests/test_reports_alerts_auth.py::test_unprotected_when_no_admin_key PASSED [ 34%]
tests/test_sign_url.py::test_signed_static_url_allows_valid_signature PASSED [ 35%]
tests/test_sign_url.py::test_signed_static_url_rejects_invalid_signature PASSED [ 37%]
tests/test_unit/test_api/test_authentication.py::TestAuthenticationAPI::test_login_success PASSED [ 38%]
tests/test_unit/test_api/test_authentication.py::TestAuthenticationAPI::test_login_failure PASSED [ 40%]
tests/test_unit/test_api/test_authentication.py::TestAuthenticationAPI::test_login_invalid_request FAILED [ 41%]
tests/test_unit/test_api/test_authentication.py::TestAuthenticationAPI::test_login_exception_handling PASSED [ 42%]
tests/test_unit/test_api/test_authentication.py::TestAuthenticationAPI::test_logout_session_id PASSED [ 44%]
tests/test_unit/test_api/test_authentication.py::TestAuthenticationAPI::test_logout_agent_id PASSED [ 45%]
tests/test_unit/test_api/test_authentication.py::TestAuthenticationAPI::test_logout_no_parameters PASSED [ 47%]
tests/test_unit/test_api/test_authentication.py::TestAuthenticationAPI::test_refresh_token_success PASSED [ 48%]
tests/test_unit/test_api/test_authentication.py::TestAuthenticationAPI::test_refresh_token_invalid_session PASSED [ 50%]
tests/test_unit/test_api/test_authentication.py::TestAuthenticationAPI::test_get_challenge PASSED [ 51%]
tests/test_unit/test_api/test_authentication.py::TestAuthenticationAPI::test_get_challenge_crypto_not_available PASSED [ 52%]
tests/test_unit/test_api/test_authentication.py::TestAuthenticationAPI::test_verify_signature_success PASSED [ 54%]
tests/test_unit/test_api/test_authentication.py::TestAuthenticationAPI::test_verify_signature_invalid PASSED [ 55%]
tests/test_unit/test_api/test_authentication.py::TestAuthenticationAPI::test_verify_signature_agent_not_found PASSED [ 57%]
tests/test_unit/test_api/test_authentication.py::TestAuthenticationAPI::test_get_auth_methods PASSED [ 58%]
tests/test_unit/test_api/test_authentication.py::TestAuthenticationAPI::test_get_auth_status PASSED [ 60%]
tests/test_unit/test_api/test_authentication.py::TestAuthenticationAPI::test_get_auth_status_agent_not_found PASSED [ 61%]
tests/test_unit/test_api/test_authentication.py::TestAuthenticationAPI::test_start_mfa_success PASSED [ 62%]
tests/test_unit/test_api/test_authentication.py::TestAuthenticationAPI::test_start_mfa_disabled PASSED [ 64%]
tests/test_unit/test_api/test_authentication.py::TestAuthenticationAPI::test_verify_mfa_factor_success PASSED [ 65%]
tests/test_unit/test_api/test_authentication.py::TestAuthenticationAPI::test_verify_mfa_factor_partial PASSED [ 67%]
tests/test_unit/test_api/test_authentication.py::TestAuthenticationAPI::test_verify_mfa_factor_failure PASSED [ 68%]
tests/test_unit/test_core/test_agentic_iam.py::TestAgenticIAM::test_initialization PASSED [ 70%]
tests/test_unit/test_core/test_agentic_iam.py::TestAgenticIAM::test_shutdown PASSED [ 71%]
tests/test_unit/test_core/test_agentic_iam.py::TestAgenticIAM::test_register_agent_success FAILED [ 72%]
tests/test_unit/test_core/test_agentic_iam.py::TestAgenticIAM::test_register_agent_not_initialized PASSED [ 74%]
tests/test_unit/test_core/test_agentic_iam.py::TestAgenticIAM::test_authenticate_success FAILED [ 75%]
tests/test_unit/test_core/test_agentic_iam.py::TestAgenticIAM::test_authenticate_failure FAILED [ 77%]
tests/test_unit/test_core/test_agentic_iam.py::TestAgenticIAM::test_authorize_success FAILED [ 78%]
tests/test_unit/test_core/test_agentic_iam.py::TestAgenticIAM::test_authorize_denial FAILED [ 80%]
tests/test_unit/test_core/test_agentic_iam.py::TestAgenticIAM::test_create_session_success ERROR [ 81%]
tests/test_unit/test_core/test_agentic_iam.py::TestAgenticIAM::test_calculate_trust_score ERROR [ 82%]
tests/test_unit/test_core/test_agentic_iam.py::TestAgenticIAM::test_calculate_trust_score_no_engine FAILED [ 84%]
tests/test_unit/test_core/test_agentic_iam.py::TestAgenticIAM::test_get_platform_status FAILED [ 85%]
tests/test_unit/test_core/test_agentic_iam.py::TestAgenticIAM::test_get_avg_trust_score_calculation ERROR [ 87%]
tests/test_unit/test_core/test_agentic_iam.py::TestAgenticIAM::test_error_handling_in_authenticate FAILED [ 88%]
tests/test_unit/test_core/test_agentic_iam.py::TestAgenticIAM::test_error_handling_in_authorization FAILED [ 90%]
tests/test_unit/test_core/test_agentic_iam.py::TestAgenticIAM::test_settings_integration PASSED [ 91%]
tests/test_unit/test_core/test_agentic_iam.py::TestAgenticIAM::test_component_availability_checks FAILED [ 92%]
tests/test_unit/test_core/test_agentic_iam.py::TestAgenticIAM::test_concurrent_operations PASSED [ 94%]
tests/test_unit/test_core/test_agentic_iam.py::TestAgenticIAMSettings::test_settings_validation FAILED [ 95%]
tests/test_unit/test_core/test_agentic_iam.py::TestAgenticIAMSettings::test_settings_defaults PASSED [ 97%]
tests/test_unit/test_core/test_agentic_iam.py::TestAgenticIAMLogging::test_audit_logging_integration FAILED [ 98%]
tests/test_unit/test_core/test_agentic_iam.py::TestAgenticIAMLogging::test_audit_logging_disabled PASSED [100%]

=================================== ERRORS ====================================
_______ ERROR at setup of TestAPIIntegration.test_full_agent_lifecycle ________

self = <Coroutine test_full_agent_lifecycle>

    def setup(self) -> None:
        runner_fixture_id = f"_{self._loop_scope}_scoped_runner"
        if runner_fixture_id not in self.fixturenames:
            self.fixturenames.append(runner_fixture_id)
>       return super().setup()
               ^^^^^^^^^^^^^^^

..\..\AppData\Local\Programs\Python\Python311\Lib\site-packages\pytest_asyncio\plugin.py:458: 
_ _ _ _ _ _ _ _ _ _ _ _ _ _ _ _ _ _ _ _ _ _ _ _ _ _ _ _ _ _ _ _ _ _ _ _ _ _ _ _

fixturedef = <FixtureDef argname='iam_instance' scope='function' baseid=''>
request = <SubRequest 'iam_instance' for <Coroutine test_full_agent_lifecycle>>

    @pytest.hookimpl(wrapper=True)
    def pytest_fixture_setup(fixturedef: FixtureDef, request) -> object | None:
        asyncio_mode = _get_asyncio_mode(request.config)
        if not _is_asyncio_fixture_function(fixturedef.func):
            if asyncio_mode == Mode.STRICT:
                # Ignore async fixtures without explicit asyncio mark in strict mode
                # This applies to pytest_trio fixtures, for example
>               return (yield)
                        ^^^^^
E               pytest.PytestRemovedIn9Warning: 'test_full_agent_lifecycle' requested an async fixture 'iam_instance', with no plugin or hook that handled it. This is usually an error, as pytest does not natively support it. This will turn into an error in pytest 9.
E               See: https://docs.pytest.org/en/stable/deprecations.html#sync-test-depending-on-async-fixture

..\..\AppData\Local\Programs\Python\Python311\Lib\site-packages\pytest_asyncio\plugin.py:728: PytestRemovedIn9Warning
---------------------------- Captured stdout setup ----------------------------
2026-03-22 23:39:33 - agentic_iam - INFO - Logging initialized - Level: INFO, Console: True, File: True [logger.py:119]
2026-03-22 23:39:33 - agentic_iam.AgenticIAM - INFO - Initializing Agentic-IAM system... [agentic_iam.py:64]
2026-03-22 23:39:33 - agentic_iam.AgenticIAM - INFO - Agentic-IAM system initialization complete [agentic_iam.py:162]
2026-03-22 23:39:33 - agentic_iam.api - INFO - API server started successfully [main.py:98]
______ ERROR at setup of TestAPIIntegration.test_session_management_flow ______

self = <Coroutine test_session_management_flow>

    def setup(self) -> None:
        runner_fixture_id = f"_{self._loop_scope}_scoped_runner"
        if runner_fixture_id not in self.fixturenames:
            self.fixturenames.append(runner_fixture_id)
>       return super().setup()
               ^^^^^^^^^^^^^^^

..\..\AppData\Local\Programs\Python\Python311\Lib\site-packages\pytest_asyncio\plugin.py:458: 
_ _ _ _ _ _ _ _ _ _ _ _ _ _ _ _ _ _ _ _ _ _ _ _ _ _ _ _ _ _ _ _ _ _ _ _ _ _ _ _

fixturedef = <FixtureDef argname='iam_instance' scope='function' baseid=''>
request = <SubRequest 'iam_instance' for <Coroutine test_session_management_flow>>

    @pytest.hookimpl(wrapper=True)
    def pytest_fixture_setup(fixturedef: FixtureDef, request) -> object | None:
        asyncio_mode = _get_asyncio_mode(request.config)
        if not _is_asyncio_fixture_function(fixturedef.func):
            if asyncio_mode == Mode.STRICT:
                # Ignore async fixtures without explicit asyncio mark in strict mode
                # This applies to pytest_trio fixtures, for example
>               return (yield)
                        ^^^^^
E               pytest.PytestRemovedIn9Warning: 'test_session_management_flow' requested an async fixture 'iam_instance', with no plugin or hook that handled it. This is usually an error, as pytest does not natively support it. This will turn into an error in pytest 9.
E               See: https://docs.pytest.org/en/stable/deprecations.html#sync-test-depending-on-async-fixture

..\..\AppData\Local\Programs\Python\Python311\Lib\site-packages\pytest_asyncio\plugin.py:728: PytestRemovedIn9Warning
---------------------------- Captured stdout setup ----------------------------
2026-03-22 23:39:33 - agentic_iam.api - INFO - Starting Agentic-IAM API server... [main.py:81]
2026-03-22 23:39:33 - agentic_iam - INFO - Logging initialized - Level: INFO, Console: True, File: True [logger.py:119]
2026-03-22 23:39:33 - agentic_iam.AgenticIAM - INFO - Initializing Agentic-IAM system... [agentic_iam.py:64]
2026-03-22 23:39:33 - agentic_iam.AgenticIAM - INFO - Agentic-IAM system initialization complete [agentic_iam.py:162]
2026-03-22 23:39:33 - agentic_iam.api - INFO - API server started successfully [main.py:98]
_____ ERROR at setup of TestAPIIntegration.test_audit_logging_integration _____

self = <Coroutine test_audit_logging_integration>

    def setup(self) -> None:
        runner_fixture_id = f"_{self._loop_scope}_scoped_runner"
        if runner_fixture_id not in self.fixturenames:
            self.fixturenames.append(runner_fixture_id)
>       return super().setup()
               ^^^^^^^^^^^^^^^

..\..\AppData\Local\Programs\Python\Python311\Lib\site-packages\pytest_asyncio\plugin.py:458: 
_ _ _ _ _ _ _ _ _ _ _ _ _ _ _ _ _ _ _ _ _ _ _ _ _ _ _ _ _ _ _ _ _ _ _ _ _ _ _ _

fixturedef = <FixtureDef argname='iam_instance' scope='function' baseid=''>
request = <SubRequest 'iam_instance' for <Coroutine test_audit_logging_integration>>

    @pytest.hookimpl(wrapper=True)
    def pytest_fixture_setup(fixturedef: FixtureDef, request) -> object | None:
        asyncio_mode = _get_asyncio_mode(request.config)
        if not _is_asyncio_fixture_function(fixturedef.func):
            if asyncio_mode == Mode.STRICT:
                # Ignore async fixtures without explicit asyncio mark in strict mode
                # This applies to pytest_trio fixtures, for example
>               return (yield)
                        ^^^^^
E               pytest.PytestRemovedIn9Warning: 'test_audit_logging_integration' requested an async fixture 'iam_instance', with no plugin or hook that handled it. This is usually an error, as pytest does not natively support it. This will turn into an error in pytest 9.
E               See: https://docs.pytest.org/en/stable/deprecations.html#sync-test-depending-on-async-fixture

..\..\AppData\Local\Programs\Python\Python311\Lib\site-packages\pytest_asyncio\plugin.py:728: PytestRemovedIn9Warning
---------------------------- Captured stdout setup ----------------------------
2026-03-22 23:39:33 - agentic_iam.api - INFO - Starting Agentic-IAM API server... [main.py:81]
2026-03-22 23:39:33 - agentic_iam - INFO - Logging initialized - Level: INFO, Console: True, File: True [logger.py:119]
2026-03-22 23:39:33 - agentic_iam.AgenticIAM - INFO - Initializing Agentic-IAM system... [agentic_iam.py:64]
2026-03-22 23:39:33 - agentic_iam.AgenticIAM - INFO - Agentic-IAM system initialization complete [agentic_iam.py:162]
2026-03-22 23:39:33 - agentic_iam.api - INFO - API server started successfully [main.py:98]
_____ ERROR at setup of TestAPIIntegration.test_trust_scoring_integration _____

self = <Coroutine test_trust_scoring_integration>

    def setup(self) -> None:
        runner_fixture_id = f"_{self._loop_scope}_scoped_runner"
        if runner_fixture_id not in self.fixturenames:
            self.fixturenames.append(runner_fixture_id)
>       return super().setup()
               ^^^^^^^^^^^^^^^

..\..\AppData\Local\Programs\Python\Python311\Lib\site-packages\pytest_asyncio\plugin.py:458: 
_ _ _ _ _ _ _ _ _ _ _ _ _ _ _ _ _ _ _ _ _ _ _ _ _ _ _ _ _ _ _ _ _ _ _ _ _ _ _ _

fixturedef = <FixtureDef argname='iam_instance' scope='function' baseid=''>
request = <SubRequest 'iam_instance' for <Coroutine test_trust_scoring_integration>>

    @pytest.hookimpl(wrapper=True)
    def pytest_fixture_setup(fixturedef: FixtureDef, request) -> object | None:
        asyncio_mode = _get_asyncio_mode(request.config)
        if not _is_asyncio_fixture_function(fixturedef.func):
            if asyncio_mode == Mode.STRICT:
                # Ignore async fixtures without explicit asyncio mark in strict mode
                # This applies to pytest_trio fixtures, for example
>               return (yield)
                        ^^^^^
E               pytest.PytestRemovedIn9Warning: 'test_trust_scoring_integration' requested an async fixture 'iam_instance', with no plugin or hook that handled it. This is usually an error, as pytest does not natively support it. This will turn into an error in pytest 9.
E               See: https://docs.pytest.org/en/stable/deprecations.html#sync-test-depending-on-async-fixture

..\..\AppData\Local\Programs\Python\Python311\Lib\site-packages\pytest_asyncio\plugin.py:728: PytestRemovedIn9Warning
---------------------------- Captured stdout setup ----------------------------
2026-03-22 23:39:33 - agentic_iam.api - INFO - Starting Agentic-IAM API server... [main.py:81]
2026-03-22 23:39:33 - agentic_iam - INFO - Logging initialized - Level: INFO, Console: True, File: True [logger.py:119]
2026-03-22 23:39:33 - agentic_iam.AgenticIAM - INFO - Initializing Agentic-IAM system... [agentic_iam.py:64]
2026-03-22 23:39:33 - agentic_iam.AgenticIAM - INFO - Agentic-IAM system initialization complete [agentic_iam.py:162]
2026-03-22 23:39:33 - agentic_iam.api - INFO - API server started successfully [main.py:98]
____ ERROR at setup of TestAPIIntegration.test_error_handling_integration _____

self = <Coroutine test_error_handling_integration>

    def setup(self) -> None:
        runner_fixture_id = f"_{self._loop_scope}_scoped_runner"
        if runner_fixture_id not in self.fixturenames:
            self.fixturenames.append(runner_fixture_id)
>       return super().setup()
               ^^^^^^^^^^^^^^^

..\..\AppData\Local\Programs\Python\Python311\Lib\site-packages\pytest_asyncio\plugin.py:458: 
_ _ _ _ _ _ _ _ _ _ _ _ _ _ _ _ _ _ _ _ _ _ _ _ _ _ _ _ _ _ _ _ _ _ _ _ _ _ _ _

fixturedef = <FixtureDef argname='iam_instance' scope='function' baseid=''>
request = <SubRequest 'iam_instance' for <Coroutine test_error_handling_integration>>

    @pytest.hookimpl(wrapper=True)
    def pytest_fixture_setup(fixturedef: FixtureDef, request) -> object | None:
        asyncio_mode = _get_asyncio_mode(request.config)
        if not _is_asyncio_fixture_function(fixturedef.func):
            if asyncio_mode == Mode.STRICT:
                # Ignore async fixtures without explicit asyncio mark in strict mode
                # This applies to pytest_trio fixtures, for example
>               return (yield)
                        ^^^^^
E               pytest.PytestRemovedIn9Warning: 'test_error_handling_integration' requested an async fixture 'iam_instance', with no plugin or hook that handled it. This is usually an error, as pytest does not natively support it. This will turn into an error in pytest 9.
E               See: https://docs.pytest.org/en/stable/deprecations.html#sync-test-depending-on-async-fixture

..\..\AppData\Local\Programs\Python\Python311\Lib\site-packages\pytest_asyncio\plugin.py:728: PytestRemovedIn9Warning
---------------------------- Captured stdout setup ----------------------------
2026-03-22 23:39:33 - agentic_iam.api - INFO - Starting Agentic-IAM API server... [main.py:81]
2026-03-22 23:39:33 - agentic_iam - INFO - Logging initialized - Level: INFO, Console: True, File: True [logger.py:119]
2026-03-22 23:39:33 - agentic_iam.AgenticIAM - INFO - Initializing Agentic-IAM system... [agentic_iam.py:64]
2026-03-22 23:39:33 - agentic_iam.AgenticIAM - INFO - Agentic-IAM system initialization complete [agentic_iam.py:162]
2026-03-22 23:39:33 - agentic_iam.api - INFO - API server started successfully [main.py:98]
________ ERROR at setup of TestAPIIntegration.test_concurrent_requests ________

self = <Coroutine test_concurrent_requests>

    def setup(self) -> None:
        runner_fixture_id = f"_{self._loop_scope}_scoped_runner"
        if runner_fixture_id not in self.fixturenames:
            self.fixturenames.append(runner_fixture_id)
>       return super().setup()
               ^^^^^^^^^^^^^^^

..\..\AppData\Local\Programs\Python\Python311\Lib\site-packages\pytest_asyncio\plugin.py:458: 
_ _ _ _ _ _ _ _ _ _ _ _ _ _ _ _ _ _ _ _ _ _ _ _ _ _ _ _ _ _ _ _ _ _ _ _ _ _ _ _

fixturedef = <FixtureDef argname='iam_instance' scope='function' baseid=''>
request = <SubRequest 'iam_instance' for <Coroutine test_concurrent_requests>>

    @pytest.hookimpl(wrapper=True)
    def pytest_fixture_setup(fixturedef: FixtureDef, request) -> object | None:
        asyncio_mode = _get_asyncio_mode(request.config)
        if not _is_asyncio_fixture_function(fixturedef.func):
            if asyncio_mode == Mode.STRICT:
                # Ignore async fixtures without explicit asyncio mark in strict mode
                # This applies to pytest_trio fixtures, for example
>               return (yield)
                        ^^^^^
E               pytest.PytestRemovedIn9Warning: 'test_concurrent_requests' requested an async fixture 'iam_instance', with no plugin or hook that handled it. This is usually an error, as pytest does not natively support it. This will turn into an error in pytest 9.
E               See: https://docs.pytest.org/en/stable/deprecations.html#sync-test-depending-on-async-fixture

..\..\AppData\Local\Programs\Python\Python311\Lib\site-packages\pytest_asyncio\plugin.py:728: PytestRemovedIn9Warning
---------------------------- Captured stdout setup ----------------------------
2026-03-22 23:39:33 - agentic_iam.api - INFO - Starting Agentic-IAM API server... [main.py:81]
2026-03-22 23:39:34 - agentic_iam - INFO - Logging initialized - Level: INFO, Console: True, File: True [logger.py:119]
2026-03-22 23:39:34 - agentic_iam.AgenticIAM - INFO - Initializing Agentic-IAM system... [agentic_iam.py:64]
2026-03-22 23:39:34 - agentic_iam.AgenticIAM - INFO - Agentic-IAM system initialization complete [agentic_iam.py:162]
2026-03-22 23:39:34 - agentic_iam.api - INFO - API server started successfully [main.py:98]
______ ERROR at setup of TestAPIIntegration.test_performance_under_load _______

self = <Coroutine test_performance_under_load>

    def setup(self) -> None:
        runner_fixture_id = f"_{self._loop_scope}_scoped_runner"
        if runner_fixture_id not in self.fixturenames:
            self.fixturenames.append(runner_fixture_id)
>       return super().setup()
               ^^^^^^^^^^^^^^^

..\..\AppData\Local\Programs\Python\Python311\Lib\site-packages\pytest_asyncio\plugin.py:458: 
_ _ _ _ _ _ _ _ _ _ _ _ _ _ _ _ _ _ _ _ _ _ _ _ _ _ _ _ _ _ _ _ _ _ _ _ _ _ _ _

fixturedef = <FixtureDef argname='iam_instance' scope='function' baseid=''>
request = <SubRequest 'iam_instance' for <Coroutine test_performance_under_load>>

    @pytest.hookimpl(wrapper=True)
    def pytest_fixture_setup(fixturedef: FixtureDef, request) -> object | None:
        asyncio_mode = _get_asyncio_mode(request.config)
        if not _is_asyncio_fixture_function(fixturedef.func):
            if asyncio_mode == Mode.STRICT:
                # Ignore async fixtures without explicit asyncio mark in strict mode
                # This applies to pytest_trio fixtures, for example
>               return (yield)
                        ^^^^^
E               pytest.PytestRemovedIn9Warning: 'test_performance_under_load' requested an async fixture 'iam_instance', with no plugin or hook that handled it. This is usually an error, as pytest does not natively support it. This will turn into an error in pytest 9.
E               See: https://docs.pytest.org/en/stable/deprecations.html#sync-test-depending-on-async-fixture

..\..\AppData\Local\Programs\Python\Python311\Lib\site-packages\pytest_asyncio\plugin.py:728: PytestRemovedIn9Warning
---------------------------- Captured stdout setup ----------------------------
2026-03-22 23:39:34 - agentic_iam.api - INFO - Starting Agentic-IAM API server... [main.py:81]
2026-03-22 23:39:34 - agentic_iam - INFO - Logging initialized - Level: INFO, Console: True, File: True [logger.py:119]
2026-03-22 23:39:34 - agentic_iam.AgenticIAM - INFO - Initializing Agentic-IAM system... [agentic_iam.py:64]
2026-03-22 23:39:34 - agentic_iam.AgenticIAM - INFO - Agentic-IAM system initialization complete [agentic_iam.py:162]
2026-03-22 23:39:34 - agentic_iam.api - INFO - API server started successfully [main.py:98]
______ ERROR at setup of TestDatabaseIntegration.test_agent_persistence _______

self = <Coroutine test_agent_persistence>

    def setup(self) -> None:
        runner_fixture_id = f"_{self._loop_scope}_scoped_runner"
        if runner_fixture_id not in self.fixturenames:
            self.fixturenames.append(runner_fixture_id)
>       return super().setup()
               ^^^^^^^^^^^^^^^

..\..\AppData\Local\Programs\Python\Python311\Lib\site-packages\pytest_asyncio\plugin.py:458: 
_ _ _ _ _ _ _ _ _ _ _ _ _ _ _ _ _ _ _ _ _ _ _ _ _ _ _ _ _ _ _ _ _ _ _ _ _ _ _ _

fixturedef = <FixtureDef argname='iam_instance' scope='function' baseid=''>
request = <SubRequest 'iam_instance' for <Coroutine test_agent_persistence>>

    @pytest.hookimpl(wrapper=True)
    def pytest_fixture_setup(fixturedef: FixtureDef, request) -> object | None:
        asyncio_mode = _get_asyncio_mode(request.config)
        if not _is_asyncio_fixture_function(fixturedef.func):
            if asyncio_mode == Mode.STRICT:
                # Ignore async fixtures without explicit asyncio mark in strict mode
                # This applies to pytest_trio fixtures, for example
>               return (yield)
                        ^^^^^
E               pytest.PytestRemovedIn9Warning: 'test_agent_persistence' requested an async fixture 'iam_instance', with no plugin or hook that handled it. This is usually an error, as pytest does not natively support it. This will turn into an error in pytest 9.
E               See: https://docs.pytest.org/en/stable/deprecations.html#sync-test-depending-on-async-fixture

..\..\AppData\Local\Programs\Python\Python311\Lib\site-packages\pytest_asyncio\plugin.py:728: PytestRemovedIn9Warning
_____ ERROR at setup of TestDatabaseIntegration.test_session_persistence ______

self = <Coroutine test_session_persistence>

    def setup(self) -> None:
        runner_fixture_id = f"_{self._loop_scope}_scoped_runner"
        if runner_fixture_id not in self.fixturenames:
            self.fixturenames.append(runner_fixture_id)
>       return super().setup()
               ^^^^^^^^^^^^^^^

..\..\AppData\Local\Programs\Python\Python311\Lib\site-packages\pytest_asyncio\plugin.py:458: 
_ _ _ _ _ _ _ _ _ _ _ _ _ _ _ _ _ _ _ _ _ _ _ _ _ _ _ _ _ _ _ _ _ _ _ _ _ _ _ _

fixturedef = <FixtureDef argname='iam_instance' scope='function' baseid=''>
request = <SubRequest 'iam_instance' for <Coroutine test_session_persistence>>

    @pytest.hookimpl(wrapper=True)
    def pytest_fixture_setup(fixturedef: FixtureDef, request) -> object | None:
        asyncio_mode = _get_asyncio_mode(request.config)
        if not _is_asyncio_fixture_function(fixturedef.func):
            if asyncio_mode == Mode.STRICT:
                # Ignore async fixtures without explicit asyncio mark in strict mode
                # This applies to pytest_trio fixtures, for example
>               return (yield)
                        ^^^^^
E               pytest.PytestRemovedIn9Warning: 'test_session_persistence' requested an async fixture 'iam_instance', with no plugin or hook that handled it. This is usually an error, as pytest does not natively support it. This will turn into an error in pytest 9.
E               See: https://docs.pytest.org/en/stable/deprecations.html#sync-test-depending-on-async-fixture

..\..\AppData\Local\Programs\Python\Python311\Lib\site-packages\pytest_asyncio\plugin.py:728: PytestRemovedIn9Warning
____ ERROR at setup of TestDatabaseIntegration.test_audit_log_persistence _____

self = <Coroutine test_audit_log_persistence>

    def setup(self) -> None:
        runner_fixture_id = f"_{self._loop_scope}_scoped_runner"
        if runner_fixture_id not in self.fixturenames:
            self.fixturenames.append(runner_fixture_id)
>       return super().setup()
               ^^^^^^^^^^^^^^^

..\..\AppData\Local\Programs\Python\Python311\Lib\site-packages\pytest_asyncio\plugin.py:458: 
_ _ _ _ _ _ _ _ _ _ _ _ _ _ _ _ _ _ _ _ _ _ _ _ _ _ _ _ _ _ _ _ _ _ _ _ _ _ _ _

fixturedef = <FixtureDef argname='iam_instance' scope='function' baseid=''>
request = <SubRequest 'iam_instance' for <Coroutine test_audit_log_persistence>>

    @pytest.hookimpl(wrapper=True)
    def pytest_fixture_setup(fixturedef: FixtureDef, request) -> object | None:
        asyncio_mode = _get_asyncio_mode(request.config)
        if not _is_asyncio_fixture_function(fixturedef.func):
            if asyncio_mode == Mode.STRICT:
                # Ignore async fixtures without explicit asyncio mark in strict mode
                # This applies to pytest_trio fixtures, for example
>               return (yield)
                        ^^^^^
E               pytest.PytestRemovedIn9Warning: 'test_audit_log_persistence' requested an async fixture 'iam_instance', with no plugin or hook that handled it. This is usually an error, as pytest does not natively support it. This will turn into an error in pytest 9.
E               See: https://docs.pytest.org/en/stable/deprecations.html#sync-test-depending-on-async-fixture

..\..\AppData\Local\Programs\Python\Python311\Lib\site-packages\pytest_asyncio\plugin.py:728: PytestRemovedIn9Warning
________ ERROR at setup of TestAgenticIAM.test_create_session_success _________

self = <Coroutine test_create_session_success>

    def setup(self) -> None:
        runner_fixture_id = f"_{self._loop_scope}_scoped_runner"
        if runner_fixture_id not in self.fixturenames:
            self.fixturenames.append(runner_fixture_id)
>       return super().setup()
               ^^^^^^^^^^^^^^^

..\..\AppData\Local\Programs\Python\Python311\Lib\site-packages\pytest_asyncio\plugin.py:458: 
_ _ _ _ _ _ _ _ _ _ _ _ _ _ _ _ _ _ _ _ _ _ _ _ _ _ _ _ _ _ _ _ _ _ _ _ _ _ _ _
..\..\AppData\Local\Programs\Python\Python311\Lib\site-packages\pytest_asyncio\plugin.py:728: in pytest_fixture_setup
    return (yield)
            ^^^^^
_ _ _ _ _ _ _ _ _ _ _ _ _ _ _ _ _ _ _ _ _ _ _ _ _ _ _ _ _ _ _ _ _ _ _ _ _ _ _ _

    @pytest.fixture
    def sample_session():
        """Sample session for testing"""
        from session_manager import Session, SessionStatus
    
        return Session(
            session_id="session_test_001",
            agent_id="agent:test-001",
>           status=SessionStatus.ACTIVE,
                   ^^^^^^^^^^^^^^^^^^^^
            trust_level=0.85,
            auth_method="jwt",
            created_at=datetime.utcnow(),
            last_accessed=datetime.utcnow(),
            expires_at=datetime.utcnow() + timedelta(hours=1),
            metadata={
                "source_ip": "127.0.0.1",
                "user_agent": "test-client/1.0"
            }
        )
E       AttributeError: type object 'SessionStatus' has no attribute 'ACTIVE'

conftest.py:277: AttributeError
_________ ERROR at setup of TestAgenticIAM.test_calculate_trust_score _________

self = <Coroutine test_calculate_trust_score>

    def setup(self) -> None:
        runner_fixture_id = f"_{self._loop_scope}_scoped_runner"
        if runner_fixture_id not in self.fixturenames:
            self.fixturenames.append(runner_fixture_id)
>       return super().setup()
               ^^^^^^^^^^^^^^^

..\..\AppData\Local\Programs\Python\Python311\Lib\site-packages\pytest_asyncio\plugin.py:458: 
_ _ _ _ _ _ _ _ _ _ _ _ _ _ _ _ _ _ _ _ _ _ _ _ _ _ _ _ _ _ _ _ _ _ _ _ _ _ _ _
..\..\AppData\Local\Programs\Python\Python311\Lib\site-packages\pytest_asyncio\plugin.py:728: in pytest_fixture_setup
    return (yield)
            ^^^^^
_ _ _ _ _ _ _ _ _ _ _ _ _ _ _ _ _ _ _ _ _ _ _ _ _ _ _ _ _ _ _ _ _ _ _ _ _ _ _ _

    @pytest.fixture
    def sample_trust_score():
        """Sample trust score for testing"""
        from agent_intelligence import TrustScore, RiskLevel
    
        return TrustScore(
            agent_id="agent:test-001",
            overall_score=0.85,
>           risk_level=RiskLevel.LOW,
                       ^^^^^^^^^^^^^
            confidence=0.92,
            component_scores={
                "authentication": 0.9,
                "authorization": 0.8,
                "behavior": 0.85,
                "network": 0.88
            },
            last_updated=datetime.utcnow(),
            factors=[
                {"type": "successful_auth", "weight": 0.3, "value": 0.95},
                {"type": "session_duration", "weight": 0.2, "value": 0.8}
            ]
        )
E       AttributeError: type object 'RiskLevel' has no attribute 'LOW'

conftest.py:253: AttributeError
____ ERROR at setup of TestAgenticIAM.test_get_avg_trust_score_calculation ____

self = <Coroutine test_get_avg_trust_score_calculation>

    def setup(self) -> None:
        runner_fixture_id = f"_{self._loop_scope}_scoped_runner"
        if runner_fixture_id not in self.fixturenames:
            self.fixturenames.append(runner_fixture_id)
>       return super().setup()
               ^^^^^^^^^^^^^^^

..\..\AppData\Local\Programs\Python\Python311\Lib\site-packages\pytest_asyncio\plugin.py:458: 
_ _ _ _ _ _ _ _ _ _ _ _ _ _ _ _ _ _ _ _ _ _ _ _ _ _ _ _ _ _ _ _ _ _ _ _ _ _ _ _
..\..\AppData\Local\Programs\Python\Python311\Lib\site-packages\pytest_asyncio\plugin.py:728: in pytest_fixture_setup
    return (yield)
            ^^^^^
_ _ _ _ _ _ _ _ _ _ _ _ _ _ _ _ _ _ _ _ _ _ _ _ _ _ _ _ _ _ _ _ _ _ _ _ _ _ _ _

    @pytest.fixture
    def sample_trust_score():
        """Sample trust score for testing"""
        from agent_intelligence import TrustScore, RiskLevel
    
        return TrustScore(
            agent_id="agent:test-001",
            overall_score=0.85,
>           risk_level=RiskLevel.LOW,
                       ^^^^^^^^^^^^^
            confidence=0.92,
            component_scores={
                "authentication": 0.9,
                "authorization": 0.8,
                "behavior": 0.85,
                "network": 0.88
            },
            last_updated=datetime.utcnow(),
            factors=[
                {"type": "successful_auth", "weight": 0.3, "value": 0.95},
                {"type": "session_duration", "weight": 0.2, "value": 0.8}
            ]
        )
E       AttributeError: type object 'RiskLevel' has no attribute 'LOW'

conftest.py:253: AttributeError
================================== FAILURES ===================================
________________ TestSecurityIntegration.test_input_validation ________________

self = <test_api_integration.TestSecurityIntegration object at 0x000001F2A907F090>
client = <starlette.testclient.TestClient object at 0x000001F2A8C6F010>

    @pytest.mark.integration
    @pytest.mark.security
    def test_input_validation(self, client):
        """Test input validation security"""
    
        # Test with malicious input
        malicious_data = {
            "agent_id": "agent:<script>alert('xss')</script>",
            "agent_type": "service"
        }
    
        response = client.post("/api/v1/agents", json=malicious_data)
    
        # Should be rejected due to validation
>       assert response.status_code == 422
E       assert 404 == 422
E        +  where 404 = <Response [404 Not Found]>.status_code

tests\test_integration\test_api_integration.py:457: AssertionError
---------------------------- Captured stdout setup ----------------------------
2026-03-22 23:39:34 - agentic_iam.api - INFO - Starting Agentic-IAM API server... [main.py:81]
2026-03-22 23:39:34 - agentic_iam - INFO - Logging initialized - Level: INFO, Console: True, File: True [logger.py:119]
2026-03-22 23:39:34 - agentic_iam.AgenticIAM - INFO - Initializing Agentic-IAM system... [agentic_iam.py:64]
2026-03-22 23:39:34 - agentic_iam.AgenticIAM - INFO - Agentic-IAM system initialization complete [agentic_iam.py:162]
2026-03-22 23:39:34 - agentic_iam.api - INFO - API server started successfully [main.py:98]
---------------------------- Captured stdout call -----------------------------
2026-03-22 23:39:34 - agentic_iam.api.requests - INFO - Request: POST http://testserver/api/v1/agents [main.py:182]
2026-03-22 23:39:34 - agentic_iam.api.requests - INFO - Response: 404 in 0.000s [main.py:196]
2026-03-22 23:39:34 - httpx - INFO - HTTP Request: POST http://testserver/api/v1/agents "HTTP/1.1 404 Not Found" [_client.py:1025]
------------------------------ Captured log call ------------------------------
INFO     httpx:_client.py:1025 HTTP Request: POST http://testserver/api/v1/agents "HTTP/1.1 404 Not Found"
-------------------------- Captured stdout teardown ---------------------------
2026-03-22 23:39:34 - agentic_iam.api - INFO - Shutting down Agentic-IAM API server... [main.py:107]
2026-03-22 23:39:34 - agentic_iam.AgenticIAM - INFO - Shutting down Agentic-IAM system... [agentic_iam.py:170]
2026-03-22 23:39:34 - agentic_iam.AgenticIAM - ERROR - Error during shutdown: 'SessionManager' object has no attribute 'shutdown' [agentic_iam.py:202]
2026-03-22 23:39:34 - agentic_iam.api - INFO - API server shutdown complete [main.py:112]
___________ TestSecurityIntegration.test_rate_limiting_integration ____________

self = <test_api_integration.TestSecurityIntegration object at 0x000001F2A907F790>
client = <starlette.testclient.TestClient object at 0x000001F2A8D20F50>

    @pytest.mark.integration
    @pytest.mark.security
    def test_rate_limiting_integration(self, client):
        """Test rate limiting (if implemented)"""
    
        # This would test actual rate limiting implementation
        # For now, just verify the endpoint responds
    
        responses = []
        for i in range(10):
            response = client.get("/health")
            responses.append(response.status_code)
    
        # All should succeed if no rate limiting, or some should be 429
>       assert all(status in [200, 429] for status in responses)
E       assert False
E        +  where False = all(<generator object TestSecurityIntegration.test_rate_limiting_integration.<locals>.<genexpr> at 0x000001F2A699FED0>)

tests\test_integration\test_api_integration.py:473: AssertionError
---------------------------- Captured stdout setup ----------------------------
2026-03-22 23:39:34 - agentic_iam.api - INFO - Starting Agentic-IAM API server... [main.py:81]
2026-03-22 23:39:34 - agentic_iam - INFO - Logging initialized - Level: INFO, Console: True, File: True [logger.py:119]
2026-03-22 23:39:34 - agentic_iam.AgenticIAM - INFO - Initializing Agentic-IAM system... [agentic_iam.py:64]
2026-03-22 23:39:34 - agentic_iam.AgenticIAM - INFO - Agentic-IAM system initialization complete [agentic_iam.py:162]
2026-03-22 23:39:34 - agentic_iam.api - INFO - API server started successfully [main.py:98]
---------------------------- Captured stdout call -----------------------------
2026-03-22 23:39:34 - agentic_iam.api.requests - INFO - Request: GET http://testserver/health [main.py:182]
2026-03-22 23:39:34 - agentic_iam.api.requests - INFO - Response: 404 in 0.000s [main.py:196]
2026-03-22 23:39:34 - httpx - INFO - HTTP Request: GET http://testserver/health "HTTP/1.1 404 Not Found" [_client.py:1025]
2026-03-22 23:39:34 - agentic_iam.api.requests - INFO - Request: GET http://testserver/health [main.py:182]
2026-03-22 23:39:34 - agentic_iam.api.requests - INFO - Response: 404 in 0.000s [main.py:196]
2026-03-22 23:39:34 - httpx - INFO - HTTP Request: GET http://testserver/health "HTTP/1.1 404 Not Found" [_client.py:1025]
2026-03-22 23:39:34 - agentic_iam.api.requests - INFO - Request: GET http://testserver/health [main.py:182]
2026-03-22 23:39:34 - agentic_iam.api.requests - INFO - Response: 404 in 0.000s [main.py:196]
2026-03-22 23:39:34 - httpx - INFO - HTTP Request: GET http://testserver/health "HTTP/1.1 404 Not Found" [_client.py:1025]
2026-03-22 23:39:34 - agentic_iam.api.requests - INFO - Request: GET http://testserver/health [main.py:182]
2026-03-22 23:39:34 - agentic_iam.api.requests - INFO - Response: 404 in 0.000s [main.py:196]
2026-03-22 23:39:34 - httpx - INFO - HTTP Request: GET http://testserver/health "HTTP/1.1 404 Not Found" [_client.py:1025]
2026-03-22 23:39:34 - agentic_iam.api.requests - INFO - Request: GET http://testserver/health [main.py:182]
2026-03-22 23:39:34 - agentic_iam.api.requests - INFO - Response: 404 in 0.000s [main.py:196]
2026-03-22 23:39:34 - httpx - INFO - HTTP Request: GET http://testserver/health "HTTP/1.1 404 Not Found" [_client.py:1025]
2026-03-22 23:39:34 - agentic_iam.api.requests - INFO - Request: GET http://testserver/health [main.py:182]
2026-03-22 23:39:34 - agentic_iam.api.requests - INFO - Response: 404 in 0.000s [main.py:196]
2026-03-22 23:39:34 - httpx - INFO - HTTP Request: GET http://testserver/health "HTTP/1.1 404 Not Found" [_client.py:1025]
2026-03-22 23:39:34 - agentic_iam.api.requests - INFO - Request: GET http://testserver/health [main.py:182]
2026-03-22 23:39:34 - agentic_iam.api.requests - INFO - Response: 404 in 0.000s [main.py:196]
2026-03-22 23:39:34 - httpx - INFO - HTTP Request: GET http://testserver/health "HTTP/1.1 404 Not Found" [_client.py:1025]
2026-03-22 23:39:34 - agentic_iam.api.requests - INFO - Request: GET http://testserver/health [main.py:182]
2026-03-22 23:39:34 - agentic_iam.api.requests - INFO - Response: 404 in 0.047s [main.py:196]
2026-03-22 23:39:34 - httpx - INFO - HTTP Request: GET http://testserver/health "HTTP/1.1 404 Not Found" [_client.py:1025]
2026-03-22 23:39:34 - agentic_iam.api.requests - INFO - Request: GET http://testserver/health [main.py:182]
2026-03-22 23:39:34 - agentic_iam.api.requests - INFO - Response: 404 in 0.000s [main.py:196]
2026-03-22 23:39:34 - httpx - INFO - HTTP Request: GET http://testserver/health "HTTP/1.1 404 Not Found" [_client.py:1025]
2026-03-22 23:39:34 - agentic_iam.api.requests - INFO - Request: GET http://testserver/health [main.py:182]
2026-03-22 23:39:34 - agentic_iam.api.requests - INFO - Response: 404 in 0.000s [main.py:196]
2026-03-22 23:39:34 - httpx - INFO - HTTP Request: GET http://testserver/health "HTTP/1.1 404 Not Found" [_client.py:1025]
------------------------------ Captured log call ------------------------------
INFO     httpx:_client.py:1025 HTTP Request: GET http://testserver/health "HTTP/1.1 404 Not Found"
INFO     httpx:_client.py:1025 HTTP Request: GET http://testserver/health "HTTP/1.1 404 Not Found"
INFO     httpx:_client.py:1025 HTTP Request: GET http://testserver/health "HTTP/1.1 404 Not Found"
INFO     httpx:_client.py:1025 HTTP Request: GET http://testserver/health "HTTP/1.1 404 Not Found"
INFO     httpx:_client.py:1025 HTTP Request: GET http://testserver/health "HTTP/1.1 404 Not Found"
INFO     httpx:_client.py:1025 HTTP Request: GET http://testserver/health "HTTP/1.1 404 Not Found"
INFO     httpx:_client.py:1025 HTTP Request: GET http://testserver/health "HTTP/1.1 404 Not Found"
INFO     httpx:_client.py:1025 HTTP Request: GET http://testserver/health "HTTP/1.1 404 Not Found"
INFO     httpx:_client.py:1025 HTTP Request: GET http://testserver/health "HTTP/1.1 404 Not Found"
INFO     httpx:_client.py:1025 HTTP Request: GET http://testserver/health "HTTP/1.1 404 Not Found"
-------------------------- Captured stdout teardown ---------------------------
2026-03-22 23:39:34 - agentic_iam.api - INFO - Shutting down Agentic-IAM API server... [main.py:107]
2026-03-22 23:39:34 - agentic_iam.AgenticIAM - INFO - Shutting down Agentic-IAM system... [agentic_iam.py:170]
2026-03-22 23:39:34 - agentic_iam.AgenticIAM - ERROR - Error during shutdown: 'SessionManager' object has no attribute 'shutdown' [agentic_iam.py:202]
2026-03-22 23:39:34 - agentic_iam.api - INFO - API server shutdown complete [main.py:112]
______________ TestAuthenticationAPI.test_login_invalid_request _______________
  + Exception Group Traceback (most recent call last):
  |   File "C:\Users\Lenovo\AppData\Local\Programs\Python\Python311\Lib\site-packages\starlette\_utils.py", line 81, in collapse_excgroups
  |     yield
  |   File "C:\Users\Lenovo\AppData\Local\Programs\Python\Python311\Lib\site-packages\starlette\middleware\base.py", line 192, in __call__
  |     async with anyio.create_task_group() as task_group:
  |   File "C:\Users\Lenovo\AppData\Local\Programs\Python\Python311\Lib\site-packages\anyio\_backends\_asyncio.py", line 783, in __aexit__
  |     raise BaseExceptionGroup(
  | ExceptionGroup: unhandled errors in a TaskGroup (1 sub-exception)
  +-+---------------- 1 ----------------
    | Traceback (most recent call last):
    |   File "C:\Users\Lenovo\AppData\Local\Programs\Python\Python311\Lib\site-packages\_pytest\runner.py", line 353, in from_call
    |     result: TResult | None = func()
    |                              ^^^^^^
    |   File "C:\Users\Lenovo\AppData\Local\Programs\Python\Python311\Lib\site-packages\_pytest\runner.py", line 245, in <lambda>
    |     lambda: runtest_hook(item=item, **kwds),
    |             ^^^^^^^^^^^^^^^^^^^^^^^^^^^^^^^
    |   File "C:\Users\Lenovo\AppData\Local\Programs\Python\Python311\Lib\site-packages\pluggy\_hooks.py", line 512, in __call__
    |     return self._hookexec(self.name, self._hookimpls.copy(), kwargs, firstresult)
    |            ^^^^^^^^^^^^^^^^^^^^^^^^^^^^^^^^^^^^^^^^^^^^^^^^^^^^^^^^^^^^^^^^^^^^^^
    |   File "C:\Users\Lenovo\AppData\Local\Programs\Python\Python311\Lib\site-packages\pluggy\_manager.py", line 120, in _hookexec
    |     return self._inner_hookexec(hook_name, methods, kwargs, firstresult)
    |            ^^^^^^^^^^^^^^^^^^^^^^^^^^^^^^^^^^^^^^^^^^^^^^^^^^^^^^^^^^^^^
    |   File "C:\Users\Lenovo\AppData\Local\Programs\Python\Python311\Lib\site-packages\pluggy\_callers.py", line 167, in _multicall
    |     raise exception
    |   File "C:\Users\Lenovo\AppData\Local\Programs\Python\Python311\Lib\site-packages\pluggy\_callers.py", line 139, in _multicall
    |     teardown.throw(exception)
    |   File "C:\Users\Lenovo\AppData\Local\Programs\Python\Python311\Lib\site-packages\_pytest\logging.py", line 850, in pytest_runtest_call
    |     yield
    |   File "C:\Users\Lenovo\AppData\Local\Programs\Python\Python311\Lib\site-packages\pluggy\_callers.py", line 139, in _multicall
    |     teardown.throw(exception)
    |   File "C:\Users\Lenovo\AppData\Local\Programs\Python\Python311\Lib\site-packages\_pytest\capture.py", line 900, in pytest_runtest_call
    |     return (yield)
    |             ^^^^^
    |   File "C:\Users\Lenovo\AppData\Local\Programs\Python\Python311\Lib\site-packages\pluggy\_callers.py", line 139, in _multicall
    |     teardown.throw(exception)
    |   File "C:\Users\Lenovo\AppData\Local\Programs\Python\Python311\Lib\site-packages\_pytest\skipping.py", line 268, in pytest_runtest_call
    |     return (yield)
    |             ^^^^^
    |   File "C:\Users\Lenovo\AppData\Local\Programs\Python\Python311\Lib\site-packages\pluggy\_callers.py", line 121, in _multicall
    |     res = hook_impl.function(*args)
    |           ^^^^^^^^^^^^^^^^^^^^^^^^^
    |   File "C:\Users\Lenovo\AppData\Local\Programs\Python\Python311\Lib\site-packages\_pytest\runner.py", line 179, in pytest_runtest_call
    |     item.runtest()
    |   File "C:\Users\Lenovo\AppData\Local\Programs\Python\Python311\Lib\site-packages\_pytest\python.py", line 1720, in runtest
    |     self.ihook.pytest_pyfunc_call(pyfuncitem=self)
    |   File "C:\Users\Lenovo\AppData\Local\Programs\Python\Python311\Lib\site-packages\pluggy\_hooks.py", line 512, in __call__
    |     return self._hookexec(self.name, self._hookimpls.copy(), kwargs, firstresult)
    |            ^^^^^^^^^^^^^^^^^^^^^^^^^^^^^^^^^^^^^^^^^^^^^^^^^^^^^^^^^^^^^^^^^^^^^^
    |   File "C:\Users\Lenovo\AppData\Local\Programs\Python\Python311\Lib\site-packages\pluggy\_manager.py", line 120, in _hookexec
    |     return self._inner_hookexec(hook_name, methods, kwargs, firstresult)
    |            ^^^^^^^^^^^^^^^^^^^^^^^^^^^^^^^^^^^^^^^^^^^^^^^^^^^^^^^^^^^^^
    |   File "C:\Users\Lenovo\AppData\Local\Programs\Python\Python311\Lib\site-packages\pluggy\_callers.py", line 167, in _multicall
    |     raise exception
    |   File "C:\Users\Lenovo\AppData\Local\Programs\Python\Python311\Lib\site-packages\pluggy\_callers.py", line 139, in _multicall
    |     teardown.throw(exception)
    |   File "C:\Users\Lenovo\AppData\Local\Programs\Python\Python311\Lib\site-packages\pluggy\_callers.py", line 53, in run_old_style_hookwrapper
    |     return result.get_result()
    |            ^^^^^^^^^^^^^^^^^^^
    |   File "C:\Users\Lenovo\AppData\Local\Programs\Python\Python311\Lib\site-packages\pluggy\_result.py", line 103, in get_result
    |     raise exc.with_traceback(tb)
    |   File "C:\Users\Lenovo\AppData\Local\Programs\Python\Python311\Lib\site-packages\pluggy\_callers.py", line 38, in run_old_style_hookwrapper
    |     res = yield
    |           ^^^^^
    |   File "C:\Users\Lenovo\AppData\Local\Programs\Python\Python311\Lib\site-packages\pluggy\_callers.py", line 121, in _multicall
    |     res = hook_impl.function(*args)
    |           ^^^^^^^^^^^^^^^^^^^^^^^^^
    |   File "C:\Users\Lenovo\AppData\Local\Programs\Python\Python311\Lib\site-packages\_pytest\python.py", line 166, in pytest_pyfunc_call
    |     result = testfunction(**testargs)
    |              ^^^^^^^^^^^^^^^^^^^^^^^^
    |   File "C:\Users\Lenovo\Desktop\Agentic-IAM-main\tests\test_unit\test_api\test_authentication.py", line 88, in test_login_invalid_request
    |     response = client.post("/api/v1/auth/login", json=invalid_request)
    |                ^^^^^^^^^^^^^^^^^^^^^^^^^^^^^^^^^^^^^^^^^^^^^^^^^^^^^^^
    |   File "C:\Users\Lenovo\AppData\Local\Programs\Python\Python311\Lib\site-packages\starlette\testclient.py", line 546, in post
    |     return super().post(
    |            ^^^^^^^^^^^^^
    |   File "C:\Users\Lenovo\AppData\Local\Programs\Python\Python311\Lib\site-packages\httpx\_client.py", line 1144, in post
    |     return self.request(
    |            ^^^^^^^^^^^^^
    |   File "C:\Users\Lenovo\AppData\Local\Programs\Python\Python311\Lib\site-packages\starlette\testclient.py", line 445, in request
    |     return super().request(
    |            ^^^^^^^^^^^^^^^^
    |   File "C:\Users\Lenovo\AppData\Local\Programs\Python\Python311\Lib\site-packages\httpx\_client.py", line 825, in request
    |     return self.send(request, auth=auth, follow_redirects=follow_redirects)
    |            ^^^^^^^^^^^^^^^^^^^^^^^^^^^^^^^^^^^^^^^^^^^^^^^^^^^^^^^^^^^^^^^^
    |   File "C:\Users\Lenovo\AppData\Local\Programs\Python\Python311\Lib\site-packages\httpx\_client.py", line 914, in send
    |     response = self._send_handling_auth(
    |                ^^^^^^^^^^^^^^^^^^^^^^^^^
    |   File "C:\Users\Lenovo\AppData\Local\Programs\Python\Python311\Lib\site-packages\httpx\_client.py", line 942, in _send_handling_auth
    |     response = self._send_handling_redirects(
    |                ^^^^^^^^^^^^^^^^^^^^^^^^^^^^^^
    |   File "C:\Users\Lenovo\AppData\Local\Programs\Python\Python311\Lib\site-packages\httpx\_client.py", line 979, in _send_handling_redirects
    |     response = self._send_single_request(request)
    |                ^^^^^^^^^^^^^^^^^^^^^^^^^^^^^^^^^^
    |   File "C:\Users\Lenovo\AppData\Local\Programs\Python\Python311\Lib\site-packages\httpx\_client.py", line 1014, in _send_single_request
    |     response = transport.handle_request(request)
    |                ^^^^^^^^^^^^^^^^^^^^^^^^^^^^^^^^^
    |   File "C:\Users\Lenovo\AppData\Local\Programs\Python\Python311\Lib\site-packages\starlette\testclient.py", line 348, in handle_request
    |     raise exc
    |   File "C:\Users\Lenovo\AppData\Local\Programs\Python\Python311\Lib\site-packages\starlette\testclient.py", line 345, in handle_request
    |     portal.call(self.app, scope, receive, send)
    |   File "C:\Users\Lenovo\AppData\Local\Programs\Python\Python311\Lib\site-packages\anyio\from_thread.py", line 334, in call
    |     return cast(T_Retval, self.start_task_soon(func, *args).result())
    |                           ^^^^^^^^^^^^^^^^^^^^^^^^^^^^^^^^^^^^^^^^^^
    |   File "C:\Users\Lenovo\AppData\Local\Programs\Python\Python311\Lib\concurrent\futures\_base.py", line 456, in result
    |     return self.__get_result()
    |            ^^^^^^^^^^^^^^^^^^^
    |   File "C:\Users\Lenovo\AppData\Local\Programs\Python\Python311\Lib\concurrent\futures\_base.py", line 401, in __get_result
    |     raise self._exception
    |   File "C:\Users\Lenovo\AppData\Local\Programs\Python\Python311\Lib\site-packages\anyio\from_thread.py", line 259, in _call_func
    |     retval = await retval_or_awaitable
    |              ^^^^^^^^^^^^^^^^^^^^^^^^^
    |   File "C:\Users\Lenovo\AppData\Local\Programs\Python\Python311\Lib\site-packages\fastapi\applications.py", line 1160, in __call__
    |     await super().__call__(scope, receive, send)
    |   File "C:\Users\Lenovo\AppData\Local\Programs\Python\Python311\Lib\site-packages\starlette\applications.py", line 107, in __call__
    |     await self.middleware_stack(scope, receive, send)
    |   File "C:\Users\Lenovo\AppData\Local\Programs\Python\Python311\Lib\site-packages\starlette\middleware\errors.py", line 186, in __call__
    |     raise exc
    |   File "C:\Users\Lenovo\AppData\Local\Programs\Python\Python311\Lib\site-packages\starlette\middleware\errors.py", line 164, in __call__
    |     await self.app(scope, receive, _send)
    |   File "C:\Users\Lenovo\AppData\Local\Programs\Python\Python311\Lib\site-packages\starlette\middleware\base.py", line 191, in __call__
    |     with recv_stream, send_stream, collapse_excgroups():
    |   File "C:\Users\Lenovo\AppData\Local\Programs\Python\Python311\Lib\contextlib.py", line 158, in __exit__
    |     self.gen.throw(typ, value, traceback)
    |   File "C:\Users\Lenovo\AppData\Local\Programs\Python\Python311\Lib\site-packages\starlette\_utils.py", line 87, in collapse_excgroups
    |     raise exc
    |   File "C:\Users\Lenovo\AppData\Local\Programs\Python\Python311\Lib\site-packages\starlette\middleware\base.py", line 193, in __call__
    |     response = await self.dispatch_func(request, call_next)
    |                ^^^^^^^^^^^^^^^^^^^^^^^^^^^^^^^^^^^^^^^^^^^^
    |   File "C:\Users\Lenovo\Desktop\Agentic-IAM-main\api\main.py", line 192, in log_requests
    |     response = await call_next(request)
    |                ^^^^^^^^^^^^^^^^^^^^^^^^
    |   File "C:\Users\Lenovo\AppData\Local\Programs\Python\Python311\Lib\site-packages\starlette\middleware\base.py", line 168, in call_next
    |     raise app_exc from app_exc.__cause__ or app_exc.__context__
    |   File "C:\Users\Lenovo\AppData\Local\Programs\Python\Python311\Lib\site-packages\starlette\middleware\base.py", line 144, in coro
    |     await self.app(scope, receive_or_disconnect, send_no_error)
    |   File "C:\Users\Lenovo\AppData\Local\Programs\Python\Python311\Lib\site-packages\starlette\middleware\base.py", line 191, in __call__
    |     with recv_stream, send_stream, collapse_excgroups():
    |   File "C:\Users\Lenovo\AppData\Local\Programs\Python\Python311\Lib\contextlib.py", line 158, in __exit__
    |     self.gen.throw(typ, value, traceback)
    |   File "C:\Users\Lenovo\AppData\Local\Programs\Python\Python311\Lib\site-packages\starlette\_utils.py", line 87, in collapse_excgroups
    |     raise exc
    |   File "C:\Users\Lenovo\AppData\Local\Programs\Python\Python311\Lib\site-packages\starlette\middleware\base.py", line 193, in __call__
    |     response = await self.dispatch_func(request, call_next)
    |                ^^^^^^^^^^^^^^^^^^^^^^^^^^^^^^^^^^^^^^^^^^^^
    |   File "C:\Users\Lenovo\Desktop\Agentic-IAM-main\api\main.py", line 164, in add_security_headers
    |     response = await call_next(request)
    |                ^^^^^^^^^^^^^^^^^^^^^^^^
    |   File "C:\Users\Lenovo\AppData\Local\Programs\Python\Python311\Lib\site-packages\starlette\middleware\base.py", line 168, in call_next
    |     raise app_exc from app_exc.__cause__ or app_exc.__context__
    |   File "C:\Users\Lenovo\AppData\Local\Programs\Python\Python311\Lib\site-packages\starlette\middleware\base.py", line 144, in coro
    |     await self.app(scope, receive_or_disconnect, send_no_error)
    |   File "C:\Users\Lenovo\AppData\Local\Programs\Python\Python311\Lib\site-packages\starlette\middleware\cors.py", line 87, in __call__
    |     await self.app(scope, receive, send)
    |   File "C:\Users\Lenovo\AppData\Local\Programs\Python\Python311\Lib\site-packages\starlette\middleware\exceptions.py", line 63, in __call__
    |     await wrap_app_handling_exceptions(self.app, conn)(scope, receive, send)
    |   File "C:\Users\Lenovo\AppData\Local\Programs\Python\Python311\Lib\site-packages\starlette\_exception_handler.py", line 53, in wrapped_app
    |     raise exc
    |   File "C:\Users\Lenovo\AppData\Local\Programs\Python\Python311\Lib\site-packages\starlette\_exception_handler.py", line 42, in wrapped_app
    |     await app(scope, receive, sender)
    |   File "C:\Users\Lenovo\AppData\Local\Programs\Python\Python311\Lib\site-packages\fastapi\middleware\asyncexitstack.py", line 18, in __call__
    |     await self.app(scope, receive, send)
    |   File "C:\Users\Lenovo\AppData\Local\Programs\Python\Python311\Lib\site-packages\starlette\routing.py", line 716, in __call__
    |     await self.middleware_stack(scope, receive, send)
    |   File "C:\Users\Lenovo\AppData\Local\Programs\Python\Python311\Lib\site-packages\starlette\routing.py", line 736, in app
    |     await route.handle(scope, receive, send)
    |   File "C:\Users\Lenovo\AppData\Local\Programs\Python\Python311\Lib\site-packages\starlette\routing.py", line 290, in handle
    |     await self.app(scope, receive, send)
    |   File "C:\Users\Lenovo\AppData\Local\Programs\Python\Python311\Lib\site-packages\fastapi\routing.py", line 130, in app
    |     await wrap_app_handling_exceptions(app, request)(scope, receive, send)
    |   File "C:\Users\Lenovo\AppData\Local\Programs\Python\Python311\Lib\site-packages\starlette\_exception_handler.py", line 53, in wrapped_app
    |     raise exc
    |   File "C:\Users\Lenovo\AppData\Local\Programs\Python\Python311\Lib\site-packages\starlette\_exception_handler.py", line 42, in wrapped_app
    |     await app(scope, receive, sender)
    |   File "C:\Users\Lenovo\AppData\Local\Programs\Python\Python311\Lib\site-packages\fastapi\routing.py", line 116, in app
    |     response = await f(request)
    |                ^^^^^^^^^^^^^^^^
    |   File "C:\Users\Lenovo\AppData\Local\Programs\Python\Python311\Lib\site-packages\fastapi\routing.py", line 691, in app
    |     content = await serialize_response(
    |               ^^^^^^^^^^^^^^^^^^^^^^^^^
    |   File "C:\Users\Lenovo\AppData\Local\Programs\Python\Python311\Lib\site-packages\fastapi\routing.py", line 313, in serialize_response
    |     return jsonable_encoder(response_content)
    |            ^^^^^^^^^^^^^^^^^^^^^^^^^^^^^^^^^^
    |   File "C:\Users\Lenovo\AppData\Local\Programs\Python\Python311\Lib\site-packages\fastapi\encoders.py", line 289, in jsonable_encoder
    |     encoded_value = jsonable_encoder(
    |                     ^^^^^^^^^^^^^^^^^
    |   File "C:\Users\Lenovo\AppData\Local\Programs\Python\Python311\Lib\site-packages\fastapi\encoders.py", line 337, in jsonable_encoder
    |     return jsonable_encoder(
    |            ^^^^^^^^^^^^^^^^^
    |   File "C:\Users\Lenovo\AppData\Local\Programs\Python\Python311\Lib\site-packages\fastapi\encoders.py", line 289, in jsonable_encoder
    |     encoded_value = jsonable_encoder(
    |                     ^^^^^^^^^^^^^^^^^
    |   File "C:\Users\Lenovo\AppData\Local\Programs\Python\Python311\Lib\site-packages\fastapi\encoders.py", line 337, in jsonable_encoder
    |     return jsonable_encoder(
    |            ^^^^^^^^^^^^^^^^^
    |   File "C:\Users\Lenovo\AppData\Local\Programs\Python\Python311\Lib\site-packages\fastapi\encoders.py", line 289, in jsonable_encoder
    |     encoded_value = jsonable_encoder(
    |                     ^^^^^^^^^^^^^^^^^
    |   File "C:\Users\Lenovo\AppData\Local\Programs\Python\Python311\Lib\site-packages\fastapi\encoders.py", line 337, in jsonable_encoder
    |     return jsonable_encoder(
    |            ^^^^^^^^^^^^^^^^^
    |   File "C:\Users\Lenovo\AppData\Local\Programs\Python\Python311\Lib\site-packages\fastapi\encoders.py", line 289, in jsonable_encoder
    |     encoded_value = jsonable_encoder(
    |                     ^^^^^^^^^^^^^^^^^
    |   File "C:\Users\Lenovo\AppData\Local\Programs\Python\Python311\Lib\site-packages\fastapi\encoders.py", line 337, in jsonable_encoder
    |     return jsonable_encoder(
    |            ^^^^^^^^^^^^^^^^^
    |   File "C:\Users\Lenovo\AppData\Local\Programs\Python\Python311\Lib\site-packages\fastapi\encoders.py", line 289, in jsonable_encoder
    |     encoded_value = jsonable_encoder(
    |                     ^^^^^^^^^^^^^^^^^
    |   File "C:\Users\Lenovo\AppData\Local\Programs\Python\Python311\Lib\site-packages\fastapi\encoders.py", line 337, in jsonable_encoder
    |     return jsonable_encoder(
    |            ^^^^^^^^^^^^^^^^^
    |   File "C:\Users\Lenovo\AppData\Local\Programs\Python\Python311\Lib\site-packages\fastapi\encoders.py", line 289, in jsonable_encoder
    |     encoded_value = jsonable_encoder(
    |                     ^^^^^^^^^^^^^^^^^
    |   File "C:\Users\Lenovo\AppData\Local\Programs\Python\Python311\Lib\site-packages\fastapi\encoders.py", line 337, in jsonable_encoder
    |     return jsonable_encoder(
    |            ^^^^^^^^^^^^^^^^^
    |   File "C:\Users\Lenovo\AppData\Local\Programs\Python\Python311\Lib\site-packages\fastapi\encoders.py", line 289, in jsonable_encoder
    |     encoded_value = jsonable_encoder(
    |                     ^^^^^^^^^^^^^^^^^
    |   File "C:\Users\Lenovo\AppData\Local\Programs\Python\Python311\Lib\site-packages\fastapi\encoders.py", line 337, in jsonable_encoder
    |     return jsonable_encoder(
    |            ^^^^^^^^^^^^^^^^^
    |   File "C:\Users\Lenovo\AppData\Local\Programs\Python\Python311\Lib\site-packages\fastapi\encoders.py", line 289, in jsonable_encoder
    |     encoded_value = jsonable_encoder(
    |                     ^^^^^^^^^^^^^^^^^
    |   File "C:\Users\Lenovo\AppData\Local\Programs\Python\Python311\Lib\site-packages\fastapi\encoders.py", line 337, in jsonable_encoder
    |     return jsonable_encoder(
    |            ^^^^^^^^^^^^^^^^^
    |   File "C:\Users\Lenovo\AppData\Local\Programs\Python\Python311\Lib\site-packages\fastapi\encoders.py", line 289, in jsonable_encoder
    |     encoded_value = jsonable_encoder(
    |                     ^^^^^^^^^^^^^^^^^
    |   File "C:\Users\Lenovo\AppData\Local\Programs\Python\Python311\Lib\site-packages\fastapi\encoders.py", line 337, in jsonable_encoder
    |     return jsonable_encoder(
    |            ^^^^^^^^^^^^^^^^^
    |   File "C:\Users\Lenovo\AppData\Local\Programs\Python\Python311\Lib\site-packages\fastapi\encoders.py", line 289, in jsonable_encoder
    |     encoded_value = jsonable_encoder(
    |                     ^^^^^^^^^^^^^^^^^
    |   File "C:\Users\Lenovo\AppData\Local\Programs\Python\Python311\Lib\site-packages\fastapi\encoders.py", line 337, in jsonable_encoder
    |     return jsonable_encoder(
    |            ^^^^^^^^^^^^^^^^^
    |   File "C:\Users\Lenovo\AppData\Local\Programs\Python\Python311\Lib\site-packages\fastapi\encoders.py", line 289, in jsonable_encoder
    |     encoded_value = jsonable_encoder(
    |                     ^^^^^^^^^^^^^^^^^
    |   File "C:\Users\Lenovo\AppData\Local\Programs\Python\Python311\Lib\site-packages\fastapi\encoders.py", line 337, in jsonable_encoder
    |     return jsonable_encoder(
    |            ^^^^^^^^^^^^^^^^^
    |   File "C:\Users\Lenovo\AppData\Local\Programs\Python\Python311\Lib\site-packages\fastapi\encoders.py", line 289, in jsonable_encoder
    |     encoded_value = jsonable_encoder(
    |                     ^^^^^^^^^^^^^^^^^
    |   File "C:\Users\Lenovo\AppData\Local\Programs\Python\Python311\Lib\site-packages\fastapi\encoders.py", line 337, in jsonable_encoder
    |     return jsonable_encoder(
    |            ^^^^^^^^^^^^^^^^^
    |   File "C:\Users\Lenovo\AppData\Local\Programs\Python\Python311\Lib\site-packages\fastapi\encoders.py", line 289, in jsonable_encoder
    |     encoded_value = jsonable_encoder(
    |                     ^^^^^^^^^^^^^^^^^
    |   File "C:\Users\Lenovo\AppData\Local\Programs\Python\Python311\Lib\site-packages\fastapi\encoders.py", line 337, in jsonable_encoder
    |     return jsonable_encoder(
    |            ^^^^^^^^^^^^^^^^^
    |   File "C:\Users\Lenovo\AppData\Local\Programs\Python\Python311\Lib\site-packages\fastapi\encoders.py", line 289, in jsonable_encoder
    |     encoded_value = jsonable_encoder(
    |                     ^^^^^^^^^^^^^^^^^
    |   File "C:\Users\Lenovo\AppData\Local\Programs\Python\Python311\Lib\site-packages\fastapi\encoders.py", line 337, in jsonable_encoder
    |     return jsonable_encoder(
    |            ^^^^^^^^^^^^^^^^^
    |   File "C:\Users\Lenovo\AppData\Local\Programs\Python\Python311\Lib\site-packages\fastapi\encoders.py", line 289, in jsonable_encoder
    |     encoded_value = jsonable_encoder(
    |                     ^^^^^^^^^^^^^^^^^
    |   File "C:\Users\Lenovo\AppData\Local\Programs\Python\Python311\Lib\site-packages\fastapi\encoders.py", line 337, in jsonable_encoder
    |     return jsonable_encoder(
    |            ^^^^^^^^^^^^^^^^^
    |   File "C:\Users\Lenovo\AppData\Local\Programs\Python\Python311\Lib\site-packages\fastapi\encoders.py", line 289, in jsonable_encoder
    |     encoded_value = jsonable_encoder(
    |                     ^^^^^^^^^^^^^^^^^
    |   File "C:\Users\Lenovo\AppData\Local\Programs\Python\Python311\Lib\site-packages\fastapi\encoders.py", line 337, in jsonable_encoder
    |     return jsonable_encoder(
    |            ^^^^^^^^^^^^^^^^^
    |   File "C:\Users\Lenovo\AppData\Local\Programs\Python\Python311\Lib\site-packages\fastapi\encoders.py", line 289, in jsonable_encoder
    |     encoded_value = jsonable_encoder(
    |                     ^^^^^^^^^^^^^^^^^
    |   File "C:\Users\Lenovo\AppData\Local\Programs\Python\Python311\Lib\site-packages\fastapi\encoders.py", line 337, in jsonable_encoder
    |     return jsonable_encoder(
    |            ^^^^^^^^^^^^^^^^^
    |   File "C:\Users\Lenovo\AppData\Local\Programs\Python\Python311\Lib\site-packages\fastapi\encoders.py", line 289, in jsonable_encoder
    |     encoded_value = jsonable_encoder(
    |                     ^^^^^^^^^^^^^^^^^
    |   File "C:\Users\Lenovo\AppData\Local\Programs\Python\Python311\Lib\site-packages\fastapi\encoders.py", line 337, in jsonable_encoder
    |     return jsonable_encoder(
    |            ^^^^^^^^^^^^^^^^^
    |   File "C:\Users\Lenovo\AppData\Local\Programs\Python\Python311\Lib\site-packages\fastapi\encoders.py", line 289, in jsonable_encoder
    |     encoded_value = jsonable_encoder(
    |                     ^^^^^^^^^^^^^^^^^
    |   File "C:\Users\Lenovo\AppData\Local\Programs\Python\Python311\Lib\site-packages\fastapi\encoders.py", line 337, in jsonable_encoder
    |     return jsonable_encoder(
    |            ^^^^^^^^^^^^^^^^^
    |   File "C:\Users\Lenovo\AppData\Local\Programs\Python\Python311\Lib\site-packages\fastapi\encoders.py", line 289, in jsonable_encoder
    |     encoded_value = jsonable_encoder(
    |                     ^^^^^^^^^^^^^^^^^
    |   File "C:\Users\Lenovo\AppData\Local\Programs\Python\Python311\Lib\site-packages\fastapi\encoders.py", line 337, in jsonable_encoder
    |     return jsonable_encoder(
    |            ^^^^^^^^^^^^^^^^^
    |   File "C:\Users\Lenovo\AppData\Local\Programs\Python\Python311\Lib\site-packages\fastapi\encoders.py", line 289, in jsonable_encoder
    |     encoded_value = jsonable_encoder(
    |                     ^^^^^^^^^^^^^^^^^
    |   File "C:\Users\Lenovo\AppData\Local\Programs\Python\Python311\Lib\site-packages\fastapi\encoders.py", line 337, in jsonable_encoder
    |     return jsonable_encoder(
    |            ^^^^^^^^^^^^^^^^^
    |   File "C:\Users\Lenovo\AppData\Local\Programs\Python\Python311\Lib\site-packages\fastapi\encoders.py", line 289, in jsonable_encoder
    |     encoded_value = jsonable_encoder(
    |                     ^^^^^^^^^^^^^^^^^
    |   File "C:\Users\Lenovo\AppData\Local\Programs\Python\Python311\Lib\site-packages\fastapi\encoders.py", line 337, in jsonable_encoder
    |     return jsonable_encoder(
    |            ^^^^^^^^^^^^^^^^^
    |   File "C:\Users\Lenovo\AppData\Local\Programs\Python\Python311\Lib\site-packages\fastapi\encoders.py", line 289, in jsonable_encoder
    |     encoded_value = jsonable_encoder(
    |                     ^^^^^^^^^^^^^^^^^
    |   File "C:\Users\Lenovo\AppData\Local\Programs\Python\Python311\Lib\site-packages\fastapi\encoders.py", line 337, in jsonable_encoder
    |     return jsonable_encoder(
    |            ^^^^^^^^^^^^^^^^^
    |   File "C:\Users\Lenovo\AppData\Local\Programs\Python\Python311\Lib\site-packages\fastapi\encoders.py", line 289, in jsonable_encoder
    |     encoded_value = jsonable_encoder(
    |                     ^^^^^^^^^^^^^^^^^
    |   File "C:\Users\Lenovo\AppData\Local\Programs\Python\Python311\Lib\site-packages\fastapi\encoders.py", line 337, in jsonable_encoder
    |     return jsonable_encoder(
    |            ^^^^^^^^^^^^^^^^^
    |   File "C:\Users\Lenovo\AppData\Local\Programs\Python\Python311\Lib\site-packages\fastapi\encoders.py", line 289, in jsonable_encoder
    |     encoded_value = jsonable_encoder(
    |                     ^^^^^^^^^^^^^^^^^
    |   File "C:\Users\Lenovo\AppData\Local\Programs\Python\Python311\Lib\site-packages\fastapi\encoders.py", line 337, in jsonable_encoder
    |     return jsonable_encoder(
    |            ^^^^^^^^^^^^^^^^^
    |   File "C:\Users\Lenovo\AppData\Local\Programs\Python\Python311\Lib\site-packages\fastapi\encoders.py", line 289, in jsonable_encoder
    |     encoded_value = jsonable_encoder(
    |                     ^^^^^^^^^^^^^^^^^
    |   File "C:\Users\Lenovo\AppData\Local\Programs\Python\Python311\Lib\site-packages\fastapi\encoders.py", line 337, in jsonable_encoder
    |     return jsonable_encoder(
    |            ^^^^^^^^^^^^^^^^^
    |   File "C:\Users\Lenovo\AppData\Local\Programs\Python\Python311\Lib\site-packages\fastapi\encoders.py", line 289, in jsonable_encoder
    |     encoded_value = jsonable_encoder(
    |                     ^^^^^^^^^^^^^^^^^
    |   File "C:\Users\Lenovo\AppData\Local\Programs\Python\Python311\Lib\site-packages\fastapi\encoders.py", line 337, in jsonable_encoder
    |     return jsonable_encoder(
    |            ^^^^^^^^^^^^^^^^^
    |   File "C:\Users\Lenovo\AppData\Local\Programs\Python\Python311\Lib\site-packages\fastapi\encoders.py", line 289, in jsonable_encoder
    |     encoded_value = jsonable_encoder(
    |                     ^^^^^^^^^^^^^^^^^
    |   File "C:\Users\Lenovo\AppData\Local\Programs\Python\Python311\Lib\site-packages\fastapi\encoders.py", line 337, in jsonable_encoder
    |     return jsonable_encoder(
    |            ^^^^^^^^^^^^^^^^^
    |   File "C:\Users\Lenovo\AppData\Local\Programs\Python\Python311\Lib\site-packages\fastapi\encoders.py", line 289, in jsonable_encoder
    |     encoded_value = jsonable_encoder(
    |                     ^^^^^^^^^^^^^^^^^
    |   File "C:\Users\Lenovo\AppData\Local\Programs\Python\Python311\Lib\site-packages\fastapi\encoders.py", line 337, in jsonable_encoder
    |     return jsonable_encoder(
    |            ^^^^^^^^^^^^^^^^^
    |   File "C:\Users\Lenovo\AppData\Local\Programs\Python\Python311\Lib\site-packages\fastapi\encoders.py", line 289, in jsonable_encoder
    |     encoded_value = jsonable_encoder(
    |                     ^^^^^^^^^^^^^^^^^
    |   File "C:\Users\Lenovo\AppData\Local\Programs\Python\Python311\Lib\site-packages\fastapi\encoders.py", line 337, in jsonable_encoder
    |     return jsonable_encoder(
    |            ^^^^^^^^^^^^^^^^^
    |   File "C:\Users\Lenovo\AppData\Local\Programs\Python\Python311\Lib\site-packages\fastapi\encoders.py", line 289, in jsonable_encoder
    |     encoded_value = jsonable_encoder(
    |                     ^^^^^^^^^^^^^^^^^
    |   File "C:\Users\Lenovo\AppData\Local\Programs\Python\Python311\Lib\site-packages\fastapi\encoders.py", line 337, in jsonable_encoder
    |     return jsonable_encoder(
    |            ^^^^^^^^^^^^^^^^^
    |   File "C:\Users\Lenovo\AppData\Local\Programs\Python\Python311\Lib\site-packages\fastapi\encoders.py", line 289, in jsonable_encoder
    |     encoded_value = jsonable_encoder(
    |                     ^^^^^^^^^^^^^^^^^
    |   File "C:\Users\Lenovo\AppData\Local\Programs\Python\Python311\Lib\site-packages\fastapi\encoders.py", line 337, in jsonable_encoder
    |     return jsonable_encoder(
    |            ^^^^^^^^^^^^^^^^^
    |   File "C:\Users\Lenovo\AppData\Local\Programs\Python\Python311\Lib\site-packages\fastapi\encoders.py", line 289, in jsonable_encoder
    |     encoded_value = jsonable_encoder(
    |                     ^^^^^^^^^^^^^^^^^
    |   File "C:\Users\Lenovo\AppData\Local\Programs\Python\Python311\Lib\site-packages\fastapi\encoders.py", line 337, in jsonable_encoder
    |     return jsonable_encoder(
    |            ^^^^^^^^^^^^^^^^^
    |   File "C:\Users\Lenovo\AppData\Local\Programs\Python\Python311\Lib\site-packages\fastapi\encoders.py", line 289, in jsonable_encoder
    |     encoded_value = jsonable_encoder(
    |                     ^^^^^^^^^^^^^^^^^
    |   File "C:\Users\Lenovo\AppData\Local\Programs\Python\Python311\Lib\site-packages\fastapi\encoders.py", line 337, in jsonable_encoder
    |     return jsonable_encoder(
    |            ^^^^^^^^^^^^^^^^^
    |   File "C:\Users\Lenovo\AppData\Local\Programs\Python\Python311\Lib\site-packages\fastapi\encoders.py", line 289, in jsonable_encoder
    |     encoded_value = jsonable_encoder(
    |                     ^^^^^^^^^^^^^^^^^
    |   File "C:\Users\Lenovo\AppData\Local\Programs\Python\Python311\Lib\site-packages\fastapi\encoders.py", line 337, in jsonable_encoder
    |     return jsonable_encoder(
    |            ^^^^^^^^^^^^^^^^^
    |   File "C:\Users\Lenovo\AppData\Local\Programs\Python\Python311\Lib\site-packages\fastapi\encoders.py", line 289, in jsonable_encoder
    |     encoded_value = jsonable_encoder(
    |                     ^^^^^^^^^^^^^^^^^
    |   File "C:\Users\Lenovo\AppData\Local\Programs\Python\Python311\Lib\site-packages\fastapi\encoders.py", line 337, in jsonable_encoder
    |     return jsonable_encoder(
    |            ^^^^^^^^^^^^^^^^^
    |   File "C:\Users\Lenovo\AppData\Local\Programs\Python\Python311\Lib\site-packages\fastapi\encoders.py", line 289, in jsonable_encoder
    |     encoded_value = jsonable_encoder(
    |                     ^^^^^^^^^^^^^^^^^
    |   File "C:\Users\Lenovo\AppData\Local\Programs\Python\Python311\Lib\site-packages\fastapi\encoders.py", line 337, in jsonable_encoder
    |     return jsonable_encoder(
    |            ^^^^^^^^^^^^^^^^^
    |   File "C:\Users\Lenovo\AppData\Local\Programs\Python\Python311\Lib\site-packages\fastapi\encoders.py", line 289, in jsonable_encoder
    |     encoded_value = jsonable_encoder(
    |                     ^^^^^^^^^^^^^^^^^
    |   File "C:\Users\Lenovo\AppData\Local\Programs\Python\Python311\Lib\site-packages\fastapi\encoders.py", line 337, in jsonable_encoder
    |     return jsonable_encoder(
    |            ^^^^^^^^^^^^^^^^^
    |   File "C:\Users\Lenovo\AppData\Local\Programs\Python\Python311\Lib\site-packages\fastapi\encoders.py", line 289, in jsonable_encoder
    |     encoded_value = jsonable_encoder(
    |                     ^^^^^^^^^^^^^^^^^
    |   File "C:\Users\Lenovo\AppData\Local\Programs\Python\Python311\Lib\site-packages\fastapi\encoders.py", line 337, in jsonable_encoder
    |     return jsonable_encoder(
    |            ^^^^^^^^^^^^^^^^^
    |   File "C:\Users\Lenovo\AppData\Local\Programs\Python\Python311\Lib\site-packages\fastapi\encoders.py", line 289, in jsonable_encoder
    |     encoded_value = jsonable_encoder(
    |                     ^^^^^^^^^^^^^^^^^
    |   File "C:\Users\Lenovo\AppData\Local\Programs\Python\Python311\Lib\site-packages\fastapi\encoders.py", line 337, in jsonable_encoder
    |     return jsonable_encoder(
    |            ^^^^^^^^^^^^^^^^^
    |   File "C:\Users\Lenovo\AppData\Local\Programs\Python\Python311\Lib\site-packages\fastapi\encoders.py", line 289, in jsonable_encoder
    |     encoded_value = jsonable_encoder(
    |                     ^^^^^^^^^^^^^^^^^
    |   File "C:\Users\Lenovo\AppData\Local\Programs\Python\Python311\Lib\site-packages\fastapi\encoders.py", line 337, in jsonable_encoder
    |     return jsonable_encoder(
    |            ^^^^^^^^^^^^^^^^^
    |   File "C:\Users\Lenovo\AppData\Local\Programs\Python\Python311\Lib\site-packages\fastapi\encoders.py", line 289, in jsonable_encoder
    |     encoded_value = jsonable_encoder(
    |                     ^^^^^^^^^^^^^^^^^
    |   File "C:\Users\Lenovo\AppData\Local\Programs\Python\Python311\Lib\site-packages\fastapi\encoders.py", line 337, in jsonable_encoder
    |     return jsonable_encoder(
    |            ^^^^^^^^^^^^^^^^^
    |   File "C:\Users\Lenovo\AppData\Local\Programs\Python\Python311\Lib\site-packages\fastapi\encoders.py", line 289, in jsonable_encoder
    |     encoded_value = jsonable_encoder(
    |                     ^^^^^^^^^^^^^^^^^
    |   File "C:\Users\Lenovo\AppData\Local\Programs\Python\Python311\Lib\site-packages\fastapi\encoders.py", line 337, in jsonable_encoder
    |     return jsonable_encoder(
    |            ^^^^^^^^^^^^^^^^^
    |   File "C:\Users\Lenovo\AppData\Local\Programs\Python\Python311\Lib\site-packages\fastapi\encoders.py", line 289, in jsonable_encoder
    |     encoded_value = jsonable_encoder(
    |                     ^^^^^^^^^^^^^^^^^
    |   File "C:\Users\Lenovo\AppData\Local\Programs\Python\Python311\Lib\site-packages\fastapi\encoders.py", line 337, in jsonable_encoder
    |     return jsonable_encoder(
    |            ^^^^^^^^^^^^^^^^^
    |   File "C:\Users\Lenovo\AppData\Local\Programs\Python\Python311\Lib\site-packages\fastapi\encoders.py", line 289, in jsonable_encoder
    |     encoded_value = jsonable_encoder(
    |                     ^^^^^^^^^^^^^^^^^
    |   File "C:\Users\Lenovo\AppData\Local\Programs\Python\Python311\Lib\site-packages\fastapi\encoders.py", line 337, in jsonable_encoder
    |     return jsonable_encoder(
    |            ^^^^^^^^^^^^^^^^^
    |   File "C:\Users\Lenovo\AppData\Local\Programs\Python\Python311\Lib\site-packages\fastapi\encoders.py", line 289, in jsonable_encoder
    |     encoded_value = jsonable_encoder(
    |                     ^^^^^^^^^^^^^^^^^
    |   File "C:\Users\Lenovo\AppData\Local\Programs\Python\Python311\Lib\site-packages\fastapi\encoders.py", line 337, in jsonable_encoder
    |     return jsonable_encoder(
    |            ^^^^^^^^^^^^^^^^^
    |   File "C:\Users\Lenovo\AppData\Local\Programs\Python\Python311\Lib\site-packages\fastapi\encoders.py", line 289, in jsonable_encoder
    |     encoded_value = jsonable_encoder(
    |                     ^^^^^^^^^^^^^^^^^
    |   File "C:\Users\Lenovo\AppData\Local\Programs\Python\Python311\Lib\site-packages\fastapi\encoders.py", line 337, in jsonable_encoder
    |     return jsonable_encoder(
    |            ^^^^^^^^^^^^^^^^^
    |   File "C:\Users\Lenovo\AppData\Local\Programs\Python\Python311\Lib\site-packages\fastapi\encoders.py", line 289, in jsonable_encoder
    |     encoded_value = jsonable_encoder(
    |                     ^^^^^^^^^^^^^^^^^
    |   File "C:\Users\Lenovo\AppData\Local\Programs\Python\Python311\Lib\site-packages\fastapi\encoders.py", line 337, in jsonable_encoder
    |     return jsonable_encoder(
    |            ^^^^^^^^^^^^^^^^^
    |   File "C:\Users\Lenovo\AppData\Local\Programs\Python\Python311\Lib\site-packages\fastapi\encoders.py", line 289, in jsonable_encoder
    |     encoded_value = jsonable_encoder(
    |                     ^^^^^^^^^^^^^^^^^
    |   File "C:\Users\Lenovo\AppData\Local\Programs\Python\Python311\Lib\site-packages\fastapi\encoders.py", line 337, in jsonable_encoder
    |     return jsonable_encoder(
    |            ^^^^^^^^^^^^^^^^^
    |   File "C:\Users\Lenovo\AppData\Local\Programs\Python\Python311\Lib\site-packages\fastapi\encoders.py", line 289, in jsonable_encoder
    |     encoded_value = jsonable_encoder(
    |                     ^^^^^^^^^^^^^^^^^
    |   File "C:\Users\Lenovo\AppData\Local\Programs\Python\Python311\Lib\site-packages\fastapi\encoders.py", line 337, in jsonable_encoder
    |     return jsonable_encoder(
    |            ^^^^^^^^^^^^^^^^^
    |   File "C:\Users\Lenovo\AppData\Local\Programs\Python\Python311\Lib\site-packages\fastapi\encoders.py", line 289, in jsonable_encoder
    |     encoded_value = jsonable_encoder(
    |                     ^^^^^^^^^^^^^^^^^
    |   File "C:\Users\Lenovo\AppData\Local\Programs\Python\Python311\Lib\site-packages\fastapi\encoders.py", line 337, in jsonable_encoder
    |     return jsonable_encoder(
    |            ^^^^^^^^^^^^^^^^^
    |   File "C:\Users\Lenovo\AppData\Local\Programs\Python\Python311\Lib\site-packages\fastapi\encoders.py", line 289, in jsonable_encoder
    |     encoded_value = jsonable_encoder(
    |                     ^^^^^^^^^^^^^^^^^
    |   File "C:\Users\Lenovo\AppData\Local\Programs\Python\Python311\Lib\site-packages\fastapi\encoders.py", line 337, in jsonable_encoder
    |     return jsonable_encoder(
    |            ^^^^^^^^^^^^^^^^^
    |   File "C:\Users\Lenovo\AppData\Local\Programs\Python\Python311\Lib\site-packages\fastapi\encoders.py", line 289, in jsonable_encoder
    |     encoded_value = jsonable_encoder(
    |                     ^^^^^^^^^^^^^^^^^
    |   File "C:\Users\Lenovo\AppData\Local\Programs\Python\Python311\Lib\site-packages\fastapi\encoders.py", line 337, in jsonable_encoder
    |     return jsonable_encoder(
    |            ^^^^^^^^^^^^^^^^^
    |   File "C:\Users\Lenovo\AppData\Local\Programs\Python\Python311\Lib\site-packages\fastapi\encoders.py", line 289, in jsonable_encoder
    |     encoded_value = jsonable_encoder(
    |                     ^^^^^^^^^^^^^^^^^
    |   File "C:\Users\Lenovo\AppData\Local\Programs\Python\Python311\Lib\site-packages\fastapi\encoders.py", line 337, in jsonable_encoder
    |     return jsonable_encoder(
    |            ^^^^^^^^^^^^^^^^^
    |   File "C:\Users\Lenovo\AppData\Local\Programs\Python\Python311\Lib\site-packages\fastapi\encoders.py", line 289, in jsonable_encoder
    |     encoded_value = jsonable_encoder(
    |                     ^^^^^^^^^^^^^^^^^
    |   File "C:\Users\Lenovo\AppData\Local\Programs\Python\Python311\Lib\site-packages\fastapi\encoders.py", line 337, in jsonable_encoder
    |     return jsonable_encoder(
    |            ^^^^^^^^^^^^^^^^^
    |   File "C:\Users\Lenovo\AppData\Local\Programs\Python\Python311\Lib\site-packages\fastapi\encoders.py", line 289, in jsonable_encoder
    |     encoded_value = jsonable_encoder(
    |                     ^^^^^^^^^^^^^^^^^
    |   File "C:\Users\Lenovo\AppData\Local\Programs\Python\Python311\Lib\site-packages\fastapi\encoders.py", line 337, in jsonable_encoder
    |     return jsonable_encoder(
    |            ^^^^^^^^^^^^^^^^^
    |   File "C:\Users\Lenovo\AppData\Local\Programs\Python\Python311\Lib\site-packages\fastapi\encoders.py", line 289, in jsonable_encoder
    |     encoded_value = jsonable_encoder(
    |                     ^^^^^^^^^^^^^^^^^
    |   File "C:\Users\Lenovo\AppData\Local\Programs\Python\Python311\Lib\site-packages\fastapi\encoders.py", line 337, in jsonable_encoder
    |     return jsonable_encoder(
    |            ^^^^^^^^^^^^^^^^^
    |   File "C:\Users\Lenovo\AppData\Local\Programs\Python\Python311\Lib\site-packages\fastapi\encoders.py", line 289, in jsonable_encoder
    |     encoded_value = jsonable_encoder(
    |                     ^^^^^^^^^^^^^^^^^
    |   File "C:\Users\Lenovo\AppData\Local\Programs\Python\Python311\Lib\site-packages\fastapi\encoders.py", line 337, in jsonable_encoder
    |     return jsonable_encoder(
    |            ^^^^^^^^^^^^^^^^^
    |   File "C:\Users\Lenovo\AppData\Local\Programs\Python\Python311\Lib\site-packages\fastapi\encoders.py", line 289, in jsonable_encoder
    |     encoded_value = jsonable_encoder(
    |                     ^^^^^^^^^^^^^^^^^
    |   File "C:\Users\Lenovo\AppData\Local\Programs\Python\Python311\Lib\site-packages\fastapi\encoders.py", line 337, in jsonable_encoder
    |     return jsonable_encoder(
    |            ^^^^^^^^^^^^^^^^^
    |   File "C:\Users\Lenovo\AppData\Local\Programs\Python\Python311\Lib\site-packages\fastapi\encoders.py", line 289, in jsonable_encoder
    |     encoded_value = jsonable_encoder(
    |                     ^^^^^^^^^^^^^^^^^
    |   File "C:\Users\Lenovo\AppData\Local\Programs\Python\Python311\Lib\site-packages\fastapi\encoders.py", line 337, in jsonable_encoder
    |     return jsonable_encoder(
    |            ^^^^^^^^^^^^^^^^^
    |   File "C:\Users\Lenovo\AppData\Local\Programs\Python\Python311\Lib\site-packages\fastapi\encoders.py", line 289, in jsonable_encoder
    |     encoded_value = jsonable_encoder(
    |                     ^^^^^^^^^^^^^^^^^
    |   File "C:\Users\Lenovo\AppData\Local\Programs\Python\Python311\Lib\site-packages\fastapi\encoders.py", line 337, in jsonable_encoder
    |     return jsonable_encoder(
    |            ^^^^^^^^^^^^^^^^^
    |   File "C:\Users\Lenovo\AppData\Local\Programs\Python\Python311\Lib\site-packages\fastapi\encoders.py", line 289, in jsonable_encoder
    |     encoded_value = jsonable_encoder(
    |                     ^^^^^^^^^^^^^^^^^
    |   File "C:\Users\Lenovo\AppData\Local\Programs\Python\Python311\Lib\site-packages\fastapi\encoders.py", line 337, in jsonable_encoder
    |     return jsonable_encoder(
    |            ^^^^^^^^^^^^^^^^^
    |   File "C:\Users\Lenovo\AppData\Local\Programs\Python\Python311\Lib\site-packages\fastapi\encoders.py", line 289, in jsonable_encoder
    |     encoded_value = jsonable_encoder(
    |                     ^^^^^^^^^^^^^^^^^
    |   File "C:\Users\Lenovo\AppData\Local\Programs\Python\Python311\Lib\site-packages\fastapi\encoders.py", line 337, in jsonable_encoder
    |     return jsonable_encoder(
    |            ^^^^^^^^^^^^^^^^^
    |   File "C:\Users\Lenovo\AppData\Local\Programs\Python\Python311\Lib\site-packages\fastapi\encoders.py", line 289, in jsonable_encoder
    |     encoded_value = jsonable_encoder(
    |                     ^^^^^^^^^^^^^^^^^
    |   File "C:\Users\Lenovo\AppData\Local\Programs\Python\Python311\Lib\site-packages\fastapi\encoders.py", line 337, in jsonable_encoder
    |     return jsonable_encoder(
    |            ^^^^^^^^^^^^^^^^^
    |   File "C:\Users\Lenovo\AppData\Local\Programs\Python\Python311\Lib\site-packages\fastapi\encoders.py", line 289, in jsonable_encoder
    |     encoded_value = jsonable_encoder(
    |                     ^^^^^^^^^^^^^^^^^
    |   File "C:\Users\Lenovo\AppData\Local\Programs\Python\Python311\Lib\site-packages\fastapi\encoders.py", line 337, in jsonable_encoder
    |     return jsonable_encoder(
    |            ^^^^^^^^^^^^^^^^^
    |   File "C:\Users\Lenovo\AppData\Local\Programs\Python\Python311\Lib\site-packages\fastapi\encoders.py", line 289, in jsonable_encoder
    |     encoded_value = jsonable_encoder(
    |                     ^^^^^^^^^^^^^^^^^
    |   File "C:\Users\Lenovo\AppData\Local\Programs\Python\Python311\Lib\site-packages\fastapi\encoders.py", line 337, in jsonable_encoder
    |     return jsonable_encoder(
    |            ^^^^^^^^^^^^^^^^^
    |   File "C:\Users\Lenovo\AppData\Local\Programs\Python\Python311\Lib\site-packages\fastapi\encoders.py", line 289, in jsonable_encoder
    |     encoded_value = jsonable_encoder(
    |                     ^^^^^^^^^^^^^^^^^
    |   File "C:\Users\Lenovo\AppData\Local\Programs\Python\Python311\Lib\site-packages\fastapi\encoders.py", line 337, in jsonable_encoder
    |     return jsonable_encoder(
    |            ^^^^^^^^^^^^^^^^^
    |   File "C:\Users\Lenovo\AppData\Local\Programs\Python\Python311\Lib\site-packages\fastapi\encoders.py", line 289, in jsonable_encoder
    |     encoded_value = jsonable_encoder(
    |                     ^^^^^^^^^^^^^^^^^
    |   File "C:\Users\Lenovo\AppData\Local\Programs\Python\Python311\Lib\site-packages\fastapi\encoders.py", line 337, in jsonable_encoder
    |     return jsonable_encoder(
    |            ^^^^^^^^^^^^^^^^^
    |   File "C:\Users\Lenovo\AppData\Local\Programs\Python\Python311\Lib\site-packages\fastapi\encoders.py", line 289, in jsonable_encoder
    |     encoded_value = jsonable_encoder(
    |                     ^^^^^^^^^^^^^^^^^
    |   File "C:\Users\Lenovo\AppData\Local\Programs\Python\Python311\Lib\site-packages\fastapi\encoders.py", line 337, in jsonable_encoder
    |     return jsonable_encoder(
    |            ^^^^^^^^^^^^^^^^^
    |   File "C:\Users\Lenovo\AppData\Local\Programs\Python\Python311\Lib\site-packages\fastapi\encoders.py", line 289, in jsonable_encoder
    |     encoded_value = jsonable_encoder(
    |                     ^^^^^^^^^^^^^^^^^
    |   File "C:\Users\Lenovo\AppData\Local\Programs\Python\Python311\Lib\site-packages\fastapi\encoders.py", line 337, in jsonable_encoder
    |     return jsonable_encoder(
    |            ^^^^^^^^^^^^^^^^^
    |   File "C:\Users\Lenovo\AppData\Local\Programs\Python\Python311\Lib\site-packages\fastapi\encoders.py", line 289, in jsonable_encoder
    |     encoded_value = jsonable_encoder(
    |                     ^^^^^^^^^^^^^^^^^
    |   File "C:\Users\Lenovo\AppData\Local\Programs\Python\Python311\Lib\site-packages\fastapi\encoders.py", line 337, in jsonable_encoder
    |     return jsonable_encoder(
    |            ^^^^^^^^^^^^^^^^^
    |   File "C:\Users\Lenovo\AppData\Local\Programs\Python\Python311\Lib\site-packages\fastapi\encoders.py", line 289, in jsonable_encoder
    |     encoded_value = jsonable_encoder(
    |                     ^^^^^^^^^^^^^^^^^
    |   File "C:\Users\Lenovo\AppData\Local\Programs\Python\Python311\Lib\site-packages\fastapi\encoders.py", line 337, in jsonable_encoder
    |     return jsonable_encoder(
    |            ^^^^^^^^^^^^^^^^^
    |   File "C:\Users\Lenovo\AppData\Local\Programs\Python\Python311\Lib\site-packages\fastapi\encoders.py", line 289, in jsonable_encoder
    |     encoded_value = jsonable_encoder(
    |                     ^^^^^^^^^^^^^^^^^
    |   File "C:\Users\Lenovo\AppData\Local\Programs\Python\Python311\Lib\site-packages\fastapi\encoders.py", line 337, in jsonable_encoder
    |     return jsonable_encoder(
    |            ^^^^^^^^^^^^^^^^^
    |   File "C:\Users\Lenovo\AppData\Local\Programs\Python\Python311\Lib\site-packages\fastapi\encoders.py", line 289, in jsonable_encoder
    |     encoded_value = jsonable_encoder(
    |                     ^^^^^^^^^^^^^^^^^
    |   File "C:\Users\Lenovo\AppData\Local\Programs\Python\Python311\Lib\site-packages\fastapi\encoders.py", line 337, in jsonable_encoder
    |     return jsonable_encoder(
    |            ^^^^^^^^^^^^^^^^^
    |   File "C:\Users\Lenovo\AppData\Local\Programs\Python\Python311\Lib\site-packages\fastapi\encoders.py", line 289, in jsonable_encoder
    |     encoded_value = jsonable_encoder(
    |                     ^^^^^^^^^^^^^^^^^
    |   File "C:\Users\Lenovo\AppData\Local\Programs\Python\Python311\Lib\site-packages\fastapi\encoders.py", line 337, in jsonable_encoder
    |     return jsonable_encoder(
    |            ^^^^^^^^^^^^^^^^^
    |   File "C:\Users\Lenovo\AppData\Local\Programs\Python\Python311\Lib\site-packages\fastapi\encoders.py", line 289, in jsonable_encoder
    |     encoded_value = jsonable_encoder(
    |                     ^^^^^^^^^^^^^^^^^
    |   File "C:\Users\Lenovo\AppData\Local\Programs\Python\Python311\Lib\site-packages\fastapi\encoders.py", line 337, in jsonable_encoder
    |     return jsonable_encoder(
    |            ^^^^^^^^^^^^^^^^^
    |   File "C:\Users\Lenovo\AppData\Local\Programs\Python\Python311\Lib\site-packages\fastapi\encoders.py", line 289, in jsonable_encoder
    |     encoded_value = jsonable_encoder(
    |                     ^^^^^^^^^^^^^^^^^
    |   File "C:\Users\Lenovo\AppData\Local\Programs\Python\Python311\Lib\site-packages\fastapi\encoders.py", line 337, in jsonable_encoder
    |     return jsonable_encoder(
    |            ^^^^^^^^^^^^^^^^^
    |   File "C:\Users\Lenovo\AppData\Local\Programs\Python\Python311\Lib\site-packages\fastapi\encoders.py", line 289, in jsonable_encoder
    |     encoded_value = jsonable_encoder(
    |                     ^^^^^^^^^^^^^^^^^
    |   File "C:\Users\Lenovo\AppData\Local\Programs\Python\Python311\Lib\site-packages\fastapi\encoders.py", line 337, in jsonable_encoder
    |     return jsonable_encoder(
    |            ^^^^^^^^^^^^^^^^^
    |   File "C:\Users\Lenovo\AppData\Local\Programs\Python\Python311\Lib\site-packages\fastapi\encoders.py", line 289, in jsonable_encoder
    |     encoded_value = jsonable_encoder(
    |                     ^^^^^^^^^^^^^^^^^
    |   File "C:\Users\Lenovo\AppData\Local\Programs\Python\Python311\Lib\site-packages\fastapi\encoders.py", line 337, in jsonable_encoder
    |     return jsonable_encoder(
    |            ^^^^^^^^^^^^^^^^^
    |   File "C:\Users\Lenovo\AppData\Local\Programs\Python\Python311\Lib\site-packages\fastapi\encoders.py", line 289, in jsonable_encoder
    |     encoded_value = jsonable_encoder(
    |                     ^^^^^^^^^^^^^^^^^
    |   File "C:\Users\Lenovo\AppData\Local\Programs\Python\Python311\Lib\site-packages\fastapi\encoders.py", line 337, in jsonable_encoder
    |     return jsonable_encoder(
    |            ^^^^^^^^^^^^^^^^^
    |   File "C:\Users\Lenovo\AppData\Local\Programs\Python\Python311\Lib\site-packages\fastapi\encoders.py", line 289, in jsonable_encoder
    |     encoded_value = jsonable_encoder(
    |                     ^^^^^^^^^^^^^^^^^
    |   File "C:\Users\Lenovo\AppData\Local\Programs\Python\Python311\Lib\site-packages\fastapi\encoders.py", line 337, in jsonable_encoder
    |     return jsonable_encoder(
    |            ^^^^^^^^^^^^^^^^^
    |   File "C:\Users\Lenovo\AppData\Local\Programs\Python\Python311\Lib\site-packages\fastapi\encoders.py", line 289, in jsonable_encoder
    |     encoded_value = jsonable_encoder(
    |                     ^^^^^^^^^^^^^^^^^
    |   File "C:\Users\Lenovo\AppData\Local\Programs\Python\Python311\Lib\site-packages\fastapi\encoders.py", line 337, in jsonable_encoder
    |     return jsonable_encoder(
    |            ^^^^^^^^^^^^^^^^^
    |   File "C:\Users\Lenovo\AppData\Local\Programs\Python\Python311\Lib\site-packages\fastapi\encoders.py", line 289, in jsonable_encoder
    |     encoded_value = jsonable_encoder(
    |                     ^^^^^^^^^^^^^^^^^
    |   File "C:\Users\Lenovo\AppData\Local\Programs\Python\Python311\Lib\site-packages\fastapi\encoders.py", line 337, in jsonable_encoder
    |     return jsonable_encoder(
    |            ^^^^^^^^^^^^^^^^^
    |   File "C:\Users\Lenovo\AppData\Local\Programs\Python\Python311\Lib\site-packages\fastapi\encoders.py", line 289, in jsonable_encoder
    |     encoded_value = jsonable_encoder(
    |                     ^^^^^^^^^^^^^^^^^
    |   File "C:\Users\Lenovo\AppData\Local\Programs\Python\Python311\Lib\site-packages\fastapi\encoders.py", line 337, in jsonable_encoder
    |     return jsonable_encoder(
    |            ^^^^^^^^^^^^^^^^^
    |   File "C:\Users\Lenovo\AppData\Local\Programs\Python\Python311\Lib\site-packages\fastapi\encoders.py", line 289, in jsonable_encoder
    |     encoded_value = jsonable_encoder(
    |                     ^^^^^^^^^^^^^^^^^
    |   File "C:\Users\Lenovo\AppData\Local\Programs\Python\Python311\Lib\site-packages\fastapi\encoders.py", line 337, in jsonable_encoder
    |     return jsonable_encoder(
    |            ^^^^^^^^^^^^^^^^^
    |   File "C:\Users\Lenovo\AppData\Local\Programs\Python\Python311\Lib\site-packages\fastapi\encoders.py", line 289, in jsonable_encoder
    |     encoded_value = jsonable_encoder(
    |                     ^^^^^^^^^^^^^^^^^
    |   File "C:\Users\Lenovo\AppData\Local\Programs\Python\Python311\Lib\site-packages\fastapi\encoders.py", line 337, in jsonable_encoder
    |     return jsonable_encoder(
    |            ^^^^^^^^^^^^^^^^^
    |   File "C:\Users\Lenovo\AppData\Local\Programs\Python\Python311\Lib\site-packages\fastapi\encoders.py", line 289, in jsonable_encoder
    |     encoded_value = jsonable_encoder(
    |                     ^^^^^^^^^^^^^^^^^
    |   File "C:\Users\Lenovo\AppData\Local\Programs\Python\Python311\Lib\site-packages\fastapi\encoders.py", line 337, in jsonable_encoder
    |     return jsonable_encoder(
    |            ^^^^^^^^^^^^^^^^^
    |   File "C:\Users\Lenovo\AppData\Local\Programs\Python\Python311\Lib\site-packages\fastapi\encoders.py", line 289, in jsonable_encoder
    |     encoded_value = jsonable_encoder(
    |                     ^^^^^^^^^^^^^^^^^
    |   File "C:\Users\Lenovo\AppData\Local\Programs\Python\Python311\Lib\site-packages\fastapi\encoders.py", line 337, in jsonable_encoder
    |     return jsonable_encoder(
    |            ^^^^^^^^^^^^^^^^^
    |   File "C:\Users\Lenovo\AppData\Local\Programs\Python\Python311\Lib\site-packages\fastapi\encoders.py", line 289, in jsonable_encoder
    |     encoded_value = jsonable_encoder(
    |                     ^^^^^^^^^^^^^^^^^
    |   File "C:\Users\Lenovo\AppData\Local\Programs\Python\Python311\Lib\site-packages\fastapi\encoders.py", line 337, in jsonable_encoder
    |     return jsonable_encoder(
    |            ^^^^^^^^^^^^^^^^^
    |   File "C:\Users\Lenovo\AppData\Local\Programs\Python\Python311\Lib\site-packages\fastapi\encoders.py", line 289, in jsonable_encoder
    |     encoded_value = jsonable_encoder(
    |                     ^^^^^^^^^^^^^^^^^
    |   File "C:\Users\Lenovo\AppData\Local\Programs\Python\Python311\Lib\site-packages\fastapi\encoders.py", line 337, in jsonable_encoder
    |     return jsonable_encoder(
    |            ^^^^^^^^^^^^^^^^^
    |   File "C:\Users\Lenovo\AppData\Local\Programs\Python\Python311\Lib\site-packages\fastapi\encoders.py", line 289, in jsonable_encoder
    |     encoded_value = jsonable_encoder(
    |                     ^^^^^^^^^^^^^^^^^
    |   File "C:\Users\Lenovo\AppData\Local\Programs\Python\Python311\Lib\site-packages\fastapi\encoders.py", line 337, in jsonable_encoder
    |     return jsonable_encoder(
    |            ^^^^^^^^^^^^^^^^^
    |   File "C:\Users\Lenovo\AppData\Local\Programs\Python\Python311\Lib\site-packages\fastapi\encoders.py", line 289, in jsonable_encoder
    |     encoded_value = jsonable_encoder(
    |                     ^^^^^^^^^^^^^^^^^
    |   File "C:\Users\Lenovo\AppData\Local\Programs\Python\Python311\Lib\site-packages\fastapi\encoders.py", line 337, in jsonable_encoder
    |     return jsonable_encoder(
    |            ^^^^^^^^^^^^^^^^^
    |   File "C:\Users\Lenovo\AppData\Local\Programs\Python\Python311\Lib\site-packages\fastapi\encoders.py", line 289, in jsonable_encoder
    |     encoded_value = jsonable_encoder(
    |                     ^^^^^^^^^^^^^^^^^
    |   File "C:\Users\Lenovo\AppData\Local\Programs\Python\Python311\Lib\site-packages\fastapi\encoders.py", line 337, in jsonable_encoder
    |     return jsonable_encoder(
    |            ^^^^^^^^^^^^^^^^^
    |   File "C:\Users\Lenovo\AppData\Local\Programs\Python\Python311\Lib\site-packages\fastapi\encoders.py", line 289, in jsonable_encoder
    |     encoded_value = jsonable_encoder(
    |                     ^^^^^^^^^^^^^^^^^
    |   File "C:\Users\Lenovo\AppData\Local\Programs\Python\Python311\Lib\site-packages\fastapi\encoders.py", line 337, in jsonable_encoder
    |     return jsonable_encoder(
    |            ^^^^^^^^^^^^^^^^^
    |   File "C:\Users\Lenovo\AppData\Local\Programs\Python\Python311\Lib\site-packages\fastapi\encoders.py", line 289, in jsonable_encoder
    |     encoded_value = jsonable_encoder(
    |                     ^^^^^^^^^^^^^^^^^
    |   File "C:\Users\Lenovo\AppData\Local\Programs\Python\Python311\Lib\site-packages\fastapi\encoders.py", line 337, in jsonable_encoder
    |     return jsonable_encoder(
    |            ^^^^^^^^^^^^^^^^^
    |   File "C:\Users\Lenovo\AppData\Local\Programs\Python\Python311\Lib\site-packages\fastapi\encoders.py", line 289, in jsonable_encoder
    |     encoded_value = jsonable_encoder(
    |                     ^^^^^^^^^^^^^^^^^
    |   File "C:\Users\Lenovo\AppData\Local\Programs\Python\Python311\Lib\site-packages\fastapi\encoders.py", line 337, in jsonable_encoder
    |     return jsonable_encoder(
    |            ^^^^^^^^^^^^^^^^^
    |   File "C:\Users\Lenovo\AppData\Local\Programs\Python\Python311\Lib\site-packages\fastapi\encoders.py", line 289, in jsonable_encoder
    |     encoded_value = jsonable_encoder(
    |                     ^^^^^^^^^^^^^^^^^
    |   File "C:\Users\Lenovo\AppData\Local\Programs\Python\Python311\Lib\site-packages\fastapi\encoders.py", line 337, in jsonable_encoder
    |     return jsonable_encoder(
    |            ^^^^^^^^^^^^^^^^^
    |   File "C:\Users\Lenovo\AppData\Local\Programs\Python\Python311\Lib\site-packages\fastapi\encoders.py", line 289, in jsonable_encoder
    |     encoded_value = jsonable_encoder(
    |                     ^^^^^^^^^^^^^^^^^
    |   File "C:\Users\Lenovo\AppData\Local\Programs\Python\Python311\Lib\site-packages\fastapi\encoders.py", line 337, in jsonable_encoder
    |     return jsonable_encoder(
    |            ^^^^^^^^^^^^^^^^^
    |   File "C:\Users\Lenovo\AppData\Local\Programs\Python\Python311\Lib\site-packages\fastapi\encoders.py", line 289, in jsonable_encoder
    |     encoded_value = jsonable_encoder(
    |                     ^^^^^^^^^^^^^^^^^
    |   File "C:\Users\Lenovo\AppData\Local\Programs\Python\Python311\Lib\site-packages\fastapi\encoders.py", line 337, in jsonable_encoder
    |     return jsonable_encoder(
    |            ^^^^^^^^^^^^^^^^^
    |   File "C:\Users\Lenovo\AppData\Local\Programs\Python\Python311\Lib\site-packages\fastapi\encoders.py", line 289, in jsonable_encoder
    |     encoded_value = jsonable_encoder(
    |                     ^^^^^^^^^^^^^^^^^
    |   File "C:\Users\Lenovo\AppData\Local\Programs\Python\Python311\Lib\site-packages\fastapi\encoders.py", line 337, in jsonable_encoder
    |     return jsonable_encoder(
    |            ^^^^^^^^^^^^^^^^^
    |   File "C:\Users\Lenovo\AppData\Local\Programs\Python\Python311\Lib\site-packages\fastapi\encoders.py", line 289, in jsonable_encoder
    |     encoded_value = jsonable_encoder(
    |                     ^^^^^^^^^^^^^^^^^
    |   File "C:\Users\Lenovo\AppData\Local\Programs\Python\Python311\Lib\site-packages\fastapi\encoders.py", line 337, in jsonable_encoder
    |     return jsonable_encoder(
    |            ^^^^^^^^^^^^^^^^^
    |   File "C:\Users\Lenovo\AppData\Local\Programs\Python\Python311\Lib\site-packages\fastapi\encoders.py", line 289, in jsonable_encoder
    |     encoded_value = jsonable_encoder(
    |                     ^^^^^^^^^^^^^^^^^
    |   File "C:\Users\Lenovo\AppData\Local\Programs\Python\Python311\Lib\site-packages\fastapi\encoders.py", line 337, in jsonable_encoder
    |     return jsonable_encoder(
    |            ^^^^^^^^^^^^^^^^^
    |   File "C:\Users\Lenovo\AppData\Local\Programs\Python\Python311\Lib\site-packages\fastapi\encoders.py", line 289, in jsonable_encoder
    |     encoded_value = jsonable_encoder(
    |                     ^^^^^^^^^^^^^^^^^
    |   File "C:\Users\Lenovo\AppData\Local\Programs\Python\Python311\Lib\site-packages\fastapi\encoders.py", line 337, in jsonable_encoder
    |     return jsonable_encoder(
    |            ^^^^^^^^^^^^^^^^^
    |   File "C:\Users\Lenovo\AppData\Local\Programs\Python\Python311\Lib\site-packages\fastapi\encoders.py", line 289, in jsonable_encoder
    |     encoded_value = jsonable_encoder(
    |                     ^^^^^^^^^^^^^^^^^
    |   File "C:\Users\Lenovo\AppData\Local\Programs\Python\Python311\Lib\site-packages\fastapi\encoders.py", line 337, in jsonable_encoder
    |     return jsonable_encoder(
    |            ^^^^^^^^^^^^^^^^^
    |   File "C:\Users\Lenovo\AppData\Local\Programs\Python\Python311\Lib\site-packages\fastapi\encoders.py", line 289, in jsonable_encoder
    |     encoded_value = jsonable_encoder(
    |                     ^^^^^^^^^^^^^^^^^
    |   File "C:\Users\Lenovo\AppData\Local\Programs\Python\Python311\Lib\site-packages\fastapi\encoders.py", line 337, in jsonable_encoder
    |     return jsonable_encoder(
    |            ^^^^^^^^^^^^^^^^^
    |   File "C:\Users\Lenovo\AppData\Local\Programs\Python\Python311\Lib\site-packages\fastapi\encoders.py", line 289, in jsonable_encoder
    |     encoded_value = jsonable_encoder(
    |                     ^^^^^^^^^^^^^^^^^
    |   File "C:\Users\Lenovo\AppData\Local\Programs\Python\Python311\Lib\site-packages\fastapi\encoders.py", line 337, in jsonable_encoder
    |     return jsonable_encoder(
    |            ^^^^^^^^^^^^^^^^^
    |   File "C:\Users\Lenovo\AppData\Local\Programs\Python\Python311\Lib\site-packages\fastapi\encoders.py", line 289, in jsonable_encoder
    |     encoded_value = jsonable_encoder(
    |                     ^^^^^^^^^^^^^^^^^
    |   File "C:\Users\Lenovo\AppData\Local\Programs\Python\Python311\Lib\site-packages\fastapi\encoders.py", line 337, in jsonable_encoder
    |     return jsonable_encoder(
    |            ^^^^^^^^^^^^^^^^^
    |   File "C:\Users\Lenovo\AppData\Local\Programs\Python\Python311\Lib\site-packages\fastapi\encoders.py", line 289, in jsonable_encoder
    |     encoded_value = jsonable_encoder(
    |                     ^^^^^^^^^^^^^^^^^
    |   File "C:\Users\Lenovo\AppData\Local\Programs\Python\Python311\Lib\site-packages\fastapi\encoders.py", line 337, in jsonable_encoder
    |     return jsonable_encoder(
    |            ^^^^^^^^^^^^^^^^^
    |   File "C:\Users\Lenovo\AppData\Local\Programs\Python\Python311\Lib\site-packages\fastapi\encoders.py", line 289, in jsonable_encoder
    |     encoded_value = jsonable_encoder(
    |                     ^^^^^^^^^^^^^^^^^
    |   File "C:\Users\Lenovo\AppData\Local\Programs\Python\Python311\Lib\site-packages\fastapi\encoders.py", line 337, in jsonable_encoder
    |     return jsonable_encoder(
    |            ^^^^^^^^^^^^^^^^^
    |   File "C:\Users\Lenovo\AppData\Local\Programs\Python\Python311\Lib\site-packages\fastapi\encoders.py", line 289, in jsonable_encoder
    |     encoded_value = jsonable_encoder(
    |                     ^^^^^^^^^^^^^^^^^
    |   File "C:\Users\Lenovo\AppData\Local\Programs\Python\Python311\Lib\site-packages\fastapi\encoders.py", line 337, in jsonable_encoder
    |     return jsonable_encoder(
    |            ^^^^^^^^^^^^^^^^^
    |   File "C:\Users\Lenovo\AppData\Local\Programs\Python\Python311\Lib\site-packages\fastapi\encoders.py", line 289, in jsonable_encoder
    |     encoded_value = jsonable_encoder(
    |                     ^^^^^^^^^^^^^^^^^
    |   File "C:\Users\Lenovo\AppData\Local\Programs\Python\Python311\Lib\site-packages\fastapi\encoders.py", line 337, in jsonable_encoder
    |     return jsonable_encoder(
    |            ^^^^^^^^^^^^^^^^^
    |   File "C:\Users\Lenovo\AppData\Local\Programs\Python\Python311\Lib\site-packages\fastapi\encoders.py", line 289, in jsonable_encoder
    |     encoded_value = jsonable_encoder(
    |                     ^^^^^^^^^^^^^^^^^
    |   File "C:\Users\Lenovo\AppData\Local\Programs\Python\Python311\Lib\site-packages\fastapi\encoders.py", line 337, in jsonable_encoder
    |     return jsonable_encoder(
    |            ^^^^^^^^^^^^^^^^^
    |   File "C:\Users\Lenovo\AppData\Local\Programs\Python\Python311\Lib\site-packages\fastapi\encoders.py", line 289, in jsonable_encoder
    |     encoded_value = jsonable_encoder(
    |                     ^^^^^^^^^^^^^^^^^
    |   File "C:\Users\Lenovo\AppData\Local\Programs\Python\Python311\Lib\site-packages\fastapi\encoders.py", line 337, in jsonable_encoder
    |     return jsonable_encoder(
    |            ^^^^^^^^^^^^^^^^^
    |   File "C:\Users\Lenovo\AppData\Local\Programs\Python\Python311\Lib\site-packages\fastapi\encoders.py", line 289, in jsonable_encoder
    |     encoded_value = jsonable_encoder(
    |                     ^^^^^^^^^^^^^^^^^
    |   File "C:\Users\Lenovo\AppData\Local\Programs\Python\Python311\Lib\site-packages\fastapi\encoders.py", line 337, in jsonable_encoder
    |     return jsonable_encoder(
    |            ^^^^^^^^^^^^^^^^^
    |   File "C:\Users\Lenovo\AppData\Local\Programs\Python\Python311\Lib\site-packages\fastapi\encoders.py", line 289, in jsonable_encoder
    |     encoded_value = jsonable_encoder(
    |                     ^^^^^^^^^^^^^^^^^
    |   File "C:\Users\Lenovo\AppData\Local\Programs\Python\Python311\Lib\site-packages\fastapi\encoders.py", line 337, in jsonable_encoder
    |     return jsonable_encoder(
    |            ^^^^^^^^^^^^^^^^^
    |   File "C:\Users\Lenovo\AppData\Local\Programs\Python\Python311\Lib\site-packages\fastapi\encoders.py", line 289, in jsonable_encoder
    |     encoded_value = jsonable_encoder(
    |                     ^^^^^^^^^^^^^^^^^
    |   File "C:\Users\Lenovo\AppData\Local\Programs\Python\Python311\Lib\site-packages\fastapi\encoders.py", line 337, in jsonable_encoder
    |     return jsonable_encoder(
    |            ^^^^^^^^^^^^^^^^^
    |   File "C:\Users\Lenovo\AppData\Local\Programs\Python\Python311\Lib\site-packages\fastapi\encoders.py", line 289, in jsonable_encoder
    |     encoded_value = jsonable_encoder(
    |                     ^^^^^^^^^^^^^^^^^
    |   File "C:\Users\Lenovo\AppData\Local\Programs\Python\Python311\Lib\site-packages\fastapi\encoders.py", line 337, in jsonable_encoder
    |     return jsonable_encoder(
    |            ^^^^^^^^^^^^^^^^^
    |   File "C:\Users\Lenovo\AppData\Local\Programs\Python\Python311\Lib\site-packages\fastapi\encoders.py", line 289, in jsonable_encoder
    |     encoded_value = jsonable_encoder(
    |                     ^^^^^^^^^^^^^^^^^
    |   File "C:\Users\Lenovo\AppData\Local\Programs\Python\Python311\Lib\site-packages\fastapi\encoders.py", line 337, in jsonable_encoder
    |     return jsonable_encoder(
    |            ^^^^^^^^^^^^^^^^^
    |   File "C:\Users\Lenovo\AppData\Local\Programs\Python\Python311\Lib\site-packages\fastapi\encoders.py", line 289, in jsonable_encoder
    |     encoded_value = jsonable_encoder(
    |                     ^^^^^^^^^^^^^^^^^
    |   File "C:\Users\Lenovo\AppData\Local\Programs\Python\Python311\Lib\site-packages\fastapi\encoders.py", line 337, in jsonable_encoder
    |     return jsonable_encoder(
    |            ^^^^^^^^^^^^^^^^^
    |   File "C:\Users\Lenovo\AppData\Local\Programs\Python\Python311\Lib\site-packages\fastapi\encoders.py", line 289, in jsonable_encoder
    |     encoded_value = jsonable_encoder(
    |                     ^^^^^^^^^^^^^^^^^
    |   File "C:\Users\Lenovo\AppData\Local\Programs\Python\Python311\Lib\site-packages\fastapi\encoders.py", line 337, in jsonable_encoder
    |     return jsonable_encoder(
    |            ^^^^^^^^^^^^^^^^^
    |   File "C:\Users\Lenovo\AppData\Local\Programs\Python\Python311\Lib\site-packages\fastapi\encoders.py", line 289, in jsonable_encoder
    |     encoded_value = jsonable_encoder(
    |                     ^^^^^^^^^^^^^^^^^
    |   File "C:\Users\Lenovo\AppData\Local\Programs\Python\Python311\Lib\site-packages\fastapi\encoders.py", line 337, in jsonable_encoder
    |     return jsonable_encoder(
    |            ^^^^^^^^^^^^^^^^^
    |   File "C:\Users\Lenovo\AppData\Local\Programs\Python\Python311\Lib\site-packages\fastapi\encoders.py", line 289, in jsonable_encoder
    |     encoded_value = jsonable_encoder(
    |                     ^^^^^^^^^^^^^^^^^
    |   File "C:\Users\Lenovo\AppData\Local\Programs\Python\Python311\Lib\site-packages\fastapi\encoders.py", line 337, in jsonable_encoder
    |     return jsonable_encoder(
    |            ^^^^^^^^^^^^^^^^^
    |   File "C:\Users\Lenovo\AppData\Local\Programs\Python\Python311\Lib\site-packages\fastapi\encoders.py", line 289, in jsonable_encoder
    |     encoded_value = jsonable_encoder(
    |                     ^^^^^^^^^^^^^^^^^
    |   File "C:\Users\Lenovo\AppData\Local\Programs\Python\Python311\Lib\site-packages\fastapi\encoders.py", line 337, in jsonable_encoder
    |     return jsonable_encoder(
    |            ^^^^^^^^^^^^^^^^^
    |   File "C:\Users\Lenovo\AppData\Local\Programs\Python\Python311\Lib\site-packages\fastapi\encoders.py", line 289, in jsonable_encoder
    |     encoded_value = jsonable_encoder(
    |                     ^^^^^^^^^^^^^^^^^
    |   File "C:\Users\Lenovo\AppData\Local\Programs\Python\Python311\Lib\site-packages\fastapi\encoders.py", line 337, in jsonable_encoder
    |     return jsonable_encoder(
    |            ^^^^^^^^^^^^^^^^^
    |   File "C:\Users\Lenovo\AppData\Local\Programs\Python\Python311\Lib\site-packages\fastapi\encoders.py", line 289, in jsonable_encoder
    |     encoded_value = jsonable_encoder(
    |                     ^^^^^^^^^^^^^^^^^
    |   File "C:\Users\Lenovo\AppData\Local\Programs\Python\Python311\Lib\site-packages\fastapi\encoders.py", line 337, in jsonable_encoder
    |     return jsonable_encoder(
    |            ^^^^^^^^^^^^^^^^^
    |   File "C:\Users\Lenovo\AppData\Local\Programs\Python\Python311\Lib\site-packages\fastapi\encoders.py", line 289, in jsonable_encoder
    |     encoded_value = jsonable_encoder(
    |                     ^^^^^^^^^^^^^^^^^
    |   File "C:\Users\Lenovo\AppData\Local\Programs\Python\Python311\Lib\site-packages\fastapi\encoders.py", line 337, in jsonable_encoder
    |     return jsonable_encoder(
    |            ^^^^^^^^^^^^^^^^^
    |   File "C:\Users\Lenovo\AppData\Local\Programs\Python\Python311\Lib\site-packages\fastapi\encoders.py", line 289, in jsonable_encoder
    |     encoded_value = jsonable_encoder(
    |                     ^^^^^^^^^^^^^^^^^
    |   File "C:\Users\Lenovo\AppData\Local\Programs\Python\Python311\Lib\site-packages\fastapi\encoders.py", line 337, in jsonable_encoder
    |     return jsonable_encoder(
    |            ^^^^^^^^^^^^^^^^^
    |   File "C:\Users\Lenovo\AppData\Local\Programs\Python\Python311\Lib\site-packages\fastapi\encoders.py", line 289, in jsonable_encoder
    |     encoded_value = jsonable_encoder(
    |                     ^^^^^^^^^^^^^^^^^
    |   File "C:\Users\Lenovo\AppData\Local\Programs\Python\Python311\Lib\site-packages\fastapi\encoders.py", line 337, in jsonable_encoder
    |     return jsonable_encoder(
    |            ^^^^^^^^^^^^^^^^^
    |   File "C:\Users\Lenovo\AppData\Local\Programs\Python\Python311\Lib\site-packages\fastapi\encoders.py", line 289, in jsonable_encoder
    |     encoded_value = jsonable_encoder(
    |                     ^^^^^^^^^^^^^^^^^
    |   File "C:\Users\Lenovo\AppData\Local\Programs\Python\Python311\Lib\site-packages\fastapi\encoders.py", line 337, in jsonable_encoder
    |     return jsonable_encoder(
    |            ^^^^^^^^^^^^^^^^^
    |   File "C:\Users\Lenovo\AppData\Local\Programs\Python\Python311\Lib\site-packages\fastapi\encoders.py", line 289, in jsonable_encoder
    |     encoded_value = jsonable_encoder(
    |                     ^^^^^^^^^^^^^^^^^
    |   File "C:\Users\Lenovo\AppData\Local\Programs\Python\Python311\Lib\site-packages\fastapi\encoders.py", line 337, in jsonable_encoder
    |     return jsonable_encoder(
    |            ^^^^^^^^^^^^^^^^^
    |   File "C:\Users\Lenovo\AppData\Local\Programs\Python\Python311\Lib\site-packages\fastapi\encoders.py", line 289, in jsonable_encoder
    |     encoded_value = jsonable_encoder(
    |                     ^^^^^^^^^^^^^^^^^
    |   File "C:\Users\Lenovo\AppData\Local\Programs\Python\Python311\Lib\site-packages\fastapi\encoders.py", line 337, in jsonable_encoder
    |     return jsonable_encoder(
    |            ^^^^^^^^^^^^^^^^^
    |   File "C:\Users\Lenovo\AppData\Local\Programs\Python\Python311\Lib\site-packages\fastapi\encoders.py", line 289, in jsonable_encoder
    |     encoded_value = jsonable_encoder(
    |                     ^^^^^^^^^^^^^^^^^
    |   File "C:\Users\Lenovo\AppData\Local\Programs\Python\Python311\Lib\site-packages\fastapi\encoders.py", line 337, in jsonable_encoder
    |     return jsonable_encoder(
    |            ^^^^^^^^^^^^^^^^^
    |   File "C:\Users\Lenovo\AppData\Local\Programs\Python\Python311\Lib\site-packages\fastapi\encoders.py", line 289, in jsonable_encoder
    |     encoded_value = jsonable_encoder(
    |                     ^^^^^^^^^^^^^^^^^
    |   File "C:\Users\Lenovo\AppData\Local\Programs\Python\Python311\Lib\site-packages\fastapi\encoders.py", line 337, in jsonable_encoder
    |     return jsonable_encoder(
    |            ^^^^^^^^^^^^^^^^^
    |   File "C:\Users\Lenovo\AppData\Local\Programs\Python\Python311\Lib\site-packages\fastapi\encoders.py", line 289, in jsonable_encoder
    |     encoded_value = jsonable_encoder(
    |                     ^^^^^^^^^^^^^^^^^
    |   File "C:\Users\Lenovo\AppData\Local\Programs\Python\Python311\Lib\site-packages\fastapi\encoders.py", line 337, in jsonable_encoder
    |     return jsonable_encoder(
    |            ^^^^^^^^^^^^^^^^^
    |   File "C:\Users\Lenovo\AppData\Local\Programs\Python\Python311\Lib\site-packages\fastapi\encoders.py", line 289, in jsonable_encoder
    |     encoded_value = jsonable_encoder(
    |                     ^^^^^^^^^^^^^^^^^
    |   File "C:\Users\Lenovo\AppData\Local\Programs\Python\Python311\Lib\site-packages\fastapi\encoders.py", line 337, in jsonable_encoder
    |     return jsonable_encoder(
    |            ^^^^^^^^^^^^^^^^^
    |   File "C:\Users\Lenovo\AppData\Local\Programs\Python\Python311\Lib\site-packages\fastapi\encoders.py", line 289, in jsonable_encoder
    |     encoded_value = jsonable_encoder(
    |                     ^^^^^^^^^^^^^^^^^
    |   File "C:\Users\Lenovo\AppData\Local\Programs\Python\Python311\Lib\site-packages\fastapi\encoders.py", line 337, in jsonable_encoder
    |     return jsonable_encoder(
    |            ^^^^^^^^^^^^^^^^^
    |   File "C:\Users\Lenovo\AppData\Local\Programs\Python\Python311\Lib\site-packages\fastapi\encoders.py", line 289, in jsonable_encoder
    |     encoded_value = jsonable_encoder(
    |                     ^^^^^^^^^^^^^^^^^
    |   File "C:\Users\Lenovo\AppData\Local\Programs\Python\Python311\Lib\site-packages\fastapi\encoders.py", line 337, in jsonable_encoder
    |     return jsonable_encoder(
    |            ^^^^^^^^^^^^^^^^^
    |   File "C:\Users\Lenovo\AppData\Local\Programs\Python\Python311\Lib\site-packages\fastapi\encoders.py", line 289, in jsonable_encoder
    |     encoded_value = jsonable_encoder(
    |                     ^^^^^^^^^^^^^^^^^
    |   File "C:\Users\Lenovo\AppData\Local\Programs\Python\Python311\Lib\site-packages\fastapi\encoders.py", line 337, in jsonable_encoder
    |     return jsonable_encoder(
    |            ^^^^^^^^^^^^^^^^^
    |   File "C:\Users\Lenovo\AppData\Local\Programs\Python\Python311\Lib\site-packages\fastapi\encoders.py", line 289, in jsonable_encoder
    |     encoded_value = jsonable_encoder(
    |                     ^^^^^^^^^^^^^^^^^
    |   File "C:\Users\Lenovo\AppData\Local\Programs\Python\Python311\Lib\site-packages\fastapi\encoders.py", line 337, in jsonable_encoder
    |     return jsonable_encoder(
    |            ^^^^^^^^^^^^^^^^^
    |   File "C:\Users\Lenovo\AppData\Local\Programs\Python\Python311\Lib\site-packages\fastapi\encoders.py", line 289, in jsonable_encoder
    |     encoded_value = jsonable_encoder(
    |                     ^^^^^^^^^^^^^^^^^
    |   File "C:\Users\Lenovo\AppData\Local\Programs\Python\Python311\Lib\site-packages\fastapi\encoders.py", line 337, in jsonable_encoder
    |     return jsonable_encoder(
    |            ^^^^^^^^^^^^^^^^^
    |   File "C:\Users\Lenovo\AppData\Local\Programs\Python\Python311\Lib\site-packages\fastapi\encoders.py", line 289, in jsonable_encoder
    |     encoded_value = jsonable_encoder(
    |                     ^^^^^^^^^^^^^^^^^
    |   File "C:\Users\Lenovo\AppData\Local\Programs\Python\Python311\Lib\site-packages\fastapi\encoders.py", line 337, in jsonable_encoder
    |     return jsonable_encoder(
    |            ^^^^^^^^^^^^^^^^^
    |   File "C:\Users\Lenovo\AppData\Local\Programs\Python\Python311\Lib\site-packages\fastapi\encoders.py", line 289, in jsonable_encoder
    |     encoded_value = jsonable_encoder(
    |                     ^^^^^^^^^^^^^^^^^
    |   File "C:\Users\Lenovo\AppData\Local\Programs\Python\Python311\Lib\site-packages\fastapi\encoders.py", line 337, in jsonable_encoder
    |     return jsonable_encoder(
    |            ^^^^^^^^^^^^^^^^^
    |   File "C:\Users\Lenovo\AppData\Local\Programs\Python\Python311\Lib\site-packages\fastapi\encoders.py", line 289, in jsonable_encoder
    |     encoded_value = jsonable_encoder(
    |                     ^^^^^^^^^^^^^^^^^
    |   File "C:\Users\Lenovo\AppData\Local\Programs\Python\Python311\Lib\site-packages\fastapi\encoders.py", line 337, in jsonable_encoder
    |     return jsonable_encoder(
    |            ^^^^^^^^^^^^^^^^^
    |   File "C:\Users\Lenovo\AppData\Local\Programs\Python\Python311\Lib\site-packages\fastapi\encoders.py", line 289, in jsonable_encoder
    |     encoded_value = jsonable_encoder(
    |                     ^^^^^^^^^^^^^^^^^
    |   File "C:\Users\Lenovo\AppData\Local\Programs\Python\Python311\Lib\site-packages\fastapi\encoders.py", line 337, in jsonable_encoder
    |     return jsonable_encoder(
    |            ^^^^^^^^^^^^^^^^^
    |   File "C:\Users\Lenovo\AppData\Local\Programs\Python\Python311\Lib\site-packages\fastapi\encoders.py", line 289, in jsonable_encoder
    |     encoded_value = jsonable_encoder(
    |                     ^^^^^^^^^^^^^^^^^
    |   File "C:\Users\Lenovo\AppData\Local\Programs\Python\Python311\Lib\site-packages\fastapi\encoders.py", line 337, in jsonable_encoder
    |     return jsonable_encoder(
    |            ^^^^^^^^^^^^^^^^^
    |   File "C:\Users\Lenovo\AppData\Local\Programs\Python\Python311\Lib\site-packages\fastapi\encoders.py", line 289, in jsonable_encoder
    |     encoded_value = jsonable_encoder(
    |                     ^^^^^^^^^^^^^^^^^
    |   File "C:\Users\Lenovo\AppData\Local\Programs\Python\Python311\Lib\site-packages\fastapi\encoders.py", line 337, in jsonable_encoder
    |     return jsonable_encoder(
    |            ^^^^^^^^^^^^^^^^^
    |   File "C:\Users\Lenovo\AppData\Local\Programs\Python\Python311\Lib\site-packages\fastapi\encoders.py", line 289, in jsonable_encoder
    |     encoded_value = jsonable_encoder(
    |                     ^^^^^^^^^^^^^^^^^
    |   File "C:\Users\Lenovo\AppData\Local\Programs\Python\Python311\Lib\site-packages\fastapi\encoders.py", line 337, in jsonable_encoder
    |     return jsonable_encoder(
    |            ^^^^^^^^^^^^^^^^^
    |   File "C:\Users\Lenovo\AppData\Local\Programs\Python\Python311\Lib\site-packages\fastapi\encoders.py", line 289, in jsonable_encoder
    |     encoded_value = jsonable_encoder(
    |                     ^^^^^^^^^^^^^^^^^
    |   File "C:\Users\Lenovo\AppData\Local\Programs\Python\Python311\Lib\site-packages\fastapi\encoders.py", line 337, in jsonable_encoder
    |     return jsonable_encoder(
    |            ^^^^^^^^^^^^^^^^^
    |   File "C:\Users\Lenovo\AppData\Local\Programs\Python\Python311\Lib\site-packages\fastapi\encoders.py", line 289, in jsonable_encoder
    |     encoded_value = jsonable_encoder(
    |                     ^^^^^^^^^^^^^^^^^
    |   File "C:\Users\Lenovo\AppData\Local\Programs\Python\Python311\Lib\site-packages\fastapi\encoders.py", line 337, in jsonable_encoder
    |     return jsonable_encoder(
    |            ^^^^^^^^^^^^^^^^^
    |   File "C:\Users\Lenovo\AppData\Local\Programs\Python\Python311\Lib\site-packages\fastapi\encoders.py", line 289, in jsonable_encoder
    |     encoded_value = jsonable_encoder(
    |                     ^^^^^^^^^^^^^^^^^
    |   File "C:\Users\Lenovo\AppData\Local\Programs\Python\Python311\Lib\site-packages\fastapi\encoders.py", line 337, in jsonable_encoder
    |     return jsonable_encoder(
    |            ^^^^^^^^^^^^^^^^^
    |   File "C:\Users\Lenovo\AppData\Local\Programs\Python\Python311\Lib\site-packages\fastapi\encoders.py", line 289, in jsonable_encoder
    |     encoded_value = jsonable_encoder(
    |                     ^^^^^^^^^^^^^^^^^
    |   File "C:\Users\Lenovo\AppData\Local\Programs\Python\Python311\Lib\site-packages\fastapi\encoders.py", line 337, in jsonable_encoder
    |     return jsonable_encoder(
    |            ^^^^^^^^^^^^^^^^^
    |   File "C:\Users\Lenovo\AppData\Local\Programs\Python\Python311\Lib\site-packages\fastapi\encoders.py", line 289, in jsonable_encoder
    |     encoded_value = jsonable_encoder(
    |                     ^^^^^^^^^^^^^^^^^
    |   File "C:\Users\Lenovo\AppData\Local\Programs\Python\Python311\Lib\site-packages\fastapi\encoders.py", line 337, in jsonable_encoder
    |     return jsonable_encoder(
    |            ^^^^^^^^^^^^^^^^^
    |   File "C:\Users\Lenovo\AppData\Local\Programs\Python\Python311\Lib\site-packages\fastapi\encoders.py", line 289, in jsonable_encoder
    |     encoded_value = jsonable_encoder(
    |                     ^^^^^^^^^^^^^^^^^
    |   File "C:\Users\Lenovo\AppData\Local\Programs\Python\Python311\Lib\site-packages\fastapi\encoders.py", line 337, in jsonable_encoder
    |     return jsonable_encoder(
    |            ^^^^^^^^^^^^^^^^^
    |   File "C:\Users\Lenovo\AppData\Local\Programs\Python\Python311\Lib\site-packages\fastapi\encoders.py", line 289, in jsonable_encoder
    |     encoded_value = jsonable_encoder(
    |                     ^^^^^^^^^^^^^^^^^
    |   File "C:\Users\Lenovo\AppData\Local\Programs\Python\Python311\Lib\site-packages\fastapi\encoders.py", line 337, in jsonable_encoder
    |     return jsonable_encoder(
    |            ^^^^^^^^^^^^^^^^^
    |   File "C:\Users\Lenovo\AppData\Local\Programs\Python\Python311\Lib\site-packages\fastapi\encoders.py", line 289, in jsonable_encoder
    |     encoded_value = jsonable_encoder(
    |                     ^^^^^^^^^^^^^^^^^
    |   File "C:\Users\Lenovo\AppData\Local\Programs\Python\Python311\Lib\site-packages\fastapi\encoders.py", line 337, in jsonable_encoder
    |     return jsonable_encoder(
    |            ^^^^^^^^^^^^^^^^^
    |   File "C:\Users\Lenovo\AppData\Local\Programs\Python\Python311\Lib\site-packages\fastapi\encoders.py", line 289, in jsonable_encoder
    |     encoded_value = jsonable_encoder(
    |                     ^^^^^^^^^^^^^^^^^
    |   File "C:\Users\Lenovo\AppData\Local\Programs\Python\Python311\Lib\site-packages\fastapi\encoders.py", line 337, in jsonable_encoder
    |     return jsonable_encoder(
    |            ^^^^^^^^^^^^^^^^^
    |   File "C:\Users\Lenovo\AppData\Local\Programs\Python\Python311\Lib\site-packages\fastapi\encoders.py", line 289, in jsonable_encoder
    |     encoded_value = jsonable_encoder(
    |                     ^^^^^^^^^^^^^^^^^
    |   File "C:\Users\Lenovo\AppData\Local\Programs\Python\Python311\Lib\site-packages\fastapi\encoders.py", line 337, in jsonable_encoder
    |     return jsonable_encoder(
    |            ^^^^^^^^^^^^^^^^^
    |   File "C:\Users\Lenovo\AppData\Local\Programs\Python\Python311\Lib\site-packages\fastapi\encoders.py", line 289, in jsonable_encoder
    |     encoded_value = jsonable_encoder(
    |                     ^^^^^^^^^^^^^^^^^
    |   File "C:\Users\Lenovo\AppData\Local\Programs\Python\Python311\Lib\site-packages\fastapi\encoders.py", line 337, in jsonable_encoder
    |     return jsonable_encoder(
    |            ^^^^^^^^^^^^^^^^^
    |   File "C:\Users\Lenovo\AppData\Local\Programs\Python\Python311\Lib\site-packages\fastapi\encoders.py", line 289, in jsonable_encoder
    |     encoded_value = jsonable_encoder(
    |                     ^^^^^^^^^^^^^^^^^
    |   File "C:\Users\Lenovo\AppData\Local\Programs\Python\Python311\Lib\site-packages\fastapi\encoders.py", line 337, in jsonable_encoder
    |     return jsonable_encoder(
    |            ^^^^^^^^^^^^^^^^^
    |   File "C:\Users\Lenovo\AppData\Local\Programs\Python\Python311\Lib\site-packages\fastapi\encoders.py", line 289, in jsonable_encoder
    |     encoded_value = jsonable_encoder(
    |                     ^^^^^^^^^^^^^^^^^
    |   File "C:\Users\Lenovo\AppData\Local\Programs\Python\Python311\Lib\site-packages\fastapi\encoders.py", line 337, in jsonable_encoder
    |     return jsonable_encoder(
    |            ^^^^^^^^^^^^^^^^^
    |   File "C:\Users\Lenovo\AppData\Local\Programs\Python\Python311\Lib\site-packages\fastapi\encoders.py", line 289, in jsonable_encoder
    |     encoded_value = jsonable_encoder(
    |                     ^^^^^^^^^^^^^^^^^
    |   File "C:\Users\Lenovo\AppData\Local\Programs\Python\Python311\Lib\site-packages\fastapi\encoders.py", line 337, in jsonable_encoder
    |     return jsonable_encoder(
    |            ^^^^^^^^^^^^^^^^^
    |   File "C:\Users\Lenovo\AppData\Local\Programs\Python\Python311\Lib\site-packages\fastapi\encoders.py", line 289, in jsonable_encoder
    |     encoded_value = jsonable_encoder(
    |                     ^^^^^^^^^^^^^^^^^
    |   File "C:\Users\Lenovo\AppData\Local\Programs\Python\Python311\Lib\site-packages\fastapi\encoders.py", line 337, in jsonable_encoder
    |     return jsonable_encoder(
    |            ^^^^^^^^^^^^^^^^^
    |   File "C:\Users\Lenovo\AppData\Local\Programs\Python\Python311\Lib\site-packages\fastapi\encoders.py", line 289, in jsonable_encoder
    |     encoded_value = jsonable_encoder(
    |                     ^^^^^^^^^^^^^^^^^
    |   File "C:\Users\Lenovo\AppData\Local\Programs\Python\Python311\Lib\site-packages\fastapi\encoders.py", line 337, in jsonable_encoder
    |     return jsonable_encoder(
    |            ^^^^^^^^^^^^^^^^^
    |   File "C:\Users\Lenovo\AppData\Local\Programs\Python\Python311\Lib\site-packages\fastapi\encoders.py", line 289, in jsonable_encoder
    |     encoded_value = jsonable_encoder(
    |                     ^^^^^^^^^^^^^^^^^
    |   File "C:\Users\Lenovo\AppData\Local\Programs\Python\Python311\Lib\site-packages\fastapi\encoders.py", line 337, in jsonable_encoder
    |     return jsonable_encoder(
    |            ^^^^^^^^^^^^^^^^^
    |   File "C:\Users\Lenovo\AppData\Local\Programs\Python\Python311\Lib\site-packages\fastapi\encoders.py", line 289, in jsonable_encoder
    |     encoded_value = jsonable_encoder(
    |                     ^^^^^^^^^^^^^^^^^
    |   File "C:\Users\Lenovo\AppData\Local\Programs\Python\Python311\Lib\site-packages\fastapi\encoders.py", line 337, in jsonable_encoder
    |     return jsonable_encoder(
    |            ^^^^^^^^^^^^^^^^^
    |   File "C:\Users\Lenovo\AppData\Local\Programs\Python\Python311\Lib\site-packages\fastapi\encoders.py", line 289, in jsonable_encoder
    |     encoded_value = jsonable_encoder(
    |                     ^^^^^^^^^^^^^^^^^
    |   File "C:\Users\Lenovo\AppData\Local\Programs\Python\Python311\Lib\site-packages\fastapi\encoders.py", line 337, in jsonable_encoder
    |     return jsonable_encoder(
    |            ^^^^^^^^^^^^^^^^^
    |   File "C:\Users\Lenovo\AppData\Local\Programs\Python\Python311\Lib\site-packages\fastapi\encoders.py", line 289, in jsonable_encoder
    |     encoded_value = jsonable_encoder(
    |                     ^^^^^^^^^^^^^^^^^
    |   File "C:\Users\Lenovo\AppData\Local\Programs\Python\Python311\Lib\site-packages\fastapi\encoders.py", line 337, in jsonable_encoder
    |     return jsonable_encoder(
    |            ^^^^^^^^^^^^^^^^^
    |   File "C:\Users\Lenovo\AppData\Local\Programs\Python\Python311\Lib\site-packages\fastapi\encoders.py", line 289, in jsonable_encoder
    |     encoded_value = jsonable_encoder(
    |                     ^^^^^^^^^^^^^^^^^
    |   File "C:\Users\Lenovo\AppData\Local\Programs\Python\Python311\Lib\site-packages\fastapi\encoders.py", line 337, in jsonable_encoder
    |     return jsonable_encoder(
    |            ^^^^^^^^^^^^^^^^^
    |   File "C:\Users\Lenovo\AppData\Local\Programs\Python\Python311\Lib\site-packages\fastapi\encoders.py", line 289, in jsonable_encoder
    |     encoded_value = jsonable_encoder(
    |                     ^^^^^^^^^^^^^^^^^
    |   File "C:\Users\Lenovo\AppData\Local\Programs\Python\Python311\Lib\site-packages\fastapi\encoders.py", line 337, in jsonable_encoder
    |     return jsonable_encoder(
    |            ^^^^^^^^^^^^^^^^^
    |   File "C:\Users\Lenovo\AppData\Local\Programs\Python\Python311\Lib\site-packages\fastapi\encoders.py", line 289, in jsonable_encoder
    |     encoded_value = jsonable_encoder(
    |                     ^^^^^^^^^^^^^^^^^
    |   File "C:\Users\Lenovo\AppData\Local\Programs\Python\Python311\Lib\site-packages\fastapi\encoders.py", line 337, in jsonable_encoder
    |     return jsonable_encoder(
    |            ^^^^^^^^^^^^^^^^^
    |   File "C:\Users\Lenovo\AppData\Local\Programs\Python\Python311\Lib\site-packages\fastapi\encoders.py", line 289, in jsonable_encoder
    |     encoded_value = jsonable_encoder(
    |                     ^^^^^^^^^^^^^^^^^
    |   File "C:\Users\Lenovo\AppData\Local\Programs\Python\Python311\Lib\site-packages\fastapi\encoders.py", line 337, in jsonable_encoder
    |     return jsonable_encoder(
    |            ^^^^^^^^^^^^^^^^^
    |   File "C:\Users\Lenovo\AppData\Local\Programs\Python\Python311\Lib\site-packages\fastapi\encoders.py", line 289, in jsonable_encoder
    |     encoded_value = jsonable_encoder(
    |                     ^^^^^^^^^^^^^^^^^
    |   File "C:\Users\Lenovo\AppData\Local\Programs\Python\Python311\Lib\site-packages\fastapi\encoders.py", line 337, in jsonable_encoder
    |     return jsonable_encoder(
    |            ^^^^^^^^^^^^^^^^^
    |   File "C:\Users\Lenovo\AppData\Local\Programs\Python\Python311\Lib\site-packages\fastapi\encoders.py", line 289, in jsonable_encoder
    |     encoded_value = jsonable_encoder(
    |                     ^^^^^^^^^^^^^^^^^
    |   File "C:\Users\Lenovo\AppData\Local\Programs\Python\Python311\Lib\site-packages\fastapi\encoders.py", line 337, in jsonable_encoder
    |     return jsonable_encoder(
    |            ^^^^^^^^^^^^^^^^^
    |   File "C:\Users\Lenovo\AppData\Local\Programs\Python\Python311\Lib\site-packages\fastapi\encoders.py", line 289, in jsonable_encoder
    |     encoded_value = jsonable_encoder(
    |                     ^^^^^^^^^^^^^^^^^
    |   File "C:\Users\Lenovo\AppData\Local\Programs\Python\Python311\Lib\site-packages\fastapi\encoders.py", line 337, in jsonable_encoder
    |     return jsonable_encoder(
    |            ^^^^^^^^^^^^^^^^^
    |   File "C:\Users\Lenovo\AppData\Local\Programs\Python\Python311\Lib\site-packages\fastapi\encoders.py", line 289, in jsonable_encoder
    |     encoded_value = jsonable_encoder(
    |                     ^^^^^^^^^^^^^^^^^
    |   File "C:\Users\Lenovo\AppData\Local\Programs\Python\Python311\Lib\site-packages\fastapi\encoders.py", line 337, in jsonable_encoder
    |     return jsonable_encoder(
    |            ^^^^^^^^^^^^^^^^^
    |   File "C:\Users\Lenovo\AppData\Local\Programs\Python\Python311\Lib\site-packages\fastapi\encoders.py", line 289, in jsonable_encoder
    |     encoded_value = jsonable_encoder(
    |                     ^^^^^^^^^^^^^^^^^
    |   File "C:\Users\Lenovo\AppData\Local\Programs\Python\Python311\Lib\site-packages\fastapi\encoders.py", line 337, in jsonable_encoder
    |     return jsonable_encoder(
    |            ^^^^^^^^^^^^^^^^^
    |   File "C:\Users\Lenovo\AppData\Local\Programs\Python\Python311\Lib\site-packages\fastapi\encoders.py", line 289, in jsonable_encoder
    |     encoded_value = jsonable_encoder(
    |                     ^^^^^^^^^^^^^^^^^
    |   File "C:\Users\Lenovo\AppData\Local\Programs\Python\Python311\Lib\site-packages\fastapi\encoders.py", line 337, in jsonable_encoder
    |     return jsonable_encoder(
    |            ^^^^^^^^^^^^^^^^^
    |   File "C:\Users\Lenovo\AppData\Local\Programs\Python\Python311\Lib\site-packages\fastapi\encoders.py", line 289, in jsonable_encoder
    |     encoded_value = jsonable_encoder(
    |                     ^^^^^^^^^^^^^^^^^
    |   File "C:\Users\Lenovo\AppData\Local\Programs\Python\Python311\Lib\site-packages\fastapi\encoders.py", line 337, in jsonable_encoder
    |     return jsonable_encoder(
    |            ^^^^^^^^^^^^^^^^^
    |   File "C:\Users\Lenovo\AppData\Local\Programs\Python\Python311\Lib\site-packages\fastapi\encoders.py", line 289, in jsonable_encoder
    |     encoded_value = jsonable_encoder(
    |                     ^^^^^^^^^^^^^^^^^
    |   File "C:\Users\Lenovo\AppData\Local\Programs\Python\Python311\Lib\site-packages\fastapi\encoders.py", line 337, in jsonable_encoder
    |     return jsonable_encoder(
    |            ^^^^^^^^^^^^^^^^^
    |   File "C:\Users\Lenovo\AppData\Local\Programs\Python\Python311\Lib\site-packages\fastapi\encoders.py", line 289, in jsonable_encoder
    |     encoded_value = jsonable_encoder(
    |                     ^^^^^^^^^^^^^^^^^
    |   File "C:\Users\Lenovo\AppData\Local\Programs\Python\Python311\Lib\site-packages\fastapi\encoders.py", line 337, in jsonable_encoder
    |     return jsonable_encoder(
    |            ^^^^^^^^^^^^^^^^^
    |   File "C:\Users\Lenovo\AppData\Local\Programs\Python\Python311\Lib\site-packages\fastapi\encoders.py", line 289, in jsonable_encoder
    |     encoded_value = jsonable_encoder(
    |                     ^^^^^^^^^^^^^^^^^
    |   File "C:\Users\Lenovo\AppData\Local\Programs\Python\Python311\Lib\site-packages\fastapi\encoders.py", line 337, in jsonable_encoder
    |     return jsonable_encoder(
    |            ^^^^^^^^^^^^^^^^^
    |   File "C:\Users\Lenovo\AppData\Local\Programs\Python\Python311\Lib\site-packages\fastapi\encoders.py", line 289, in jsonable_encoder
    |     encoded_value = jsonable_encoder(
    |                     ^^^^^^^^^^^^^^^^^
    |   File "C:\Users\Lenovo\AppData\Local\Programs\Python\Python311\Lib\site-packages\fastapi\encoders.py", line 337, in jsonable_encoder
    |     return jsonable_encoder(
    |            ^^^^^^^^^^^^^^^^^
    |   File "C:\Users\Lenovo\AppData\Local\Programs\Python\Python311\Lib\site-packages\fastapi\encoders.py", line 289, in jsonable_encoder
    |     encoded_value = jsonable_encoder(
    |                     ^^^^^^^^^^^^^^^^^
    |   File "C:\Users\Lenovo\AppData\Local\Programs\Python\Python311\Lib\site-packages\fastapi\encoders.py", line 337, in jsonable_encoder
    |     return jsonable_encoder(
    |            ^^^^^^^^^^^^^^^^^
    |   File "C:\Users\Lenovo\AppData\Local\Programs\Python\Python311\Lib\site-packages\fastapi\encoders.py", line 289, in jsonable_encoder
    |     encoded_value = jsonable_encoder(
    |                     ^^^^^^^^^^^^^^^^^
    |   File "C:\Users\Lenovo\AppData\Local\Programs\Python\Python311\Lib\site-packages\fastapi\encoders.py", line 337, in jsonable_encoder
    |     return jsonable_encoder(
    |            ^^^^^^^^^^^^^^^^^
    |   File "C:\Users\Lenovo\AppData\Local\Programs\Python\Python311\Lib\site-packages\fastapi\encoders.py", line 289, in jsonable_encoder
    |     encoded_value = jsonable_encoder(
    |                     ^^^^^^^^^^^^^^^^^
    |   File "C:\Users\Lenovo\AppData\Local\Programs\Python\Python311\Lib\site-packages\fastapi\encoders.py", line 337, in jsonable_encoder
    |     return jsonable_encoder(
    |            ^^^^^^^^^^^^^^^^^
    |   File "C:\Users\Lenovo\AppData\Local\Programs\Python\Python311\Lib\site-packages\fastapi\encoders.py", line 289, in jsonable_encoder
    |     encoded_value = jsonable_encoder(
    |                     ^^^^^^^^^^^^^^^^^
    |   File "C:\Users\Lenovo\AppData\Local\Programs\Python\Python311\Lib\site-packages\fastapi\encoders.py", line 337, in jsonable_encoder
    |     return jsonable_encoder(
    |            ^^^^^^^^^^^^^^^^^
    |   File "C:\Users\Lenovo\AppData\Local\Programs\Python\Python311\Lib\site-packages\fastapi\encoders.py", line 289, in jsonable_encoder
    |     encoded_value = jsonable_encoder(
    |                     ^^^^^^^^^^^^^^^^^
    |   File "C:\Users\Lenovo\AppData\Local\Programs\Python\Python311\Lib\site-packages\fastapi\encoders.py", line 337, in jsonable_encoder
    |     return jsonable_encoder(
    |            ^^^^^^^^^^^^^^^^^
    |   File "C:\Users\Lenovo\AppData\Local\Programs\Python\Python311\Lib\site-packages\fastapi\encoders.py", line 289, in jsonable_encoder
    |     encoded_value = jsonable_encoder(
    |                     ^^^^^^^^^^^^^^^^^
    |   File "C:\Users\Lenovo\AppData\Local\Programs\Python\Python311\Lib\site-packages\fastapi\encoders.py", line 337, in jsonable_encoder
    |     return jsonable_encoder(
    |            ^^^^^^^^^^^^^^^^^
    |   File "C:\Users\Lenovo\AppData\Local\Programs\Python\Python311\Lib\site-packages\fastapi\encoders.py", line 289, in jsonable_encoder
    |     encoded_value = jsonable_encoder(
    |                     ^^^^^^^^^^^^^^^^^
    |   File "C:\Users\Lenovo\AppData\Local\Programs\Python\Python311\Lib\site-packages\fastapi\encoders.py", line 337, in jsonable_encoder
    |     return jsonable_encoder(
    |            ^^^^^^^^^^^^^^^^^
    |   File "C:\Users\Lenovo\AppData\Local\Programs\Python\Python311\Lib\site-packages\fastapi\encoders.py", line 289, in jsonable_encoder
    |     encoded_value = jsonable_encoder(
    |                     ^^^^^^^^^^^^^^^^^
    |   File "C:\Users\Lenovo\AppData\Local\Programs\Python\Python311\Lib\site-packages\fastapi\encoders.py", line 337, in jsonable_encoder
    |     return jsonable_encoder(
    |            ^^^^^^^^^^^^^^^^^
    |   File "C:\Users\Lenovo\AppData\Local\Programs\Python\Python311\Lib\site-packages\fastapi\encoders.py", line 289, in jsonable_encoder
    |     encoded_value = jsonable_encoder(
    |                     ^^^^^^^^^^^^^^^^^
    |   File "C:\Users\Lenovo\AppData\Local\Programs\Python\Python311\Lib\site-packages\fastapi\encoders.py", line 337, in jsonable_encoder
    |     return jsonable_encoder(
    |            ^^^^^^^^^^^^^^^^^
    |   File "C:\Users\Lenovo\AppData\Local\Programs\Python\Python311\Lib\site-packages\fastapi\encoders.py", line 289, in jsonable_encoder
    |     encoded_value = jsonable_encoder(
    |                     ^^^^^^^^^^^^^^^^^
    |   File "C:\Users\Lenovo\AppData\Local\Programs\Python\Python311\Lib\site-packages\fastapi\encoders.py", line 337, in jsonable_encoder
    |     return jsonable_encoder(
    |            ^^^^^^^^^^^^^^^^^
    |   File "C:\Users\Lenovo\AppData\Local\Programs\Python\Python311\Lib\site-packages\fastapi\encoders.py", line 289, in jsonable_encoder
    |     encoded_value = jsonable_encoder(
    |                     ^^^^^^^^^^^^^^^^^
    |   File "C:\Users\Lenovo\AppData\Local\Programs\Python\Python311\Lib\site-packages\fastapi\encoders.py", line 337, in jsonable_encoder
    |     return jsonable_encoder(
    |            ^^^^^^^^^^^^^^^^^
    |   File "C:\Users\Lenovo\AppData\Local\Programs\Python\Python311\Lib\site-packages\fastapi\encoders.py", line 289, in jsonable_encoder
    |     encoded_value = jsonable_encoder(
    |                     ^^^^^^^^^^^^^^^^^
    |   File "C:\Users\Lenovo\AppData\Local\Programs\Python\Python311\Lib\site-packages\fastapi\encoders.py", line 337, in jsonable_encoder
    |     return jsonable_encoder(
    |            ^^^^^^^^^^^^^^^^^
    |   File "C:\Users\Lenovo\AppData\Local\Programs\Python\Python311\Lib\site-packages\fastapi\encoders.py", line 289, in jsonable_encoder
    |     encoded_value = jsonable_encoder(
    |                     ^^^^^^^^^^^^^^^^^
    |   File "C:\Users\Lenovo\AppData\Local\Programs\Python\Python311\Lib\site-packages\fastapi\encoders.py", line 337, in jsonable_encoder
    |     return jsonable_encoder(
    |            ^^^^^^^^^^^^^^^^^
    |   File "C:\Users\Lenovo\AppData\Local\Programs\Python\Python311\Lib\site-packages\fastapi\encoders.py", line 289, in jsonable_encoder
    |     encoded_value = jsonable_encoder(
    |                     ^^^^^^^^^^^^^^^^^
    |   File "C:\Users\Lenovo\AppData\Local\Programs\Python\Python311\Lib\site-packages\fastapi\encoders.py", line 337, in jsonable_encoder
    |     return jsonable_encoder(
    |            ^^^^^^^^^^^^^^^^^
    |   File "C:\Users\Lenovo\AppData\Local\Programs\Python\Python311\Lib\site-packages\fastapi\encoders.py", line 289, in jsonable_encoder
    |     encoded_value = jsonable_encoder(
    |                     ^^^^^^^^^^^^^^^^^
    |   File "C:\Users\Lenovo\AppData\Local\Programs\Python\Python311\Lib\site-packages\fastapi\encoders.py", line 337, in jsonable_encoder
    |     return jsonable_encoder(
    |            ^^^^^^^^^^^^^^^^^
    |   File "C:\Users\Lenovo\AppData\Local\Programs\Python\Python311\Lib\site-packages\fastapi\encoders.py", line 289, in jsonable_encoder
    |     encoded_value = jsonable_encoder(
    |                     ^^^^^^^^^^^^^^^^^
    |   File "C:\Users\Lenovo\AppData\Local\Programs\Python\Python311\Lib\site-packages\fastapi\encoders.py", line 337, in jsonable_encoder
    |     return jsonable_encoder(
    |            ^^^^^^^^^^^^^^^^^
    |   File "C:\Users\Lenovo\AppData\Local\Programs\Python\Python311\Lib\site-packages\fastapi\encoders.py", line 289, in jsonable_encoder
    |     encoded_value = jsonable_encoder(
    |                     ^^^^^^^^^^^^^^^^^
    |   File "C:\Users\Lenovo\AppData\Local\Programs\Python\Python311\Lib\site-packages\fastapi\encoders.py", line 337, in jsonable_encoder
    |     return jsonable_encoder(
    |            ^^^^^^^^^^^^^^^^^
    |   File "C:\Users\Lenovo\AppData\Local\Programs\Python\Python311\Lib\site-packages\fastapi\encoders.py", line 289, in jsonable_encoder
    |     encoded_value = jsonable_encoder(
    |                     ^^^^^^^^^^^^^^^^^
    |   File "C:\Users\Lenovo\AppData\Local\Programs\Python\Python311\Lib\site-packages\fastapi\encoders.py", line 337, in jsonable_encoder
    |     return jsonable_encoder(
    |            ^^^^^^^^^^^^^^^^^
    |   File "C:\Users\Lenovo\AppData\Local\Programs\Python\Python311\Lib\site-packages\fastapi\encoders.py", line 289, in jsonable_encoder
    |     encoded_value = jsonable_encoder(
    |                     ^^^^^^^^^^^^^^^^^
    |   File "C:\Users\Lenovo\AppData\Local\Programs\Python\Python311\Lib\site-packages\fastapi\encoders.py", line 337, in jsonable_encoder
    |     return jsonable_encoder(
    |            ^^^^^^^^^^^^^^^^^
    |   File "C:\Users\Lenovo\AppData\Local\Programs\Python\Python311\Lib\site-packages\fastapi\encoders.py", line 289, in jsonable_encoder
    |     encoded_value = jsonable_encoder(
    |                     ^^^^^^^^^^^^^^^^^
    |   File "C:\Users\Lenovo\AppData\Local\Programs\Python\Python311\Lib\site-packages\fastapi\encoders.py", line 337, in jsonable_encoder
    |     return jsonable_encoder(
    |            ^^^^^^^^^^^^^^^^^
    |   File "C:\Users\Lenovo\AppData\Local\Programs\Python\Python311\Lib\site-packages\fastapi\encoders.py", line 289, in jsonable_encoder
    |     encoded_value = jsonable_encoder(
    |                     ^^^^^^^^^^^^^^^^^
    |   File "C:\Users\Lenovo\AppData\Local\Programs\Python\Python311\Lib\site-packages\fastapi\encoders.py", line 337, in jsonable_encoder
    |     return jsonable_encoder(
    |            ^^^^^^^^^^^^^^^^^
    |   File "C:\Users\Lenovo\AppData\Local\Programs\Python\Python311\Lib\site-packages\fastapi\encoders.py", line 289, in jsonable_encoder
    |     encoded_value = jsonable_encoder(
    |                     ^^^^^^^^^^^^^^^^^
    |   File "C:\Users\Lenovo\AppData\Local\Programs\Python\Python311\Lib\site-packages\fastapi\encoders.py", line 337, in jsonable_encoder
    |     return jsonable_encoder(
    |            ^^^^^^^^^^^^^^^^^
    |   File "C:\Users\Lenovo\AppData\Local\Programs\Python\Python311\Lib\site-packages\fastapi\encoders.py", line 289, in jsonable_encoder
    |     encoded_value = jsonable_encoder(
    |                     ^^^^^^^^^^^^^^^^^
    |   File "C:\Users\Lenovo\AppData\Local\Programs\Python\Python311\Lib\site-packages\fastapi\encoders.py", line 337, in jsonable_encoder
    |     return jsonable_encoder(
    |            ^^^^^^^^^^^^^^^^^
    |   File "C:\Users\Lenovo\AppData\Local\Programs\Python\Python311\Lib\site-packages\fastapi\encoders.py", line 289, in jsonable_encoder
    |     encoded_value = jsonable_encoder(
    |                     ^^^^^^^^^^^^^^^^^
    |   File "C:\Users\Lenovo\AppData\Local\Programs\Python\Python311\Lib\site-packages\fastapi\encoders.py", line 337, in jsonable_encoder
    |     return jsonable_encoder(
    |            ^^^^^^^^^^^^^^^^^
    |   File "C:\Users\Lenovo\AppData\Local\Programs\Python\Python311\Lib\site-packages\fastapi\encoders.py", line 289, in jsonable_encoder
    |     encoded_value = jsonable_encoder(
    |                     ^^^^^^^^^^^^^^^^^
    |   File "C:\Users\Lenovo\AppData\Local\Programs\Python\Python311\Lib\site-packages\fastapi\encoders.py", line 337, in jsonable_encoder
    |     return jsonable_encoder(
    |            ^^^^^^^^^^^^^^^^^
    |   File "C:\Users\Lenovo\AppData\Local\Programs\Python\Python311\Lib\site-packages\fastapi\encoders.py", line 289, in jsonable_encoder
    |     encoded_value = jsonable_encoder(
    |                     ^^^^^^^^^^^^^^^^^
    |   File "C:\Users\Lenovo\AppData\Local\Programs\Python\Python311\Lib\site-packages\fastapi\encoders.py", line 337, in jsonable_encoder
    |     return jsonable_encoder(
    |            ^^^^^^^^^^^^^^^^^
    |   File "C:\Users\Lenovo\AppData\Local\Programs\Python\Python311\Lib\site-packages\fastapi\encoders.py", line 289, in jsonable_encoder
    |     encoded_value = jsonable_encoder(
    |                     ^^^^^^^^^^^^^^^^^
    |   File "C:\Users\Lenovo\AppData\Local\Programs\Python\Python311\Lib\site-packages\fastapi\encoders.py", line 337, in jsonable_encoder
    |     return jsonable_encoder(
    |            ^^^^^^^^^^^^^^^^^
    |   File "C:\Users\Lenovo\AppData\Local\Programs\Python\Python311\Lib\site-packages\fastapi\encoders.py", line 289, in jsonable_encoder
    |     encoded_value = jsonable_encoder(
    |                     ^^^^^^^^^^^^^^^^^
    |   File "C:\Users\Lenovo\AppData\Local\Programs\Python\Python311\Lib\site-packages\fastapi\encoders.py", line 337, in jsonable_encoder
    |     return jsonable_encoder(
    |            ^^^^^^^^^^^^^^^^^
    |   File "C:\Users\Lenovo\AppData\Local\Programs\Python\Python311\Lib\site-packages\fastapi\encoders.py", line 289, in jsonable_encoder
    |     encoded_value = jsonable_encoder(
    |                     ^^^^^^^^^^^^^^^^^
    |   File "C:\Users\Lenovo\AppData\Local\Programs\Python\Python311\Lib\site-packages\fastapi\encoders.py", line 337, in jsonable_encoder
    |     return jsonable_encoder(
    |            ^^^^^^^^^^^^^^^^^
    |   File "C:\Users\Lenovo\AppData\Local\Programs\Python\Python311\Lib\site-packages\fastapi\encoders.py", line 289, in jsonable_encoder
    |     encoded_value = jsonable_encoder(
    |                     ^^^^^^^^^^^^^^^^^
    |   File "C:\Users\Lenovo\AppData\Local\Programs\Python\Python311\Lib\site-packages\fastapi\encoders.py", line 337, in jsonable_encoder
    |     return jsonable_encoder(
    |            ^^^^^^^^^^^^^^^^^
    |   File "C:\Users\Lenovo\AppData\Local\Programs\Python\Python311\Lib\site-packages\fastapi\encoders.py", line 289, in jsonable_encoder
    |     encoded_value = jsonable_encoder(
    |                     ^^^^^^^^^^^^^^^^^
    |   File "C:\Users\Lenovo\AppData\Local\Programs\Python\Python311\Lib\site-packages\fastapi\encoders.py", line 337, in jsonable_encoder
    |     return jsonable_encoder(
    |            ^^^^^^^^^^^^^^^^^
    |   File "C:\Users\Lenovo\AppData\Local\Programs\Python\Python311\Lib\site-packages\fastapi\encoders.py", line 289, in jsonable_encoder
    |     encoded_value = jsonable_encoder(
    |                     ^^^^^^^^^^^^^^^^^
    |   File "C:\Users\Lenovo\AppData\Local\Programs\Python\Python311\Lib\site-packages\fastapi\encoders.py", line 337, in jsonable_encoder
    |     return jsonable_encoder(
    |            ^^^^^^^^^^^^^^^^^
    |   File "C:\Users\Lenovo\AppData\Local\Programs\Python\Python311\Lib\site-packages\fastapi\encoders.py", line 289, in jsonable_encoder
    |     encoded_value = jsonable_encoder(
    |                     ^^^^^^^^^^^^^^^^^
    |   File "C:\Users\Lenovo\AppData\Local\Programs\Python\Python311\Lib\site-packages\fastapi\encoders.py", line 337, in jsonable_encoder
    |     return jsonable_encoder(
    |            ^^^^^^^^^^^^^^^^^
    |   File "C:\Users\Lenovo\AppData\Local\Programs\Python\Python311\Lib\site-packages\fastapi\encoders.py", line 289, in jsonable_encoder
    |     encoded_value = jsonable_encoder(
    |                     ^^^^^^^^^^^^^^^^^
    |   File "C:\Users\Lenovo\AppData\Local\Programs\Python\Python311\Lib\site-packages\fastapi\encoders.py", line 337, in jsonable_encoder
    |     return jsonable_encoder(
    |            ^^^^^^^^^^^^^^^^^
    |   File "C:\Users\Lenovo\AppData\Local\Programs\Python\Python311\Lib\site-packages\fastapi\encoders.py", line 289, in jsonable_encoder
    |     encoded_value = jsonable_encoder(
    |                     ^^^^^^^^^^^^^^^^^
    |   File "C:\Users\Lenovo\AppData\Local\Programs\Python\Python311\Lib\site-packages\fastapi\encoders.py", line 337, in jsonable_encoder
    |     return jsonable_encoder(
    |            ^^^^^^^^^^^^^^^^^
    |   File "C:\Users\Lenovo\AppData\Local\Programs\Python\Python311\Lib\site-packages\fastapi\encoders.py", line 289, in jsonable_encoder
    |     encoded_value = jsonable_encoder(
    |                     ^^^^^^^^^^^^^^^^^
    |   File "C:\Users\Lenovo\AppData\Local\Programs\Python\Python311\Lib\site-packages\fastapi\encoders.py", line 337, in jsonable_encoder
    |     return jsonable_encoder(
    |            ^^^^^^^^^^^^^^^^^
    |   File "C:\Users\Lenovo\AppData\Local\Programs\Python\Python311\Lib\site-packages\fastapi\encoders.py", line 289, in jsonable_encoder
    |     encoded_value = jsonable_encoder(
    |                     ^^^^^^^^^^^^^^^^^
    |   File "C:\Users\Lenovo\AppData\Local\Programs\Python\Python311\Lib\site-packages\fastapi\encoders.py", line 337, in jsonable_encoder
    |     return jsonable_encoder(
    |            ^^^^^^^^^^^^^^^^^
    |   File "C:\Users\Lenovo\AppData\Local\Programs\Python\Python311\Lib\site-packages\fastapi\encoders.py", line 289, in jsonable_encoder
    |     encoded_value = jsonable_encoder(
    |                     ^^^^^^^^^^^^^^^^^
    |   File "C:\Users\Lenovo\AppData\Local\Programs\Python\Python311\Lib\site-packages\fastapi\encoders.py", line 337, in jsonable_encoder
    |     return jsonable_encoder(
    |            ^^^^^^^^^^^^^^^^^
    |   File "C:\Users\Lenovo\AppData\Local\Programs\Python\Python311\Lib\site-packages\fastapi\encoders.py", line 289, in jsonable_encoder
    |     encoded_value = jsonable_encoder(
    |                     ^^^^^^^^^^^^^^^^^
    |   File "C:\Users\Lenovo\AppData\Local\Programs\Python\Python311\Lib\site-packages\fastapi\encoders.py", line 337, in jsonable_encoder
    |     return jsonable_encoder(
    |            ^^^^^^^^^^^^^^^^^
    |   File "C:\Users\Lenovo\AppData\Local\Programs\Python\Python311\Lib\site-packages\fastapi\encoders.py", line 289, in jsonable_encoder
    |     encoded_value = jsonable_encoder(
    |                     ^^^^^^^^^^^^^^^^^
    |   File "C:\Users\Lenovo\AppData\Local\Programs\Python\Python311\Lib\site-packages\fastapi\encoders.py", line 337, in jsonable_encoder
    |     return jsonable_encoder(
    |            ^^^^^^^^^^^^^^^^^
    |   File "C:\Users\Lenovo\AppData\Local\Programs\Python\Python311\Lib\site-packages\fastapi\encoders.py", line 289, in jsonable_encoder
    |     encoded_value = jsonable_encoder(
    |                     ^^^^^^^^^^^^^^^^^
    |   File "C:\Users\Lenovo\AppData\Local\Programs\Python\Python311\Lib\site-packages\fastapi\encoders.py", line 337, in jsonable_encoder
    |     return jsonable_encoder(
    |            ^^^^^^^^^^^^^^^^^
    |   File "C:\Users\Lenovo\AppData\Local\Programs\Python\Python311\Lib\site-packages\fastapi\encoders.py", line 289, in jsonable_encoder
    |     encoded_value = jsonable_encoder(
    |                     ^^^^^^^^^^^^^^^^^
    |   File "C:\Users\Lenovo\AppData\Local\Programs\Python\Python311\Lib\site-packages\fastapi\encoders.py", line 337, in jsonable_encoder
    |     return jsonable_encoder(
    |            ^^^^^^^^^^^^^^^^^
    |   File "C:\Users\Lenovo\AppData\Local\Programs\Python\Python311\Lib\site-packages\fastapi\encoders.py", line 289, in jsonable_encoder
    |     encoded_value = jsonable_encoder(
    |                     ^^^^^^^^^^^^^^^^^
    |   File "C:\Users\Lenovo\AppData\Local\Programs\Python\Python311\Lib\site-packages\fastapi\encoders.py", line 337, in jsonable_encoder
    |     return jsonable_encoder(
    |            ^^^^^^^^^^^^^^^^^
    |   File "C:\Users\Lenovo\AppData\Local\Programs\Python\Python311\Lib\site-packages\fastapi\encoders.py", line 289, in jsonable_encoder
    |     encoded_value = jsonable_encoder(
    |                     ^^^^^^^^^^^^^^^^^
    |   File "C:\Users\Lenovo\AppData\Local\Programs\Python\Python311\Lib\site-packages\fastapi\encoders.py", line 337, in jsonable_encoder
    |     return jsonable_encoder(
    |            ^^^^^^^^^^^^^^^^^
    |   File "C:\Users\Lenovo\AppData\Local\Programs\Python\Python311\Lib\site-packages\fastapi\encoders.py", line 289, in jsonable_encoder
    |     encoded_value = jsonable_encoder(
    |                     ^^^^^^^^^^^^^^^^^
    |   File "C:\Users\Lenovo\AppData\Local\Programs\Python\Python311\Lib\site-packages\fastapi\encoders.py", line 337, in jsonable_encoder
    |     return jsonable_encoder(
    |            ^^^^^^^^^^^^^^^^^
    |   File "C:\Users\Lenovo\AppData\Local\Programs\Python\Python311\Lib\site-packages\fastapi\encoders.py", line 289, in jsonable_encoder
    |     encoded_value = jsonable_encoder(
    |                     ^^^^^^^^^^^^^^^^^
    |   File "C:\Users\Lenovo\AppData\Local\Programs\Python\Python311\Lib\site-packages\fastapi\encoders.py", line 337, in jsonable_encoder
    |     return jsonable_encoder(
    |            ^^^^^^^^^^^^^^^^^
    |   File "C:\Users\Lenovo\AppData\Local\Programs\Python\Python311\Lib\site-packages\fastapi\encoders.py", line 289, in jsonable_encoder
    |     encoded_value = jsonable_encoder(
    |                     ^^^^^^^^^^^^^^^^^
    |   File "C:\Users\Lenovo\AppData\Local\Programs\Python\Python311\Lib\site-packages\fastapi\encoders.py", line 337, in jsonable_encoder
    |     return jsonable_encoder(
    |            ^^^^^^^^^^^^^^^^^
    |   File "C:\Users\Lenovo\AppData\Local\Programs\Python\Python311\Lib\site-packages\fastapi\encoders.py", line 289, in jsonable_encoder
    |     encoded_value = jsonable_encoder(
    |                     ^^^^^^^^^^^^^^^^^
    |   File "C:\Users\Lenovo\AppData\Local\Programs\Python\Python311\Lib\site-packages\fastapi\encoders.py", line 337, in jsonable_encoder
    |     return jsonable_encoder(
    |            ^^^^^^^^^^^^^^^^^
    |   File "C:\Users\Lenovo\AppData\Local\Programs\Python\Python311\Lib\site-packages\fastapi\encoders.py", line 289, in jsonable_encoder
    |     encoded_value = jsonable_encoder(
    |                     ^^^^^^^^^^^^^^^^^
    |   File "C:\Users\Lenovo\AppData\Local\Programs\Python\Python311\Lib\site-packages\fastapi\encoders.py", line 337, in jsonable_encoder
    |     return jsonable_encoder(
    |            ^^^^^^^^^^^^^^^^^
    |   File "C:\Users\Lenovo\AppData\Local\Programs\Python\Python311\Lib\site-packages\fastapi\encoders.py", line 289, in jsonable_encoder
    |     encoded_value = jsonable_encoder(
    |                     ^^^^^^^^^^^^^^^^^
    |   File "C:\Users\Lenovo\AppData\Local\Programs\Python\Python311\Lib\site-packages\fastapi\encoders.py", line 337, in jsonable_encoder
    |     return jsonable_encoder(
    |            ^^^^^^^^^^^^^^^^^
    |   File "C:\Users\Lenovo\AppData\Local\Programs\Python\Python311\Lib\site-packages\fastapi\encoders.py", line 289, in jsonable_encoder
    |     encoded_value = jsonable_encoder(
    |                     ^^^^^^^^^^^^^^^^^
    |   File "C:\Users\Lenovo\AppData\Local\Programs\Python\Python311\Lib\site-packages\fastapi\encoders.py", line 337, in jsonable_encoder
    |     return jsonable_encoder(
    |            ^^^^^^^^^^^^^^^^^
    |   File "C:\Users\Lenovo\AppData\Local\Programs\Python\Python311\Lib\site-packages\fastapi\encoders.py", line 289, in jsonable_encoder
    |     encoded_value = jsonable_encoder(
    |                     ^^^^^^^^^^^^^^^^^
    |   File "C:\Users\Lenovo\AppData\Local\Programs\Python\Python311\Lib\site-packages\fastapi\encoders.py", line 337, in jsonable_encoder
    |     return jsonable_encoder(
    |            ^^^^^^^^^^^^^^^^^
    |   File "C:\Users\Lenovo\AppData\Local\Programs\Python\Python311\Lib\site-packages\fastapi\encoders.py", line 289, in jsonable_encoder
    |     encoded_value = jsonable_encoder(
    |                     ^^^^^^^^^^^^^^^^^
    |   File "C:\Users\Lenovo\AppData\Local\Programs\Python\Python311\Lib\site-packages\fastapi\encoders.py", line 337, in jsonable_encoder
    |     return jsonable_encoder(
    |            ^^^^^^^^^^^^^^^^^
    |   File "C:\Users\Lenovo\AppData\Local\Programs\Python\Python311\Lib\site-packages\fastapi\encoders.py", line 289, in jsonable_encoder
    |     encoded_value = jsonable_encoder(
    |                     ^^^^^^^^^^^^^^^^^
    |   File "C:\Users\Lenovo\AppData\Local\Programs\Python\Python311\Lib\site-packages\fastapi\encoders.py", line 337, in jsonable_encoder
    |     return jsonable_encoder(
    |            ^^^^^^^^^^^^^^^^^
    |   File "C:\Users\Lenovo\AppData\Local\Programs\Python\Python311\Lib\site-packages\fastapi\encoders.py", line 289, in jsonable_encoder
    |     encoded_value = jsonable_encoder(
    |                     ^^^^^^^^^^^^^^^^^
    |   File "C:\Users\Lenovo\AppData\Local\Programs\Python\Python311\Lib\site-packages\fastapi\encoders.py", line 337, in jsonable_encoder
    |     return jsonable_encoder(
    |            ^^^^^^^^^^^^^^^^^
    |   File "C:\Users\Lenovo\AppData\Local\Programs\Python\Python311\Lib\site-packages\fastapi\encoders.py", line 289, in jsonable_encoder
    |     encoded_value = jsonable_encoder(
    |                     ^^^^^^^^^^^^^^^^^
    |   File "C:\Users\Lenovo\AppData\Local\Programs\Python\Python311\Lib\site-packages\fastapi\encoders.py", line 337, in jsonable_encoder
    |     return jsonable_encoder(
    |            ^^^^^^^^^^^^^^^^^
    |   File "C:\Users\Lenovo\AppData\Local\Programs\Python\Python311\Lib\site-packages\fastapi\encoders.py", line 289, in jsonable_encoder
    |     encoded_value = jsonable_encoder(
    |                     ^^^^^^^^^^^^^^^^^
    |   File "C:\Users\Lenovo\AppData\Local\Programs\Python\Python311\Lib\site-packages\fastapi\encoders.py", line 337, in jsonable_encoder
    |     return jsonable_encoder(
    |            ^^^^^^^^^^^^^^^^^
    |   File "C:\Users\Lenovo\AppData\Local\Programs\Python\Python311\Lib\site-packages\fastapi\encoders.py", line 289, in jsonable_encoder
    |     encoded_value = jsonable_encoder(
    |                     ^^^^^^^^^^^^^^^^^
    |   File "C:\Users\Lenovo\AppData\Local\Programs\Python\Python311\Lib\site-packages\fastapi\encoders.py", line 337, in jsonable_encoder
    |     return jsonable_encoder(
    |            ^^^^^^^^^^^^^^^^^
    |   File "C:\Users\Lenovo\AppData\Local\Programs\Python\Python311\Lib\site-packages\fastapi\encoders.py", line 289, in jsonable_encoder
    |     encoded_value = jsonable_encoder(
    |                     ^^^^^^^^^^^^^^^^^
    |   File "C:\Users\Lenovo\AppData\Local\Programs\Python\Python311\Lib\site-packages\fastapi\encoders.py", line 337, in jsonable_encoder
    |     return jsonable_encoder(
    |            ^^^^^^^^^^^^^^^^^
    |   File "C:\Users\Lenovo\AppData\Local\Programs\Python\Python311\Lib\site-packages\fastapi\encoders.py", line 289, in jsonable_encoder
    |     encoded_value = jsonable_encoder(
    |                     ^^^^^^^^^^^^^^^^^
    |   File "C:\Users\Lenovo\AppData\Local\Programs\Python\Python311\Lib\site-packages\fastapi\encoders.py", line 337, in jsonable_encoder
    |     return jsonable_encoder(
    |            ^^^^^^^^^^^^^^^^^
    |   File "C:\Users\Lenovo\AppData\Local\Programs\Python\Python311\Lib\site-packages\fastapi\encoders.py", line 289, in jsonable_encoder
    |     encoded_value = jsonable_encoder(
    |                     ^^^^^^^^^^^^^^^^^
    |   File "C:\Users\Lenovo\AppData\Local\Programs\Python\Python311\Lib\site-packages\fastapi\encoders.py", line 337, in jsonable_encoder
    |     return jsonable_encoder(
    |            ^^^^^^^^^^^^^^^^^
    |   File "C:\Users\Lenovo\AppData\Local\Programs\Python\Python311\Lib\site-packages\fastapi\encoders.py", line 289, in jsonable_encoder
    |     encoded_value = jsonable_encoder(
    |                     ^^^^^^^^^^^^^^^^^
    |   File "C:\Users\Lenovo\AppData\Local\Programs\Python\Python311\Lib\site-packages\fastapi\encoders.py", line 337, in jsonable_encoder
    |     return jsonable_encoder(
    |            ^^^^^^^^^^^^^^^^^
    |   File "C:\Users\Lenovo\AppData\Local\Programs\Python\Python311\Lib\site-packages\fastapi\encoders.py", line 289, in jsonable_encoder
    |     encoded_value = jsonable_encoder(
    |                     ^^^^^^^^^^^^^^^^^
    |   File "C:\Users\Lenovo\AppData\Local\Programs\Python\Python311\Lib\site-packages\fastapi\encoders.py", line 337, in jsonable_encoder
    |     return jsonable_encoder(
    |            ^^^^^^^^^^^^^^^^^
    |   File "C:\Users\Lenovo\AppData\Local\Programs\Python\Python311\Lib\site-packages\fastapi\encoders.py", line 289, in jsonable_encoder
    |     encoded_value = jsonable_encoder(
    |                     ^^^^^^^^^^^^^^^^^
    |   File "C:\Users\Lenovo\AppData\Local\Programs\Python\Python311\Lib\site-packages\fastapi\encoders.py", line 337, in jsonable_encoder
    |     return jsonable_encoder(
    |            ^^^^^^^^^^^^^^^^^
    |   File "C:\Users\Lenovo\AppData\Local\Programs\Python\Python311\Lib\site-packages\fastapi\encoders.py", line 289, in jsonable_encoder
    |     encoded_value = jsonable_encoder(
    |                     ^^^^^^^^^^^^^^^^^
    |   File "C:\Users\Lenovo\AppData\Local\Programs\Python\Python311\Lib\site-packages\fastapi\encoders.py", line 337, in jsonable_encoder
    |     return jsonable_encoder(
    |            ^^^^^^^^^^^^^^^^^
    |   File "C:\Users\Lenovo\AppData\Local\Programs\Python\Python311\Lib\site-packages\fastapi\encoders.py", line 289, in jsonable_encoder
    |     encoded_value = jsonable_encoder(
    |                     ^^^^^^^^^^^^^^^^^
    |   File "C:\Users\Lenovo\AppData\Local\Programs\Python\Python311\Lib\site-packages\fastapi\encoders.py", line 337, in jsonable_encoder
    |     return jsonable_encoder(
    |            ^^^^^^^^^^^^^^^^^
    |   File "C:\Users\Lenovo\AppData\Local\Programs\Python\Python311\Lib\site-packages\fastapi\encoders.py", line 289, in jsonable_encoder
    |     encoded_value = jsonable_encoder(
    |                     ^^^^^^^^^^^^^^^^^
    |   File "C:\Users\Lenovo\AppData\Local\Programs\Python\Python311\Lib\site-packages\fastapi\encoders.py", line 337, in jsonable_encoder
    |     return jsonable_encoder(
    |            ^^^^^^^^^^^^^^^^^
    |   File "C:\Users\Lenovo\AppData\Local\Programs\Python\Python311\Lib\site-packages\fastapi\encoders.py", line 289, in jsonable_encoder
    |     encoded_value = jsonable_encoder(
    |                     ^^^^^^^^^^^^^^^^^
    |   File "C:\Users\Lenovo\AppData\Local\Programs\Python\Python311\Lib\site-packages\fastapi\encoders.py", line 337, in jsonable_encoder
    |     return jsonable_encoder(
    |            ^^^^^^^^^^^^^^^^^
    |   File "C:\Users\Lenovo\AppData\Local\Programs\Python\Python311\Lib\site-packages\fastapi\encoders.py", line 289, in jsonable_encoder
    |     encoded_value = jsonable_encoder(
    |                     ^^^^^^^^^^^^^^^^^
    |   File "C:\Users\Lenovo\AppData\Local\Programs\Python\Python311\Lib\site-packages\fastapi\encoders.py", line 337, in jsonable_encoder
    |     return jsonable_encoder(
    |            ^^^^^^^^^^^^^^^^^
    |   File "C:\Users\Lenovo\AppData\Local\Programs\Python\Python311\Lib\site-packages\fastapi\encoders.py", line 289, in jsonable_encoder
    |     encoded_value = jsonable_encoder(
    |                     ^^^^^^^^^^^^^^^^^
    |   File "C:\Users\Lenovo\AppData\Local\Programs\Python\Python311\Lib\site-packages\fastapi\encoders.py", line 337, in jsonable_encoder
    |     return jsonable_encoder(
    |            ^^^^^^^^^^^^^^^^^
    |   File "C:\Users\Lenovo\AppData\Local\Programs\Python\Python311\Lib\site-packages\fastapi\encoders.py", line 289, in jsonable_encoder
    |     encoded_value = jsonable_encoder(
    |                     ^^^^^^^^^^^^^^^^^
    |   File "C:\Users\Lenovo\AppData\Local\Programs\Python\Python311\Lib\site-packages\fastapi\encoders.py", line 337, in jsonable_encoder
    |     return jsonable_encoder(
    |            ^^^^^^^^^^^^^^^^^
    |   File "C:\Users\Lenovo\AppData\Local\Programs\Python\Python311\Lib\site-packages\fastapi\encoders.py", line 289, in jsonable_encoder
    |     encoded_value = jsonable_encoder(
    |                     ^^^^^^^^^^^^^^^^^
    |   File "C:\Users\Lenovo\AppData\Local\Programs\Python\Python311\Lib\site-packages\fastapi\encoders.py", line 337, in jsonable_encoder
    |     return jsonable_encoder(
    |            ^^^^^^^^^^^^^^^^^
    |   File "C:\Users\Lenovo\AppData\Local\Programs\Python\Python311\Lib\site-packages\fastapi\encoders.py", line 289, in jsonable_encoder
    |     encoded_value = jsonable_encoder(
    |                     ^^^^^^^^^^^^^^^^^
    |   File "C:\Users\Lenovo\AppData\Local\Programs\Python\Python311\Lib\site-packages\fastapi\encoders.py", line 337, in jsonable_encoder
    |     return jsonable_encoder(
    |            ^^^^^^^^^^^^^^^^^
    |   File "C:\Users\Lenovo\AppData\Local\Programs\Python\Python311\Lib\site-packages\fastapi\encoders.py", line 289, in jsonable_encoder
    |     encoded_value = jsonable_encoder(
    |                     ^^^^^^^^^^^^^^^^^
    |   File "C:\Users\Lenovo\AppData\Local\Programs\Python\Python311\Lib\site-packages\fastapi\encoders.py", line 337, in jsonable_encoder
    |     return jsonable_encoder(
    |            ^^^^^^^^^^^^^^^^^
    |   File "C:\Users\Lenovo\AppData\Local\Programs\Python\Python311\Lib\site-packages\fastapi\encoders.py", line 289, in jsonable_encoder
    |     encoded_value = jsonable_encoder(
    |                     ^^^^^^^^^^^^^^^^^
    |   File "C:\Users\Lenovo\AppData\Local\Programs\Python\Python311\Lib\site-packages\fastapi\encoders.py", line 337, in jsonable_encoder
    |     return jsonable_encoder(
    |            ^^^^^^^^^^^^^^^^^
    |   File "C:\Users\Lenovo\AppData\Local\Programs\Python\Python311\Lib\site-packages\fastapi\encoders.py", line 289, in jsonable_encoder
    |     encoded_value = jsonable_encoder(
    |                     ^^^^^^^^^^^^^^^^^
    |   File "C:\Users\Lenovo\AppData\Local\Programs\Python\Python311\Lib\site-packages\fastapi\encoders.py", line 337, in jsonable_encoder
    |     return jsonable_encoder(
    |            ^^^^^^^^^^^^^^^^^
    |   File "C:\Users\Lenovo\AppData\Local\Programs\Python\Python311\Lib\site-packages\fastapi\encoders.py", line 289, in jsonable_encoder
    |     encoded_value = jsonable_encoder(
    |                     ^^^^^^^^^^^^^^^^^
    |   File "C:\Users\Lenovo\AppData\Local\Programs\Python\Python311\Lib\site-packages\fastapi\encoders.py", line 337, in jsonable_encoder
    |     return jsonable_encoder(
    |            ^^^^^^^^^^^^^^^^^
    |   File "C:\Users\Lenovo\AppData\Local\Programs\Python\Python311\Lib\site-packages\fastapi\encoders.py", line 289, in jsonable_encoder
    |     encoded_value = jsonable_encoder(
    |                     ^^^^^^^^^^^^^^^^^
    |   File "C:\Users\Lenovo\AppData\Local\Programs\Python\Python311\Lib\site-packages\fastapi\encoders.py", line 337, in jsonable_encoder
    |     return jsonable_encoder(
    |            ^^^^^^^^^^^^^^^^^
    |   File "C:\Users\Lenovo\AppData\Local\Programs\Python\Python311\Lib\site-packages\fastapi\encoders.py", line 289, in jsonable_encoder
    |     encoded_value = jsonable_encoder(
    |                     ^^^^^^^^^^^^^^^^^
    |   File "C:\Users\Lenovo\AppData\Local\Programs\Python\Python311\Lib\site-packages\fastapi\encoders.py", line 337, in jsonable_encoder
    |     return jsonable_encoder(
    |            ^^^^^^^^^^^^^^^^^
    |   File "C:\Users\Lenovo\AppData\Local\Programs\Python\Python311\Lib\site-packages\fastapi\encoders.py", line 289, in jsonable_encoder
    |     encoded_value = jsonable_encoder(
    |                     ^^^^^^^^^^^^^^^^^
    |   File "C:\Users\Lenovo\AppData\Local\Programs\Python\Python311\Lib\site-packages\fastapi\encoders.py", line 337, in jsonable_encoder
    |     return jsonable_encoder(
    |            ^^^^^^^^^^^^^^^^^
    |   File "C:\Users\Lenovo\AppData\Local\Programs\Python\Python311\Lib\site-packages\fastapi\encoders.py", line 289, in jsonable_encoder
    |     encoded_value = jsonable_encoder(
    |                     ^^^^^^^^^^^^^^^^^
    |   File "C:\Users\Lenovo\AppData\Local\Programs\Python\Python311\Lib\site-packages\fastapi\encoders.py", line 337, in jsonable_encoder
    |     return jsonable_encoder(
    |            ^^^^^^^^^^^^^^^^^
    |   File "C:\Users\Lenovo\AppData\Local\Programs\Python\Python311\Lib\site-packages\fastapi\encoders.py", line 289, in jsonable_encoder
    |     encoded_value = jsonable_encoder(
    |                     ^^^^^^^^^^^^^^^^^
    |   File "C:\Users\Lenovo\AppData\Local\Programs\Python\Python311\Lib\site-packages\fastapi\encoders.py", line 337, in jsonable_encoder
    |     return jsonable_encoder(
    |            ^^^^^^^^^^^^^^^^^
    |   File "C:\Users\Lenovo\AppData\Local\Programs\Python\Python311\Lib\site-packages\fastapi\encoders.py", line 289, in jsonable_encoder
    |     encoded_value = jsonable_encoder(
    |                     ^^^^^^^^^^^^^^^^^
    |   File "C:\Users\Lenovo\AppData\Local\Programs\Python\Python311\Lib\site-packages\fastapi\encoders.py", line 337, in jsonable_encoder
    |     return jsonable_encoder(
    |            ^^^^^^^^^^^^^^^^^
    |   File "C:\Users\Lenovo\AppData\Local\Programs\Python\Python311\Lib\site-packages\fastapi\encoders.py", line 289, in jsonable_encoder
    |     encoded_value = jsonable_encoder(
    |                     ^^^^^^^^^^^^^^^^^
    |   File "C:\Users\Lenovo\AppData\Local\Programs\Python\Python311\Lib\site-packages\fastapi\encoders.py", line 337, in jsonable_encoder
    |     return jsonable_encoder(
    |            ^^^^^^^^^^^^^^^^^
    |   File "C:\Users\Lenovo\AppData\Local\Programs\Python\Python311\Lib\site-packages\fastapi\encoders.py", line 289, in jsonable_encoder
    |     encoded_value = jsonable_encoder(
    |                     ^^^^^^^^^^^^^^^^^
    |   File "C:\Users\Lenovo\AppData\Local\Programs\Python\Python311\Lib\site-packages\fastapi\encoders.py", line 337, in jsonable_encoder
    |     return jsonable_encoder(
    |            ^^^^^^^^^^^^^^^^^
    |   File "C:\Users\Lenovo\AppData\Local\Programs\Python\Python311\Lib\site-packages\fastapi\encoders.py", line 289, in jsonable_encoder
    |     encoded_value = jsonable_encoder(
    |                     ^^^^^^^^^^^^^^^^^
    |   File "C:\Users\Lenovo\AppData\Local\Programs\Python\Python311\Lib\site-packages\fastapi\encoders.py", line 337, in jsonable_encoder
    |     return jsonable_encoder(
    |            ^^^^^^^^^^^^^^^^^
    |   File "C:\Users\Lenovo\AppData\Local\Programs\Python\Python311\Lib\site-packages\fastapi\encoders.py", line 289, in jsonable_encoder
    |     encoded_value = jsonable_encoder(
    |                     ^^^^^^^^^^^^^^^^^
    |   File "C:\Users\Lenovo\AppData\Local\Programs\Python\Python311\Lib\site-packages\fastapi\encoders.py", line 337, in jsonable_encoder
    |     return jsonable_encoder(
    |            ^^^^^^^^^^^^^^^^^
    |   File "C:\Users\Lenovo\AppData\Local\Programs\Python\Python311\Lib\site-packages\fastapi\encoders.py", line 289, in jsonable_encoder
    |     encoded_value = jsonable_encoder(
    |                     ^^^^^^^^^^^^^^^^^
    |   File "C:\Users\Lenovo\AppData\Local\Programs\Python\Python311\Lib\site-packages\fastapi\encoders.py", line 337, in jsonable_encoder
    |     return jsonable_encoder(
    |            ^^^^^^^^^^^^^^^^^
    |   File "C:\Users\Lenovo\AppData\Local\Programs\Python\Python311\Lib\site-packages\fastapi\encoders.py", line 289, in jsonable_encoder
    |     encoded_value = jsonable_encoder(
    |                     ^^^^^^^^^^^^^^^^^
    |   File "C:\Users\Lenovo\AppData\Local\Programs\Python\Python311\Lib\site-packages\fastapi\encoders.py", line 337, in jsonable_encoder
    |     return jsonable_encoder(
    |            ^^^^^^^^^^^^^^^^^
    |   File "C:\Users\Lenovo\AppData\Local\Programs\Python\Python311\Lib\site-packages\fastapi\encoders.py", line 289, in jsonable_encoder
    |     encoded_value = jsonable_encoder(
    |                     ^^^^^^^^^^^^^^^^^
    |   File "C:\Users\Lenovo\AppData\Local\Programs\Python\Python311\Lib\site-packages\fastapi\encoders.py", line 337, in jsonable_encoder
    |     return jsonable_encoder(
    |            ^^^^^^^^^^^^^^^^^
    |   File "C:\Users\Lenovo\AppData\Local\Programs\Python\Python311\Lib\site-packages\fastapi\encoders.py", line 289, in jsonable_encoder
    |     encoded_value = jsonable_encoder(
    |                     ^^^^^^^^^^^^^^^^^
    |   File "C:\Users\Lenovo\AppData\Local\Programs\Python\Python311\Lib\site-packages\fastapi\encoders.py", line 337, in jsonable_encoder
    |     return jsonable_encoder(
    |            ^^^^^^^^^^^^^^^^^
    |   File "C:\Users\Lenovo\AppData\Local\Programs\Python\Python311\Lib\site-packages\fastapi\encoders.py", line 289, in jsonable_encoder
    |     encoded_value = jsonable_encoder(
    |                     ^^^^^^^^^^^^^^^^^
    |   File "C:\Users\Lenovo\AppData\Local\Programs\Python\Python311\Lib\site-packages\fastapi\encoders.py", line 337, in jsonable_encoder
    |     return jsonable_encoder(
    |            ^^^^^^^^^^^^^^^^^
    |   File "C:\Users\Lenovo\AppData\Local\Programs\Python\Python311\Lib\site-packages\fastapi\encoders.py", line 289, in jsonable_encoder
    |     encoded_value = jsonable_encoder(
    |                     ^^^^^^^^^^^^^^^^^
    |   File "C:\Users\Lenovo\AppData\Local\Programs\Python\Python311\Lib\site-packages\fastapi\encoders.py", line 337, in jsonable_encoder
    |     return jsonable_encoder(
    |            ^^^^^^^^^^^^^^^^^
    |   File "C:\Users\Lenovo\AppData\Local\Programs\Python\Python311\Lib\site-packages\fastapi\encoders.py", line 289, in jsonable_encoder
    |     encoded_value = jsonable_encoder(
    |                     ^^^^^^^^^^^^^^^^^
    |   File "C:\Users\Lenovo\AppData\Local\Programs\Python\Python311\Lib\site-packages\fastapi\encoders.py", line 337, in jsonable_encoder
    |     return jsonable_encoder(
    |            ^^^^^^^^^^^^^^^^^
    |   File "C:\Users\Lenovo\AppData\Local\Programs\Python\Python311\Lib\site-packages\fastapi\encoders.py", line 289, in jsonable_encoder
    |     encoded_value = jsonable_encoder(
    |                     ^^^^^^^^^^^^^^^^^
    |   File "C:\Users\Lenovo\AppData\Local\Programs\Python\Python311\Lib\site-packages\fastapi\encoders.py", line 337, in jsonable_encoder
    |     return jsonable_encoder(
    |            ^^^^^^^^^^^^^^^^^
    |   File "C:\Users\Lenovo\AppData\Local\Programs\Python\Python311\Lib\site-packages\fastapi\encoders.py", line 289, in jsonable_encoder
    |     encoded_value = jsonable_encoder(
    |                     ^^^^^^^^^^^^^^^^^
    |   File "C:\Users\Lenovo\AppData\Local\Programs\Python\Python311\Lib\site-packages\fastapi\encoders.py", line 337, in jsonable_encoder
    |     return jsonable_encoder(
    |            ^^^^^^^^^^^^^^^^^
    |   File "C:\Users\Lenovo\AppData\Local\Programs\Python\Python311\Lib\site-packages\fastapi\encoders.py", line 289, in jsonable_encoder
    |     encoded_value = jsonable_encoder(
    |                     ^^^^^^^^^^^^^^^^^
    |   File "C:\Users\Lenovo\AppData\Local\Programs\Python\Python311\Lib\site-packages\fastapi\encoders.py", line 337, in jsonable_encoder
    |     return jsonable_encoder(
    |            ^^^^^^^^^^^^^^^^^
    |   File "C:\Users\Lenovo\AppData\Local\Programs\Python\Python311\Lib\site-packages\fastapi\encoders.py", line 289, in jsonable_encoder
    |     encoded_value = jsonable_encoder(
    |                     ^^^^^^^^^^^^^^^^^
    |   File "C:\Users\Lenovo\AppData\Local\Programs\Python\Python311\Lib\site-packages\fastapi\encoders.py", line 337, in jsonable_encoder
    |     return jsonable_encoder(
    |            ^^^^^^^^^^^^^^^^^
    |   File "C:\Users\Lenovo\AppData\Local\Programs\Python\Python311\Lib\site-packages\fastapi\encoders.py", line 289, in jsonable_encoder
    |     encoded_value = jsonable_encoder(
    |                     ^^^^^^^^^^^^^^^^^
    |   File "C:\Users\Lenovo\AppData\Local\Programs\Python\Python311\Lib\site-packages\fastapi\encoders.py", line 337, in jsonable_encoder
    |     return jsonable_encoder(
    |            ^^^^^^^^^^^^^^^^^
    |   File "C:\Users\Lenovo\AppData\Local\Programs\Python\Python311\Lib\site-packages\fastapi\encoders.py", line 289, in jsonable_encoder
    |     encoded_value = jsonable_encoder(
    |                     ^^^^^^^^^^^^^^^^^
    |   File "C:\Users\Lenovo\AppData\Local\Programs\Python\Python311\Lib\site-packages\fastapi\encoders.py", line 337, in jsonable_encoder
    |     return jsonable_encoder(
    |            ^^^^^^^^^^^^^^^^^
    |   File "C:\Users\Lenovo\AppData\Local\Programs\Python\Python311\Lib\site-packages\fastapi\encoders.py", line 289, in jsonable_encoder
    |     encoded_value = jsonable_encoder(
    |                     ^^^^^^^^^^^^^^^^^
    |   File "C:\Users\Lenovo\AppData\Local\Programs\Python\Python311\Lib\site-packages\fastapi\encoders.py", line 337, in jsonable_encoder
    |     return jsonable_encoder(
    |            ^^^^^^^^^^^^^^^^^
    |   File "C:\Users\Lenovo\AppData\Local\Programs\Python\Python311\Lib\site-packages\fastapi\encoders.py", line 289, in jsonable_encoder
    |     encoded_value = jsonable_encoder(
    |                     ^^^^^^^^^^^^^^^^^
    |   File "C:\Users\Lenovo\AppData\Local\Programs\Python\Python311\Lib\site-packages\fastapi\encoders.py", line 337, in jsonable_encoder
    |     return jsonable_encoder(
    |            ^^^^^^^^^^^^^^^^^
    |   File "C:\Users\Lenovo\AppData\Local\Programs\Python\Python311\Lib\site-packages\fastapi\encoders.py", line 289, in jsonable_encoder
    |     encoded_value = jsonable_encoder(
    |                     ^^^^^^^^^^^^^^^^^
    |   File "C:\Users\Lenovo\AppData\Local\Programs\Python\Python311\Lib\site-packages\fastapi\encoders.py", line 337, in jsonable_encoder
    |     return jsonable_encoder(
    |            ^^^^^^^^^^^^^^^^^
    |   File "C:\Users\Lenovo\AppData\Local\Programs\Python\Python311\Lib\site-packages\fastapi\encoders.py", line 289, in jsonable_encoder
    |     encoded_value = jsonable_encoder(
    |                     ^^^^^^^^^^^^^^^^^
    |   File "C:\Users\Lenovo\AppData\Local\Programs\Python\Python311\Lib\site-packages\fastapi\encoders.py", line 337, in jsonable_encoder
    |     return jsonable_encoder(
    |            ^^^^^^^^^^^^^^^^^
    |   File "C:\Users\Lenovo\AppData\Local\Programs\Python\Python311\Lib\site-packages\fastapi\encoders.py", line 289, in jsonable_encoder
    |     encoded_value = jsonable_encoder(
    |                     ^^^^^^^^^^^^^^^^^
    |   File "C:\Users\Lenovo\AppData\Local\Programs\Python\Python311\Lib\site-packages\fastapi\encoders.py", line 337, in jsonable_encoder
    |     return jsonable_encoder(
    |            ^^^^^^^^^^^^^^^^^
    |   File "C:\Users\Lenovo\AppData\Local\Programs\Python\Python311\Lib\site-packages\fastapi\encoders.py", line 289, in jsonable_encoder
    |     encoded_value = jsonable_encoder(
    |                     ^^^^^^^^^^^^^^^^^
    |   File "C:\Users\Lenovo\AppData\Local\Programs\Python\Python311\Lib\site-packages\fastapi\encoders.py", line 337, in jsonable_encoder
    |     return jsonable_encoder(
    |            ^^^^^^^^^^^^^^^^^
    |   File "C:\Users\Lenovo\AppData\Local\Programs\Python\Python311\Lib\site-packages\fastapi\encoders.py", line 289, in jsonable_encoder
    |     encoded_value = jsonable_encoder(
    |                     ^^^^^^^^^^^^^^^^^
    |   File "C:\Users\Lenovo\AppData\Local\Programs\Python\Python311\Lib\site-packages\fastapi\encoders.py", line 337, in jsonable_encoder
    |     return jsonable_encoder(
    |            ^^^^^^^^^^^^^^^^^
    |   File "C:\Users\Lenovo\AppData\Local\Programs\Python\Python311\Lib\site-packages\fastapi\encoders.py", line 289, in jsonable_encoder
    |     encoded_value = jsonable_encoder(
    |                     ^^^^^^^^^^^^^^^^^
    |   File "C:\Users\Lenovo\AppData\Local\Programs\Python\Python311\Lib\site-packages\fastapi\encoders.py", line 337, in jsonable_encoder
    |     return jsonable_encoder(
    |            ^^^^^^^^^^^^^^^^^
    |   File "C:\Users\Lenovo\AppData\Local\Programs\Python\Python311\Lib\site-packages\fastapi\encoders.py", line 289, in jsonable_encoder
    |     encoded_value = jsonable_encoder(
    |                     ^^^^^^^^^^^^^^^^^
    |   File "C:\Users\Lenovo\AppData\Local\Programs\Python\Python311\Lib\site-packages\fastapi\encoders.py", line 337, in jsonable_encoder
    |     return jsonable_encoder(
    |            ^^^^^^^^^^^^^^^^^
    |   File "C:\Users\Lenovo\AppData\Local\Programs\Python\Python311\Lib\site-packages\fastapi\encoders.py", line 289, in jsonable_encoder
    |     encoded_value = jsonable_encoder(
    |                     ^^^^^^^^^^^^^^^^^
    |   File "C:\Users\Lenovo\AppData\Local\Programs\Python\Python311\Lib\site-packages\fastapi\encoders.py", line 337, in jsonable_encoder
    |     return jsonable_encoder(
    |            ^^^^^^^^^^^^^^^^^
    |   File "C:\Users\Lenovo\AppData\Local\Programs\Python\Python311\Lib\site-packages\fastapi\encoders.py", line 289, in jsonable_encoder
    |     encoded_value = jsonable_encoder(
    |                     ^^^^^^^^^^^^^^^^^
    |   File "C:\Users\Lenovo\AppData\Local\Programs\Python\Python311\Lib\site-packages\fastapi\encoders.py", line 337, in jsonable_encoder
    |     return jsonable_encoder(
    |            ^^^^^^^^^^^^^^^^^
    |   File "C:\Users\Lenovo\AppData\Local\Programs\Python\Python311\Lib\site-packages\fastapi\encoders.py", line 289, in jsonable_encoder
    |     encoded_value = jsonable_encoder(
    |                     ^^^^^^^^^^^^^^^^^
    |   File "C:\Users\Lenovo\AppData\Local\Programs\Python\Python311\Lib\site-packages\fastapi\encoders.py", line 337, in jsonable_encoder
    |     return jsonable_encoder(
    |            ^^^^^^^^^^^^^^^^^
    |   File "C:\Users\Lenovo\AppData\Local\Programs\Python\Python311\Lib\site-packages\fastapi\encoders.py", line 289, in jsonable_encoder
    |     encoded_value = jsonable_encoder(
    |                     ^^^^^^^^^^^^^^^^^
    |   File "C:\Users\Lenovo\AppData\Local\Programs\Python\Python311\Lib\site-packages\fastapi\encoders.py", line 337, in jsonable_encoder
    |     return jsonable_encoder(
    |            ^^^^^^^^^^^^^^^^^
    |   File "C:\Users\Lenovo\AppData\Local\Programs\Python\Python311\Lib\site-packages\fastapi\encoders.py", line 289, in jsonable_encoder
    |     encoded_value = jsonable_encoder(
    |                     ^^^^^^^^^^^^^^^^^
    |   File "C:\Users\Lenovo\AppData\Local\Programs\Python\Python311\Lib\site-packages\fastapi\encoders.py", line 337, in jsonable_encoder
    |     return jsonable_encoder(
    |            ^^^^^^^^^^^^^^^^^
    |   File "C:\Users\Lenovo\AppData\Local\Programs\Python\Python311\Lib\site-packages\fastapi\encoders.py", line 289, in jsonable_encoder
    |     encoded_value = jsonable_encoder(
    |                     ^^^^^^^^^^^^^^^^^
    |   File "C:\Users\Lenovo\AppData\Local\Programs\Python\Python311\Lib\site-packages\fastapi\encoders.py", line 337, in jsonable_encoder
    |     return jsonable_encoder(
    |            ^^^^^^^^^^^^^^^^^
    |   File "C:\Users\Lenovo\AppData\Local\Programs\Python\Python311\Lib\site-packages\fastapi\encoders.py", line 289, in jsonable_encoder
    |     encoded_value = jsonable_encoder(
    |                     ^^^^^^^^^^^^^^^^^
    |   File "C:\Users\Lenovo\AppData\Local\Programs\Python\Python311\Lib\site-packages\fastapi\encoders.py", line 337, in jsonable_encoder
    |     return jsonable_encoder(
    |            ^^^^^^^^^^^^^^^^^
    |   File "C:\Users\Lenovo\AppData\Local\Programs\Python\Python311\Lib\site-packages\fastapi\encoders.py", line 289, in jsonable_encoder
    |     encoded_value = jsonable_encoder(
    |                     ^^^^^^^^^^^^^^^^^
    |   File "C:\Users\Lenovo\AppData\Local\Programs\Python\Python311\Lib\site-packages\fastapi\encoders.py", line 337, in jsonable_encoder
    |     return jsonable_encoder(
    |            ^^^^^^^^^^^^^^^^^
    |   File "C:\Users\Lenovo\AppData\Local\Programs\Python\Python311\Lib\site-packages\fastapi\encoders.py", line 289, in jsonable_encoder
    |     encoded_value = jsonable_encoder(
    |                     ^^^^^^^^^^^^^^^^^
    |   File "C:\Users\Lenovo\AppData\Local\Programs\Python\Python311\Lib\site-packages\fastapi\encoders.py", line 337, in jsonable_encoder
    |     return jsonable_encoder(
    |            ^^^^^^^^^^^^^^^^^
    |   File "C:\Users\Lenovo\AppData\Local\Programs\Python\Python311\Lib\site-packages\fastapi\encoders.py", line 289, in jsonable_encoder
    |     encoded_value = jsonable_encoder(
    |                     ^^^^^^^^^^^^^^^^^
    |   File "C:\Users\Lenovo\AppData\Local\Programs\Python\Python311\Lib\site-packages\fastapi\encoders.py", line 337, in jsonable_encoder
    |     return jsonable_encoder(
    |            ^^^^^^^^^^^^^^^^^
    |   File "C:\Users\Lenovo\AppData\Local\Programs\Python\Python311\Lib\site-packages\fastapi\encoders.py", line 289, in jsonable_encoder
    |     encoded_value = jsonable_encoder(
    |                     ^^^^^^^^^^^^^^^^^
    |   File "C:\Users\Lenovo\AppData\Local\Programs\Python\Python311\Lib\site-packages\fastapi\encoders.py", line 337, in jsonable_encoder
    |     return jsonable_encoder(
    |            ^^^^^^^^^^^^^^^^^
    |   File "C:\Users\Lenovo\AppData\Local\Programs\Python\Python311\Lib\site-packages\fastapi\encoders.py", line 289, in jsonable_encoder
    |     encoded_value = jsonable_encoder(
    |                     ^^^^^^^^^^^^^^^^^
    |   File "C:\Users\Lenovo\AppData\Local\Programs\Python\Python311\Lib\site-packages\fastapi\encoders.py", line 337, in jsonable_encoder
    |     return jsonable_encoder(
    |            ^^^^^^^^^^^^^^^^^
    |   File "C:\Users\Lenovo\AppData\Local\Programs\Python\Python311\Lib\site-packages\fastapi\encoders.py", line 289, in jsonable_encoder
    |     encoded_value = jsonable_encoder(
    |                     ^^^^^^^^^^^^^^^^^
    |   File "C:\Users\Lenovo\AppData\Local\Programs\Python\Python311\Lib\site-packages\fastapi\encoders.py", line 337, in jsonable_encoder
    |     return jsonable_encoder(
    |            ^^^^^^^^^^^^^^^^^
    |   File "C:\Users\Lenovo\AppData\Local\Programs\Python\Python311\Lib\site-packages\fastapi\encoders.py", line 289, in jsonable_encoder
    |     encoded_value = jsonable_encoder(
    |                     ^^^^^^^^^^^^^^^^^
    |   File "C:\Users\Lenovo\AppData\Local\Programs\Python\Python311\Lib\site-packages\fastapi\encoders.py", line 337, in jsonable_encoder
    |     return jsonable_encoder(
    |            ^^^^^^^^^^^^^^^^^
    |   File "C:\Users\Lenovo\AppData\Local\Programs\Python\Python311\Lib\site-packages\fastapi\encoders.py", line 289, in jsonable_encoder
    |     encoded_value = jsonable_encoder(
    |                     ^^^^^^^^^^^^^^^^^
    |   File "C:\Users\Lenovo\AppData\Local\Programs\Python\Python311\Lib\site-packages\fastapi\encoders.py", line 337, in jsonable_encoder
    |     return jsonable_encoder(
    |            ^^^^^^^^^^^^^^^^^
    |   File "C:\Users\Lenovo\AppData\Local\Programs\Python\Python311\Lib\site-packages\fastapi\encoders.py", line 289, in jsonable_encoder
    |     encoded_value = jsonable_encoder(
    |                     ^^^^^^^^^^^^^^^^^
    |   File "C:\Users\Lenovo\AppData\Local\Programs\Python\Python311\Lib\site-packages\fastapi\encoders.py", line 337, in jsonable_encoder
    |     return jsonable_encoder(
    |            ^^^^^^^^^^^^^^^^^
    |   File "C:\Users\Lenovo\AppData\Local\Programs\Python\Python311\Lib\site-packages\fastapi\encoders.py", line 289, in jsonable_encoder
    |     encoded_value = jsonable_encoder(
    |                     ^^^^^^^^^^^^^^^^^
    |   File "C:\Users\Lenovo\AppData\Local\Programs\Python\Python311\Lib\site-packages\fastapi\encoders.py", line 337, in jsonable_encoder
    |     return jsonable_encoder(
    |            ^^^^^^^^^^^^^^^^^
    |   File "C:\Users\Lenovo\AppData\Local\Programs\Python\Python311\Lib\site-packages\fastapi\encoders.py", line 289, in jsonable_encoder
    |     encoded_value = jsonable_encoder(
    |                     ^^^^^^^^^^^^^^^^^
    |   File "C:\Users\Lenovo\AppData\Local\Programs\Python\Python311\Lib\site-packages\fastapi\encoders.py", line 337, in jsonable_encoder
    |     return jsonable_encoder(
    |            ^^^^^^^^^^^^^^^^^
    |   File "C:\Users\Lenovo\AppData\Local\Programs\Python\Python311\Lib\site-packages\fastapi\encoders.py", line 289, in jsonable_encoder
    |     encoded_value = jsonable_encoder(
    |                     ^^^^^^^^^^^^^^^^^
    |   File "C:\Users\Lenovo\AppData\Local\Programs\Python\Python311\Lib\site-packages\fastapi\encoders.py", line 337, in jsonable_encoder
    |     return jsonable_encoder(
    |            ^^^^^^^^^^^^^^^^^
    |   File "C:\Users\Lenovo\AppData\Local\Programs\Python\Python311\Lib\site-packages\fastapi\encoders.py", line 289, in jsonable_encoder
    |     encoded_value = jsonable_encoder(
    |                     ^^^^^^^^^^^^^^^^^
    |   File "C:\Users\Lenovo\AppData\Local\Programs\Python\Python311\Lib\site-packages\fastapi\encoders.py", line 337, in jsonable_encoder
    |     return jsonable_encoder(
    |            ^^^^^^^^^^^^^^^^^
    |   File "C:\Users\Lenovo\AppData\Local\Programs\Python\Python311\Lib\site-packages\fastapi\encoders.py", line 289, in jsonable_encoder
    |     encoded_value = jsonable_encoder(
    |                     ^^^^^^^^^^^^^^^^^
    |   File "C:\Users\Lenovo\AppData\Local\Programs\Python\Python311\Lib\site-packages\fastapi\encoders.py", line 337, in jsonable_encoder
    |     return jsonable_encoder(
    |            ^^^^^^^^^^^^^^^^^
    |   File "C:\Users\Lenovo\AppData\Local\Programs\Python\Python311\Lib\site-packages\fastapi\encoders.py", line 289, in jsonable_encoder
    |     encoded_value = jsonable_encoder(
    |                     ^^^^^^^^^^^^^^^^^
    |   File "C:\Users\Lenovo\AppData\Local\Programs\Python\Python311\Lib\site-packages\fastapi\encoders.py", line 337, in jsonable_encoder
    |     return jsonable_encoder(
    |            ^^^^^^^^^^^^^^^^^
    |   File "C:\Users\Lenovo\AppData\Local\Programs\Python\Python311\Lib\site-packages\fastapi\encoders.py", line 289, in jsonable_encoder
    |     encoded_value = jsonable_encoder(
    |                     ^^^^^^^^^^^^^^^^^
    |   File "C:\Users\Lenovo\AppData\Local\Programs\Python\Python311\Lib\site-packages\fastapi\encoders.py", line 337, in jsonable_encoder
    |     return jsonable_encoder(
    |            ^^^^^^^^^^^^^^^^^
    |   File "C:\Users\Lenovo\AppData\Local\Programs\Python\Python311\Lib\site-packages\fastapi\encoders.py", line 289, in jsonable_encoder
    |     encoded_value = jsonable_encoder(
    |                     ^^^^^^^^^^^^^^^^^
    |   File "C:\Users\Lenovo\AppData\Local\Programs\Python\Python311\Lib\site-packages\fastapi\encoders.py", line 337, in jsonable_encoder
    |     return jsonable_encoder(
    |            ^^^^^^^^^^^^^^^^^
    |   File "C:\Users\Lenovo\AppData\Local\Programs\Python\Python311\Lib\site-packages\fastapi\encoders.py", line 289, in jsonable_encoder
    |     encoded_value = jsonable_encoder(
    |                     ^^^^^^^^^^^^^^^^^
    |   File "C:\Users\Lenovo\AppData\Local\Programs\Python\Python311\Lib\site-packages\fastapi\encoders.py", line 337, in jsonable_encoder
    |     return jsonable_encoder(
    |            ^^^^^^^^^^^^^^^^^
    |   File "C:\Users\Lenovo\AppData\Local\Programs\Python\Python311\Lib\site-packages\fastapi\encoders.py", line 289, in jsonable_encoder
    |     encoded_value = jsonable_encoder(
    |                     ^^^^^^^^^^^^^^^^^
    |   File "C:\Users\Lenovo\AppData\Local\Programs\Python\Python311\Lib\site-packages\fastapi\encoders.py", line 337, in jsonable_encoder
    |     return jsonable_encoder(
    |            ^^^^^^^^^^^^^^^^^
    |   File "C:\Users\Lenovo\AppData\Local\Programs\Python\Python311\Lib\site-packages\fastapi\encoders.py", line 289, in jsonable_encoder
    |     encoded_value = jsonable_encoder(
    |                     ^^^^^^^^^^^^^^^^^
    |   File "C:\Users\Lenovo\AppData\Local\Programs\Python\Python311\Lib\site-packages\fastapi\encoders.py", line 337, in jsonable_encoder
    |     return jsonable_encoder(
    |            ^^^^^^^^^^^^^^^^^
    |   File "C:\Users\Lenovo\AppData\Local\Programs\Python\Python311\Lib\site-packages\fastapi\encoders.py", line 289, in jsonable_encoder
    |     encoded_value = jsonable_encoder(
    |                     ^^^^^^^^^^^^^^^^^
    |   File "C:\Users\Lenovo\AppData\Local\Programs\Python\Python311\Lib\site-packages\fastapi\encoders.py", line 337, in jsonable_encoder
    |     return jsonable_encoder(
    |            ^^^^^^^^^^^^^^^^^
    |   File "C:\Users\Lenovo\AppData\Local\Programs\Python\Python311\Lib\site-packages\fastapi\encoders.py", line 289, in jsonable_encoder
    |     encoded_value = jsonable_encoder(
    |                     ^^^^^^^^^^^^^^^^^
    |   File "C:\Users\Lenovo\AppData\Local\Programs\Python\Python311\Lib\site-packages\fastapi\encoders.py", line 337, in jsonable_encoder
    |     return jsonable_encoder(
    |            ^^^^^^^^^^^^^^^^^
    |   File "C:\Users\Lenovo\AppData\Local\Programs\Python\Python311\Lib\site-packages\fastapi\encoders.py", line 289, in jsonable_encoder
    |     encoded_value = jsonable_encoder(
    |                     ^^^^^^^^^^^^^^^^^
    |   File "C:\Users\Lenovo\AppData\Local\Programs\Python\Python311\Lib\site-packages\fastapi\encoders.py", line 337, in jsonable_encoder
    |     return jsonable_encoder(
    |            ^^^^^^^^^^^^^^^^^
    |   File "C:\Users\Lenovo\AppData\Local\Programs\Python\Python311\Lib\site-packages\fastapi\encoders.py", line 289, in jsonable_encoder
    |     encoded_value = jsonable_encoder(
    |                     ^^^^^^^^^^^^^^^^^
    |   File "C:\Users\Lenovo\AppData\Local\Programs\Python\Python311\Lib\site-packages\fastapi\encoders.py", line 337, in jsonable_encoder
    |     return jsonable_encoder(
    |            ^^^^^^^^^^^^^^^^^
    |   File "C:\Users\Lenovo\AppData\Local\Programs\Python\Python311\Lib\site-packages\fastapi\encoders.py", line 289, in jsonable_encoder
    |     encoded_value = jsonable_encoder(
    |                     ^^^^^^^^^^^^^^^^^
    |   File "C:\Users\Lenovo\AppData\Local\Programs\Python\Python311\Lib\site-packages\fastapi\encoders.py", line 337, in jsonable_encoder
    |     return jsonable_encoder(
    |            ^^^^^^^^^^^^^^^^^
    |   File "C:\Users\Lenovo\AppData\Local\Programs\Python\Python311\Lib\site-packages\fastapi\encoders.py", line 289, in jsonable_encoder
    |     encoded_value = jsonable_encoder(
    |                     ^^^^^^^^^^^^^^^^^
    |   File "C:\Users\Lenovo\AppData\Local\Programs\Python\Python311\Lib\site-packages\fastapi\encoders.py", line 337, in jsonable_encoder
    |     return jsonable_encoder(
    |            ^^^^^^^^^^^^^^^^^
    |   File "C:\Users\Lenovo\AppData\Local\Programs\Python\Python311\Lib\site-packages\fastapi\encoders.py", line 289, in jsonable_encoder
    |     encoded_value = jsonable_encoder(
    |                     ^^^^^^^^^^^^^^^^^
    |   File "C:\Users\Lenovo\AppData\Local\Programs\Python\Python311\Lib\site-packages\fastapi\encoders.py", line 337, in jsonable_encoder
    |     return jsonable_encoder(
    |            ^^^^^^^^^^^^^^^^^
    |   File "C:\Users\Lenovo\AppData\Local\Programs\Python\Python311\Lib\site-packages\fastapi\encoders.py", line 289, in jsonable_encoder
    |     encoded_value = jsonable_encoder(
    |                     ^^^^^^^^^^^^^^^^^
    |   File "C:\Users\Lenovo\AppData\Local\Programs\Python\Python311\Lib\site-packages\fastapi\encoders.py", line 337, in jsonable_encoder
    |     return jsonable_encoder(
    |            ^^^^^^^^^^^^^^^^^
    |   File "C:\Users\Lenovo\AppData\Local\Programs\Python\Python311\Lib\site-packages\fastapi\encoders.py", line 289, in jsonable_encoder
    |     encoded_value = jsonable_encoder(
    |                     ^^^^^^^^^^^^^^^^^
    |   File "C:\Users\Lenovo\AppData\Local\Programs\Python\Python311\Lib\site-packages\fastapi\encoders.py", line 337, in jsonable_encoder
    |     return jsonable_encoder(
    |            ^^^^^^^^^^^^^^^^^
    |   File "C:\Users\Lenovo\AppData\Local\Programs\Python\Python311\Lib\site-packages\fastapi\encoders.py", line 289, in jsonable_encoder
    |     encoded_value = jsonable_encoder(
    |                     ^^^^^^^^^^^^^^^^^
    |   File "C:\Users\Lenovo\AppData\Local\Programs\Python\Python311\Lib\site-packages\fastapi\encoders.py", line 337, in jsonable_encoder
    |     return jsonable_encoder(
    |            ^^^^^^^^^^^^^^^^^
    |   File "C:\Users\Lenovo\AppData\Local\Programs\Python\Python311\Lib\site-packages\fastapi\encoders.py", line 289, in jsonable_encoder
    |     encoded_value = jsonable_encoder(
    |                     ^^^^^^^^^^^^^^^^^
    |   File "C:\Users\Lenovo\AppData\Local\Programs\Python\Python311\Lib\site-packages\fastapi\encoders.py", line 337, in jsonable_encoder
    |     return jsonable_encoder(
    |            ^^^^^^^^^^^^^^^^^
    |   File "C:\Users\Lenovo\AppData\Local\Programs\Python\Python311\Lib\site-packages\fastapi\encoders.py", line 289, in jsonable_encoder
    |     encoded_value = jsonable_encoder(
    |                     ^^^^^^^^^^^^^^^^^
    |   File "C:\Users\Lenovo\AppData\Local\Programs\Python\Python311\Lib\site-packages\fastapi\encoders.py", line 337, in jsonable_encoder
    |     return jsonable_encoder(
    |            ^^^^^^^^^^^^^^^^^
    |   File "C:\Users\Lenovo\AppData\Local\Programs\Python\Python311\Lib\site-packages\fastapi\encoders.py", line 289, in jsonable_encoder
    |     encoded_value = jsonable_encoder(
    |                     ^^^^^^^^^^^^^^^^^
    |   File "C:\Users\Lenovo\AppData\Local\Programs\Python\Python311\Lib\site-packages\fastapi\encoders.py", line 337, in jsonable_encoder
    |     return jsonable_encoder(
    |            ^^^^^^^^^^^^^^^^^
    |   File "C:\Users\Lenovo\AppData\Local\Programs\Python\Python311\Lib\site-packages\fastapi\encoders.py", line 289, in jsonable_encoder
    |     encoded_value = jsonable_encoder(
    |                     ^^^^^^^^^^^^^^^^^
    |   File "C:\Users\Lenovo\AppData\Local\Programs\Python\Python311\Lib\site-packages\fastapi\encoders.py", line 337, in jsonable_encoder
    |     return jsonable_encoder(
    |            ^^^^^^^^^^^^^^^^^
    |   File "C:\Users\Lenovo\AppData\Local\Programs\Python\Python311\Lib\site-packages\fastapi\encoders.py", line 289, in jsonable_encoder
    |     encoded_value = jsonable_encoder(
    |                     ^^^^^^^^^^^^^^^^^
    |   File "C:\Users\Lenovo\AppData\Local\Programs\Python\Python311\Lib\site-packages\fastapi\encoders.py", line 337, in jsonable_encoder
    |     return jsonable_encoder(
    |            ^^^^^^^^^^^^^^^^^
    |   File "C:\Users\Lenovo\AppData\Local\Programs\Python\Python311\Lib\site-packages\fastapi\encoders.py", line 289, in jsonable_encoder
    |     encoded_value = jsonable_encoder(
    |                     ^^^^^^^^^^^^^^^^^
    |   File "C:\Users\Lenovo\AppData\Local\Programs\Python\Python311\Lib\site-packages\fastapi\encoders.py", line 337, in jsonable_encoder
    |     return jsonable_encoder(
    |            ^^^^^^^^^^^^^^^^^
    |   File "C:\Users\Lenovo\AppData\Local\Programs\Python\Python311\Lib\site-packages\fastapi\encoders.py", line 289, in jsonable_encoder
    |     encoded_value = jsonable_encoder(
    |                     ^^^^^^^^^^^^^^^^^
    |   File "C:\Users\Lenovo\AppData\Local\Programs\Python\Python311\Lib\site-packages\fastapi\encoders.py", line 337, in jsonable_encoder
    |     return jsonable_encoder(
    |            ^^^^^^^^^^^^^^^^^
    |   File "C:\Users\Lenovo\AppData\Local\Programs\Python\Python311\Lib\site-packages\fastapi\encoders.py", line 289, in jsonable_encoder
    |     encoded_value = jsonable_encoder(
    |                     ^^^^^^^^^^^^^^^^^
    |   File "C:\Users\Lenovo\AppData\Local\Programs\Python\Python311\Lib\site-packages\fastapi\encoders.py", line 337, in jsonable_encoder
    |     return jsonable_encoder(
    |            ^^^^^^^^^^^^^^^^^
    |   File "C:\Users\Lenovo\AppData\Local\Programs\Python\Python311\Lib\site-packages\fastapi\encoders.py", line 289, in jsonable_encoder
    |     encoded_value = jsonable_encoder(
    |                     ^^^^^^^^^^^^^^^^^
    |   File "C:\Users\Lenovo\AppData\Local\Programs\Python\Python311\Lib\site-packages\fastapi\encoders.py", line 337, in jsonable_encoder
    |     return jsonable_encoder(
    |            ^^^^^^^^^^^^^^^^^
    |   File "C:\Users\Lenovo\AppData\Local\Programs\Python\Python311\Lib\site-packages\fastapi\encoders.py", line 289, in jsonable_encoder
    |     encoded_value = jsonable_encoder(
    |                     ^^^^^^^^^^^^^^^^^
    |   File "C:\Users\Lenovo\AppData\Local\Programs\Python\Python311\Lib\site-packages\fastapi\encoders.py", line 337, in jsonable_encoder
    |     return jsonable_encoder(
    |            ^^^^^^^^^^^^^^^^^
    |   File "C:\Users\Lenovo\AppData\Local\Programs\Python\Python311\Lib\site-packages\fastapi\encoders.py", line 289, in jsonable_encoder
    |     encoded_value = jsonable_encoder(
    |                     ^^^^^^^^^^^^^^^^^
    |   File "C:\Users\Lenovo\AppData\Local\Programs\Python\Python311\Lib\site-packages\fastapi\encoders.py", line 337, in jsonable_encoder
    |     return jsonable_encoder(
    |            ^^^^^^^^^^^^^^^^^
    |   File "C:\Users\Lenovo\AppData\Local\Programs\Python\Python311\Lib\site-packages\fastapi\encoders.py", line 289, in jsonable_encoder
    |     encoded_value = jsonable_encoder(
    |                     ^^^^^^^^^^^^^^^^^
    |   File "C:\Users\Lenovo\AppData\Local\Programs\Python\Python311\Lib\site-packages\fastapi\encoders.py", line 337, in jsonable_encoder
    |     return jsonable_encoder(
    |            ^^^^^^^^^^^^^^^^^
    |   File "C:\Users\Lenovo\AppData\Local\Programs\Python\Python311\Lib\site-packages\fastapi\encoders.py", line 289, in jsonable_encoder
    |     encoded_value = jsonable_encoder(
    |                     ^^^^^^^^^^^^^^^^^
    |   File "C:\Users\Lenovo\AppData\Local\Programs\Python\Python311\Lib\site-packages\fastapi\encoders.py", line 337, in jsonable_encoder
    |     return jsonable_encoder(
    |            ^^^^^^^^^^^^^^^^^
    |   File "C:\Users\Lenovo\AppData\Local\Programs\Python\Python311\Lib\site-packages\fastapi\encoders.py", line 289, in jsonable_encoder
    |     encoded_value = jsonable_encoder(
    |                     ^^^^^^^^^^^^^^^^^
    |   File "C:\Users\Lenovo\AppData\Local\Programs\Python\Python311\Lib\site-packages\fastapi\encoders.py", line 337, in jsonable_encoder
    |     return jsonable_encoder(
    |            ^^^^^^^^^^^^^^^^^
    |   File "C:\Users\Lenovo\AppData\Local\Programs\Python\Python311\Lib\site-packages\fastapi\encoders.py", line 289, in jsonable_encoder
    |     encoded_value = jsonable_encoder(
    |                     ^^^^^^^^^^^^^^^^^
    |   File "C:\Users\Lenovo\AppData\Local\Programs\Python\Python311\Lib\site-packages\fastapi\encoders.py", line 337, in jsonable_encoder
    |     return jsonable_encoder(
    |            ^^^^^^^^^^^^^^^^^
    |   File "C:\Users\Lenovo\AppData\Local\Programs\Python\Python311\Lib\site-packages\fastapi\encoders.py", line 289, in jsonable_encoder
    |     encoded_value = jsonable_encoder(
    |                     ^^^^^^^^^^^^^^^^^
    |   File "C:\Users\Lenovo\AppData\Local\Programs\Python\Python311\Lib\site-packages\fastapi\encoders.py", line 337, in jsonable_encoder
    |     return jsonable_encoder(
    |            ^^^^^^^^^^^^^^^^^
    |   File "C:\Users\Lenovo\AppData\Local\Programs\Python\Python311\Lib\site-packages\fastapi\encoders.py", line 289, in jsonable_encoder
    |     encoded_value = jsonable_encoder(
    |                     ^^^^^^^^^^^^^^^^^
    |   File "C:\Users\Lenovo\AppData\Local\Programs\Python\Python311\Lib\site-packages\fastapi\encoders.py", line 337, in jsonable_encoder
    |     return jsonable_encoder(
    |            ^^^^^^^^^^^^^^^^^
    |   File "C:\Users\Lenovo\AppData\Local\Programs\Python\Python311\Lib\site-packages\fastapi\encoders.py", line 289, in jsonable_encoder
    |     encoded_value = jsonable_encoder(
    |                     ^^^^^^^^^^^^^^^^^
    |   File "C:\Users\Lenovo\AppData\Local\Programs\Python\Python311\Lib\site-packages\fastapi\encoders.py", line 337, in jsonable_encoder
    |     return jsonable_encoder(
    |            ^^^^^^^^^^^^^^^^^
    |   File "C:\Users\Lenovo\AppData\Local\Programs\Python\Python311\Lib\site-packages\fastapi\encoders.py", line 289, in jsonable_encoder
    |     encoded_value = jsonable_encoder(
    |                     ^^^^^^^^^^^^^^^^^
    |   File "C:\Users\Lenovo\AppData\Local\Programs\Python\Python311\Lib\site-packages\fastapi\encoders.py", line 337, in jsonable_encoder
    |     return jsonable_encoder(
    |            ^^^^^^^^^^^^^^^^^
    |   File "C:\Users\Lenovo\AppData\Local\Programs\Python\Python311\Lib\site-packages\fastapi\encoders.py", line 289, in jsonable_encoder
    |     encoded_value = jsonable_encoder(
    |                     ^^^^^^^^^^^^^^^^^
    |   File "C:\Users\Lenovo\AppData\Local\Programs\Python\Python311\Lib\site-packages\fastapi\encoders.py", line 337, in jsonable_encoder
    |     return jsonable_encoder(
    |            ^^^^^^^^^^^^^^^^^
    |   File "C:\Users\Lenovo\AppData\Local\Programs\Python\Python311\Lib\site-packages\fastapi\encoders.py", line 289, in jsonable_encoder
    |     encoded_value = jsonable_encoder(
    |                     ^^^^^^^^^^^^^^^^^
    |   File "C:\Users\Lenovo\AppData\Local\Programs\Python\Python311\Lib\site-packages\fastapi\encoders.py", line 337, in jsonable_encoder
    |     return jsonable_encoder(
    |            ^^^^^^^^^^^^^^^^^
    |   File "C:\Users\Lenovo\AppData\Local\Programs\Python\Python311\Lib\site-packages\fastapi\encoders.py", line 289, in jsonable_encoder
    |     encoded_value = jsonable_encoder(
    |                     ^^^^^^^^^^^^^^^^^
    |   File "C:\Users\Lenovo\AppData\Local\Programs\Python\Python311\Lib\site-packages\fastapi\encoders.py", line 337, in jsonable_encoder
    |     return jsonable_encoder(
    |            ^^^^^^^^^^^^^^^^^
    |   File "C:\Users\Lenovo\AppData\Local\Programs\Python\Python311\Lib\site-packages\fastapi\encoders.py", line 289, in jsonable_encoder
    |     encoded_value = jsonable_encoder(
    |                     ^^^^^^^^^^^^^^^^^
    |   File "C:\Users\Lenovo\AppData\Local\Programs\Python\Python311\Lib\site-packages\fastapi\encoders.py", line 337, in jsonable_encoder
    |     return jsonable_encoder(
    |            ^^^^^^^^^^^^^^^^^
    |   File "C:\Users\Lenovo\AppData\Local\Programs\Python\Python311\Lib\site-packages\fastapi\encoders.py", line 289, in jsonable_encoder
    |     encoded_value = jsonable_encoder(
    |                     ^^^^^^^^^^^^^^^^^
    |   File "C:\Users\Lenovo\AppData\Local\Programs\Python\Python311\Lib\site-packages\fastapi\encoders.py", line 337, in jsonable_encoder
    |     return jsonable_encoder(
    |            ^^^^^^^^^^^^^^^^^
    |   File "C:\Users\Lenovo\AppData\Local\Programs\Python\Python311\Lib\site-packages\fastapi\encoders.py", line 289, in jsonable_encoder
    |     encoded_value = jsonable_encoder(
    |                     ^^^^^^^^^^^^^^^^^
    |   File "C:\Users\Lenovo\AppData\Local\Programs\Python\Python311\Lib\site-packages\fastapi\encoders.py", line 337, in jsonable_encoder
    |     return jsonable_encoder(
    |            ^^^^^^^^^^^^^^^^^
    |   File "C:\Users\Lenovo\AppData\Local\Programs\Python\Python311\Lib\site-packages\fastapi\encoders.py", line 289, in jsonable_encoder
    |     encoded_value = jsonable_encoder(
    |                     ^^^^^^^^^^^^^^^^^
    |   File "C:\Users\Lenovo\AppData\Local\Programs\Python\Python311\Lib\site-packages\fastapi\encoders.py", line 337, in jsonable_encoder
    |     return jsonable_encoder(
    |            ^^^^^^^^^^^^^^^^^
    |   File "C:\Users\Lenovo\AppData\Local\Programs\Python\Python311\Lib\site-packages\fastapi\encoders.py", line 289, in jsonable_encoder
    |     encoded_value = jsonable_encoder(
    |                     ^^^^^^^^^^^^^^^^^
    |   File "C:\Users\Lenovo\AppData\Local\Programs\Python\Python311\Lib\site-packages\fastapi\encoders.py", line 337, in jsonable_encoder
    |     return jsonable_encoder(
    |            ^^^^^^^^^^^^^^^^^
    |   File "C:\Users\Lenovo\AppData\Local\Programs\Python\Python311\Lib\site-packages\fastapi\encoders.py", line 289, in jsonable_encoder
    |     encoded_value = jsonable_encoder(
    |                     ^^^^^^^^^^^^^^^^^
    |   File "C:\Users\Lenovo\AppData\Local\Programs\Python\Python311\Lib\site-packages\fastapi\encoders.py", line 337, in jsonable_encoder
    |     return jsonable_encoder(
    |            ^^^^^^^^^^^^^^^^^
    |   File "C:\Users\Lenovo\AppData\Local\Programs\Python\Python311\Lib\site-packages\fastapi\encoders.py", line 289, in jsonable_encoder
    |     encoded_value = jsonable_encoder(
    |                     ^^^^^^^^^^^^^^^^^
    |   File "C:\Users\Lenovo\AppData\Local\Programs\Python\Python311\Lib\site-packages\fastapi\encoders.py", line 337, in jsonable_encoder
    |     return jsonable_encoder(
    |            ^^^^^^^^^^^^^^^^^
    |   File "C:\Users\Lenovo\AppData\Local\Programs\Python\Python311\Lib\site-packages\fastapi\encoders.py", line 289, in jsonable_encoder
    |     encoded_value = jsonable_encoder(
    |                     ^^^^^^^^^^^^^^^^^
    |   File "C:\Users\Lenovo\AppData\Local\Programs\Python\Python311\Lib\site-packages\fastapi\encoders.py", line 337, in jsonable_encoder
    |     return jsonable_encoder(
    |            ^^^^^^^^^^^^^^^^^
    |   File "C:\Users\Lenovo\AppData\Local\Programs\Python\Python311\Lib\site-packages\fastapi\encoders.py", line 289, in jsonable_encoder
    |     encoded_value = jsonable_encoder(
    |                     ^^^^^^^^^^^^^^^^^
    |   File "C:\Users\Lenovo\AppData\Local\Programs\Python\Python311\Lib\site-packages\fastapi\encoders.py", line 337, in jsonable_encoder
    |     return jsonable_encoder(
    |            ^^^^^^^^^^^^^^^^^
    |   File "C:\Users\Lenovo\AppData\Local\Programs\Python\Python311\Lib\site-packages\fastapi\encoders.py", line 289, in jsonable_encoder
    |     encoded_value = jsonable_encoder(
    |                     ^^^^^^^^^^^^^^^^^
    |   File "C:\Users\Lenovo\AppData\Local\Programs\Python\Python311\Lib\site-packages\fastapi\encoders.py", line 337, in jsonable_encoder
    |     return jsonable_encoder(
    |            ^^^^^^^^^^^^^^^^^
    |   File "C:\Users\Lenovo\AppData\Local\Programs\Python\Python311\Lib\site-packages\fastapi\encoders.py", line 289, in jsonable_encoder
    |     encoded_value = jsonable_encoder(
    |                     ^^^^^^^^^^^^^^^^^
    |   File "C:\Users\Lenovo\AppData\Local\Programs\Python\Python311\Lib\site-packages\fastapi\encoders.py", line 337, in jsonable_encoder
    |     return jsonable_encoder(
    |            ^^^^^^^^^^^^^^^^^
    |   File "C:\Users\Lenovo\AppData\Local\Programs\Python\Python311\Lib\site-packages\fastapi\encoders.py", line 289, in jsonable_encoder
    |     encoded_value = jsonable_encoder(
    |                     ^^^^^^^^^^^^^^^^^
    |   File "C:\Users\Lenovo\AppData\Local\Programs\Python\Python311\Lib\site-packages\fastapi\encoders.py", line 337, in jsonable_encoder
    |     return jsonable_encoder(
    |            ^^^^^^^^^^^^^^^^^
    |   File "C:\Users\Lenovo\AppData\Local\Programs\Python\Python311\Lib\site-packages\fastapi\encoders.py", line 289, in jsonable_encoder
    |     encoded_value = jsonable_encoder(
    |                     ^^^^^^^^^^^^^^^^^
    |   File "C:\Users\Lenovo\AppData\Local\Programs\Python\Python311\Lib\site-packages\fastapi\encoders.py", line 337, in jsonable_encoder
    |     return jsonable_encoder(
    |            ^^^^^^^^^^^^^^^^^
    |   File "C:\Users\Lenovo\AppData\Local\Programs\Python\Python311\Lib\site-packages\fastapi\encoders.py", line 289, in jsonable_encoder
    |     encoded_value = jsonable_encoder(
    |                     ^^^^^^^^^^^^^^^^^
    |   File "C:\Users\Lenovo\AppData\Local\Programs\Python\Python311\Lib\site-packages\fastapi\encoders.py", line 337, in jsonable_encoder
    |     return jsonable_encoder(
    |            ^^^^^^^^^^^^^^^^^
    |   File "C:\Users\Lenovo\AppData\Local\Programs\Python\Python311\Lib\site-packages\fastapi\encoders.py", line 289, in jsonable_encoder
    |     encoded_value = jsonable_encoder(
    |                     ^^^^^^^^^^^^^^^^^
    |   File "C:\Users\Lenovo\AppData\Local\Programs\Python\Python311\Lib\site-packages\fastapi\encoders.py", line 337, in jsonable_encoder
    |     return jsonable_encoder(
    |            ^^^^^^^^^^^^^^^^^
    |   File "C:\Users\Lenovo\AppData\Local\Programs\Python\Python311\Lib\site-packages\fastapi\encoders.py", line 289, in jsonable_encoder
    |     encoded_value = jsonable_encoder(
    |                     ^^^^^^^^^^^^^^^^^
    |   File "C:\Users\Lenovo\AppData\Local\Programs\Python\Python311\Lib\site-packages\fastapi\encoders.py", line 337, in jsonable_encoder
    |     return jsonable_encoder(
    |            ^^^^^^^^^^^^^^^^^
    |   File "C:\Users\Lenovo\AppData\Local\Programs\Python\Python311\Lib\site-packages\fastapi\encoders.py", line 289, in jsonable_encoder
    |     encoded_value = jsonable_encoder(
    |                     ^^^^^^^^^^^^^^^^^
    |   File "C:\Users\Lenovo\AppData\Local\Programs\Python\Python311\Lib\site-packages\fastapi\encoders.py", line 337, in jsonable_encoder
    |     return jsonable_encoder(
    |            ^^^^^^^^^^^^^^^^^
    |   File "C:\Users\Lenovo\AppData\Local\Programs\Python\Python311\Lib\site-packages\fastapi\encoders.py", line 289, in jsonable_encoder
    |     encoded_value = jsonable_encoder(
    |                     ^^^^^^^^^^^^^^^^^
    |   File "C:\Users\Lenovo\AppData\Local\Programs\Python\Python311\Lib\site-packages\fastapi\encoders.py", line 337, in jsonable_encoder
    |     return jsonable_encoder(
    |            ^^^^^^^^^^^^^^^^^
    |   File "C:\Users\Lenovo\AppData\Local\Programs\Python\Python311\Lib\site-packages\fastapi\encoders.py", line 289, in jsonable_encoder
    |     encoded_value = jsonable_encoder(
    |                     ^^^^^^^^^^^^^^^^^
    |   File "C:\Users\Lenovo\AppData\Local\Programs\Python\Python311\Lib\site-packages\fastapi\encoders.py", line 337, in jsonable_encoder
    |     return jsonable_encoder(
    |            ^^^^^^^^^^^^^^^^^
    |   File "C:\Users\Lenovo\AppData\Local\Programs\Python\Python311\Lib\site-packages\fastapi\encoders.py", line 289, in jsonable_encoder
    |     encoded_value = jsonable_encoder(
    |                     ^^^^^^^^^^^^^^^^^
    |   File "C:\Users\Lenovo\AppData\Local\Programs\Python\Python311\Lib\site-packages\fastapi\encoders.py", line 337, in jsonable_encoder
    |     return jsonable_encoder(
    |            ^^^^^^^^^^^^^^^^^
    |   File "C:\Users\Lenovo\AppData\Local\Programs\Python\Python311\Lib\site-packages\fastapi\encoders.py", line 289, in jsonable_encoder
    |     encoded_value = jsonable_encoder(
    |                     ^^^^^^^^^^^^^^^^^
    |   File "C:\Users\Lenovo\AppData\Local\Programs\Python\Python311\Lib\site-packages\fastapi\encoders.py", line 337, in jsonable_encoder
    |     return jsonable_encoder(
    |            ^^^^^^^^^^^^^^^^^
    |   File "C:\Users\Lenovo\AppData\Local\Programs\Python\Python311\Lib\site-packages\fastapi\encoders.py", line 289, in jsonable_encoder
    |     encoded_value = jsonable_encoder(
    |                     ^^^^^^^^^^^^^^^^^
    |   File "C:\Users\Lenovo\AppData\Local\Programs\Python\Python311\Lib\site-packages\fastapi\encoders.py", line 337, in jsonable_encoder
    |     return jsonable_encoder(
    |            ^^^^^^^^^^^^^^^^^
    |   File "C:\Users\Lenovo\AppData\Local\Programs\Python\Python311\Lib\site-packages\fastapi\encoders.py", line 289, in jsonable_encoder
    |     encoded_value = jsonable_encoder(
    |                     ^^^^^^^^^^^^^^^^^
    |   File "C:\Users\Lenovo\AppData\Local\Programs\Python\Python311\Lib\site-packages\fastapi\encoders.py", line 337, in jsonable_encoder
    |     return jsonable_encoder(
    |            ^^^^^^^^^^^^^^^^^
    |   File "C:\Users\Lenovo\AppData\Local\Programs\Python\Python311\Lib\site-packages\fastapi\encoders.py", line 289, in jsonable_encoder
    |     encoded_value = jsonable_encoder(
    |                     ^^^^^^^^^^^^^^^^^
    |   File "C:\Users\Lenovo\AppData\Local\Programs\Python\Python311\Lib\site-packages\fastapi\encoders.py", line 337, in jsonable_encoder
    |     return jsonable_encoder(
    |            ^^^^^^^^^^^^^^^^^
    |   File "C:\Users\Lenovo\AppData\Local\Programs\Python\Python311\Lib\site-packages\fastapi\encoders.py", line 289, in jsonable_encoder
    |     encoded_value = jsonable_encoder(
    |                     ^^^^^^^^^^^^^^^^^
    |   File "C:\Users\Lenovo\AppData\Local\Programs\Python\Python311\Lib\site-packages\fastapi\encoders.py", line 337, in jsonable_encoder
    |     return jsonable_encoder(
    |            ^^^^^^^^^^^^^^^^^
    |   File "C:\Users\Lenovo\AppData\Local\Programs\Python\Python311\Lib\site-packages\fastapi\encoders.py", line 289, in jsonable_encoder
    |     encoded_value = jsonable_encoder(
    |                     ^^^^^^^^^^^^^^^^^
    |   File "C:\Users\Lenovo\AppData\Local\Programs\Python\Python311\Lib\site-packages\fastapi\encoders.py", line 337, in jsonable_encoder
    |     return jsonable_encoder(
    |            ^^^^^^^^^^^^^^^^^
    |   File "C:\Users\Lenovo\AppData\Local\Programs\Python\Python311\Lib\site-packages\fastapi\encoders.py", line 289, in jsonable_encoder
    |     encoded_value = jsonable_encoder(
    |                     ^^^^^^^^^^^^^^^^^
    |   File "C:\Users\Lenovo\AppData\Local\Programs\Python\Python311\Lib\site-packages\fastapi\encoders.py", line 337, in jsonable_encoder
    |     return jsonable_encoder(
    |            ^^^^^^^^^^^^^^^^^
    |   File "C:\Users\Lenovo\AppData\Local\Programs\Python\Python311\Lib\site-packages\fastapi\encoders.py", line 289, in jsonable_encoder
    |     encoded_value = jsonable_encoder(
    |                     ^^^^^^^^^^^^^^^^^
    |   File "C:\Users\Lenovo\AppData\Local\Programs\Python\Python311\Lib\site-packages\fastapi\encoders.py", line 337, in jsonable_encoder
    |     return jsonable_encoder(
    |            ^^^^^^^^^^^^^^^^^
    |   File "C:\Users\Lenovo\AppData\Local\Programs\Python\Python311\Lib\site-packages\fastapi\encoders.py", line 289, in jsonable_encoder
    |     encoded_value = jsonable_encoder(
    |                     ^^^^^^^^^^^^^^^^^
    |   File "C:\Users\Lenovo\AppData\Local\Programs\Python\Python311\Lib\site-packages\fastapi\encoders.py", line 337, in jsonable_encoder
    |     return jsonable_encoder(
    |            ^^^^^^^^^^^^^^^^^
    |   File "C:\Users\Lenovo\AppData\Local\Programs\Python\Python311\Lib\site-packages\fastapi\encoders.py", line 289, in jsonable_encoder
    |     encoded_value = jsonable_encoder(
    |                     ^^^^^^^^^^^^^^^^^
    |   File "C:\Users\Lenovo\AppData\Local\Programs\Python\Python311\Lib\site-packages\fastapi\encoders.py", line 337, in jsonable_encoder
    |     return jsonable_encoder(
    |            ^^^^^^^^^^^^^^^^^
    |   File "C:\Users\Lenovo\AppData\Local\Programs\Python\Python311\Lib\site-packages\fastapi\encoders.py", line 289, in jsonable_encoder
    |     encoded_value = jsonable_encoder(
    |                     ^^^^^^^^^^^^^^^^^
    |   File "C:\Users\Lenovo\AppData\Local\Programs\Python\Python311\Lib\site-packages\fastapi\encoders.py", line 337, in jsonable_encoder
    |     return jsonable_encoder(
    |            ^^^^^^^^^^^^^^^^^
    |   File "C:\Users\Lenovo\AppData\Local\Programs\Python\Python311\Lib\site-packages\fastapi\encoders.py", line 289, in jsonable_encoder
    |     encoded_value = jsonable_encoder(
    |                     ^^^^^^^^^^^^^^^^^
    |   File "C:\Users\Lenovo\AppData\Local\Programs\Python\Python311\Lib\site-packages\fastapi\encoders.py", line 337, in jsonable_encoder
    |     return jsonable_encoder(
    |            ^^^^^^^^^^^^^^^^^
    |   File "C:\Users\Lenovo\AppData\Local\Programs\Python\Python311\Lib\site-packages\fastapi\encoders.py", line 289, in jsonable_encoder
    |     encoded_value = jsonable_encoder(
    |                     ^^^^^^^^^^^^^^^^^
    |   File "C:\Users\Lenovo\AppData\Local\Programs\Python\Python311\Lib\site-packages\fastapi\encoders.py", line 337, in jsonable_encoder
    |     return jsonable_encoder(
    |            ^^^^^^^^^^^^^^^^^
    |   File "C:\Users\Lenovo\AppData\Local\Programs\Python\Python311\Lib\site-packages\fastapi\encoders.py", line 289, in jsonable_encoder
    |     encoded_value = jsonable_encoder(
    |                     ^^^^^^^^^^^^^^^^^
    |   File "C:\Users\Lenovo\AppData\Local\Programs\Python\Python311\Lib\site-packages\fastapi\encoders.py", line 337, in jsonable_encoder
    |     return jsonable_encoder(
    |            ^^^^^^^^^^^^^^^^^
    |   File "C:\Users\Lenovo\AppData\Local\Programs\Python\Python311\Lib\site-packages\fastapi\encoders.py", line 289, in jsonable_encoder
    |     encoded_value = jsonable_encoder(
    |                     ^^^^^^^^^^^^^^^^^
    |   File "C:\Users\Lenovo\AppData\Local\Programs\Python\Python311\Lib\site-packages\fastapi\encoders.py", line 337, in jsonable_encoder
    |     return jsonable_encoder(
    |            ^^^^^^^^^^^^^^^^^
    |   File "C:\Users\Lenovo\AppData\Local\Programs\Python\Python311\Lib\site-packages\fastapi\encoders.py", line 289, in jsonable_encoder
    |     encoded_value = jsonable_encoder(
    |                     ^^^^^^^^^^^^^^^^^
    |   File "C:\Users\Lenovo\AppData\Local\Programs\Python\Python311\Lib\site-packages\fastapi\encoders.py", line 337, in jsonable_encoder
    |     return jsonable_encoder(
    |            ^^^^^^^^^^^^^^^^^
    |   File "C:\Users\Lenovo\AppData\Local\Programs\Python\Python311\Lib\site-packages\fastapi\encoders.py", line 289, in jsonable_encoder
    |     encoded_value = jsonable_encoder(
    |                     ^^^^^^^^^^^^^^^^^
    |   File "C:\Users\Lenovo\AppData\Local\Programs\Python\Python311\Lib\site-packages\fastapi\encoders.py", line 337, in jsonable_encoder
    |     return jsonable_encoder(
    |            ^^^^^^^^^^^^^^^^^
    |   File "C:\Users\Lenovo\AppData\Local\Programs\Python\Python311\Lib\site-packages\fastapi\encoders.py", line 289, in jsonable_encoder
    |     encoded_value = jsonable_encoder(
    |                     ^^^^^^^^^^^^^^^^^
    |   File "C:\Users\Lenovo\AppData\Local\Programs\Python\Python311\Lib\site-packages\fastapi\encoders.py", line 337, in jsonable_encoder
    |     return jsonable_encoder(
    |            ^^^^^^^^^^^^^^^^^
    |   File "C:\Users\Lenovo\AppData\Local\Programs\Python\Python311\Lib\site-packages\fastapi\encoders.py", line 289, in jsonable_encoder
    |     encoded_value = jsonable_encoder(
    |                     ^^^^^^^^^^^^^^^^^
    |   File "C:\Users\Lenovo\AppData\Local\Programs\Python\Python311\Lib\site-packages\fastapi\encoders.py", line 337, in jsonable_encoder
    |     return jsonable_encoder(
    |            ^^^^^^^^^^^^^^^^^
    |   File "C:\Users\Lenovo\AppData\Local\Programs\Python\Python311\Lib\site-packages\fastapi\encoders.py", line 289, in jsonable_encoder
    |     encoded_value = jsonable_encoder(
    |                     ^^^^^^^^^^^^^^^^^
    |   File "C:\Users\Lenovo\AppData\Local\Programs\Python\Python311\Lib\site-packages\fastapi\encoders.py", line 337, in jsonable_encoder
    |     return jsonable_encoder(
    |            ^^^^^^^^^^^^^^^^^
    |   File "C:\Users\Lenovo\AppData\Local\Programs\Python\Python311\Lib\site-packages\fastapi\encoders.py", line 289, in jsonable_encoder
    |     encoded_value = jsonable_encoder(
    |                     ^^^^^^^^^^^^^^^^^
    |   File "C:\Users\Lenovo\AppData\Local\Programs\Python\Python311\Lib\site-packages\fastapi\encoders.py", line 337, in jsonable_encoder
    |     return jsonable_encoder(
    |            ^^^^^^^^^^^^^^^^^
    |   File "C:\Users\Lenovo\AppData\Local\Programs\Python\Python311\Lib\site-packages\fastapi\encoders.py", line 289, in jsonable_encoder
    |     encoded_value = jsonable_encoder(
    |                     ^^^^^^^^^^^^^^^^^
    |   File "C:\Users\Lenovo\AppData\Local\Programs\Python\Python311\Lib\site-packages\fastapi\encoders.py", line 337, in jsonable_encoder
    |     return jsonable_encoder(
    |            ^^^^^^^^^^^^^^^^^
    |   File "C:\Users\Lenovo\AppData\Local\Programs\Python\Python311\Lib\site-packages\fastapi\encoders.py", line 289, in jsonable_encoder
    |     encoded_value = jsonable_encoder(
    |                     ^^^^^^^^^^^^^^^^^
    |   File "C:\Users\Lenovo\AppData\Local\Programs\Python\Python311\Lib\site-packages\fastapi\encoders.py", line 337, in jsonable_encoder
    |     return jsonable_encoder(
    |            ^^^^^^^^^^^^^^^^^
    |   File "C:\Users\Lenovo\AppData\Local\Programs\Python\Python311\Lib\site-packages\fastapi\encoders.py", line 289, in jsonable_encoder
    |     encoded_value = jsonable_encoder(
    |                     ^^^^^^^^^^^^^^^^^
    |   File "C:\Users\Lenovo\AppData\Local\Programs\Python\Python311\Lib\site-packages\fastapi\encoders.py", line 337, in jsonable_encoder
    |     return jsonable_encoder(
    |            ^^^^^^^^^^^^^^^^^
    |   File "C:\Users\Lenovo\AppData\Local\Programs\Python\Python311\Lib\site-packages\fastapi\encoders.py", line 289, in jsonable_encoder
    |     encoded_value = jsonable_encoder(
    |                     ^^^^^^^^^^^^^^^^^
    |   File "C:\Users\Lenovo\AppData\Local\Programs\Python\Python311\Lib\site-packages\fastapi\encoders.py", line 337, in jsonable_encoder
    |     return jsonable_encoder(
    |            ^^^^^^^^^^^^^^^^^
    |   File "C:\Users\Lenovo\AppData\Local\Programs\Python\Python311\Lib\site-packages\fastapi\encoders.py", line 289, in jsonable_encoder
    |     encoded_value = jsonable_encoder(
    |                     ^^^^^^^^^^^^^^^^^
    |   File "C:\Users\Lenovo\AppData\Local\Programs\Python\Python311\Lib\site-packages\fastapi\encoders.py", line 337, in jsonable_encoder
    |     return jsonable_encoder(
    |            ^^^^^^^^^^^^^^^^^
    |   File "C:\Users\Lenovo\AppData\Local\Programs\Python\Python311\Lib\site-packages\fastapi\encoders.py", line 289, in jsonable_encoder
    |     encoded_value = jsonable_encoder(
    |                     ^^^^^^^^^^^^^^^^^
    |   File "C:\Users\Lenovo\AppData\Local\Programs\Python\Python311\Lib\site-packages\fastapi\encoders.py", line 337, in jsonable_encoder
    |     return jsonable_encoder(
    |            ^^^^^^^^^^^^^^^^^
    |   File "C:\Users\Lenovo\AppData\Local\Programs\Python\Python311\Lib\site-packages\fastapi\encoders.py", line 289, in jsonable_encoder
    |     encoded_value = jsonable_encoder(
    |                     ^^^^^^^^^^^^^^^^^
    |   File "C:\Users\Lenovo\AppData\Local\Programs\Python\Python311\Lib\site-packages\fastapi\encoders.py", line 337, in jsonable_encoder
    |     return jsonable_encoder(
    |            ^^^^^^^^^^^^^^^^^
    |   File "C:\Users\Lenovo\AppData\Local\Programs\Python\Python311\Lib\site-packages\fastapi\encoders.py", line 289, in jsonable_encoder
    |     encoded_value = jsonable_encoder(
    |                     ^^^^^^^^^^^^^^^^^
    |   File "C:\Users\Lenovo\AppData\Local\Programs\Python\Python311\Lib\site-packages\fastapi\encoders.py", line 337, in jsonable_encoder
    |     return jsonable_encoder(
    |            ^^^^^^^^^^^^^^^^^
    |   File "C:\Users\Lenovo\AppData\Local\Programs\Python\Python311\Lib\site-packages\fastapi\encoders.py", line 289, in jsonable_encoder
    |     encoded_value = jsonable_encoder(
    |                     ^^^^^^^^^^^^^^^^^
    |   File "C:\Users\Lenovo\AppData\Local\Programs\Python\Python311\Lib\site-packages\fastapi\encoders.py", line 337, in jsonable_encoder
    |     return jsonable_encoder(
    |            ^^^^^^^^^^^^^^^^^
    |   File "C:\Users\Lenovo\AppData\Local\Programs\Python\Python311\Lib\site-packages\fastapi\encoders.py", line 289, in jsonable_encoder
    |     encoded_value = jsonable_encoder(
    |                     ^^^^^^^^^^^^^^^^^
    |   File "C:\Users\Lenovo\AppData\Local\Programs\Python\Python311\Lib\site-packages\fastapi\encoders.py", line 337, in jsonable_encoder
    |     return jsonable_encoder(
    |            ^^^^^^^^^^^^^^^^^
    |   File "C:\Users\Lenovo\AppData\Local\Programs\Python\Python311\Lib\site-packages\fastapi\encoders.py", line 289, in jsonable_encoder
    |     encoded_value = jsonable_encoder(
    |                     ^^^^^^^^^^^^^^^^^
    |   File "C:\Users\Lenovo\AppData\Local\Programs\Python\Python311\Lib\site-packages\fastapi\encoders.py", line 337, in jsonable_encoder
    |     return jsonable_encoder(
    |            ^^^^^^^^^^^^^^^^^
    |   File "C:\Users\Lenovo\AppData\Local\Programs\Python\Python311\Lib\site-packages\fastapi\encoders.py", line 289, in jsonable_encoder
    |     encoded_value = jsonable_encoder(
    |                     ^^^^^^^^^^^^^^^^^
    |   File "C:\Users\Lenovo\AppData\Local\Programs\Python\Python311\Lib\site-packages\fastapi\encoders.py", line 337, in jsonable_encoder
    |     return jsonable_encoder(
    |            ^^^^^^^^^^^^^^^^^
    |   File "C:\Users\Lenovo\AppData\Local\Programs\Python\Python311\Lib\site-packages\fastapi\encoders.py", line 289, in jsonable_encoder
    |     encoded_value = jsonable_encoder(
    |                     ^^^^^^^^^^^^^^^^^
    |   File "C:\Users\Lenovo\AppData\Local\Programs\Python\Python311\Lib\site-packages\fastapi\encoders.py", line 337, in jsonable_encoder
    |     return jsonable_encoder(
    |            ^^^^^^^^^^^^^^^^^
    |   File "C:\Users\Lenovo\AppData\Local\Programs\Python\Python311\Lib\site-packages\fastapi\encoders.py", line 289, in jsonable_encoder
    |     encoded_value = jsonable_encoder(
    |                     ^^^^^^^^^^^^^^^^^
    |   File "C:\Users\Lenovo\AppData\Local\Programs\Python\Python311\Lib\site-packages\fastapi\encoders.py", line 337, in jsonable_encoder
    |     return jsonable_encoder(
    |            ^^^^^^^^^^^^^^^^^
    |   File "C:\Users\Lenovo\AppData\Local\Programs\Python\Python311\Lib\site-packages\fastapi\encoders.py", line 289, in jsonable_encoder
    |     encoded_value = jsonable_encoder(
    |                     ^^^^^^^^^^^^^^^^^
    |   File "C:\Users\Lenovo\AppData\Local\Programs\Python\Python311\Lib\site-packages\fastapi\encoders.py", line 337, in jsonable_encoder
    |     return jsonable_encoder(
    |            ^^^^^^^^^^^^^^^^^
    |   File "C:\Users\Lenovo\AppData\Local\Programs\Python\Python311\Lib\site-packages\fastapi\encoders.py", line 289, in jsonable_encoder
    |     encoded_value = jsonable_encoder(
    |                     ^^^^^^^^^^^^^^^^^
    |   File "C:\Users\Lenovo\AppData\Local\Programs\Python\Python311\Lib\site-packages\fastapi\encoders.py", line 337, in jsonable_encoder
    |     return jsonable_encoder(
    |            ^^^^^^^^^^^^^^^^^
    |   File "C:\Users\Lenovo\AppData\Local\Programs\Python\Python311\Lib\site-packages\fastapi\encoders.py", line 289, in jsonable_encoder
    |     encoded_value = jsonable_encoder(
    |                     ^^^^^^^^^^^^^^^^^
    |   File "C:\Users\Lenovo\AppData\Local\Programs\Python\Python311\Lib\site-packages\fastapi\encoders.py", line 337, in jsonable_encoder
    |     return jsonable_encoder(
    |            ^^^^^^^^^^^^^^^^^
    |   File "C:\Users\Lenovo\AppData\Local\Programs\Python\Python311\Lib\site-packages\fastapi\encoders.py", line 289, in jsonable_encoder
    |     encoded_value = jsonable_encoder(
    |                     ^^^^^^^^^^^^^^^^^
    |   File "C:\Users\Lenovo\AppData\Local\Programs\Python\Python311\Lib\site-packages\fastapi\encoders.py", line 337, in jsonable_encoder
    |     return jsonable_encoder(
    |            ^^^^^^^^^^^^^^^^^
    |   File "C:\Users\Lenovo\AppData\Local\Programs\Python\Python311\Lib\site-packages\fastapi\encoders.py", line 289, in jsonable_encoder
    |     encoded_value = jsonable_encoder(
    |                     ^^^^^^^^^^^^^^^^^
    |   File "C:\Users\Lenovo\AppData\Local\Programs\Python\Python311\Lib\site-packages\fastapi\encoders.py", line 337, in jsonable_encoder
    |     return jsonable_encoder(
    |            ^^^^^^^^^^^^^^^^^
    |   File "C:\Users\Lenovo\AppData\Local\Programs\Python\Python311\Lib\site-packages\fastapi\encoders.py", line 289, in jsonable_encoder
    |     encoded_value = jsonable_encoder(
    |                     ^^^^^^^^^^^^^^^^^
    |   File "C:\Users\Lenovo\AppData\Local\Programs\Python\Python311\Lib\site-packages\fastapi\encoders.py", line 337, in jsonable_encoder
    |     return jsonable_encoder(
    |            ^^^^^^^^^^^^^^^^^
    |   File "C:\Users\Lenovo\AppData\Local\Programs\Python\Python311\Lib\site-packages\fastapi\encoders.py", line 289, in jsonable_encoder
    |     encoded_value = jsonable_encoder(
    |                     ^^^^^^^^^^^^^^^^^
    |   File "C:\Users\Lenovo\AppData\Local\Programs\Python\Python311\Lib\site-packages\fastapi\encoders.py", line 337, in jsonable_encoder
    |     return jsonable_encoder(
    |            ^^^^^^^^^^^^^^^^^
    |   File "C:\Users\Lenovo\AppData\Local\Programs\Python\Python311\Lib\site-packages\fastapi\encoders.py", line 289, in jsonable_encoder
    |     encoded_value = jsonable_encoder(
    |                     ^^^^^^^^^^^^^^^^^
    |   File "C:\Users\Lenovo\AppData\Local\Programs\Python\Python311\Lib\site-packages\fastapi\encoders.py", line 337, in jsonable_encoder
    |     return jsonable_encoder(
    |            ^^^^^^^^^^^^^^^^^
    |   File "C:\Users\Lenovo\AppData\Local\Programs\Python\Python311\Lib\site-packages\fastapi\encoders.py", line 289, in jsonable_encoder
    |     encoded_value = jsonable_encoder(
    |                     ^^^^^^^^^^^^^^^^^
    |   File "C:\Users\Lenovo\AppData\Local\Programs\Python\Python311\Lib\site-packages\fastapi\encoders.py", line 337, in jsonable_encoder
    |     return jsonable_encoder(
    |            ^^^^^^^^^^^^^^^^^
    |   File "C:\Users\Lenovo\AppData\Local\Programs\Python\Python311\Lib\site-packages\fastapi\encoders.py", line 289, in jsonable_encoder
    |     encoded_value = jsonable_encoder(
    |                     ^^^^^^^^^^^^^^^^^
    |   File "C:\Users\Lenovo\AppData\Local\Programs\Python\Python311\Lib\site-packages\fastapi\encoders.py", line 337, in jsonable_encoder
    |     return jsonable_encoder(
    |            ^^^^^^^^^^^^^^^^^
    |   File "C:\Users\Lenovo\AppData\Local\Programs\Python\Python311\Lib\site-packages\fastapi\encoders.py", line 289, in jsonable_encoder
    |     encoded_value = jsonable_encoder(
    |                     ^^^^^^^^^^^^^^^^^
    |   File "C:\Users\Lenovo\AppData\Local\Programs\Python\Python311\Lib\site-packages\fastapi\encoders.py", line 337, in jsonable_encoder
    |     return jsonable_encoder(
    |            ^^^^^^^^^^^^^^^^^
    |   File "C:\Users\Lenovo\AppData\Local\Programs\Python\Python311\Lib\site-packages\fastapi\encoders.py", line 289, in jsonable_encoder
    |     encoded_value = jsonable_encoder(
    |                     ^^^^^^^^^^^^^^^^^
    |   File "C:\Users\Lenovo\AppData\Local\Programs\Python\Python311\Lib\site-packages\fastapi\encoders.py", line 337, in jsonable_encoder
    |     return jsonable_encoder(
    |            ^^^^^^^^^^^^^^^^^
    |   File "C:\Users\Lenovo\AppData\Local\Programs\Python\Python311\Lib\site-packages\fastapi\encoders.py", line 289, in jsonable_encoder
    |     encoded_value = jsonable_encoder(
    |                     ^^^^^^^^^^^^^^^^^
    |   File "C:\Users\Lenovo\AppData\Local\Programs\Python\Python311\Lib\site-packages\fastapi\encoders.py", line 337, in jsonable_encoder
    |     return jsonable_encoder(
    |            ^^^^^^^^^^^^^^^^^
    |   File "C:\Users\Lenovo\AppData\Local\Programs\Python\Python311\Lib\site-packages\fastapi\encoders.py", line 289, in jsonable_encoder
    |     encoded_value = jsonable_encoder(
    |                     ^^^^^^^^^^^^^^^^^
    |   File "C:\Users\Lenovo\AppData\Local\Programs\Python\Python311\Lib\site-packages\fastapi\encoders.py", line 337, in jsonable_encoder
    |     return jsonable_encoder(
    |            ^^^^^^^^^^^^^^^^^
    |   File "C:\Users\Lenovo\AppData\Local\Programs\Python\Python311\Lib\site-packages\fastapi\encoders.py", line 289, in jsonable_encoder
    |     encoded_value = jsonable_encoder(
    |                     ^^^^^^^^^^^^^^^^^
    |   File "C:\Users\Lenovo\AppData\Local\Programs\Python\Python311\Lib\site-packages\fastapi\encoders.py", line 337, in jsonable_encoder
    |     return jsonable_encoder(
    |            ^^^^^^^^^^^^^^^^^
    |   File "C:\Users\Lenovo\AppData\Local\Programs\Python\Python311\Lib\site-packages\fastapi\encoders.py", line 289, in jsonable_encoder
    |     encoded_value = jsonable_encoder(
    |                     ^^^^^^^^^^^^^^^^^
    |   File "C:\Users\Lenovo\AppData\Local\Programs\Python\Python311\Lib\site-packages\fastapi\encoders.py", line 337, in jsonable_encoder
    |     return jsonable_encoder(
    |            ^^^^^^^^^^^^^^^^^
    |   File "C:\Users\Lenovo\AppData\Local\Programs\Python\Python311\Lib\site-packages\fastapi\encoders.py", line 289, in jsonable_encoder
    |     encoded_value = jsonable_encoder(
    |                     ^^^^^^^^^^^^^^^^^
    |   File "C:\Users\Lenovo\AppData\Local\Programs\Python\Python311\Lib\site-packages\fastapi\encoders.py", line 337, in jsonable_encoder
    |     return jsonable_encoder(
    |            ^^^^^^^^^^^^^^^^^
    |   File "C:\Users\Lenovo\AppData\Local\Programs\Python\Python311\Lib\site-packages\fastapi\encoders.py", line 289, in jsonable_encoder
    |     encoded_value = jsonable_encoder(
    |                     ^^^^^^^^^^^^^^^^^
    |   File "C:\Users\Lenovo\AppData\Local\Programs\Python\Python311\Lib\site-packages\fastapi\encoders.py", line 337, in jsonable_encoder
    |     return jsonable_encoder(
    |            ^^^^^^^^^^^^^^^^^
    |   File "C:\Users\Lenovo\AppData\Local\Programs\Python\Python311\Lib\site-packages\fastapi\encoders.py", line 289, in jsonable_encoder
    |     encoded_value = jsonable_encoder(
    |                     ^^^^^^^^^^^^^^^^^
    |   File "C:\Users\Lenovo\AppData\Local\Programs\Python\Python311\Lib\site-packages\fastapi\encoders.py", line 337, in jsonable_encoder
    |     return jsonable_encoder(
    |            ^^^^^^^^^^^^^^^^^
    |   File "C:\Users\Lenovo\AppData\Local\Programs\Python\Python311\Lib\site-packages\fastapi\encoders.py", line 289, in jsonable_encoder
    |     encoded_value = jsonable_encoder(
    |                     ^^^^^^^^^^^^^^^^^
    |   File "C:\Users\Lenovo\AppData\Local\Programs\Python\Python311\Lib\site-packages\fastapi\encoders.py", line 337, in jsonable_encoder
    |     return jsonable_encoder(
    |            ^^^^^^^^^^^^^^^^^
    |   File "C:\Users\Lenovo\AppData\Local\Programs\Python\Python311\Lib\site-packages\fastapi\encoders.py", line 289, in jsonable_encoder
    |     encoded_value = jsonable_encoder(
    |                     ^^^^^^^^^^^^^^^^^
    |   File "C:\Users\Lenovo\AppData\Local\Programs\Python\Python311\Lib\site-packages\fastapi\encoders.py", line 337, in jsonable_encoder
    |     return jsonable_encoder(
    |            ^^^^^^^^^^^^^^^^^
    |   File "C:\Users\Lenovo\AppData\Local\Programs\Python\Python311\Lib\site-packages\fastapi\encoders.py", line 289, in jsonable_encoder
    |     encoded_value = jsonable_encoder(
    |                     ^^^^^^^^^^^^^^^^^
    |   File "C:\Users\Lenovo\AppData\Local\Programs\Python\Python311\Lib\site-packages\fastapi\encoders.py", line 337, in jsonable_encoder
    |     return jsonable_encoder(
    |            ^^^^^^^^^^^^^^^^^
    |   File "C:\Users\Lenovo\AppData\Local\Programs\Python\Python311\Lib\site-packages\fastapi\encoders.py", line 289, in jsonable_encoder
    |     encoded_value = jsonable_encoder(
    |                     ^^^^^^^^^^^^^^^^^
    |   File "C:\Users\Lenovo\AppData\Local\Programs\Python\Python311\Lib\site-packages\fastapi\encoders.py", line 337, in jsonable_encoder
    |     return jsonable_encoder(
    |            ^^^^^^^^^^^^^^^^^
    |   File "C:\Users\Lenovo\AppData\Local\Programs\Python\Python311\Lib\site-packages\fastapi\encoders.py", line 289, in jsonable_encoder
    |     encoded_value = jsonable_encoder(
    |                     ^^^^^^^^^^^^^^^^^
    |   File "C:\Users\Lenovo\AppData\Local\Programs\Python\Python311\Lib\site-packages\fastapi\encoders.py", line 337, in jsonable_encoder
    |     return jsonable_encoder(
    |            ^^^^^^^^^^^^^^^^^
    |   File "C:\Users\Lenovo\AppData\Local\Programs\Python\Python311\Lib\site-packages\fastapi\encoders.py", line 289, in jsonable_encoder
    |     encoded_value = jsonable_encoder(
    |                     ^^^^^^^^^^^^^^^^^
    |   File "C:\Users\Lenovo\AppData\Local\Programs\Python\Python311\Lib\site-packages\fastapi\encoders.py", line 337, in jsonable_encoder
    |     return jsonable_encoder(
    |            ^^^^^^^^^^^^^^^^^
    |   File "C:\Users\Lenovo\AppData\Local\Programs\Python\Python311\Lib\site-packages\fastapi\encoders.py", line 289, in jsonable_encoder
    |     encoded_value = jsonable_encoder(
    |                     ^^^^^^^^^^^^^^^^^
    |   File "C:\Users\Lenovo\AppData\Local\Programs\Python\Python311\Lib\site-packages\fastapi\encoders.py", line 337, in jsonable_encoder
    |     return jsonable_encoder(
    |            ^^^^^^^^^^^^^^^^^
    |   File "C:\Users\Lenovo\AppData\Local\Programs\Python\Python311\Lib\site-packages\fastapi\encoders.py", line 289, in jsonable_encoder
    |     encoded_value = jsonable_encoder(
    |                     ^^^^^^^^^^^^^^^^^
    |   File "C:\Users\Lenovo\AppData\Local\Programs\Python\Python311\Lib\site-packages\fastapi\encoders.py", line 337, in jsonable_encoder
    |     return jsonable_encoder(
    |            ^^^^^^^^^^^^^^^^^
    |   File "C:\Users\Lenovo\AppData\Local\Programs\Python\Python311\Lib\site-packages\fastapi\encoders.py", line 289, in jsonable_encoder
    |     encoded_value = jsonable_encoder(
    |                     ^^^^^^^^^^^^^^^^^
    |   File "C:\Users\Lenovo\AppData\Local\Programs\Python\Python311\Lib\site-packages\fastapi\encoders.py", line 337, in jsonable_encoder
    |     return jsonable_encoder(
    |            ^^^^^^^^^^^^^^^^^
    |   File "C:\Users\Lenovo\AppData\Local\Programs\Python\Python311\Lib\site-packages\fastapi\encoders.py", line 289, in jsonable_encoder
    |     encoded_value = jsonable_encoder(
    |                     ^^^^^^^^^^^^^^^^^
    |   File "C:\Users\Lenovo\AppData\Local\Programs\Python\Python311\Lib\site-packages\fastapi\encoders.py", line 337, in jsonable_encoder
    |     return jsonable_encoder(
    |            ^^^^^^^^^^^^^^^^^
    |   File "C:\Users\Lenovo\AppData\Local\Programs\Python\Python311\Lib\site-packages\fastapi\encoders.py", line 289, in jsonable_encoder
    |     encoded_value = jsonable_encoder(
    |                     ^^^^^^^^^^^^^^^^^
    |   File "C:\Users\Lenovo\AppData\Local\Programs\Python\Python311\Lib\site-packages\fastapi\encoders.py", line 337, in jsonable_encoder
    |     return jsonable_encoder(
    |            ^^^^^^^^^^^^^^^^^
    |   File "C:\Users\Lenovo\AppData\Local\Programs\Python\Python311\Lib\site-packages\fastapi\encoders.py", line 289, in jsonable_encoder
    |     encoded_value = jsonable_encoder(
    |                     ^^^^^^^^^^^^^^^^^
    |   File "C:\Users\Lenovo\AppData\Local\Programs\Python\Python311\Lib\site-packages\fastapi\encoders.py", line 337, in jsonable_encoder
    |     return jsonable_encoder(
    |            ^^^^^^^^^^^^^^^^^
    |   File "C:\Users\Lenovo\AppData\Local\Programs\Python\Python311\Lib\site-packages\fastapi\encoders.py", line 289, in jsonable_encoder
    |     encoded_value = jsonable_encoder(
    |                     ^^^^^^^^^^^^^^^^^
    |   File "C:\Users\Lenovo\AppData\Local\Programs\Python\Python311\Lib\site-packages\fastapi\encoders.py", line 337, in jsonable_encoder
    |     return jsonable_encoder(
    |            ^^^^^^^^^^^^^^^^^
    |   File "C:\Users\Lenovo\AppData\Local\Programs\Python\Python311\Lib\site-packages\fastapi\encoders.py", line 289, in jsonable_encoder
    |     encoded_value = jsonable_encoder(
    |                     ^^^^^^^^^^^^^^^^^
    |   File "C:\Users\Lenovo\AppData\Local\Programs\Python\Python311\Lib\site-packages\fastapi\encoders.py", line 337, in jsonable_encoder
    |     return jsonable_encoder(
    |            ^^^^^^^^^^^^^^^^^
    |   File "C:\Users\Lenovo\AppData\Local\Programs\Python\Python311\Lib\site-packages\fastapi\encoders.py", line 289, in jsonable_encoder
    |     encoded_value = jsonable_encoder(
    |                     ^^^^^^^^^^^^^^^^^
    |   File "C:\Users\Lenovo\AppData\Local\Programs\Python\Python311\Lib\site-packages\fastapi\encoders.py", line 337, in jsonable_encoder
    |     return jsonable_encoder(
    |            ^^^^^^^^^^^^^^^^^
    |   File "C:\Users\Lenovo\AppData\Local\Programs\Python\Python311\Lib\site-packages\fastapi\encoders.py", line 289, in jsonable_encoder
    |     encoded_value = jsonable_encoder(
    |                     ^^^^^^^^^^^^^^^^^
    |   File "C:\Users\Lenovo\AppData\Local\Programs\Python\Python311\Lib\site-packages\fastapi\encoders.py", line 337, in jsonable_encoder
    |     return jsonable_encoder(
    |            ^^^^^^^^^^^^^^^^^
    |   File "C:\Users\Lenovo\AppData\Local\Programs\Python\Python311\Lib\site-packages\fastapi\encoders.py", line 289, in jsonable_encoder
    |     encoded_value = jsonable_encoder(
    |                     ^^^^^^^^^^^^^^^^^
    |   File "C:\Users\Lenovo\AppData\Local\Programs\Python\Python311\Lib\site-packages\fastapi\encoders.py", line 337, in jsonable_encoder
    |     return jsonable_encoder(
    |            ^^^^^^^^^^^^^^^^^
    |   File "C:\Users\Lenovo\AppData\Local\Programs\Python\Python311\Lib\site-packages\fastapi\encoders.py", line 289, in jsonable_encoder
    |     encoded_value = jsonable_encoder(
    |                     ^^^^^^^^^^^^^^^^^
    |   File "C:\Users\Lenovo\AppData\Local\Programs\Python\Python311\Lib\site-packages\fastapi\encoders.py", line 337, in jsonable_encoder
    |     return jsonable_encoder(
    |            ^^^^^^^^^^^^^^^^^
    |   File "C:\Users\Lenovo\AppData\Local\Programs\Python\Python311\Lib\site-packages\fastapi\encoders.py", line 289, in jsonable_encoder
    |     encoded_value = jsonable_encoder(
    |                     ^^^^^^^^^^^^^^^^^
    |   File "C:\Users\Lenovo\AppData\Local\Programs\Python\Python311\Lib\site-packages\fastapi\encoders.py", line 337, in jsonable_encoder
    |     return jsonable_encoder(
    |            ^^^^^^^^^^^^^^^^^
    |   File "C:\Users\Lenovo\AppData\Local\Programs\Python\Python311\Lib\site-packages\fastapi\encoders.py", line 289, in jsonable_encoder
    |     encoded_value = jsonable_encoder(
    |                     ^^^^^^^^^^^^^^^^^
    |   File "C:\Users\Lenovo\AppData\Local\Programs\Python\Python311\Lib\site-packages\fastapi\encoders.py", line 337, in jsonable_encoder
    |     return jsonable_encoder(
    |            ^^^^^^^^^^^^^^^^^
    |   File "C:\Users\Lenovo\AppData\Local\Programs\Python\Python311\Lib\site-packages\fastapi\encoders.py", line 289, in jsonable_encoder
    |     encoded_value = jsonable_encoder(
    |                     ^^^^^^^^^^^^^^^^^
    |   File "C:\Users\Lenovo\AppData\Local\Programs\Python\Python311\Lib\site-packages\fastapi\encoders.py", line 337, in jsonable_encoder
    |     return jsonable_encoder(
    |            ^^^^^^^^^^^^^^^^^
    |   File "C:\Users\Lenovo\AppData\Local\Programs\Python\Python311\Lib\site-packages\fastapi\encoders.py", line 289, in jsonable_encoder
    |     encoded_value = jsonable_encoder(
    |                     ^^^^^^^^^^^^^^^^^
    |   File "C:\Users\Lenovo\AppData\Local\Programs\Python\Python311\Lib\site-packages\fastapi\encoders.py", line 337, in jsonable_encoder
    |     return jsonable_encoder(
    |            ^^^^^^^^^^^^^^^^^
    |   File "C:\Users\Lenovo\AppData\Local\Programs\Python\Python311\Lib\site-packages\fastapi\encoders.py", line 289, in jsonable_encoder
    |     encoded_value = jsonable_encoder(
    |                     ^^^^^^^^^^^^^^^^^
    |   File "C:\Users\Lenovo\AppData\Local\Programs\Python\Python311\Lib\site-packages\fastapi\encoders.py", line 337, in jsonable_encoder
    |     return jsonable_encoder(
    |            ^^^^^^^^^^^^^^^^^
    |   File "C:\Users\Lenovo\AppData\Local\Programs\Python\Python311\Lib\site-packages\fastapi\encoders.py", line 289, in jsonable_encoder
    |     encoded_value = jsonable_encoder(
    |                     ^^^^^^^^^^^^^^^^^
    |   File "C:\Users\Lenovo\AppData\Local\Programs\Python\Python311\Lib\site-packages\fastapi\encoders.py", line 337, in jsonable_encoder
    |     return jsonable_encoder(
    |            ^^^^^^^^^^^^^^^^^
    |   File "C:\Users\Lenovo\AppData\Local\Programs\Python\Python311\Lib\site-packages\fastapi\encoders.py", line 289, in jsonable_encoder
    |     encoded_value = jsonable_encoder(
    |                     ^^^^^^^^^^^^^^^^^
    |   File "C:\Users\Lenovo\AppData\Local\Programs\Python\Python311\Lib\site-packages\fastapi\encoders.py", line 337, in jsonable_encoder
    |     return jsonable_encoder(
    |            ^^^^^^^^^^^^^^^^^
    |   File "C:\Users\Lenovo\AppData\Local\Programs\Python\Python311\Lib\site-packages\fastapi\encoders.py", line 289, in jsonable_encoder
    |     encoded_value = jsonable_encoder(
    |                     ^^^^^^^^^^^^^^^^^
    |   File "C:\Users\Lenovo\AppData\Local\Programs\Python\Python311\Lib\site-packages\fastapi\encoders.py", line 337, in jsonable_encoder
    |     return jsonable_encoder(
    |            ^^^^^^^^^^^^^^^^^
    |   File "C:\Users\Lenovo\AppData\Local\Programs\Python\Python311\Lib\site-packages\fastapi\encoders.py", line 289, in jsonable_encoder
    |     encoded_value = jsonable_encoder(
    |                     ^^^^^^^^^^^^^^^^^
    |   File "C:\Users\Lenovo\AppData\Local\Programs\Python\Python311\Lib\site-packages\fastapi\encoders.py", line 337, in jsonable_encoder
    |     return jsonable_encoder(
    |            ^^^^^^^^^^^^^^^^^
    |   File "C:\Users\Lenovo\AppData\Local\Programs\Python\Python311\Lib\site-packages\fastapi\encoders.py", line 289, in jsonable_encoder
    |     encoded_value = jsonable_encoder(
    |                     ^^^^^^^^^^^^^^^^^
    |   File "C:\Users\Lenovo\AppData\Local\Programs\Python\Python311\Lib\site-packages\fastapi\encoders.py", line 337, in jsonable_encoder
    |     return jsonable_encoder(
    |            ^^^^^^^^^^^^^^^^^
    |   File "C:\Users\Lenovo\AppData\Local\Programs\Python\Python311\Lib\site-packages\fastapi\encoders.py", line 289, in jsonable_encoder
    |     encoded_value = jsonable_encoder(
    |                     ^^^^^^^^^^^^^^^^^
    |   File "C:\Users\Lenovo\AppData\Local\Programs\Python\Python311\Lib\site-packages\fastapi\encoders.py", line 337, in jsonable_encoder
    |     return jsonable_encoder(
    |            ^^^^^^^^^^^^^^^^^
    |   File "C:\Users\Lenovo\AppData\Local\Programs\Python\Python311\Lib\site-packages\fastapi\encoders.py", line 289, in jsonable_encoder
    |     encoded_value = jsonable_encoder(
    |                     ^^^^^^^^^^^^^^^^^
    |   File "C:\Users\Lenovo\AppData\Local\Programs\Python\Python311\Lib\site-packages\fastapi\encoders.py", line 337, in jsonable_encoder
    |     return jsonable_encoder(
    |            ^^^^^^^^^^^^^^^^^
    |   File "C:\Users\Lenovo\AppData\Local\Programs\Python\Python311\Lib\site-packages\fastapi\encoders.py", line 289, in jsonable_encoder
    |     encoded_value = jsonable_encoder(
    |                     ^^^^^^^^^^^^^^^^^
    |   File "C:\Users\Lenovo\AppData\Local\Programs\Python\Python311\Lib\site-packages\fastapi\encoders.py", line 337, in jsonable_encoder
    |     return jsonable_encoder(
    |            ^^^^^^^^^^^^^^^^^
    |   File "C:\Users\Lenovo\AppData\Local\Programs\Python\Python311\Lib\site-packages\fastapi\encoders.py", line 289, in jsonable_encoder
    |     encoded_value = jsonable_encoder(
    |                     ^^^^^^^^^^^^^^^^^
    |   File "C:\Users\Lenovo\AppData\Local\Programs\Python\Python311\Lib\site-packages\fastapi\encoders.py", line 337, in jsonable_encoder
    |     return jsonable_encoder(
    |            ^^^^^^^^^^^^^^^^^
    |   File "C:\Users\Lenovo\AppData\Local\Programs\Python\Python311\Lib\site-packages\fastapi\encoders.py", line 289, in jsonable_encoder
    |     encoded_value = jsonable_encoder(
    |                     ^^^^^^^^^^^^^^^^^
    |   File "C:\Users\Lenovo\AppData\Local\Programs\Python\Python311\Lib\site-packages\fastapi\encoders.py", line 337, in jsonable_encoder
    |     return jsonable_encoder(
    |            ^^^^^^^^^^^^^^^^^
    |   File "C:\Users\Lenovo\AppData\Local\Programs\Python\Python311\Lib\site-packages\fastapi\encoders.py", line 289, in jsonable_encoder
    |     encoded_value = jsonable_encoder(
    |                     ^^^^^^^^^^^^^^^^^
    |   File "C:\Users\Lenovo\AppData\Local\Programs\Python\Python311\Lib\site-packages\fastapi\encoders.py", line 337, in jsonable_encoder
    |     return jsonable_encoder(
    |            ^^^^^^^^^^^^^^^^^
    |   File "C:\Users\Lenovo\AppData\Local\Programs\Python\Python311\Lib\site-packages\fastapi\encoders.py", line 289, in jsonable_encoder
    |     encoded_value = jsonable_encoder(
    |                     ^^^^^^^^^^^^^^^^^
    |   File "C:\Users\Lenovo\AppData\Local\Programs\Python\Python311\Lib\site-packages\fastapi\encoders.py", line 337, in jsonable_encoder
    |     return jsonable_encoder(
    |            ^^^^^^^^^^^^^^^^^
    |   File "C:\Users\Lenovo\AppData\Local\Programs\Python\Python311\Lib\site-packages\fastapi\encoders.py", line 289, in jsonable_encoder
    |     encoded_value = jsonable_encoder(
    |                     ^^^^^^^^^^^^^^^^^
    |   File "C:\Users\Lenovo\AppData\Local\Programs\Python\Python311\Lib\site-packages\fastapi\encoders.py", line 337, in jsonable_encoder
    |     return jsonable_encoder(
    |            ^^^^^^^^^^^^^^^^^
    |   File "C:\Users\Lenovo\AppData\Local\Programs\Python\Python311\Lib\site-packages\fastapi\encoders.py", line 289, in jsonable_encoder
    |     encoded_value = jsonable_encoder(
    |                     ^^^^^^^^^^^^^^^^^
    |   File "C:\Users\Lenovo\AppData\Local\Programs\Python\Python311\Lib\site-packages\fastapi\encoders.py", line 337, in jsonable_encoder
    |     return jsonable_encoder(
    |            ^^^^^^^^^^^^^^^^^
    |   File "C:\Users\Lenovo\AppData\Local\Programs\Python\Python311\Lib\site-packages\fastapi\encoders.py", line 289, in jsonable_encoder
    |     encoded_value = jsonable_encoder(
    |                     ^^^^^^^^^^^^^^^^^
    |   File "C:\Users\Lenovo\AppData\Local\Programs\Python\Python311\Lib\site-packages\fastapi\encoders.py", line 337, in jsonable_encoder
    |     return jsonable_encoder(
    |            ^^^^^^^^^^^^^^^^^
    |   File "C:\Users\Lenovo\AppData\Local\Programs\Python\Python311\Lib\site-packages\fastapi\encoders.py", line 289, in jsonable_encoder
    |     encoded_value = jsonable_encoder(
    |                     ^^^^^^^^^^^^^^^^^
    |   File "C:\Users\Lenovo\AppData\Local\Programs\Python\Python311\Lib\site-packages\fastapi\encoders.py", line 337, in jsonable_encoder
    |     return jsonable_encoder(
    |            ^^^^^^^^^^^^^^^^^
    |   File "C:\Users\Lenovo\AppData\Local\Programs\Python\Python311\Lib\site-packages\fastapi\encoders.py", line 289, in jsonable_encoder
    |     encoded_value = jsonable_encoder(
    |                     ^^^^^^^^^^^^^^^^^
    |   File "C:\Users\Lenovo\AppData\Local\Programs\Python\Python311\Lib\site-packages\fastapi\encoders.py", line 337, in jsonable_encoder
    |     return jsonable_encoder(
    |            ^^^^^^^^^^^^^^^^^
    |   File "C:\Users\Lenovo\AppData\Local\Programs\Python\Python311\Lib\site-packages\fastapi\encoders.py", line 289, in jsonable_encoder
    |     encoded_value = jsonable_encoder(
    |                     ^^^^^^^^^^^^^^^^^
    |   File "C:\Users\Lenovo\AppData\Local\Programs\Python\Python311\Lib\site-packages\fastapi\encoders.py", line 337, in jsonable_encoder
    |     return jsonable_encoder(
    |            ^^^^^^^^^^^^^^^^^
    |   File "C:\Users\Lenovo\AppData\Local\Programs\Python\Python311\Lib\site-packages\fastapi\encoders.py", line 289, in jsonable_encoder
    |     encoded_value = jsonable_encoder(
    |                     ^^^^^^^^^^^^^^^^^
    |   File "C:\Users\Lenovo\AppData\Local\Programs\Python\Python311\Lib\site-packages\fastapi\encoders.py", line 337, in jsonable_encoder
    |     return jsonable_encoder(
    |            ^^^^^^^^^^^^^^^^^
    |   File "C:\Users\Lenovo\AppData\Local\Programs\Python\Python311\Lib\site-packages\fastapi\encoders.py", line 289, in jsonable_encoder
    |     encoded_value = jsonable_encoder(
    |                     ^^^^^^^^^^^^^^^^^
    |   File "C:\Users\Lenovo\AppData\Local\Programs\Python\Python311\Lib\site-packages\fastapi\encoders.py", line 337, in jsonable_encoder
    |     return jsonable_encoder(
    |            ^^^^^^^^^^^^^^^^^
    |   File "C:\Users\Lenovo\AppData\Local\Programs\Python\Python311\Lib\site-packages\fastapi\encoders.py", line 289, in jsonable_encoder
    |     encoded_value = jsonable_encoder(
    |                     ^^^^^^^^^^^^^^^^^
    |   File "C:\Users\Lenovo\AppData\Local\Programs\Python\Python311\Lib\site-packages\fastapi\encoders.py", line 337, in jsonable_encoder
    |     return jsonable_encoder(
    |            ^^^^^^^^^^^^^^^^^
    |   File "C:\Users\Lenovo\AppData\Local\Programs\Python\Python311\Lib\site-packages\fastapi\encoders.py", line 289, in jsonable_encoder
    |     encoded_value = jsonable_encoder(
    |                     ^^^^^^^^^^^^^^^^^
    |   File "C:\Users\Lenovo\AppData\Local\Programs\Python\Python311\Lib\site-packages\fastapi\encoders.py", line 337, in jsonable_encoder
    |     return jsonable_encoder(
    |            ^^^^^^^^^^^^^^^^^
    |   File "C:\Users\Lenovo\AppData\Local\Programs\Python\Python311\Lib\site-packages\fastapi\encoders.py", line 289, in jsonable_encoder
    |     encoded_value = jsonable_encoder(
    |                     ^^^^^^^^^^^^^^^^^
    |   File "C:\Users\Lenovo\AppData\Local\Programs\Python\Python311\Lib\site-packages\fastapi\encoders.py", line 337, in jsonable_encoder
    |     return jsonable_encoder(
    |            ^^^^^^^^^^^^^^^^^
    |   File "C:\Users\Lenovo\AppData\Local\Programs\Python\Python311\Lib\site-packages\fastapi\encoders.py", line 289, in jsonable_encoder
    |     encoded_value = jsonable_encoder(
    |                     ^^^^^^^^^^^^^^^^^
    |   File "C:\Users\Lenovo\AppData\Local\Programs\Python\Python311\Lib\site-packages\fastapi\encoders.py", line 337, in jsonable_encoder
    |     return jsonable_encoder(
    |            ^^^^^^^^^^^^^^^^^
    |   File "C:\Users\Lenovo\AppData\Local\Programs\Python\Python311\Lib\site-packages\fastapi\encoders.py", line 289, in jsonable_encoder
    |     encoded_value = jsonable_encoder(
    |                     ^^^^^^^^^^^^^^^^^
    |   File "C:\Users\Lenovo\AppData\Local\Programs\Python\Python311\Lib\site-packages\fastapi\encoders.py", line 337, in jsonable_encoder
    |     return jsonable_encoder(
    |            ^^^^^^^^^^^^^^^^^
    |   File "C:\Users\Lenovo\AppData\Local\Programs\Python\Python311\Lib\site-packages\fastapi\encoders.py", line 289, in jsonable_encoder
    |     encoded_value = jsonable_encoder(
    |                     ^^^^^^^^^^^^^^^^^
    |   File "C:\Users\Lenovo\AppData\Local\Programs\Python\Python311\Lib\site-packages\fastapi\encoders.py", line 337, in jsonable_encoder
    |     return jsonable_encoder(
    |            ^^^^^^^^^^^^^^^^^
    |   File "C:\Users\Lenovo\AppData\Local\Programs\Python\Python311\Lib\site-packages\fastapi\encoders.py", line 289, in jsonable_encoder
    |     encoded_value = jsonable_encoder(
    |                     ^^^^^^^^^^^^^^^^^
    |   File "C:\Users\Lenovo\AppData\Local\Programs\Python\Python311\Lib\site-packages\fastapi\encoders.py", line 337, in jsonable_encoder
    |     return jsonable_encoder(
    |            ^^^^^^^^^^^^^^^^^
    |   File "C:\Users\Lenovo\AppData\Local\Programs\Python\Python311\Lib\site-packages\fastapi\encoders.py", line 289, in jsonable_encoder
    |     encoded_value = jsonable_encoder(
    |                     ^^^^^^^^^^^^^^^^^
    |   File "C:\Users\Lenovo\AppData\Local\Programs\Python\Python311\Lib\site-packages\fastapi\encoders.py", line 337, in jsonable_encoder
    |     return jsonable_encoder(
    |            ^^^^^^^^^^^^^^^^^
    |   File "C:\Users\Lenovo\AppData\Local\Programs\Python\Python311\Lib\site-packages\fastapi\encoders.py", line 289, in jsonable_encoder
    |     encoded_value = jsonable_encoder(
    |                     ^^^^^^^^^^^^^^^^^
    |   File "C:\Users\Lenovo\AppData\Local\Programs\Python\Python311\Lib\site-packages\fastapi\encoders.py", line 337, in jsonable_encoder
    |     return jsonable_encoder(
    |            ^^^^^^^^^^^^^^^^^
    |   File "C:\Users\Lenovo\AppData\Local\Programs\Python\Python311\Lib\site-packages\fastapi\encoders.py", line 289, in jsonable_encoder
    |     encoded_value = jsonable_encoder(
    |                     ^^^^^^^^^^^^^^^^^
    |   File "C:\Users\Lenovo\AppData\Local\Programs\Python\Python311\Lib\site-packages\fastapi\encoders.py", line 337, in jsonable_encoder
    |     return jsonable_encoder(
    |            ^^^^^^^^^^^^^^^^^
    |   File "C:\Users\Lenovo\AppData\Local\Programs\Python\Python311\Lib\site-packages\fastapi\encoders.py", line 289, in jsonable_encoder
    |     encoded_value = jsonable_encoder(
    |                     ^^^^^^^^^^^^^^^^^
    |   File "C:\Users\Lenovo\AppData\Local\Programs\Python\Python311\Lib\site-packages\fastapi\encoders.py", line 337, in jsonable_encoder
    |     return jsonable_encoder(
    |            ^^^^^^^^^^^^^^^^^
    |   File "C:\Users\Lenovo\AppData\Local\Programs\Python\Python311\Lib\site-packages\fastapi\encoders.py", line 289, in jsonable_encoder
    |     encoded_value = jsonable_encoder(
    |                     ^^^^^^^^^^^^^^^^^
    |   File "C:\Users\Lenovo\AppData\Local\Programs\Python\Python311\Lib\site-packages\fastapi\encoders.py", line 337, in jsonable_encoder
    |     return jsonable_encoder(
    |            ^^^^^^^^^^^^^^^^^
    |   File "C:\Users\Lenovo\AppData\Local\Programs\Python\Python311\Lib\site-packages\fastapi\encoders.py", line 289, in jsonable_encoder
    |     encoded_value = jsonable_encoder(
    |                     ^^^^^^^^^^^^^^^^^
    |   File "C:\Users\Lenovo\AppData\Local\Programs\Python\Python311\Lib\site-packages\fastapi\encoders.py", line 337, in jsonable_encoder
    |     return jsonable_encoder(
    |            ^^^^^^^^^^^^^^^^^
    |   File "C:\Users\Lenovo\AppData\Local\Programs\Python\Python311\Lib\site-packages\fastapi\encoders.py", line 289, in jsonable_encoder
    |     encoded_value = jsonable_encoder(
    |                     ^^^^^^^^^^^^^^^^^
    |   File "C:\Users\Lenovo\AppData\Local\Programs\Python\Python311\Lib\site-packages\fastapi\encoders.py", line 337, in jsonable_encoder
    |     return jsonable_encoder(
    |            ^^^^^^^^^^^^^^^^^
    |   File "C:\Users\Lenovo\AppData\Local\Programs\Python\Python311\Lib\site-packages\fastapi\encoders.py", line 289, in jsonable_encoder
    |     encoded_value = jsonable_encoder(
    |                     ^^^^^^^^^^^^^^^^^
    |   File "C:\Users\Lenovo\AppData\Local\Programs\Python\Python311\Lib\site-packages\fastapi\encoders.py", line 337, in jsonable_encoder
    |     return jsonable_encoder(
    |            ^^^^^^^^^^^^^^^^^
    |   File "C:\Users\Lenovo\AppData\Local\Programs\Python\Python311\Lib\site-packages\fastapi\encoders.py", line 289, in jsonable_encoder
    |     encoded_value = jsonable_encoder(
    |                     ^^^^^^^^^^^^^^^^^
    |   File "C:\Users\Lenovo\AppData\Local\Programs\Python\Python311\Lib\site-packages\fastapi\encoders.py", line 337, in jsonable_encoder
    |     return jsonable_encoder(
    |            ^^^^^^^^^^^^^^^^^
    |   File "C:\Users\Lenovo\AppData\Local\Programs\Python\Python311\Lib\site-packages\fastapi\encoders.py", line 289, in jsonable_encoder
    |     encoded_value = jsonable_encoder(
    |                     ^^^^^^^^^^^^^^^^^
    |   File "C:\Users\Lenovo\AppData\Local\Programs\Python\Python311\Lib\site-packages\fastapi\encoders.py", line 322, in jsonable_encoder
    |     if is_pydantic_v1_model_instance(obj):
    |        ^^^^^^^^^^^^^^^^^^^^^^^^^^^^^^^^^^
    |   File "C:\Users\Lenovo\AppData\Local\Programs\Python\Python311\Lib\site-packages\fastapi\_compat\shared.py", line 183, in is_pydantic_v1_model_instance
    |     warnings.simplefilter("ignore", UserWarning)
    |   File "C:\Users\Lenovo\AppData\Local\Programs\Python\Python311\Lib\warnings.py", line 180, in simplefilter
    |     _add_filter(action, None, category, None, lineno, append=append)
    |   File "C:\Users\Lenovo\AppData\Local\Programs\Python\Python311\Lib\warnings.py", line 187, in _add_filter
    |     filters.remove(item)
    | RecursionError: maximum recursion depth exceeded in comparison
    +------------------------------------

The above exception was the direct cause of the following exception:

Traceback (most recent call last):
  File "C:\Users\Lenovo\Desktop\Agentic-IAM-main\tests\test_unit\test_api\test_authentication.py", line 88, in test_login_invalid_request
    response = client.post("/api/v1/auth/login", json=invalid_request)
               ^^^^^^^^^^^^^^^^^^^^^^^^^^^^^^^^^^^^^^^^^^^^^^^^^^^^^^^
  File "C:\Users\Lenovo\AppData\Local\Programs\Python\Python311\Lib\site-packages\starlette\testclient.py", line 546, in post
    return super().post(
           ^^^^^^^^^^^^^
  File "C:\Users\Lenovo\AppData\Local\Programs\Python\Python311\Lib\site-packages\httpx\_client.py", line 1144, in post
    return self.request(
           ^^^^^^^^^^^^^
  File "C:\Users\Lenovo\AppData\Local\Programs\Python\Python311\Lib\site-packages\starlette\testclient.py", line 445, in request
    return super().request(
           ^^^^^^^^^^^^^^^^
  File "C:\Users\Lenovo\AppData\Local\Programs\Python\Python311\Lib\site-packages\httpx\_client.py", line 825, in request
    return self.send(request, auth=auth, follow_redirects=follow_redirects)
           ^^^^^^^^^^^^^^^^^^^^^^^^^^^^^^^^^^^^^^^^^^^^^^^^^^^^^^^^^^^^^^^^
  File "C:\Users\Lenovo\AppData\Local\Programs\Python\Python311\Lib\site-packages\httpx\_client.py", line 914, in send
    response = self._send_handling_auth(
               ^^^^^^^^^^^^^^^^^^^^^^^^^
  File "C:\Users\Lenovo\AppData\Local\Programs\Python\Python311\Lib\site-packages\httpx\_client.py", line 942, in _send_handling_auth
    response = self._send_handling_redirects(
               ^^^^^^^^^^^^^^^^^^^^^^^^^^^^^^
  File "C:\Users\Lenovo\AppData\Local\Programs\Python\Python311\Lib\site-packages\httpx\_client.py", line 979, in _send_handling_redirects
    response = self._send_single_request(request)
               ^^^^^^^^^^^^^^^^^^^^^^^^^^^^^^^^^^
  File "C:\Users\Lenovo\AppData\Local\Programs\Python\Python311\Lib\site-packages\httpx\_client.py", line 1014, in _send_single_request
    response = transport.handle_request(request)
               ^^^^^^^^^^^^^^^^^^^^^^^^^^^^^^^^^
  File "C:\Users\Lenovo\AppData\Local\Programs\Python\Python311\Lib\site-packages\starlette\testclient.py", line 348, in handle_request
    raise exc
  File "C:\Users\Lenovo\AppData\Local\Programs\Python\Python311\Lib\site-packages\starlette\testclient.py", line 345, in handle_request
    portal.call(self.app, scope, receive, send)
  File "C:\Users\Lenovo\AppData\Local\Programs\Python\Python311\Lib\site-packages\anyio\from_thread.py", line 334, in call
    return cast(T_Retval, self.start_task_soon(func, *args).result())
                          ^^^^^^^^^^^^^^^^^^^^^^^^^^^^^^^^^^^^^^^^^^
  File "C:\Users\Lenovo\AppData\Local\Programs\Python\Python311\Lib\concurrent\futures\_base.py", line 456, in result
    return self.__get_result()
           ^^^^^^^^^^^^^^^^^^^
  File "C:\Users\Lenovo\AppData\Local\Programs\Python\Python311\Lib\concurrent\futures\_base.py", line 401, in __get_result
    raise self._exception
  File "C:\Users\Lenovo\AppData\Local\Programs\Python\Python311\Lib\site-packages\anyio\from_thread.py", line 259, in _call_func
    retval = await retval_or_awaitable
             ^^^^^^^^^^^^^^^^^^^^^^^^^
  File "C:\Users\Lenovo\AppData\Local\Programs\Python\Python311\Lib\site-packages\fastapi\applications.py", line 1160, in __call__
    await super().__call__(scope, receive, send)
  File "C:\Users\Lenovo\AppData\Local\Programs\Python\Python311\Lib\site-packages\starlette\applications.py", line 107, in __call__
    await self.middleware_stack(scope, receive, send)
  File "C:\Users\Lenovo\AppData\Local\Programs\Python\Python311\Lib\site-packages\starlette\middleware\errors.py", line 186, in __call__
    raise exc
  File "C:\Users\Lenovo\AppData\Local\Programs\Python\Python311\Lib\site-packages\starlette\middleware\errors.py", line 164, in __call__
    await self.app(scope, receive, _send)
  File "C:\Users\Lenovo\AppData\Local\Programs\Python\Python311\Lib\site-packages\starlette\middleware\base.py", line 191, in __call__
    with recv_stream, send_stream, collapse_excgroups():
  File "C:\Users\Lenovo\AppData\Local\Programs\Python\Python311\Lib\contextlib.py", line 158, in __exit__
    self.gen.throw(typ, value, traceback)
  File "C:\Users\Lenovo\AppData\Local\Programs\Python\Python311\Lib\site-packages\starlette\_utils.py", line 87, in collapse_excgroups
    raise exc
  File "C:\Users\Lenovo\AppData\Local\Programs\Python\Python311\Lib\site-packages\starlette\middleware\base.py", line 193, in __call__
    response = await self.dispatch_func(request, call_next)
               ^^^^^^^^^^^^^^^^^^^^^^^^^^^^^^^^^^^^^^^^^^^^
  File "C:\Users\Lenovo\Desktop\Agentic-IAM-main\api\main.py", line 192, in log_requests
    response = await call_next(request)
               ^^^^^^^^^^^^^^^^^^^^^^^^
  File "C:\Users\Lenovo\AppData\Local\Programs\Python\Python311\Lib\site-packages\starlette\middleware\base.py", line 168, in call_next
    raise app_exc from app_exc.__cause__ or app_exc.__context__
  File "C:\Users\Lenovo\AppData\Local\Programs\Python\Python311\Lib\site-packages\starlette\middleware\base.py", line 144, in coro
    await self.app(scope, receive_or_disconnect, send_no_error)
  File "C:\Users\Lenovo\AppData\Local\Programs\Python\Python311\Lib\site-packages\starlette\middleware\base.py", line 191, in __call__
    with recv_stream, send_stream, collapse_excgroups():
  File "C:\Users\Lenovo\AppData\Local\Programs\Python\Python311\Lib\contextlib.py", line 158, in __exit__
    self.gen.throw(typ, value, traceback)
  File "C:\Users\Lenovo\AppData\Local\Programs\Python\Python311\Lib\site-packages\starlette\_utils.py", line 87, in collapse_excgroups
    raise exc
  File "C:\Users\Lenovo\AppData\Local\Programs\Python\Python311\Lib\site-packages\starlette\middleware\base.py", line 193, in __call__
    response = await self.dispatch_func(request, call_next)
               ^^^^^^^^^^^^^^^^^^^^^^^^^^^^^^^^^^^^^^^^^^^^
  File "C:\Users\Lenovo\Desktop\Agentic-IAM-main\api\main.py", line 164, in add_security_headers
    response = await call_next(request)
               ^^^^^^^^^^^^^^^^^^^^^^^^
  File "C:\Users\Lenovo\AppData\Local\Programs\Python\Python311\Lib\site-packages\starlette\middleware\base.py", line 168, in call_next
    raise app_exc from app_exc.__cause__ or app_exc.__context__
  File "C:\Users\Lenovo\AppData\Local\Programs\Python\Python311\Lib\site-packages\starlette\middleware\base.py", line 144, in coro
    await self.app(scope, receive_or_disconnect, send_no_error)
  File "C:\Users\Lenovo\AppData\Local\Programs\Python\Python311\Lib\site-packages\starlette\middleware\cors.py", line 87, in __call__
    await self.app(scope, receive, send)
  File "C:\Users\Lenovo\AppData\Local\Programs\Python\Python311\Lib\site-packages\starlette\middleware\exceptions.py", line 63, in __call__
    await wrap_app_handling_exceptions(self.app, conn)(scope, receive, send)
  File "C:\Users\Lenovo\AppData\Local\Programs\Python\Python311\Lib\site-packages\starlette\_exception_handler.py", line 53, in wrapped_app
    raise exc
  File "C:\Users\Lenovo\AppData\Local\Programs\Python\Python311\Lib\site-packages\starlette\_exception_handler.py", line 42, in wrapped_app
    await app(scope, receive, sender)
  File "C:\Users\Lenovo\AppData\Local\Programs\Python\Python311\Lib\site-packages\fastapi\middleware\asyncexitstack.py", line 18, in __call__
    await self.app(scope, receive, send)
  File "C:\Users\Lenovo\AppData\Local\Programs\Python\Python311\Lib\site-packages\starlette\routing.py", line 716, in __call__
    await self.middleware_stack(scope, receive, send)
  File "C:\Users\Lenovo\AppData\Local\Programs\Python\Python311\Lib\site-packages\starlette\routing.py", line 736, in app
    await route.handle(scope, receive, send)
  File "C:\Users\Lenovo\AppData\Local\Programs\Python\Python311\Lib\site-packages\starlette\routing.py", line 290, in handle
    await self.app(scope, receive, send)
  File "C:\Users\Lenovo\AppData\Local\Programs\Python\Python311\Lib\site-packages\fastapi\routing.py", line 130, in app
    await wrap_app_handling_exceptions(app, request)(scope, receive, send)
  File "C:\Users\Lenovo\AppData\Local\Programs\Python\Python311\Lib\site-packages\starlette\_exception_handler.py", line 53, in wrapped_app
    raise exc
  File "C:\Users\Lenovo\AppData\Local\Programs\Python\Python311\Lib\site-packages\starlette\_exception_handler.py", line 42, in wrapped_app
    await app(scope, receive, sender)
  File "C:\Users\Lenovo\AppData\Local\Programs\Python\Python311\Lib\site-packages\fastapi\routing.py", line 116, in app
    response = await f(request)
               ^^^^^^^^^^^^^^^^
  File "C:\Users\Lenovo\AppData\Local\Programs\Python\Python311\Lib\site-packages\fastapi\routing.py", line 691, in app
    content = await serialize_response(
              ^^^^^^^^^^^^^^^^^^^^^^^^^
  File "C:\Users\Lenovo\AppData\Local\Programs\Python\Python311\Lib\site-packages\fastapi\routing.py", line 313, in serialize_response
    return jsonable_encoder(response_content)
           ^^^^^^^^^^^^^^^^^^^^^^^^^^^^^^^^^^
  File "C:\Users\Lenovo\AppData\Local\Programs\Python\Python311\Lib\site-packages\fastapi\encoders.py", line 289, in jsonable_encoder
    encoded_value = jsonable_encoder(
                    ^^^^^^^^^^^^^^^^^
  File "C:\Users\Lenovo\AppData\Local\Programs\Python\Python311\Lib\site-packages\fastapi\encoders.py", line 337, in jsonable_encoder
    return jsonable_encoder(
           ^^^^^^^^^^^^^^^^^
  File "C:\Users\Lenovo\AppData\Local\Programs\Python\Python311\Lib\site-packages\fastapi\encoders.py", line 289, in jsonable_encoder
    encoded_value = jsonable_encoder(
                    ^^^^^^^^^^^^^^^^^
  File "C:\Users\Lenovo\AppData\Local\Programs\Python\Python311\Lib\site-packages\fastapi\encoders.py", line 337, in jsonable_encoder
    return jsonable_encoder(
           ^^^^^^^^^^^^^^^^^
  File "C:\Users\Lenovo\AppData\Local\Programs\Python\Python311\Lib\site-packages\fastapi\encoders.py", line 289, in jsonable_encoder
    encoded_value = jsonable_encoder(
                    ^^^^^^^^^^^^^^^^^
  File "C:\Users\Lenovo\AppData\Local\Programs\Python\Python311\Lib\site-packages\fastapi\encoders.py", line 337, in jsonable_encoder
    return jsonable_encoder(
           ^^^^^^^^^^^^^^^^^
  File "C:\Users\Lenovo\AppData\Local\Programs\Python\Python311\Lib\site-packages\fastapi\encoders.py", line 289, in jsonable_encoder
    encoded_value = jsonable_encoder(
                    ^^^^^^^^^^^^^^^^^
  File "C:\Users\Lenovo\AppData\Local\Programs\Python\Python311\Lib\site-packages\fastapi\encoders.py", line 337, in jsonable_encoder
    return jsonable_encoder(
           ^^^^^^^^^^^^^^^^^
  File "C:\Users\Lenovo\AppData\Local\Programs\Python\Python311\Lib\site-packages\fastapi\encoders.py", line 289, in jsonable_encoder
    encoded_value = jsonable_encoder(
                    ^^^^^^^^^^^^^^^^^
  File "C:\Users\Lenovo\AppData\Local\Programs\Python\Python311\Lib\site-packages\fastapi\encoders.py", line 337, in jsonable_encoder
    return jsonable_encoder(
           ^^^^^^^^^^^^^^^^^
  File "C:\Users\Lenovo\AppData\Local\Programs\Python\Python311\Lib\site-packages\fastapi\encoders.py", line 289, in jsonable_encoder
    encoded_value = jsonable_encoder(
                    ^^^^^^^^^^^^^^^^^
  File "C:\Users\Lenovo\AppData\Local\Programs\Python\Python311\Lib\site-packages\fastapi\encoders.py", line 337, in jsonable_encoder
    return jsonable_encoder(
           ^^^^^^^^^^^^^^^^^
  File "C:\Users\Lenovo\AppData\Local\Programs\Python\Python311\Lib\site-packages\fastapi\encoders.py", line 289, in jsonable_encoder
    encoded_value = jsonable_encoder(
                    ^^^^^^^^^^^^^^^^^
  File "C:\Users\Lenovo\AppData\Local\Programs\Python\Python311\Lib\site-packages\fastapi\encoders.py", line 337, in jsonable_encoder
    return jsonable_encoder(
           ^^^^^^^^^^^^^^^^^
  File "C:\Users\Lenovo\AppData\Local\Programs\Python\Python311\Lib\site-packages\fastapi\encoders.py", line 289, in jsonable_encoder
    encoded_value = jsonable_encoder(
                    ^^^^^^^^^^^^^^^^^
  File "C:\Users\Lenovo\AppData\Local\Programs\Python\Python311\Lib\site-packages\fastapi\encoders.py", line 337, in jsonable_encoder
    return jsonable_encoder(
           ^^^^^^^^^^^^^^^^^
  File "C:\Users\Lenovo\AppData\Local\Programs\Python\Python311\Lib\site-packages\fastapi\encoders.py", line 289, in jsonable_encoder
    encoded_value = jsonable_encoder(
                    ^^^^^^^^^^^^^^^^^
  File "C:\Users\Lenovo\AppData\Local\Programs\Python\Python311\Lib\site-packages\fastapi\encoders.py", line 337, in jsonable_encoder
    return jsonable_encoder(
           ^^^^^^^^^^^^^^^^^
  File "C:\Users\Lenovo\AppData\Local\Programs\Python\Python311\Lib\site-packages\fastapi\encoders.py", line 289, in jsonable_encoder
    encoded_value = jsonable_encoder(
                    ^^^^^^^^^^^^^^^^^
  File "C:\Users\Lenovo\AppData\Local\Programs\Python\Python311\Lib\site-packages\fastapi\encoders.py", line 337, in jsonable_encoder
    return jsonable_encoder(
           ^^^^^^^^^^^^^^^^^
  File "C:\Users\Lenovo\AppData\Local\Programs\Python\Python311\Lib\site-packages\fastapi\encoders.py", line 289, in jsonable_encoder
    encoded_value = jsonable_encoder(
                    ^^^^^^^^^^^^^^^^^
  File "C:\Users\Lenovo\AppData\Local\Programs\Python\Python311\Lib\site-packages\fastapi\encoders.py", line 337, in jsonable_encoder
    return jsonable_encoder(
           ^^^^^^^^^^^^^^^^^
  File "C:\Users\Lenovo\AppData\Local\Programs\Python\Python311\Lib\site-packages\fastapi\encoders.py", line 289, in jsonable_encoder
    encoded_value = jsonable_encoder(
                    ^^^^^^^^^^^^^^^^^
  File "C:\Users\Lenovo\AppData\Local\Programs\Python\Python311\Lib\site-packages\fastapi\encoders.py", line 337, in jsonable_encoder
    return jsonable_encoder(
           ^^^^^^^^^^^^^^^^^
  File "C:\Users\Lenovo\AppData\Local\Programs\Python\Python311\Lib\site-packages\fastapi\encoders.py", line 289, in jsonable_encoder
    encoded_value = jsonable_encoder(
                    ^^^^^^^^^^^^^^^^^
  File "C:\Users\Lenovo\AppData\Local\Programs\Python\Python311\Lib\site-packages\fastapi\encoders.py", line 337, in jsonable_encoder
    return jsonable_encoder(
           ^^^^^^^^^^^^^^^^^
  File "C:\Users\Lenovo\AppData\Local\Programs\Python\Python311\Lib\site-packages\fastapi\encoders.py", line 289, in jsonable_encoder
    encoded_value = jsonable_encoder(
                    ^^^^^^^^^^^^^^^^^
  File "C:\Users\Lenovo\AppData\Local\Programs\Python\Python311\Lib\site-packages\fastapi\encoders.py", line 337, in jsonable_encoder
    return jsonable_encoder(
           ^^^^^^^^^^^^^^^^^
  File "C:\Users\Lenovo\AppData\Local\Programs\Python\Python311\Lib\site-packages\fastapi\encoders.py", line 289, in jsonable_encoder
    encoded_value = jsonable_encoder(
                    ^^^^^^^^^^^^^^^^^
  File "C:\Users\Lenovo\AppData\Local\Programs\Python\Python311\Lib\site-packages\fastapi\encoders.py", line 337, in jsonable_encoder
    return jsonable_encoder(
           ^^^^^^^^^^^^^^^^^
  File "C:\Users\Lenovo\AppData\Local\Programs\Python\Python311\Lib\site-packages\fastapi\encoders.py", line 289, in jsonable_encoder
    encoded_value = jsonable_encoder(
                    ^^^^^^^^^^^^^^^^^
  File "C:\Users\Lenovo\AppData\Local\Programs\Python\Python311\Lib\site-packages\fastapi\encoders.py", line 337, in jsonable_encoder
    return jsonable_encoder(
           ^^^^^^^^^^^^^^^^^
  File "C:\Users\Lenovo\AppData\Local\Programs\Python\Python311\Lib\site-packages\fastapi\encoders.py", line 289, in jsonable_encoder
    encoded_value = jsonable_encoder(
                    ^^^^^^^^^^^^^^^^^
  File "C:\Users\Lenovo\AppData\Local\Programs\Python\Python311\Lib\site-packages\fastapi\encoders.py", line 337, in jsonable_encoder
    return jsonable_encoder(
           ^^^^^^^^^^^^^^^^^
  File "C:\Users\Lenovo\AppData\Local\Programs\Python\Python311\Lib\site-packages\fastapi\encoders.py", line 289, in jsonable_encoder
    encoded_value = jsonable_encoder(
                    ^^^^^^^^^^^^^^^^^
  File "C:\Users\Lenovo\AppData\Local\Programs\Python\Python311\Lib\site-packages\fastapi\encoders.py", line 337, in jsonable_encoder
    return jsonable_encoder(
           ^^^^^^^^^^^^^^^^^
  File "C:\Users\Lenovo\AppData\Local\Programs\Python\Python311\Lib\site-packages\fastapi\encoders.py", line 289, in jsonable_encoder
    encoded_value = jsonable_encoder(
                    ^^^^^^^^^^^^^^^^^
  File "C:\Users\Lenovo\AppData\Local\Programs\Python\Python311\Lib\site-packages\fastapi\encoders.py", line 337, in jsonable_encoder
    return jsonable_encoder(
           ^^^^^^^^^^^^^^^^^
  File "C:\Users\Lenovo\AppData\Local\Programs\Python\Python311\Lib\site-packages\fastapi\encoders.py", line 289, in jsonable_encoder
    encoded_value = jsonable_encoder(
                    ^^^^^^^^^^^^^^^^^
  File "C:\Users\Lenovo\AppData\Local\Programs\Python\Python311\Lib\site-packages\fastapi\encoders.py", line 337, in jsonable_encoder
    return jsonable_encoder(
           ^^^^^^^^^^^^^^^^^
  File "C:\Users\Lenovo\AppData\Local\Programs\Python\Python311\Lib\site-packages\fastapi\encoders.py", line 289, in jsonable_encoder
    encoded_value = jsonable_encoder(
                    ^^^^^^^^^^^^^^^^^
  File "C:\Users\Lenovo\AppData\Local\Programs\Python\Python311\Lib\site-packages\fastapi\encoders.py", line 337, in jsonable_encoder
    return jsonable_encoder(
           ^^^^^^^^^^^^^^^^^
  File "C:\Users\Lenovo\AppData\Local\Programs\Python\Python311\Lib\site-packages\fastapi\encoders.py", line 289, in jsonable_encoder
    encoded_value = jsonable_encoder(
                    ^^^^^^^^^^^^^^^^^
  File "C:\Users\Lenovo\AppData\Local\Programs\Python\Python311\Lib\site-packages\fastapi\encoders.py", line 337, in jsonable_encoder
    return jsonable_encoder(
           ^^^^^^^^^^^^^^^^^
  File "C:\Users\Lenovo\AppData\Local\Programs\Python\Python311\Lib\site-packages\fastapi\encoders.py", line 289, in jsonable_encoder
    encoded_value = jsonable_encoder(
                    ^^^^^^^^^^^^^^^^^
  File "C:\Users\Lenovo\AppData\Local\Programs\Python\Python311\Lib\site-packages\fastapi\encoders.py", line 337, in jsonable_encoder
    return jsonable_encoder(
           ^^^^^^^^^^^^^^^^^
  File "C:\Users\Lenovo\AppData\Local\Programs\Python\Python311\Lib\site-packages\fastapi\encoders.py", line 289, in jsonable_encoder
    encoded_value = jsonable_encoder(
                    ^^^^^^^^^^^^^^^^^
  File "C:\Users\Lenovo\AppData\Local\Programs\Python\Python311\Lib\site-packages\fastapi\encoders.py", line 337, in jsonable_encoder
    return jsonable_encoder(
           ^^^^^^^^^^^^^^^^^
  File "C:\Users\Lenovo\AppData\Local\Programs\Python\Python311\Lib\site-packages\fastapi\encoders.py", line 289, in jsonable_encoder
    encoded_value = jsonable_encoder(
                    ^^^^^^^^^^^^^^^^^
  File "C:\Users\Lenovo\AppData\Local\Programs\Python\Python311\Lib\site-packages\fastapi\encoders.py", line 337, in jsonable_encoder
    return jsonable_encoder(
           ^^^^^^^^^^^^^^^^^
  File "C:\Users\Lenovo\AppData\Local\Programs\Python\Python311\Lib\site-packages\fastapi\encoders.py", line 289, in jsonable_encoder
    encoded_value = jsonable_encoder(
                    ^^^^^^^^^^^^^^^^^
  File "C:\Users\Lenovo\AppData\Local\Programs\Python\Python311\Lib\site-packages\fastapi\encoders.py", line 337, in jsonable_encoder
    return jsonable_encoder(
           ^^^^^^^^^^^^^^^^^
  File "C:\Users\Lenovo\AppData\Local\Programs\Python\Python311\Lib\site-packages\fastapi\encoders.py", line 289, in jsonable_encoder
    encoded_value = jsonable_encoder(
                    ^^^^^^^^^^^^^^^^^
  File "C:\Users\Lenovo\AppData\Local\Programs\Python\Python311\Lib\site-packages\fastapi\encoders.py", line 337, in jsonable_encoder
    return jsonable_encoder(
           ^^^^^^^^^^^^^^^^^
  File "C:\Users\Lenovo\AppData\Local\Programs\Python\Python311\Lib\site-packages\fastapi\encoders.py", line 289, in jsonable_encoder
    encoded_value = jsonable_encoder(
                    ^^^^^^^^^^^^^^^^^
  File "C:\Users\Lenovo\AppData\Local\Programs\Python\Python311\Lib\site-packages\fastapi\encoders.py", line 337, in jsonable_encoder
    return jsonable_encoder(
           ^^^^^^^^^^^^^^^^^
  File "C:\Users\Lenovo\AppData\Local\Programs\Python\Python311\Lib\site-packages\fastapi\encoders.py", line 289, in jsonable_encoder
    encoded_value = jsonable_encoder(
                    ^^^^^^^^^^^^^^^^^
  File "C:\Users\Lenovo\AppData\Local\Programs\Python\Python311\Lib\site-packages\fastapi\encoders.py", line 337, in jsonable_encoder
    return jsonable_encoder(
           ^^^^^^^^^^^^^^^^^
  File "C:\Users\Lenovo\AppData\Local\Programs\Python\Python311\Lib\site-packages\fastapi\encoders.py", line 289, in jsonable_encoder
    encoded_value = jsonable_encoder(
                    ^^^^^^^^^^^^^^^^^
  File "C:\Users\Lenovo\AppData\Local\Programs\Python\Python311\Lib\site-packages\fastapi\encoders.py", line 337, in jsonable_encoder
    return jsonable_encoder(
           ^^^^^^^^^^^^^^^^^
  File "C:\Users\Lenovo\AppData\Local\Programs\Python\Python311\Lib\site-packages\fastapi\encoders.py", line 289, in jsonable_encoder
    encoded_value = jsonable_encoder(
                    ^^^^^^^^^^^^^^^^^
  File "C:\Users\Lenovo\AppData\Local\Programs\Python\Python311\Lib\site-packages\fastapi\encoders.py", line 337, in jsonable_encoder
    return jsonable_encoder(
           ^^^^^^^^^^^^^^^^^
  File "C:\Users\Lenovo\AppData\Local\Programs\Python\Python311\Lib\site-packages\fastapi\encoders.py", line 289, in jsonable_encoder
    encoded_value = jsonable_encoder(
                    ^^^^^^^^^^^^^^^^^
  File "C:\Users\Lenovo\AppData\Local\Programs\Python\Python311\Lib\site-packages\fastapi\encoders.py", line 337, in jsonable_encoder
    return jsonable_encoder(
           ^^^^^^^^^^^^^^^^^
  File "C:\Users\Lenovo\AppData\Local\Programs\Python\Python311\Lib\site-packages\fastapi\encoders.py", line 289, in jsonable_encoder
    encoded_value = jsonable_encoder(
                    ^^^^^^^^^^^^^^^^^
  File "C:\Users\Lenovo\AppData\Local\Programs\Python\Python311\Lib\site-packages\fastapi\encoders.py", line 337, in jsonable_encoder
    return jsonable_encoder(
           ^^^^^^^^^^^^^^^^^
  File "C:\Users\Lenovo\AppData\Local\Programs\Python\Python311\Lib\site-packages\fastapi\encoders.py", line 289, in jsonable_encoder
    encoded_value = jsonable_encoder(
                    ^^^^^^^^^^^^^^^^^
  File "C:\Users\Lenovo\AppData\Local\Programs\Python\Python311\Lib\site-packages\fastapi\encoders.py", line 337, in jsonable_encoder
    return jsonable_encoder(
           ^^^^^^^^^^^^^^^^^
  File "C:\Users\Lenovo\AppData\Local\Programs\Python\Python311\Lib\site-packages\fastapi\encoders.py", line 289, in jsonable_encoder
    encoded_value = jsonable_encoder(
                    ^^^^^^^^^^^^^^^^^
  File "C:\Users\Lenovo\AppData\Local\Programs\Python\Python311\Lib\site-packages\fastapi\encoders.py", line 337, in jsonable_encoder
    return jsonable_encoder(
           ^^^^^^^^^^^^^^^^^
  File "C:\Users\Lenovo\AppData\Local\Programs\Python\Python311\Lib\site-packages\fastapi\encoders.py", line 289, in jsonable_encoder
    encoded_value = jsonable_encoder(
                    ^^^^^^^^^^^^^^^^^
  File "C:\Users\Lenovo\AppData\Local\Programs\Python\Python311\Lib\site-packages\fastapi\encoders.py", line 337, in jsonable_encoder
    return jsonable_encoder(
           ^^^^^^^^^^^^^^^^^
  File "C:\Users\Lenovo\AppData\Local\Programs\Python\Python311\Lib\site-packages\fastapi\encoders.py", line 289, in jsonable_encoder
    encoded_value = jsonable_encoder(
                    ^^^^^^^^^^^^^^^^^
  File "C:\Users\Lenovo\AppData\Local\Programs\Python\Python311\Lib\site-packages\fastapi\encoders.py", line 337, in jsonable_encoder
    return jsonable_encoder(
           ^^^^^^^^^^^^^^^^^
  File "C:\Users\Lenovo\AppData\Local\Programs\Python\Python311\Lib\site-packages\fastapi\encoders.py", line 289, in jsonable_encoder
    encoded_value = jsonable_encoder(
                    ^^^^^^^^^^^^^^^^^
  File "C:\Users\Lenovo\AppData\Local\Programs\Python\Python311\Lib\site-packages\fastapi\encoders.py", line 337, in jsonable_encoder
    return jsonable_encoder(
           ^^^^^^^^^^^^^^^^^
  File "C:\Users\Lenovo\AppData\Local\Programs\Python\Python311\Lib\site-packages\fastapi\encoders.py", line 289, in jsonable_encoder
    encoded_value = jsonable_encoder(
                    ^^^^^^^^^^^^^^^^^
  File "C:\Users\Lenovo\AppData\Local\Programs\Python\Python311\Lib\site-packages\fastapi\encoders.py", line 337, in jsonable_encoder
    return jsonable_encoder(
           ^^^^^^^^^^^^^^^^^
  File "C:\Users\Lenovo\AppData\Local\Programs\Python\Python311\Lib\site-packages\fastapi\encoders.py", line 289, in jsonable_encoder
    encoded_value = jsonable_encoder(
                    ^^^^^^^^^^^^^^^^^
  File "C:\Users\Lenovo\AppData\Local\Programs\Python\Python311\Lib\site-packages\fastapi\encoders.py", line 337, in jsonable_encoder
    return jsonable_encoder(
           ^^^^^^^^^^^^^^^^^
  File "C:\Users\Lenovo\AppData\Local\Programs\Python\Python311\Lib\site-packages\fastapi\encoders.py", line 289, in jsonable_encoder
    encoded_value = jsonable_encoder(
                    ^^^^^^^^^^^^^^^^^
  File "C:\Users\Lenovo\AppData\Local\Programs\Python\Python311\Lib\site-packages\fastapi\encoders.py", line 337, in jsonable_encoder
    return jsonable_encoder(
           ^^^^^^^^^^^^^^^^^
  File "C:\Users\Lenovo\AppData\Local\Programs\Python\Python311\Lib\site-packages\fastapi\encoders.py", line 289, in jsonable_encoder
    encoded_value = jsonable_encoder(
                    ^^^^^^^^^^^^^^^^^
  File "C:\Users\Lenovo\AppData\Local\Programs\Python\Python311\Lib\site-packages\fastapi\encoders.py", line 337, in jsonable_encoder
    return jsonable_encoder(
           ^^^^^^^^^^^^^^^^^
  File "C:\Users\Lenovo\AppData\Local\Programs\Python\Python311\Lib\site-packages\fastapi\encoders.py", line 289, in jsonable_encoder
    encoded_value = jsonable_encoder(
                    ^^^^^^^^^^^^^^^^^
  File "C:\Users\Lenovo\AppData\Local\Programs\Python\Python311\Lib\site-packages\fastapi\encoders.py", line 337, in jsonable_encoder
    return jsonable_encoder(
           ^^^^^^^^^^^^^^^^^
  File "C:\Users\Lenovo\AppData\Local\Programs\Python\Python311\Lib\site-packages\fastapi\encoders.py", line 289, in jsonable_encoder
    encoded_value = jsonable_encoder(
                    ^^^^^^^^^^^^^^^^^
  File "C:\Users\Lenovo\AppData\Local\Programs\Python\Python311\Lib\site-packages\fastapi\encoders.py", line 337, in jsonable_encoder
    return jsonable_encoder(
           ^^^^^^^^^^^^^^^^^
  File "C:\Users\Lenovo\AppData\Local\Programs\Python\Python311\Lib\site-packages\fastapi\encoders.py", line 289, in jsonable_encoder
    encoded_value = jsonable_encoder(
                    ^^^^^^^^^^^^^^^^^
  File "C:\Users\Lenovo\AppData\Local\Programs\Python\Python311\Lib\site-packages\fastapi\encoders.py", line 337, in jsonable_encoder
    return jsonable_encoder(
           ^^^^^^^^^^^^^^^^^
  File "C:\Users\Lenovo\AppData\Local\Programs\Python\Python311\Lib\site-packages\fastapi\encoders.py", line 289, in jsonable_encoder
    encoded_value = jsonable_encoder(
                    ^^^^^^^^^^^^^^^^^
  File "C:\Users\Lenovo\AppData\Local\Programs\Python\Python311\Lib\site-packages\fastapi\encoders.py", line 337, in jsonable_encoder
    return jsonable_encoder(
           ^^^^^^^^^^^^^^^^^
  File "C:\Users\Lenovo\AppData\Local\Programs\Python\Python311\Lib\site-packages\fastapi\encoders.py", line 289, in jsonable_encoder
    encoded_value = jsonable_encoder(
                    ^^^^^^^^^^^^^^^^^
  File "C:\Users\Lenovo\AppData\Local\Programs\Python\Python311\Lib\site-packages\fastapi\encoders.py", line 337, in jsonable_encoder
    return jsonable_encoder(
           ^^^^^^^^^^^^^^^^^
  File "C:\Users\Lenovo\AppData\Local\Programs\Python\Python311\Lib\site-packages\fastapi\encoders.py", line 289, in jsonable_encoder
    encoded_value = jsonable_encoder(
                    ^^^^^^^^^^^^^^^^^
  File "C:\Users\Lenovo\AppData\Local\Programs\Python\Python311\Lib\site-packages\fastapi\encoders.py", line 337, in jsonable_encoder
    return jsonable_encoder(
           ^^^^^^^^^^^^^^^^^
  File "C:\Users\Lenovo\AppData\Local\Programs\Python\Python311\Lib\site-packages\fastapi\encoders.py", line 289, in jsonable_encoder
    encoded_value = jsonable_encoder(
                    ^^^^^^^^^^^^^^^^^
  File "C:\Users\Lenovo\AppData\Local\Programs\Python\Python311\Lib\site-packages\fastapi\encoders.py", line 337, in jsonable_encoder
    return jsonable_encoder(
           ^^^^^^^^^^^^^^^^^
  File "C:\Users\Lenovo\AppData\Local\Programs\Python\Python311\Lib\site-packages\fastapi\encoders.py", line 289, in jsonable_encoder
    encoded_value = jsonable_encoder(
                    ^^^^^^^^^^^^^^^^^
  File "C:\Users\Lenovo\AppData\Local\Programs\Python\Python311\Lib\site-packages\fastapi\encoders.py", line 337, in jsonable_encoder
    return jsonable_encoder(
           ^^^^^^^^^^^^^^^^^
  File "C:\Users\Lenovo\AppData\Local\Programs\Python\Python311\Lib\site-packages\fastapi\encoders.py", line 289, in jsonable_encoder
    encoded_value = jsonable_encoder(
                    ^^^^^^^^^^^^^^^^^
  File "C:\Users\Lenovo\AppData\Local\Programs\Python\Python311\Lib\site-packages\fastapi\encoders.py", line 337, in jsonable_encoder
    return jsonable_encoder(
           ^^^^^^^^^^^^^^^^^
  File "C:\Users\Lenovo\AppData\Local\Programs\Python\Python311\Lib\site-packages\fastapi\encoders.py", line 289, in jsonable_encoder
    encoded_value = jsonable_encoder(
                    ^^^^^^^^^^^^^^^^^
  File "C:\Users\Lenovo\AppData\Local\Programs\Python\Python311\Lib\site-packages\fastapi\encoders.py", line 337, in jsonable_encoder
    return jsonable_encoder(
           ^^^^^^^^^^^^^^^^^
  File "C:\Users\Lenovo\AppData\Local\Programs\Python\Python311\Lib\site-packages\fastapi\encoders.py", line 289, in jsonable_encoder
    encoded_value = jsonable_encoder(
                    ^^^^^^^^^^^^^^^^^
  File "C:\Users\Lenovo\AppData\Local\Programs\Python\Python311\Lib\site-packages\fastapi\encoders.py", line 337, in jsonable_encoder
    return jsonable_encoder(
           ^^^^^^^^^^^^^^^^^
  File "C:\Users\Lenovo\AppData\Local\Programs\Python\Python311\Lib\site-packages\fastapi\encoders.py", line 289, in jsonable_encoder
    encoded_value = jsonable_encoder(
                    ^^^^^^^^^^^^^^^^^
  File "C:\Users\Lenovo\AppData\Local\Programs\Python\Python311\Lib\site-packages\fastapi\encoders.py", line 337, in jsonable_encoder
    return jsonable_encoder(
           ^^^^^^^^^^^^^^^^^
  File "C:\Users\Lenovo\AppData\Local\Programs\Python\Python311\Lib\site-packages\fastapi\encoders.py", line 289, in jsonable_encoder
    encoded_value = jsonable_encoder(
                    ^^^^^^^^^^^^^^^^^
  File "C:\Users\Lenovo\AppData\Local\Programs\Python\Python311\Lib\site-packages\fastapi\encoders.py", line 337, in jsonable_encoder
    return jsonable_encoder(
           ^^^^^^^^^^^^^^^^^
  File "C:\Users\Lenovo\AppData\Local\Programs\Python\Python311\Lib\site-packages\fastapi\encoders.py", line 289, in jsonable_encoder
    encoded_value = jsonable_encoder(
                    ^^^^^^^^^^^^^^^^^
  File "C:\Users\Lenovo\AppData\Local\Programs\Python\Python311\Lib\site-packages\fastapi\encoders.py", line 337, in jsonable_encoder
    return jsonable_encoder(
           ^^^^^^^^^^^^^^^^^
  File "C:\Users\Lenovo\AppData\Local\Programs\Python\Python311\Lib\site-packages\fastapi\encoders.py", line 289, in jsonable_encoder
    encoded_value = jsonable_encoder(
                    ^^^^^^^^^^^^^^^^^
  File "C:\Users\Lenovo\AppData\Local\Programs\Python\Python311\Lib\site-packages\fastapi\encoders.py", line 337, in jsonable_encoder
    return jsonable_encoder(
           ^^^^^^^^^^^^^^^^^
  File "C:\Users\Lenovo\AppData\Local\Programs\Python\Python311\Lib\site-packages\fastapi\encoders.py", line 289, in jsonable_encoder
    encoded_value = jsonable_encoder(
                    ^^^^^^^^^^^^^^^^^
  File "C:\Users\Lenovo\AppData\Local\Programs\Python\Python311\Lib\site-packages\fastapi\encoders.py", line 337, in jsonable_encoder
    return jsonable_encoder(
           ^^^^^^^^^^^^^^^^^
  File "C:\Users\Lenovo\AppData\Local\Programs\Python\Python311\Lib\site-packages\fastapi\encoders.py", line 289, in jsonable_encoder
    encoded_value = jsonable_encoder(
                    ^^^^^^^^^^^^^^^^^
  File "C:\Users\Lenovo\AppData\Local\Programs\Python\Python311\Lib\site-packages\fastapi\encoders.py", line 337, in jsonable_encoder
    return jsonable_encoder(
           ^^^^^^^^^^^^^^^^^
  File "C:\Users\Lenovo\AppData\Local\Programs\Python\Python311\Lib\site-packages\fastapi\encoders.py", line 289, in jsonable_encoder
    encoded_value = jsonable_encoder(
                    ^^^^^^^^^^^^^^^^^
  File "C:\Users\Lenovo\AppData\Local\Programs\Python\Python311\Lib\site-packages\fastapi\encoders.py", line 337, in jsonable_encoder
    return jsonable_encoder(
           ^^^^^^^^^^^^^^^^^
  File "C:\Users\Lenovo\AppData\Local\Programs\Python\Python311\Lib\site-packages\fastapi\encoders.py", line 289, in jsonable_encoder
    encoded_value = jsonable_encoder(
                    ^^^^^^^^^^^^^^^^^
  File "C:\Users\Lenovo\AppData\Local\Programs\Python\Python311\Lib\site-packages\fastapi\encoders.py", line 337, in jsonable_encoder
    return jsonable_encoder(
           ^^^^^^^^^^^^^^^^^
  File "C:\Users\Lenovo\AppData\Local\Programs\Python\Python311\Lib\site-packages\fastapi\encoders.py", line 289, in jsonable_encoder
    encoded_value = jsonable_encoder(
                    ^^^^^^^^^^^^^^^^^
  File "C:\Users\Lenovo\AppData\Local\Programs\Python\Python311\Lib\site-packages\fastapi\encoders.py", line 337, in jsonable_encoder
    return jsonable_encoder(
           ^^^^^^^^^^^^^^^^^
  File "C:\Users\Lenovo\AppData\Local\Programs\Python\Python311\Lib\site-packages\fastapi\encoders.py", line 289, in jsonable_encoder
    encoded_value = jsonable_encoder(
                    ^^^^^^^^^^^^^^^^^
  File "C:\Users\Lenovo\AppData\Local\Programs\Python\Python311\Lib\site-packages\fastapi\encoders.py", line 337, in jsonable_encoder
    return jsonable_encoder(
           ^^^^^^^^^^^^^^^^^
  File "C:\Users\Lenovo\AppData\Local\Programs\Python\Python311\Lib\site-packages\fastapi\encoders.py", line 289, in jsonable_encoder
    encoded_value = jsonable_encoder(
                    ^^^^^^^^^^^^^^^^^
  File "C:\Users\Lenovo\AppData\Local\Programs\Python\Python311\Lib\site-packages\fastapi\encoders.py", line 337, in jsonable_encoder
    return jsonable_encoder(
           ^^^^^^^^^^^^^^^^^
  File "C:\Users\Lenovo\AppData\Local\Programs\Python\Python311\Lib\site-packages\fastapi\encoders.py", line 289, in jsonable_encoder
    encoded_value = jsonable_encoder(
                    ^^^^^^^^^^^^^^^^^
  File "C:\Users\Lenovo\AppData\Local\Programs\Python\Python311\Lib\site-packages\fastapi\encoders.py", line 337, in jsonable_encoder
    return jsonable_encoder(
           ^^^^^^^^^^^^^^^^^
  File "C:\Users\Lenovo\AppData\Local\Programs\Python\Python311\Lib\site-packages\fastapi\encoders.py", line 289, in jsonable_encoder
    encoded_value = jsonable_encoder(
                    ^^^^^^^^^^^^^^^^^
  File "C:\Users\Lenovo\AppData\Local\Programs\Python\Python311\Lib\site-packages\fastapi\encoders.py", line 337, in jsonable_encoder
    return jsonable_encoder(
           ^^^^^^^^^^^^^^^^^
  File "C:\Users\Lenovo\AppData\Local\Programs\Python\Python311\Lib\site-packages\fastapi\encoders.py", line 289, in jsonable_encoder
    encoded_value = jsonable_encoder(
                    ^^^^^^^^^^^^^^^^^
  File "C:\Users\Lenovo\AppData\Local\Programs\Python\Python311\Lib\site-packages\fastapi\encoders.py", line 337, in jsonable_encoder
    return jsonable_encoder(
           ^^^^^^^^^^^^^^^^^
  File "C:\Users\Lenovo\AppData\Local\Programs\Python\Python311\Lib\site-packages\fastapi\encoders.py", line 289, in jsonable_encoder
    encoded_value = jsonable_encoder(
                    ^^^^^^^^^^^^^^^^^
  File "C:\Users\Lenovo\AppData\Local\Programs\Python\Python311\Lib\site-packages\fastapi\encoders.py", line 337, in jsonable_encoder
    return jsonable_encoder(
           ^^^^^^^^^^^^^^^^^
  File "C:\Users\Lenovo\AppData\Local\Programs\Python\Python311\Lib\site-packages\fastapi\encoders.py", line 289, in jsonable_encoder
    encoded_value = jsonable_encoder(
                    ^^^^^^^^^^^^^^^^^
  File "C:\Users\Lenovo\AppData\Local\Programs\Python\Python311\Lib\site-packages\fastapi\encoders.py", line 337, in jsonable_encoder
    return jsonable_encoder(
           ^^^^^^^^^^^^^^^^^
  File "C:\Users\Lenovo\AppData\Local\Programs\Python\Python311\Lib\site-packages\fastapi\encoders.py", line 289, in jsonable_encoder
    encoded_value = jsonable_encoder(
                    ^^^^^^^^^^^^^^^^^
  File "C:\Users\Lenovo\AppData\Local\Programs\Python\Python311\Lib\site-packages\fastapi\encoders.py", line 337, in jsonable_encoder
    return jsonable_encoder(
           ^^^^^^^^^^^^^^^^^
  File "C:\Users\Lenovo\AppData\Local\Programs\Python\Python311\Lib\site-packages\fastapi\encoders.py", line 289, in jsonable_encoder
    encoded_value = jsonable_encoder(
                    ^^^^^^^^^^^^^^^^^
  File "C:\Users\Lenovo\AppData\Local\Programs\Python\Python311\Lib\site-packages\fastapi\encoders.py", line 337, in jsonable_encoder
    return jsonable_encoder(
           ^^^^^^^^^^^^^^^^^
  File "C:\Users\Lenovo\AppData\Local\Programs\Python\Python311\Lib\site-packages\fastapi\encoders.py", line 289, in jsonable_encoder
    encoded_value = jsonable_encoder(
                    ^^^^^^^^^^^^^^^^^
  File "C:\Users\Lenovo\AppData\Local\Programs\Python\Python311\Lib\site-packages\fastapi\encoders.py", line 337, in jsonable_encoder
    return jsonable_encoder(
           ^^^^^^^^^^^^^^^^^
  File "C:\Users\Lenovo\AppData\Local\Programs\Python\Python311\Lib\site-packages\fastapi\encoders.py", line 289, in jsonable_encoder
    encoded_value = jsonable_encoder(
                    ^^^^^^^^^^^^^^^^^
  File "C:\Users\Lenovo\AppData\Local\Programs\Python\Python311\Lib\site-packages\fastapi\encoders.py", line 337, in jsonable_encoder
    return jsonable_encoder(
           ^^^^^^^^^^^^^^^^^
  File "C:\Users\Lenovo\AppData\Local\Programs\Python\Python311\Lib\site-packages\fastapi\encoders.py", line 289, in jsonable_encoder
    encoded_value = jsonable_encoder(
                    ^^^^^^^^^^^^^^^^^
  File "C:\Users\Lenovo\AppData\Local\Programs\Python\Python311\Lib\site-packages\fastapi\encoders.py", line 337, in jsonable_encoder
    return jsonable_encoder(
           ^^^^^^^^^^^^^^^^^
  File "C:\Users\Lenovo\AppData\Local\Programs\Python\Python311\Lib\site-packages\fastapi\encoders.py", line 289, in jsonable_encoder
    encoded_value = jsonable_encoder(
                    ^^^^^^^^^^^^^^^^^
  File "C:\Users\Lenovo\AppData\Local\Programs\Python\Python311\Lib\site-packages\fastapi\encoders.py", line 337, in jsonable_encoder
    return jsonable_encoder(
           ^^^^^^^^^^^^^^^^^
  File "C:\Users\Lenovo\AppData\Local\Programs\Python\Python311\Lib\site-packages\fastapi\encoders.py", line 289, in jsonable_encoder
    encoded_value = jsonable_encoder(
                    ^^^^^^^^^^^^^^^^^
  File "C:\Users\Lenovo\AppData\Local\Programs\Python\Python311\Lib\site-packages\fastapi\encoders.py", line 337, in jsonable_encoder
    return jsonable_encoder(
           ^^^^^^^^^^^^^^^^^
  File "C:\Users\Lenovo\AppData\Local\Programs\Python\Python311\Lib\site-packages\fastapi\encoders.py", line 289, in jsonable_encoder
    encoded_value = jsonable_encoder(
                    ^^^^^^^^^^^^^^^^^
  File "C:\Users\Lenovo\AppData\Local\Programs\Python\Python311\Lib\site-packages\fastapi\encoders.py", line 337, in jsonable_encoder
    return jsonable_encoder(
           ^^^^^^^^^^^^^^^^^
  File "C:\Users\Lenovo\AppData\Local\Programs\Python\Python311\Lib\site-packages\fastapi\encoders.py", line 289, in jsonable_encoder
    encoded_value = jsonable_encoder(
                    ^^^^^^^^^^^^^^^^^
  File "C:\Users\Lenovo\AppData\Local\Programs\Python\Python311\Lib\site-packages\fastapi\encoders.py", line 337, in jsonable_encoder
    return jsonable_encoder(
           ^^^^^^^^^^^^^^^^^
  File "C:\Users\Lenovo\AppData\Local\Programs\Python\Python311\Lib\site-packages\fastapi\encoders.py", line 289, in jsonable_encoder
    encoded_value = jsonable_encoder(
                    ^^^^^^^^^^^^^^^^^
  File "C:\Users\Lenovo\AppData\Local\Programs\Python\Python311\Lib\site-packages\fastapi\encoders.py", line 337, in jsonable_encoder
    return jsonable_encoder(
           ^^^^^^^^^^^^^^^^^
  File "C:\Users\Lenovo\AppData\Local\Programs\Python\Python311\Lib\site-packages\fastapi\encoders.py", line 289, in jsonable_encoder
    encoded_value = jsonable_encoder(
                    ^^^^^^^^^^^^^^^^^
  File "C:\Users\Lenovo\AppData\Local\Programs\Python\Python311\Lib\site-packages\fastapi\encoders.py", line 337, in jsonable_encoder
    return jsonable_encoder(
           ^^^^^^^^^^^^^^^^^
  File "C:\Users\Lenovo\AppData\Local\Programs\Python\Python311\Lib\site-packages\fastapi\encoders.py", line 289, in jsonable_encoder
    encoded_value = jsonable_encoder(
                    ^^^^^^^^^^^^^^^^^
  File "C:\Users\Lenovo\AppData\Local\Programs\Python\Python311\Lib\site-packages\fastapi\encoders.py", line 337, in jsonable_encoder
    return jsonable_encoder(
           ^^^^^^^^^^^^^^^^^
  File "C:\Users\Lenovo\AppData\Local\Programs\Python\Python311\Lib\site-packages\fastapi\encoders.py", line 289, in jsonable_encoder
    encoded_value = jsonable_encoder(
                    ^^^^^^^^^^^^^^^^^
  File "C:\Users\Lenovo\AppData\Local\Programs\Python\Python311\Lib\site-packages\fastapi\encoders.py", line 337, in jsonable_encoder
    return jsonable_encoder(
           ^^^^^^^^^^^^^^^^^
  File "C:\Users\Lenovo\AppData\Local\Programs\Python\Python311\Lib\site-packages\fastapi\encoders.py", line 289, in jsonable_encoder
    encoded_value = jsonable_encoder(
                    ^^^^^^^^^^^^^^^^^
  File "C:\Users\Lenovo\AppData\Local\Programs\Python\Python311\Lib\site-packages\fastapi\encoders.py", line 337, in jsonable_encoder
    return jsonable_encoder(
           ^^^^^^^^^^^^^^^^^
  File "C:\Users\Lenovo\AppData\Local\Programs\Python\Python311\Lib\site-packages\fastapi\encoders.py", line 289, in jsonable_encoder
    encoded_value = jsonable_encoder(
                    ^^^^^^^^^^^^^^^^^
  File "C:\Users\Lenovo\AppData\Local\Programs\Python\Python311\Lib\site-packages\fastapi\encoders.py", line 337, in jsonable_encoder
    return jsonable_encoder(
           ^^^^^^^^^^^^^^^^^
  File "C:\Users\Lenovo\AppData\Local\Programs\Python\Python311\Lib\site-packages\fastapi\encoders.py", line 289, in jsonable_encoder
    encoded_value = jsonable_encoder(
                    ^^^^^^^^^^^^^^^^^
  File "C:\Users\Lenovo\AppData\Local\Programs\Python\Python311\Lib\site-packages\fastapi\encoders.py", line 337, in jsonable_encoder
    return jsonable_encoder(
           ^^^^^^^^^^^^^^^^^
  File "C:\Users\Lenovo\AppData\Local\Programs\Python\Python311\Lib\site-packages\fastapi\encoders.py", line 289, in jsonable_encoder
    encoded_value = jsonable_encoder(
                    ^^^^^^^^^^^^^^^^^
  File "C:\Users\Lenovo\AppData\Local\Programs\Python\Python311\Lib\site-packages\fastapi\encoders.py", line 337, in jsonable_encoder
    return jsonable_encoder(
           ^^^^^^^^^^^^^^^^^
  File "C:\Users\Lenovo\AppData\Local\Programs\Python\Python311\Lib\site-packages\fastapi\encoders.py", line 289, in jsonable_encoder
    encoded_value = jsonable_encoder(
                    ^^^^^^^^^^^^^^^^^
  File "C:\Users\Lenovo\AppData\Local\Programs\Python\Python311\Lib\site-packages\fastapi\encoders.py", line 337, in jsonable_encoder
    return jsonable_encoder(
           ^^^^^^^^^^^^^^^^^
  File "C:\Users\Lenovo\AppData\Local\Programs\Python\Python311\Lib\site-packages\fastapi\encoders.py", line 289, in jsonable_encoder
    encoded_value = jsonable_encoder(
                    ^^^^^^^^^^^^^^^^^
  File "C:\Users\Lenovo\AppData\Local\Programs\Python\Python311\Lib\site-packages\fastapi\encoders.py", line 337, in jsonable_encoder
    return jsonable_encoder(
           ^^^^^^^^^^^^^^^^^
  File "C:\Users\Lenovo\AppData\Local\Programs\Python\Python311\Lib\site-packages\fastapi\encoders.py", line 289, in jsonable_encoder
    encoded_value = jsonable_encoder(
                    ^^^^^^^^^^^^^^^^^
  File "C:\Users\Lenovo\AppData\Local\Programs\Python\Python311\Lib\site-packages\fastapi\encoders.py", line 337, in jsonable_encoder
    return jsonable_encoder(
           ^^^^^^^^^^^^^^^^^
  File "C:\Users\Lenovo\AppData\Local\Programs\Python\Python311\Lib\site-packages\fastapi\encoders.py", line 289, in jsonable_encoder
    encoded_value = jsonable_encoder(
                    ^^^^^^^^^^^^^^^^^
  File "C:\Users\Lenovo\AppData\Local\Programs\Python\Python311\Lib\site-packages\fastapi\encoders.py", line 337, in jsonable_encoder
    return jsonable_encoder(
           ^^^^^^^^^^^^^^^^^
  File "C:\Users\Lenovo\AppData\Local\Programs\Python\Python311\Lib\site-packages\fastapi\encoders.py", line 289, in jsonable_encoder
    encoded_value = jsonable_encoder(
                    ^^^^^^^^^^^^^^^^^
  File "C:\Users\Lenovo\AppData\Local\Programs\Python\Python311\Lib\site-packages\fastapi\encoders.py", line 337, in jsonable_encoder
    return jsonable_encoder(
           ^^^^^^^^^^^^^^^^^
  File "C:\Users\Lenovo\AppData\Local\Programs\Python\Python311\Lib\site-packages\fastapi\encoders.py", line 289, in jsonable_encoder
    encoded_value = jsonable_encoder(
                    ^^^^^^^^^^^^^^^^^
  File "C:\Users\Lenovo\AppData\Local\Programs\Python\Python311\Lib\site-packages\fastapi\encoders.py", line 337, in jsonable_encoder
    return jsonable_encoder(
           ^^^^^^^^^^^^^^^^^
  File "C:\Users\Lenovo\AppData\Local\Programs\Python\Python311\Lib\site-packages\fastapi\encoders.py", line 289, in jsonable_encoder
    encoded_value = jsonable_encoder(
                    ^^^^^^^^^^^^^^^^^
  File "C:\Users\Lenovo\AppData\Local\Programs\Python\Python311\Lib\site-packages\fastapi\encoders.py", line 337, in jsonable_encoder
    return jsonable_encoder(
           ^^^^^^^^^^^^^^^^^
  File "C:\Users\Lenovo\AppData\Local\Programs\Python\Python311\Lib\site-packages\fastapi\encoders.py", line 289, in jsonable_encoder
    encoded_value = jsonable_encoder(
                    ^^^^^^^^^^^^^^^^^
  File "C:\Users\Lenovo\AppData\Local\Programs\Python\Python311\Lib\site-packages\fastapi\encoders.py", line 337, in jsonable_encoder
    return jsonable_encoder(
           ^^^^^^^^^^^^^^^^^
  File "C:\Users\Lenovo\AppData\Local\Programs\Python\Python311\Lib\site-packages\fastapi\encoders.py", line 289, in jsonable_encoder
    encoded_value = jsonable_encoder(
                    ^^^^^^^^^^^^^^^^^
  File "C:\Users\Lenovo\AppData\Local\Programs\Python\Python311\Lib\site-packages\fastapi\encoders.py", line 337, in jsonable_encoder
    return jsonable_encoder(
           ^^^^^^^^^^^^^^^^^
  File "C:\Users\Lenovo\AppData\Local\Programs\Python\Python311\Lib\site-packages\fastapi\encoders.py", line 289, in jsonable_encoder
    encoded_value = jsonable_encoder(
                    ^^^^^^^^^^^^^^^^^
  File "C:\Users\Lenovo\AppData\Local\Programs\Python\Python311\Lib\site-packages\fastapi\encoders.py", line 337, in jsonable_encoder
    return jsonable_encoder(
           ^^^^^^^^^^^^^^^^^
  File "C:\Users\Lenovo\AppData\Local\Programs\Python\Python311\Lib\site-packages\fastapi\encoders.py", line 289, in jsonable_encoder
    encoded_value = jsonable_encoder(
                    ^^^^^^^^^^^^^^^^^
  File "C:\Users\Lenovo\AppData\Local\Programs\Python\Python311\Lib\site-packages\fastapi\encoders.py", line 337, in jsonable_encoder
    return jsonable_encoder(
           ^^^^^^^^^^^^^^^^^
  File "C:\Users\Lenovo\AppData\Local\Programs\Python\Python311\Lib\site-packages\fastapi\encoders.py", line 289, in jsonable_encoder
    encoded_value = jsonable_encoder(
                    ^^^^^^^^^^^^^^^^^
  File "C:\Users\Lenovo\AppData\Local\Programs\Python\Python311\Lib\site-packages\fastapi\encoders.py", line 337, in jsonable_encoder
    return jsonable_encoder(
           ^^^^^^^^^^^^^^^^^
  File "C:\Users\Lenovo\AppData\Local\Programs\Python\Python311\Lib\site-packages\fastapi\encoders.py", line 289, in jsonable_encoder
    encoded_value = jsonable_encoder(
                    ^^^^^^^^^^^^^^^^^
  File "C:\Users\Lenovo\AppData\Local\Programs\Python\Python311\Lib\site-packages\fastapi\encoders.py", line 337, in jsonable_encoder
    return jsonable_encoder(
           ^^^^^^^^^^^^^^^^^
  File "C:\Users\Lenovo\AppData\Local\Programs\Python\Python311\Lib\site-packages\fastapi\encoders.py", line 289, in jsonable_encoder
    encoded_value = jsonable_encoder(
                    ^^^^^^^^^^^^^^^^^
  File "C:\Users\Lenovo\AppData\Local\Programs\Python\Python311\Lib\site-packages\fastapi\encoders.py", line 337, in jsonable_encoder
    return jsonable_encoder(
           ^^^^^^^^^^^^^^^^^
  File "C:\Users\Lenovo\AppData\Local\Programs\Python\Python311\Lib\site-packages\fastapi\encoders.py", line 289, in jsonable_encoder
    encoded_value = jsonable_encoder(
                    ^^^^^^^^^^^^^^^^^
  File "C:\Users\Lenovo\AppData\Local\Programs\Python\Python311\Lib\site-packages\fastapi\encoders.py", line 337, in jsonable_encoder
    return jsonable_encoder(
           ^^^^^^^^^^^^^^^^^
  File "C:\Users\Lenovo\AppData\Local\Programs\Python\Python311\Lib\site-packages\fastapi\encoders.py", line 289, in jsonable_encoder
    encoded_value = jsonable_encoder(
                    ^^^^^^^^^^^^^^^^^
  File "C:\Users\Lenovo\AppData\Local\Programs\Python\Python311\Lib\site-packages\fastapi\encoders.py", line 337, in jsonable_encoder
    return jsonable_encoder(
           ^^^^^^^^^^^^^^^^^
  File "C:\Users\Lenovo\AppData\Local\Programs\Python\Python311\Lib\site-packages\fastapi\encoders.py", line 289, in jsonable_encoder
    encoded_value = jsonable_encoder(
                    ^^^^^^^^^^^^^^^^^
  File "C:\Users\Lenovo\AppData\Local\Programs\Python\Python311\Lib\site-packages\fastapi\encoders.py", line 337, in jsonable_encoder
    return jsonable_encoder(
           ^^^^^^^^^^^^^^^^^
  File "C:\Users\Lenovo\AppData\Local\Programs\Python\Python311\Lib\site-packages\fastapi\encoders.py", line 289, in jsonable_encoder
    encoded_value = jsonable_encoder(
                    ^^^^^^^^^^^^^^^^^
  File "C:\Users\Lenovo\AppData\Local\Programs\Python\Python311\Lib\site-packages\fastapi\encoders.py", line 337, in jsonable_encoder
    return jsonable_encoder(
           ^^^^^^^^^^^^^^^^^
  File "C:\Users\Lenovo\AppData\Local\Programs\Python\Python311\Lib\site-packages\fastapi\encoders.py", line 289, in jsonable_encoder
    encoded_value = jsonable_encoder(
                    ^^^^^^^^^^^^^^^^^
  File "C:\Users\Lenovo\AppData\Local\Programs\Python\Python311\Lib\site-packages\fastapi\encoders.py", line 337, in jsonable_encoder
    return jsonable_encoder(
           ^^^^^^^^^^^^^^^^^
  File "C:\Users\Lenovo\AppData\Local\Programs\Python\Python311\Lib\site-packages\fastapi\encoders.py", line 289, in jsonable_encoder
    encoded_value = jsonable_encoder(
                    ^^^^^^^^^^^^^^^^^
  File "C:\Users\Lenovo\AppData\Local\Programs\Python\Python311\Lib\site-packages\fastapi\encoders.py", line 337, in jsonable_encoder
    return jsonable_encoder(
           ^^^^^^^^^^^^^^^^^
  File "C:\Users\Lenovo\AppData\Local\Programs\Python\Python311\Lib\site-packages\fastapi\encoders.py", line 289, in jsonable_encoder
    encoded_value = jsonable_encoder(
                    ^^^^^^^^^^^^^^^^^
  File "C:\Users\Lenovo\AppData\Local\Programs\Python\Python311\Lib\site-packages\fastapi\encoders.py", line 337, in jsonable_encoder
    return jsonable_encoder(
           ^^^^^^^^^^^^^^^^^
  File "C:\Users\Lenovo\AppData\Local\Programs\Python\Python311\Lib\site-packages\fastapi\encoders.py", line 289, in jsonable_encoder
    encoded_value = jsonable_encoder(
                    ^^^^^^^^^^^^^^^^^
  File "C:\Users\Lenovo\AppData\Local\Programs\Python\Python311\Lib\site-packages\fastapi\encoders.py", line 337, in jsonable_encoder
    return jsonable_encoder(
           ^^^^^^^^^^^^^^^^^
  File "C:\Users\Lenovo\AppData\Local\Programs\Python\Python311\Lib\site-packages\fastapi\encoders.py", line 289, in jsonable_encoder
    encoded_value = jsonable_encoder(
                    ^^^^^^^^^^^^^^^^^
  File "C:\Users\Lenovo\AppData\Local\Programs\Python\Python311\Lib\site-packages\fastapi\encoders.py", line 337, in jsonable_encoder
    return jsonable_encoder(
           ^^^^^^^^^^^^^^^^^
  File "C:\Users\Lenovo\AppData\Local\Programs\Python\Python311\Lib\site-packages\fastapi\encoders.py", line 289, in jsonable_encoder
    encoded_value = jsonable_encoder(
                    ^^^^^^^^^^^^^^^^^
  File "C:\Users\Lenovo\AppData\Local\Programs\Python\Python311\Lib\site-packages\fastapi\encoders.py", line 337, in jsonable_encoder
    return jsonable_encoder(
           ^^^^^^^^^^^^^^^^^
  File "C:\Users\Lenovo\AppData\Local\Programs\Python\Python311\Lib\site-packages\fastapi\encoders.py", line 289, in jsonable_encoder
    encoded_value = jsonable_encoder(
                    ^^^^^^^^^^^^^^^^^
  File "C:\Users\Lenovo\AppData\Local\Programs\Python\Python311\Lib\site-packages\fastapi\encoders.py", line 337, in jsonable_encoder
    return jsonable_encoder(
           ^^^^^^^^^^^^^^^^^
  File "C:\Users\Lenovo\AppData\Local\Programs\Python\Python311\Lib\site-packages\fastapi\encoders.py", line 289, in jsonable_encoder
    encoded_value = jsonable_encoder(
                    ^^^^^^^^^^^^^^^^^
  File "C:\Users\Lenovo\AppData\Local\Programs\Python\Python311\Lib\site-packages\fastapi\encoders.py", line 337, in jsonable_encoder
    return jsonable_encoder(
           ^^^^^^^^^^^^^^^^^
  File "C:\Users\Lenovo\AppData\Local\Programs\Python\Python311\Lib\site-packages\fastapi\encoders.py", line 289, in jsonable_encoder
    encoded_value = jsonable_encoder(
                    ^^^^^^^^^^^^^^^^^
  File "C:\Users\Lenovo\AppData\Local\Programs\Python\Python311\Lib\site-packages\fastapi\encoders.py", line 337, in jsonable_encoder
    return jsonable_encoder(
           ^^^^^^^^^^^^^^^^^
  File "C:\Users\Lenovo\AppData\Local\Programs\Python\Python311\Lib\site-packages\fastapi\encoders.py", line 289, in jsonable_encoder
    encoded_value = jsonable_encoder(
                    ^^^^^^^^^^^^^^^^^
  File "C:\Users\Lenovo\AppData\Local\Programs\Python\Python311\Lib\site-packages\fastapi\encoders.py", line 337, in jsonable_encoder
    return jsonable_encoder(
           ^^^^^^^^^^^^^^^^^
  File "C:\Users\Lenovo\AppData\Local\Programs\Python\Python311\Lib\site-packages\fastapi\encoders.py", line 289, in jsonable_encoder
    encoded_value = jsonable_encoder(
                    ^^^^^^^^^^^^^^^^^
  File "C:\Users\Lenovo\AppData\Local\Programs\Python\Python311\Lib\site-packages\fastapi\encoders.py", line 337, in jsonable_encoder
    return jsonable_encoder(
           ^^^^^^^^^^^^^^^^^
  File "C:\Users\Lenovo\AppData\Local\Programs\Python\Python311\Lib\site-packages\fastapi\encoders.py", line 289, in jsonable_encoder
    encoded_value = jsonable_encoder(
                    ^^^^^^^^^^^^^^^^^
  File "C:\Users\Lenovo\AppData\Local\Programs\Python\Python311\Lib\site-packages\fastapi\encoders.py", line 337, in jsonable_encoder
    return jsonable_encoder(
           ^^^^^^^^^^^^^^^^^
  File "C:\Users\Lenovo\AppData\Local\Programs\Python\Python311\Lib\site-packages\fastapi\encoders.py", line 289, in jsonable_encoder
    encoded_value = jsonable_encoder(
                    ^^^^^^^^^^^^^^^^^
  File "C:\Users\Lenovo\AppData\Local\Programs\Python\Python311\Lib\site-packages\fastapi\encoders.py", line 337, in jsonable_encoder
    return jsonable_encoder(
           ^^^^^^^^^^^^^^^^^
  File "C:\Users\Lenovo\AppData\Local\Programs\Python\Python311\Lib\site-packages\fastapi\encoders.py", line 289, in jsonable_encoder
    encoded_value = jsonable_encoder(
                    ^^^^^^^^^^^^^^^^^
  File "C:\Users\Lenovo\AppData\Local\Programs\Python\Python311\Lib\site-packages\fastapi\encoders.py", line 337, in jsonable_encoder
    return jsonable_encoder(
           ^^^^^^^^^^^^^^^^^
  File "C:\Users\Lenovo\AppData\Local\Programs\Python\Python311\Lib\site-packages\fastapi\encoders.py", line 289, in jsonable_encoder
    encoded_value = jsonable_encoder(
                    ^^^^^^^^^^^^^^^^^
  File "C:\Users\Lenovo\AppData\Local\Programs\Python\Python311\Lib\site-packages\fastapi\encoders.py", line 337, in jsonable_encoder
    return jsonable_encoder(
           ^^^^^^^^^^^^^^^^^
  File "C:\Users\Lenovo\AppData\Local\Programs\Python\Python311\Lib\site-packages\fastapi\encoders.py", line 289, in jsonable_encoder
    encoded_value = jsonable_encoder(
                    ^^^^^^^^^^^^^^^^^
  File "C:\Users\Lenovo\AppData\Local\Programs\Python\Python311\Lib\site-packages\fastapi\encoders.py", line 337, in jsonable_encoder
    return jsonable_encoder(
           ^^^^^^^^^^^^^^^^^
  File "C:\Users\Lenovo\AppData\Local\Programs\Python\Python311\Lib\site-packages\fastapi\encoders.py", line 289, in jsonable_encoder
    encoded_value = jsonable_encoder(
                    ^^^^^^^^^^^^^^^^^
  File "C:\Users\Lenovo\AppData\Local\Programs\Python\Python311\Lib\site-packages\fastapi\encoders.py", line 337, in jsonable_encoder
    return jsonable_encoder(
           ^^^^^^^^^^^^^^^^^
  File "C:\Users\Lenovo\AppData\Local\Programs\Python\Python311\Lib\site-packages\fastapi\encoders.py", line 289, in jsonable_encoder
    encoded_value = jsonable_encoder(
                    ^^^^^^^^^^^^^^^^^
  File "C:\Users\Lenovo\AppData\Local\Programs\Python\Python311\Lib\site-packages\fastapi\encoders.py", line 337, in jsonable_encoder
    return jsonable_encoder(
           ^^^^^^^^^^^^^^^^^
  File "C:\Users\Lenovo\AppData\Local\Programs\Python\Python311\Lib\site-packages\fastapi\encoders.py", line 289, in jsonable_encoder
    encoded_value = jsonable_encoder(
                    ^^^^^^^^^^^^^^^^^
  File "C:\Users\Lenovo\AppData\Local\Programs\Python\Python311\Lib\site-packages\fastapi\encoders.py", line 337, in jsonable_encoder
    return jsonable_encoder(
           ^^^^^^^^^^^^^^^^^
  File "C:\Users\Lenovo\AppData\Local\Programs\Python\Python311\Lib\site-packages\fastapi\encoders.py", line 289, in jsonable_encoder
    encoded_value = jsonable_encoder(
                    ^^^^^^^^^^^^^^^^^
  File "C:\Users\Lenovo\AppData\Local\Programs\Python\Python311\Lib\site-packages\fastapi\encoders.py", line 337, in jsonable_encoder
    return jsonable_encoder(
           ^^^^^^^^^^^^^^^^^
  File "C:\Users\Lenovo\AppData\Local\Programs\Python\Python311\Lib\site-packages\fastapi\encoders.py", line 289, in jsonable_encoder
    encoded_value = jsonable_encoder(
                    ^^^^^^^^^^^^^^^^^
  File "C:\Users\Lenovo\AppData\Local\Programs\Python\Python311\Lib\site-packages\fastapi\encoders.py", line 337, in jsonable_encoder
    return jsonable_encoder(
           ^^^^^^^^^^^^^^^^^
  File "C:\Users\Lenovo\AppData\Local\Programs\Python\Python311\Lib\site-packages\fastapi\encoders.py", line 289, in jsonable_encoder
    encoded_value = jsonable_encoder(
                    ^^^^^^^^^^^^^^^^^
  File "C:\Users\Lenovo\AppData\Local\Programs\Python\Python311\Lib\site-packages\fastapi\encoders.py", line 337, in jsonable_encoder
    return jsonable_encoder(
           ^^^^^^^^^^^^^^^^^
  File "C:\Users\Lenovo\AppData\Local\Programs\Python\Python311\Lib\site-packages\fastapi\encoders.py", line 289, in jsonable_encoder
    encoded_value = jsonable_encoder(
                    ^^^^^^^^^^^^^^^^^
  File "C:\Users\Lenovo\AppData\Local\Programs\Python\Python311\Lib\site-packages\fastapi\encoders.py", line 337, in jsonable_encoder
    return jsonable_encoder(
           ^^^^^^^^^^^^^^^^^
  File "C:\Users\Lenovo\AppData\Local\Programs\Python\Python311\Lib\site-packages\fastapi\encoders.py", line 289, in jsonable_encoder
    encoded_value = jsonable_encoder(
                    ^^^^^^^^^^^^^^^^^
  File "C:\Users\Lenovo\AppData\Local\Programs\Python\Python311\Lib\site-packages\fastapi\encoders.py", line 337, in jsonable_encoder
    return jsonable_encoder(
           ^^^^^^^^^^^^^^^^^
  File "C:\Users\Lenovo\AppData\Local\Programs\Python\Python311\Lib\site-packages\fastapi\encoders.py", line 289, in jsonable_encoder
    encoded_value = jsonable_encoder(
                    ^^^^^^^^^^^^^^^^^
  File "C:\Users\Lenovo\AppData\Local\Programs\Python\Python311\Lib\site-packages\fastapi\encoders.py", line 337, in jsonable_encoder
    return jsonable_encoder(
           ^^^^^^^^^^^^^^^^^
  File "C:\Users\Lenovo\AppData\Local\Programs\Python\Python311\Lib\site-packages\fastapi\encoders.py", line 289, in jsonable_encoder
    encoded_value = jsonable_encoder(
                    ^^^^^^^^^^^^^^^^^
  File "C:\Users\Lenovo\AppData\Local\Programs\Python\Python311\Lib\site-packages\fastapi\encoders.py", line 337, in jsonable_encoder
    return jsonable_encoder(
           ^^^^^^^^^^^^^^^^^
  File "C:\Users\Lenovo\AppData\Local\Programs\Python\Python311\Lib\site-packages\fastapi\encoders.py", line 289, in jsonable_encoder
    encoded_value = jsonable_encoder(
                    ^^^^^^^^^^^^^^^^^
  File "C:\Users\Lenovo\AppData\Local\Programs\Python\Python311\Lib\site-packages\fastapi\encoders.py", line 337, in jsonable_encoder
    return jsonable_encoder(
           ^^^^^^^^^^^^^^^^^
  File "C:\Users\Lenovo\AppData\Local\Programs\Python\Python311\Lib\site-packages\fastapi\encoders.py", line 289, in jsonable_encoder
    encoded_value = jsonable_encoder(
                    ^^^^^^^^^^^^^^^^^
  File "C:\Users\Lenovo\AppData\Local\Programs\Python\Python311\Lib\site-packages\fastapi\encoders.py", line 337, in jsonable_encoder
    return jsonable_encoder(
           ^^^^^^^^^^^^^^^^^
  File "C:\Users\Lenovo\AppData\Local\Programs\Python\Python311\Lib\site-packages\fastapi\encoders.py", line 289, in jsonable_encoder
    encoded_value = jsonable_encoder(
                    ^^^^^^^^^^^^^^^^^
  File "C:\Users\Lenovo\AppData\Local\Programs\Python\Python311\Lib\site-packages\fastapi\encoders.py", line 337, in jsonable_encoder
    return jsonable_encoder(
           ^^^^^^^^^^^^^^^^^
  File "C:\Users\Lenovo\AppData\Local\Programs\Python\Python311\Lib\site-packages\fastapi\encoders.py", line 289, in jsonable_encoder
    encoded_value = jsonable_encoder(
                    ^^^^^^^^^^^^^^^^^
  File "C:\Users\Lenovo\AppData\Local\Programs\Python\Python311\Lib\site-packages\fastapi\encoders.py", line 337, in jsonable_encoder
    return jsonable_encoder(
           ^^^^^^^^^^^^^^^^^
  File "C:\Users\Lenovo\AppData\Local\Programs\Python\Python311\Lib\site-packages\fastapi\encoders.py", line 289, in jsonable_encoder
    encoded_value = jsonable_encoder(
                    ^^^^^^^^^^^^^^^^^
  File "C:\Users\Lenovo\AppData\Local\Programs\Python\Python311\Lib\site-packages\fastapi\encoders.py", line 337, in jsonable_encoder
    return jsonable_encoder(
           ^^^^^^^^^^^^^^^^^
  File "C:\Users\Lenovo\AppData\Local\Programs\Python\Python311\Lib\site-packages\fastapi\encoders.py", line 289, in jsonable_encoder
    encoded_value = jsonable_encoder(
                    ^^^^^^^^^^^^^^^^^
  File "C:\Users\Lenovo\AppData\Local\Programs\Python\Python311\Lib\site-packages\fastapi\encoders.py", line 337, in jsonable_encoder
    return jsonable_encoder(
           ^^^^^^^^^^^^^^^^^
  File "C:\Users\Lenovo\AppData\Local\Programs\Python\Python311\Lib\site-packages\fastapi\encoders.py", line 289, in jsonable_encoder
    encoded_value = jsonable_encoder(
                    ^^^^^^^^^^^^^^^^^
  File "C:\Users\Lenovo\AppData\Local\Programs\Python\Python311\Lib\site-packages\fastapi\encoders.py", line 337, in jsonable_encoder
    return jsonable_encoder(
           ^^^^^^^^^^^^^^^^^
  File "C:\Users\Lenovo\AppData\Local\Programs\Python\Python311\Lib\site-packages\fastapi\encoders.py", line 289, in jsonable_encoder
    encoded_value = jsonable_encoder(
                    ^^^^^^^^^^^^^^^^^
  File "C:\Users\Lenovo\AppData\Local\Programs\Python\Python311\Lib\site-packages\fastapi\encoders.py", line 337, in jsonable_encoder
    return jsonable_encoder(
           ^^^^^^^^^^^^^^^^^
  File "C:\Users\Lenovo\AppData\Local\Programs\Python\Python311\Lib\site-packages\fastapi\encoders.py", line 289, in jsonable_encoder
    encoded_value = jsonable_encoder(
                    ^^^^^^^^^^^^^^^^^
  File "C:\Users\Lenovo\AppData\Local\Programs\Python\Python311\Lib\site-packages\fastapi\encoders.py", line 337, in jsonable_encoder
    return jsonable_encoder(
           ^^^^^^^^^^^^^^^^^
  File "C:\Users\Lenovo\AppData\Local\Programs\Python\Python311\Lib\site-packages\fastapi\encoders.py", line 289, in jsonable_encoder
    encoded_value = jsonable_encoder(
                    ^^^^^^^^^^^^^^^^^
  File "C:\Users\Lenovo\AppData\Local\Programs\Python\Python311\Lib\site-packages\fastapi\encoders.py", line 337, in jsonable_encoder
    return jsonable_encoder(
           ^^^^^^^^^^^^^^^^^
  File "C:\Users\Lenovo\AppData\Local\Programs\Python\Python311\Lib\site-packages\fastapi\encoders.py", line 289, in jsonable_encoder
    encoded_value = jsonable_encoder(
                    ^^^^^^^^^^^^^^^^^
  File "C:\Users\Lenovo\AppData\Local\Programs\Python\Python311\Lib\site-packages\fastapi\encoders.py", line 337, in jsonable_encoder
    return jsonable_encoder(
           ^^^^^^^^^^^^^^^^^
  File "C:\Users\Lenovo\AppData\Local\Programs\Python\Python311\Lib\site-packages\fastapi\encoders.py", line 289, in jsonable_encoder
    encoded_value = jsonable_encoder(
                    ^^^^^^^^^^^^^^^^^
  File "C:\Users\Lenovo\AppData\Local\Programs\Python\Python311\Lib\site-packages\fastapi\encoders.py", line 337, in jsonable_encoder
    return jsonable_encoder(
           ^^^^^^^^^^^^^^^^^
  File "C:\Users\Lenovo\AppData\Local\Programs\Python\Python311\Lib\site-packages\fastapi\encoders.py", line 289, in jsonable_encoder
    encoded_value = jsonable_encoder(
                    ^^^^^^^^^^^^^^^^^
  File "C:\Users\Lenovo\AppData\Local\Programs\Python\Python311\Lib\site-packages\fastapi\encoders.py", line 337, in jsonable_encoder
    return jsonable_encoder(
           ^^^^^^^^^^^^^^^^^
  File "C:\Users\Lenovo\AppData\Local\Programs\Python\Python311\Lib\site-packages\fastapi\encoders.py", line 289, in jsonable_encoder
    encoded_value = jsonable_encoder(
                    ^^^^^^^^^^^^^^^^^
  File "C:\Users\Lenovo\AppData\Local\Programs\Python\Python311\Lib\site-packages\fastapi\encoders.py", line 337, in jsonable_encoder
    return jsonable_encoder(
           ^^^^^^^^^^^^^^^^^
  File "C:\Users\Lenovo\AppData\Local\Programs\Python\Python311\Lib\site-packages\fastapi\encoders.py", line 289, in jsonable_encoder
    encoded_value = jsonable_encoder(
                    ^^^^^^^^^^^^^^^^^
  File "C:\Users\Lenovo\AppData\Local\Programs\Python\Python311\Lib\site-packages\fastapi\encoders.py", line 337, in jsonable_encoder
    return jsonable_encoder(
           ^^^^^^^^^^^^^^^^^
  File "C:\Users\Lenovo\AppData\Local\Programs\Python\Python311\Lib\site-packages\fastapi\encoders.py", line 289, in jsonable_encoder
    encoded_value = jsonable_encoder(
                    ^^^^^^^^^^^^^^^^^
  File "C:\Users\Lenovo\AppData\Local\Programs\Python\Python311\Lib\site-packages\fastapi\encoders.py", line 337, in jsonable_encoder
    return jsonable_encoder(
           ^^^^^^^^^^^^^^^^^
  File "C:\Users\Lenovo\AppData\Local\Programs\Python\Python311\Lib\site-packages\fastapi\encoders.py", line 289, in jsonable_encoder
    encoded_value = jsonable_encoder(
                    ^^^^^^^^^^^^^^^^^
  File "C:\Users\Lenovo\AppData\Local\Programs\Python\Python311\Lib\site-packages\fastapi\encoders.py", line 337, in jsonable_encoder
    return jsonable_encoder(
           ^^^^^^^^^^^^^^^^^
  File "C:\Users\Lenovo\AppData\Local\Programs\Python\Python311\Lib\site-packages\fastapi\encoders.py", line 289, in jsonable_encoder
    encoded_value = jsonable_encoder(
                    ^^^^^^^^^^^^^^^^^
  File "C:\Users\Lenovo\AppData\Local\Programs\Python\Python311\Lib\site-packages\fastapi\encoders.py", line 337, in jsonable_encoder
    return jsonable_encoder(
           ^^^^^^^^^^^^^^^^^
  File "C:\Users\Lenovo\AppData\Local\Programs\Python\Python311\Lib\site-packages\fastapi\encoders.py", line 289, in jsonable_encoder
    encoded_value = jsonable_encoder(
                    ^^^^^^^^^^^^^^^^^
  File "C:\Users\Lenovo\AppData\Local\Programs\Python\Python311\Lib\site-packages\fastapi\encoders.py", line 337, in jsonable_encoder
    return jsonable_encoder(
           ^^^^^^^^^^^^^^^^^
  File "C:\Users\Lenovo\AppData\Local\Programs\Python\Python311\Lib\site-packages\fastapi\encoders.py", line 289, in jsonable_encoder
    encoded_value = jsonable_encoder(
                    ^^^^^^^^^^^^^^^^^
  File "C:\Users\Lenovo\AppData\Local\Programs\Python\Python311\Lib\site-packages\fastapi\encoders.py", line 337, in jsonable_encoder
    return jsonable_encoder(
           ^^^^^^^^^^^^^^^^^
  File "C:\Users\Lenovo\AppData\Local\Programs\Python\Python311\Lib\site-packages\fastapi\encoders.py", line 289, in jsonable_encoder
    encoded_value = jsonable_encoder(
                    ^^^^^^^^^^^^^^^^^
  File "C:\Users\Lenovo\AppData\Local\Programs\Python\Python311\Lib\site-packages\fastapi\encoders.py", line 337, in jsonable_encoder
    return jsonable_encoder(
           ^^^^^^^^^^^^^^^^^
  File "C:\Users\Lenovo\AppData\Local\Programs\Python\Python311\Lib\site-packages\fastapi\encoders.py", line 289, in jsonable_encoder
    encoded_value = jsonable_encoder(
                    ^^^^^^^^^^^^^^^^^
  File "C:\Users\Lenovo\AppData\Local\Programs\Python\Python311\Lib\site-packages\fastapi\encoders.py", line 337, in jsonable_encoder
    return jsonable_encoder(
           ^^^^^^^^^^^^^^^^^
  File "C:\Users\Lenovo\AppData\Local\Programs\Python\Python311\Lib\site-packages\fastapi\encoders.py", line 289, in jsonable_encoder
    encoded_value = jsonable_encoder(
                    ^^^^^^^^^^^^^^^^^
  File "C:\Users\Lenovo\AppData\Local\Programs\Python\Python311\Lib\site-packages\fastapi\encoders.py", line 337, in jsonable_encoder
    return jsonable_encoder(
           ^^^^^^^^^^^^^^^^^
  File "C:\Users\Lenovo\AppData\Local\Programs\Python\Python311\Lib\site-packages\fastapi\encoders.py", line 289, in jsonable_encoder
    encoded_value = jsonable_encoder(
                    ^^^^^^^^^^^^^^^^^
  File "C:\Users\Lenovo\AppData\Local\Programs\Python\Python311\Lib\site-packages\fastapi\encoders.py", line 337, in jsonable_encoder
    return jsonable_encoder(
           ^^^^^^^^^^^^^^^^^
  File "C:\Users\Lenovo\AppData\Local\Programs\Python\Python311\Lib\site-packages\fastapi\encoders.py", line 289, in jsonable_encoder
    encoded_value = jsonable_encoder(
                    ^^^^^^^^^^^^^^^^^
  File "C:\Users\Lenovo\AppData\Local\Programs\Python\Python311\Lib\site-packages\fastapi\encoders.py", line 337, in jsonable_encoder
    return jsonable_encoder(
           ^^^^^^^^^^^^^^^^^
  File "C:\Users\Lenovo\AppData\Local\Programs\Python\Python311\Lib\site-packages\fastapi\encoders.py", line 289, in jsonable_encoder
    encoded_value = jsonable_encoder(
                    ^^^^^^^^^^^^^^^^^
  File "C:\Users\Lenovo\AppData\Local\Programs\Python\Python311\Lib\site-packages\fastapi\encoders.py", line 337, in jsonable_encoder
    return jsonable_encoder(
           ^^^^^^^^^^^^^^^^^
  File "C:\Users\Lenovo\AppData\Local\Programs\Python\Python311\Lib\site-packages\fastapi\encoders.py", line 289, in jsonable_encoder
    encoded_value = jsonable_encoder(
                    ^^^^^^^^^^^^^^^^^
  File "C:\Users\Lenovo\AppData\Local\Programs\Python\Python311\Lib\site-packages\fastapi\encoders.py", line 337, in jsonable_encoder
    return jsonable_encoder(
           ^^^^^^^^^^^^^^^^^
  File "C:\Users\Lenovo\AppData\Local\Programs\Python\Python311\Lib\site-packages\fastapi\encoders.py", line 289, in jsonable_encoder
    encoded_value = jsonable_encoder(
                    ^^^^^^^^^^^^^^^^^
  File "C:\Users\Lenovo\AppData\Local\Programs\Python\Python311\Lib\site-packages\fastapi\encoders.py", line 337, in jsonable_encoder
    return jsonable_encoder(
           ^^^^^^^^^^^^^^^^^
  File "C:\Users\Lenovo\AppData\Local\Programs\Python\Python311\Lib\site-packages\fastapi\encoders.py", line 289, in jsonable_encoder
    encoded_value = jsonable_encoder(
                    ^^^^^^^^^^^^^^^^^
  File "C:\Users\Lenovo\AppData\Local\Programs\Python\Python311\Lib\site-packages\fastapi\encoders.py", line 337, in jsonable_encoder
    return jsonable_encoder(
           ^^^^^^^^^^^^^^^^^
  File "C:\Users\Lenovo\AppData\Local\Programs\Python\Python311\Lib\site-packages\fastapi\encoders.py", line 289, in jsonable_encoder
    encoded_value = jsonable_encoder(
                    ^^^^^^^^^^^^^^^^^
  File "C:\Users\Lenovo\AppData\Local\Programs\Python\Python311\Lib\site-packages\fastapi\encoders.py", line 337, in jsonable_encoder
    return jsonable_encoder(
           ^^^^^^^^^^^^^^^^^
  File "C:\Users\Lenovo\AppData\Local\Programs\Python\Python311\Lib\site-packages\fastapi\encoders.py", line 289, in jsonable_encoder
    encoded_value = jsonable_encoder(
                    ^^^^^^^^^^^^^^^^^
  File "C:\Users\Lenovo\AppData\Local\Programs\Python\Python311\Lib\site-packages\fastapi\encoders.py", line 337, in jsonable_encoder
    return jsonable_encoder(
           ^^^^^^^^^^^^^^^^^
  File "C:\Users\Lenovo\AppData\Local\Programs\Python\Python311\Lib\site-packages\fastapi\encoders.py", line 289, in jsonable_encoder
    encoded_value = jsonable_encoder(
                    ^^^^^^^^^^^^^^^^^
  File "C:\Users\Lenovo\AppData\Local\Programs\Python\Python311\Lib\site-packages\fastapi\encoders.py", line 337, in jsonable_encoder
    return jsonable_encoder(
           ^^^^^^^^^^^^^^^^^
  File "C:\Users\Lenovo\AppData\Local\Programs\Python\Python311\Lib\site-packages\fastapi\encoders.py", line 289, in jsonable_encoder
    encoded_value = jsonable_encoder(
                    ^^^^^^^^^^^^^^^^^
  File "C:\Users\Lenovo\AppData\Local\Programs\Python\Python311\Lib\site-packages\fastapi\encoders.py", line 337, in jsonable_encoder
    return jsonable_encoder(
           ^^^^^^^^^^^^^^^^^
  File "C:\Users\Lenovo\AppData\Local\Programs\Python\Python311\Lib\site-packages\fastapi\encoders.py", line 289, in jsonable_encoder
    encoded_value = jsonable_encoder(
                    ^^^^^^^^^^^^^^^^^
  File "C:\Users\Lenovo\AppData\Local\Programs\Python\Python311\Lib\site-packages\fastapi\encoders.py", line 337, in jsonable_encoder
    return jsonable_encoder(
           ^^^^^^^^^^^^^^^^^
  File "C:\Users\Lenovo\AppData\Local\Programs\Python\Python311\Lib\site-packages\fastapi\encoders.py", line 289, in jsonable_encoder
    encoded_value = jsonable_encoder(
                    ^^^^^^^^^^^^^^^^^
  File "C:\Users\Lenovo\AppData\Local\Programs\Python\Python311\Lib\site-packages\fastapi\encoders.py", line 337, in jsonable_encoder
    return jsonable_encoder(
           ^^^^^^^^^^^^^^^^^
  File "C:\Users\Lenovo\AppData\Local\Programs\Python\Python311\Lib\site-packages\fastapi\encoders.py", line 289, in jsonable_encoder
    encoded_value = jsonable_encoder(
                    ^^^^^^^^^^^^^^^^^
  File "C:\Users\Lenovo\AppData\Local\Programs\Python\Python311\Lib\site-packages\fastapi\encoders.py", line 337, in jsonable_encoder
    return jsonable_encoder(
           ^^^^^^^^^^^^^^^^^
  File "C:\Users\Lenovo\AppData\Local\Programs\Python\Python311\Lib\site-packages\fastapi\encoders.py", line 289, in jsonable_encoder
    encoded_value = jsonable_encoder(
                    ^^^^^^^^^^^^^^^^^
  File "C:\Users\Lenovo\AppData\Local\Programs\Python\Python311\Lib\site-packages\fastapi\encoders.py", line 337, in jsonable_encoder
    return jsonable_encoder(
           ^^^^^^^^^^^^^^^^^
  File "C:\Users\Lenovo\AppData\Local\Programs\Python\Python311\Lib\site-packages\fastapi\encoders.py", line 289, in jsonable_encoder
    encoded_value = jsonable_encoder(
                    ^^^^^^^^^^^^^^^^^
  File "C:\Users\Lenovo\AppData\Local\Programs\Python\Python311\Lib\site-packages\fastapi\encoders.py", line 337, in jsonable_encoder
    return jsonable_encoder(
           ^^^^^^^^^^^^^^^^^
  File "C:\Users\Lenovo\AppData\Local\Programs\Python\Python311\Lib\site-packages\fastapi\encoders.py", line 289, in jsonable_encoder
    encoded_value = jsonable_encoder(
                    ^^^^^^^^^^^^^^^^^
  File "C:\Users\Lenovo\AppData\Local\Programs\Python\Python311\Lib\site-packages\fastapi\encoders.py", line 337, in jsonable_encoder
    return jsonable_encoder(
           ^^^^^^^^^^^^^^^^^
  File "C:\Users\Lenovo\AppData\Local\Programs\Python\Python311\Lib\site-packages\fastapi\encoders.py", line 289, in jsonable_encoder
    encoded_value = jsonable_encoder(
                    ^^^^^^^^^^^^^^^^^
  File "C:\Users\Lenovo\AppData\Local\Programs\Python\Python311\Lib\site-packages\fastapi\encoders.py", line 337, in jsonable_encoder
    return jsonable_encoder(
           ^^^^^^^^^^^^^^^^^
  File "C:\Users\Lenovo\AppData\Local\Programs\Python\Python311\Lib\site-packages\fastapi\encoders.py", line 289, in jsonable_encoder
    encoded_value = jsonable_encoder(
                    ^^^^^^^^^^^^^^^^^
  File "C:\Users\Lenovo\AppData\Local\Programs\Python\Python311\Lib\site-packages\fastapi\encoders.py", line 337, in jsonable_encoder
    return jsonable_encoder(
           ^^^^^^^^^^^^^^^^^
  File "C:\Users\Lenovo\AppData\Local\Programs\Python\Python311\Lib\site-packages\fastapi\encoders.py", line 289, in jsonable_encoder
    encoded_value = jsonable_encoder(
                    ^^^^^^^^^^^^^^^^^
  File "C:\Users\Lenovo\AppData\Local\Programs\Python\Python311\Lib\site-packages\fastapi\encoders.py", line 337, in jsonable_encoder
    return jsonable_encoder(
           ^^^^^^^^^^^^^^^^^
  File "C:\Users\Lenovo\AppData\Local\Programs\Python\Python311\Lib\site-packages\fastapi\encoders.py", line 289, in jsonable_encoder
    encoded_value = jsonable_encoder(
                    ^^^^^^^^^^^^^^^^^
  File "C:\Users\Lenovo\AppData\Local\Programs\Python\Python311\Lib\site-packages\fastapi\encoders.py", line 337, in jsonable_encoder
    return jsonable_encoder(
           ^^^^^^^^^^^^^^^^^
  File "C:\Users\Lenovo\AppData\Local\Programs\Python\Python311\Lib\site-packages\fastapi\encoders.py", line 289, in jsonable_encoder
    encoded_value = jsonable_encoder(
                    ^^^^^^^^^^^^^^^^^
  File "C:\Users\Lenovo\AppData\Local\Programs\Python\Python311\Lib\site-packages\fastapi\encoders.py", line 337, in jsonable_encoder
    return jsonable_encoder(
           ^^^^^^^^^^^^^^^^^
  File "C:\Users\Lenovo\AppData\Local\Programs\Python\Python311\Lib\site-packages\fastapi\encoders.py", line 289, in jsonable_encoder
    encoded_value = jsonable_encoder(
                    ^^^^^^^^^^^^^^^^^
  File "C:\Users\Lenovo\AppData\Local\Programs\Python\Python311\Lib\site-packages\fastapi\encoders.py", line 337, in jsonable_encoder
    return jsonable_encoder(
           ^^^^^^^^^^^^^^^^^
  File "C:\Users\Lenovo\AppData\Local\Programs\Python\Python311\Lib\site-packages\fastapi\encoders.py", line 289, in jsonable_encoder
    encoded_value = jsonable_encoder(
                    ^^^^^^^^^^^^^^^^^
  File "C:\Users\Lenovo\AppData\Local\Programs\Python\Python311\Lib\site-packages\fastapi\encoders.py", line 337, in jsonable_encoder
    return jsonable_encoder(
           ^^^^^^^^^^^^^^^^^
  File "C:\Users\Lenovo\AppData\Local\Programs\Python\Python311\Lib\site-packages\fastapi\encoders.py", line 289, in jsonable_encoder
    encoded_value = jsonable_encoder(
                    ^^^^^^^^^^^^^^^^^
  File "C:\Users\Lenovo\AppData\Local\Programs\Python\Python311\Lib\site-packages\fastapi\encoders.py", line 337, in jsonable_encoder
    return jsonable_encoder(
           ^^^^^^^^^^^^^^^^^
  File "C:\Users\Lenovo\AppData\Local\Programs\Python\Python311\Lib\site-packages\fastapi\encoders.py", line 289, in jsonable_encoder
    encoded_value = jsonable_encoder(
                    ^^^^^^^^^^^^^^^^^
  File "C:\Users\Lenovo\AppData\Local\Programs\Python\Python311\Lib\site-packages\fastapi\encoders.py", line 337, in jsonable_encoder
    return jsonable_encoder(
           ^^^^^^^^^^^^^^^^^
  File "C:\Users\Lenovo\AppData\Local\Programs\Python\Python311\Lib\site-packages\fastapi\encoders.py", line 289, in jsonable_encoder
    encoded_value = jsonable_encoder(
                    ^^^^^^^^^^^^^^^^^
  File "C:\Users\Lenovo\AppData\Local\Programs\Python\Python311\Lib\site-packages\fastapi\encoders.py", line 337, in jsonable_encoder
    return jsonable_encoder(
           ^^^^^^^^^^^^^^^^^
  File "C:\Users\Lenovo\AppData\Local\Programs\Python\Python311\Lib\site-packages\fastapi\encoders.py", line 289, in jsonable_encoder
    encoded_value = jsonable_encoder(
                    ^^^^^^^^^^^^^^^^^
  File "C:\Users\Lenovo\AppData\Local\Programs\Python\Python311\Lib\site-packages\fastapi\encoders.py", line 337, in jsonable_encoder
    return jsonable_encoder(
           ^^^^^^^^^^^^^^^^^
  File "C:\Users\Lenovo\AppData\Local\Programs\Python\Python311\Lib\site-packages\fastapi\encoders.py", line 289, in jsonable_encoder
    encoded_value = jsonable_encoder(
                    ^^^^^^^^^^^^^^^^^
  File "C:\Users\Lenovo\AppData\Local\Programs\Python\Python311\Lib\site-packages\fastapi\encoders.py", line 337, in jsonable_encoder
    return jsonable_encoder(
           ^^^^^^^^^^^^^^^^^
  File "C:\Users\Lenovo\AppData\Local\Programs\Python\Python311\Lib\site-packages\fastapi\encoders.py", line 289, in jsonable_encoder
    encoded_value = jsonable_encoder(
                    ^^^^^^^^^^^^^^^^^
  File "C:\Users\Lenovo\AppData\Local\Programs\Python\Python311\Lib\site-packages\fastapi\encoders.py", line 337, in jsonable_encoder
    return jsonable_encoder(
           ^^^^^^^^^^^^^^^^^
  File "C:\Users\Lenovo\AppData\Local\Programs\Python\Python311\Lib\site-packages\fastapi\encoders.py", line 289, in jsonable_encoder
    encoded_value = jsonable_encoder(
                    ^^^^^^^^^^^^^^^^^
  File "C:\Users\Lenovo\AppData\Local\Programs\Python\Python311\Lib\site-packages\fastapi\encoders.py", line 337, in jsonable_encoder
    return jsonable_encoder(
           ^^^^^^^^^^^^^^^^^
  File "C:\Users\Lenovo\AppData\Local\Programs\Python\Python311\Lib\site-packages\fastapi\encoders.py", line 289, in jsonable_encoder
    encoded_value = jsonable_encoder(
                    ^^^^^^^^^^^^^^^^^
  File "C:\Users\Lenovo\AppData\Local\Programs\Python\Python311\Lib\site-packages\fastapi\encoders.py", line 337, in jsonable_encoder
    return jsonable_encoder(
           ^^^^^^^^^^^^^^^^^
  File "C:\Users\Lenovo\AppData\Local\Programs\Python\Python311\Lib\site-packages\fastapi\encoders.py", line 289, in jsonable_encoder
    encoded_value = jsonable_encoder(
                    ^^^^^^^^^^^^^^^^^
  File "C:\Users\Lenovo\AppData\Local\Programs\Python\Python311\Lib\site-packages\fastapi\encoders.py", line 337, in jsonable_encoder
    return jsonable_encoder(
           ^^^^^^^^^^^^^^^^^
  File "C:\Users\Lenovo\AppData\Local\Programs\Python\Python311\Lib\site-packages\fastapi\encoders.py", line 289, in jsonable_encoder
    encoded_value = jsonable_encoder(
                    ^^^^^^^^^^^^^^^^^
  File "C:\Users\Lenovo\AppData\Local\Programs\Python\Python311\Lib\site-packages\fastapi\encoders.py", line 337, in jsonable_encoder
    return jsonable_encoder(
           ^^^^^^^^^^^^^^^^^
  File "C:\Users\Lenovo\AppData\Local\Programs\Python\Python311\Lib\site-packages\fastapi\encoders.py", line 289, in jsonable_encoder
    encoded_value = jsonable_encoder(
                    ^^^^^^^^^^^^^^^^^
  File "C:\Users\Lenovo\AppData\Local\Programs\Python\Python311\Lib\site-packages\fastapi\encoders.py", line 337, in jsonable_encoder
    return jsonable_encoder(
           ^^^^^^^^^^^^^^^^^
  File "C:\Users\Lenovo\AppData\Local\Programs\Python\Python311\Lib\site-packages\fastapi\encoders.py", line 289, in jsonable_encoder
    encoded_value = jsonable_encoder(
                    ^^^^^^^^^^^^^^^^^
  File "C:\Users\Lenovo\AppData\Local\Programs\Python\Python311\Lib\site-packages\fastapi\encoders.py", line 337, in jsonable_encoder
    return jsonable_encoder(
           ^^^^^^^^^^^^^^^^^
  File "C:\Users\Lenovo\AppData\Local\Programs\Python\Python311\Lib\site-packages\fastapi\encoders.py", line 289, in jsonable_encoder
    encoded_value = jsonable_encoder(
                    ^^^^^^^^^^^^^^^^^
  File "C:\Users\Lenovo\AppData\Local\Programs\Python\Python311\Lib\site-packages\fastapi\encoders.py", line 337, in jsonable_encoder
    return jsonable_encoder(
           ^^^^^^^^^^^^^^^^^
  File "C:\Users\Lenovo\AppData\Local\Programs\Python\Python311\Lib\site-packages\fastapi\encoders.py", line 289, in jsonable_encoder
    encoded_value = jsonable_encoder(
                    ^^^^^^^^^^^^^^^^^
  File "C:\Users\Lenovo\AppData\Local\Programs\Python\Python311\Lib\site-packages\fastapi\encoders.py", line 337, in jsonable_encoder
    return jsonable_encoder(
           ^^^^^^^^^^^^^^^^^
  File "C:\Users\Lenovo\AppData\Local\Programs\Python\Python311\Lib\site-packages\fastapi\encoders.py", line 289, in jsonable_encoder
    encoded_value = jsonable_encoder(
                    ^^^^^^^^^^^^^^^^^
  File "C:\Users\Lenovo\AppData\Local\Programs\Python\Python311\Lib\site-packages\fastapi\encoders.py", line 337, in jsonable_encoder
    return jsonable_encoder(
           ^^^^^^^^^^^^^^^^^
  File "C:\Users\Lenovo\AppData\Local\Programs\Python\Python311\Lib\site-packages\fastapi\encoders.py", line 289, in jsonable_encoder
    encoded_value = jsonable_encoder(
                    ^^^^^^^^^^^^^^^^^
  File "C:\Users\Lenovo\AppData\Local\Programs\Python\Python311\Lib\site-packages\fastapi\encoders.py", line 337, in jsonable_encoder
    return jsonable_encoder(
           ^^^^^^^^^^^^^^^^^
  File "C:\Users\Lenovo\AppData\Local\Programs\Python\Python311\Lib\site-packages\fastapi\encoders.py", line 289, in jsonable_encoder
    encoded_value = jsonable_encoder(
                    ^^^^^^^^^^^^^^^^^
  File "C:\Users\Lenovo\AppData\Local\Programs\Python\Python311\Lib\site-packages\fastapi\encoders.py", line 337, in jsonable_encoder
    return jsonable_encoder(
           ^^^^^^^^^^^^^^^^^
  File "C:\Users\Lenovo\AppData\Local\Programs\Python\Python311\Lib\site-packages\fastapi\encoders.py", line 289, in jsonable_encoder
    encoded_value = jsonable_encoder(
                    ^^^^^^^^^^^^^^^^^
  File "C:\Users\Lenovo\AppData\Local\Programs\Python\Python311\Lib\site-packages\fastapi\encoders.py", line 337, in jsonable_encoder
    return jsonable_encoder(
           ^^^^^^^^^^^^^^^^^
  File "C:\Users\Lenovo\AppData\Local\Programs\Python\Python311\Lib\site-packages\fastapi\encoders.py", line 289, in jsonable_encoder
    encoded_value = jsonable_encoder(
                    ^^^^^^^^^^^^^^^^^
  File "C:\Users\Lenovo\AppData\Local\Programs\Python\Python311\Lib\site-packages\fastapi\encoders.py", line 337, in jsonable_encoder
    return jsonable_encoder(
           ^^^^^^^^^^^^^^^^^
  File "C:\Users\Lenovo\AppData\Local\Programs\Python\Python311\Lib\site-packages\fastapi\encoders.py", line 289, in jsonable_encoder
    encoded_value = jsonable_encoder(
                    ^^^^^^^^^^^^^^^^^
  File "C:\Users\Lenovo\AppData\Local\Programs\Python\Python311\Lib\site-packages\fastapi\encoders.py", line 337, in jsonable_encoder
    return jsonable_encoder(
           ^^^^^^^^^^^^^^^^^
  File "C:\Users\Lenovo\AppData\Local\Programs\Python\Python311\Lib\site-packages\fastapi\encoders.py", line 289, in jsonable_encoder
    encoded_value = jsonable_encoder(
                    ^^^^^^^^^^^^^^^^^
  File "C:\Users\Lenovo\AppData\Local\Programs\Python\Python311\Lib\site-packages\fastapi\encoders.py", line 337, in jsonable_encoder
    return jsonable_encoder(
           ^^^^^^^^^^^^^^^^^
  File "C:\Users\Lenovo\AppData\Local\Programs\Python\Python311\Lib\site-packages\fastapi\encoders.py", line 289, in jsonable_encoder
    encoded_value = jsonable_encoder(
                    ^^^^^^^^^^^^^^^^^
  File "C:\Users\Lenovo\AppData\Local\Programs\Python\Python311\Lib\site-packages\fastapi\encoders.py", line 337, in jsonable_encoder
    return jsonable_encoder(
           ^^^^^^^^^^^^^^^^^
  File "C:\Users\Lenovo\AppData\Local\Programs\Python\Python311\Lib\site-packages\fastapi\encoders.py", line 289, in jsonable_encoder
    encoded_value = jsonable_encoder(
                    ^^^^^^^^^^^^^^^^^
  File "C:\Users\Lenovo\AppData\Local\Programs\Python\Python311\Lib\site-packages\fastapi\encoders.py", line 337, in jsonable_encoder
    return jsonable_encoder(
           ^^^^^^^^^^^^^^^^^
  File "C:\Users\Lenovo\AppData\Local\Programs\Python\Python311\Lib\site-packages\fastapi\encoders.py", line 289, in jsonable_encoder
    encoded_value = jsonable_encoder(
                    ^^^^^^^^^^^^^^^^^
  File "C:\Users\Lenovo\AppData\Local\Programs\Python\Python311\Lib\site-packages\fastapi\encoders.py", line 337, in jsonable_encoder
    return jsonable_encoder(
           ^^^^^^^^^^^^^^^^^
  File "C:\Users\Lenovo\AppData\Local\Programs\Python\Python311\Lib\site-packages\fastapi\encoders.py", line 289, in jsonable_encoder
    encoded_value = jsonable_encoder(
                    ^^^^^^^^^^^^^^^^^
  File "C:\Users\Lenovo\AppData\Local\Programs\Python\Python311\Lib\site-packages\fastapi\encoders.py", line 337, in jsonable_encoder
    return jsonable_encoder(
           ^^^^^^^^^^^^^^^^^
  File "C:\Users\Lenovo\AppData\Local\Programs\Python\Python311\Lib\site-packages\fastapi\encoders.py", line 289, in jsonable_encoder
    encoded_value = jsonable_encoder(
                    ^^^^^^^^^^^^^^^^^
  File "C:\Users\Lenovo\AppData\Local\Programs\Python\Python311\Lib\site-packages\fastapi\encoders.py", line 337, in jsonable_encoder
    return jsonable_encoder(
           ^^^^^^^^^^^^^^^^^
  File "C:\Users\Lenovo\AppData\Local\Programs\Python\Python311\Lib\site-packages\fastapi\encoders.py", line 289, in jsonable_encoder
    encoded_value = jsonable_encoder(
                    ^^^^^^^^^^^^^^^^^
  File "C:\Users\Lenovo\AppData\Local\Programs\Python\Python311\Lib\site-packages\fastapi\encoders.py", line 337, in jsonable_encoder
    return jsonable_encoder(
           ^^^^^^^^^^^^^^^^^
  File "C:\Users\Lenovo\AppData\Local\Programs\Python\Python311\Lib\site-packages\fastapi\encoders.py", line 289, in jsonable_encoder
    encoded_value = jsonable_encoder(
                    ^^^^^^^^^^^^^^^^^
  File "C:\Users\Lenovo\AppData\Local\Programs\Python\Python311\Lib\site-packages\fastapi\encoders.py", line 337, in jsonable_encoder
    return jsonable_encoder(
           ^^^^^^^^^^^^^^^^^
  File "C:\Users\Lenovo\AppData\Local\Programs\Python\Python311\Lib\site-packages\fastapi\encoders.py", line 289, in jsonable_encoder
    encoded_value = jsonable_encoder(
                    ^^^^^^^^^^^^^^^^^
  File "C:\Users\Lenovo\AppData\Local\Programs\Python\Python311\Lib\site-packages\fastapi\encoders.py", line 337, in jsonable_encoder
    return jsonable_encoder(
           ^^^^^^^^^^^^^^^^^
  File "C:\Users\Lenovo\AppData\Local\Programs\Python\Python311\Lib\site-packages\fastapi\encoders.py", line 289, in jsonable_encoder
    encoded_value = jsonable_encoder(
                    ^^^^^^^^^^^^^^^^^
  File "C:\Users\Lenovo\AppData\Local\Programs\Python\Python311\Lib\site-packages\fastapi\encoders.py", line 337, in jsonable_encoder
    return jsonable_encoder(
           ^^^^^^^^^^^^^^^^^
  File "C:\Users\Lenovo\AppData\Local\Programs\Python\Python311\Lib\site-packages\fastapi\encoders.py", line 289, in jsonable_encoder
    encoded_value = jsonable_encoder(
                    ^^^^^^^^^^^^^^^^^
  File "C:\Users\Lenovo\AppData\Local\Programs\Python\Python311\Lib\site-packages\fastapi\encoders.py", line 337, in jsonable_encoder
    return jsonable_encoder(
           ^^^^^^^^^^^^^^^^^
  File "C:\Users\Lenovo\AppData\Local\Programs\Python\Python311\Lib\site-packages\fastapi\encoders.py", line 289, in jsonable_encoder
    encoded_value = jsonable_encoder(
                    ^^^^^^^^^^^^^^^^^
  File "C:\Users\Lenovo\AppData\Local\Programs\Python\Python311\Lib\site-packages\fastapi\encoders.py", line 337, in jsonable_encoder
    return jsonable_encoder(
           ^^^^^^^^^^^^^^^^^
  File "C:\Users\Lenovo\AppData\Local\Programs\Python\Python311\Lib\site-packages\fastapi\encoders.py", line 289, in jsonable_encoder
    encoded_value = jsonable_encoder(
                    ^^^^^^^^^^^^^^^^^
  File "C:\Users\Lenovo\AppData\Local\Programs\Python\Python311\Lib\site-packages\fastapi\encoders.py", line 337, in jsonable_encoder
    return jsonable_encoder(
           ^^^^^^^^^^^^^^^^^
  File "C:\Users\Lenovo\AppData\Local\Programs\Python\Python311\Lib\site-packages\fastapi\encoders.py", line 289, in jsonable_encoder
    encoded_value = jsonable_encoder(
                    ^^^^^^^^^^^^^^^^^
  File "C:\Users\Lenovo\AppData\Local\Programs\Python\Python311\Lib\site-packages\fastapi\encoders.py", line 337, in jsonable_encoder
    return jsonable_encoder(
           ^^^^^^^^^^^^^^^^^
  File "C:\Users\Lenovo\AppData\Local\Programs\Python\Python311\Lib\site-packages\fastapi\encoders.py", line 289, in jsonable_encoder
    encoded_value = jsonable_encoder(
                    ^^^^^^^^^^^^^^^^^
  File "C:\Users\Lenovo\AppData\Local\Programs\Python\Python311\Lib\site-packages\fastapi\encoders.py", line 337, in jsonable_encoder
    return jsonable_encoder(
           ^^^^^^^^^^^^^^^^^
  File "C:\Users\Lenovo\AppData\Local\Programs\Python\Python311\Lib\site-packages\fastapi\encoders.py", line 289, in jsonable_encoder
    encoded_value = jsonable_encoder(
                    ^^^^^^^^^^^^^^^^^
  File "C:\Users\Lenovo\AppData\Local\Programs\Python\Python311\Lib\site-packages\fastapi\encoders.py", line 337, in jsonable_encoder
    return jsonable_encoder(
           ^^^^^^^^^^^^^^^^^
  File "C:\Users\Lenovo\AppData\Local\Programs\Python\Python311\Lib\site-packages\fastapi\encoders.py", line 289, in jsonable_encoder
    encoded_value = jsonable_encoder(
                    ^^^^^^^^^^^^^^^^^
  File "C:\Users\Lenovo\AppData\Local\Programs\Python\Python311\Lib\site-packages\fastapi\encoders.py", line 337, in jsonable_encoder
    return jsonable_encoder(
           ^^^^^^^^^^^^^^^^^
  File "C:\Users\Lenovo\AppData\Local\Programs\Python\Python311\Lib\site-packages\fastapi\encoders.py", line 289, in jsonable_encoder
    encoded_value = jsonable_encoder(
                    ^^^^^^^^^^^^^^^^^
  File "C:\Users\Lenovo\AppData\Local\Programs\Python\Python311\Lib\site-packages\fastapi\encoders.py", line 337, in jsonable_encoder
    return jsonable_encoder(
           ^^^^^^^^^^^^^^^^^
  File "C:\Users\Lenovo\AppData\Local\Programs\Python\Python311\Lib\site-packages\fastapi\encoders.py", line 289, in jsonable_encoder
    encoded_value = jsonable_encoder(
                    ^^^^^^^^^^^^^^^^^
  File "C:\Users\Lenovo\AppData\Local\Programs\Python\Python311\Lib\site-packages\fastapi\encoders.py", line 337, in jsonable_encoder
    return jsonable_encoder(
           ^^^^^^^^^^^^^^^^^
  File "C:\Users\Lenovo\AppData\Local\Programs\Python\Python311\Lib\site-packages\fastapi\encoders.py", line 289, in jsonable_encoder
    encoded_value = jsonable_encoder(
                    ^^^^^^^^^^^^^^^^^
  File "C:\Users\Lenovo\AppData\Local\Programs\Python\Python311\Lib\site-packages\fastapi\encoders.py", line 337, in jsonable_encoder
    return jsonable_encoder(
           ^^^^^^^^^^^^^^^^^
  File "C:\Users\Lenovo\AppData\Local\Programs\Python\Python311\Lib\site-packages\fastapi\encoders.py", line 289, in jsonable_encoder
    encoded_value = jsonable_encoder(
                    ^^^^^^^^^^^^^^^^^
  File "C:\Users\Lenovo\AppData\Local\Programs\Python\Python311\Lib\site-packages\fastapi\encoders.py", line 337, in jsonable_encoder
    return jsonable_encoder(
           ^^^^^^^^^^^^^^^^^
  File "C:\Users\Lenovo\AppData\Local\Programs\Python\Python311\Lib\site-packages\fastapi\encoders.py", line 289, in jsonable_encoder
    encoded_value = jsonable_encoder(
                    ^^^^^^^^^^^^^^^^^
  File "C:\Users\Lenovo\AppData\Local\Programs\Python\Python311\Lib\site-packages\fastapi\encoders.py", line 337, in jsonable_encoder
    return jsonable_encoder(
           ^^^^^^^^^^^^^^^^^
  File "C:\Users\Lenovo\AppData\Local\Programs\Python\Python311\Lib\site-packages\fastapi\encoders.py", line 289, in jsonable_encoder
    encoded_value = jsonable_encoder(
                    ^^^^^^^^^^^^^^^^^
  File "C:\Users\Lenovo\AppData\Local\Programs\Python\Python311\Lib\site-packages\fastapi\encoders.py", line 337, in jsonable_encoder
    return jsonable_encoder(
           ^^^^^^^^^^^^^^^^^
  File "C:\Users\Lenovo\AppData\Local\Programs\Python\Python311\Lib\site-packages\fastapi\encoders.py", line 289, in jsonable_encoder
    encoded_value = jsonable_encoder(
                    ^^^^^^^^^^^^^^^^^
  File "C:\Users\Lenovo\AppData\Local\Programs\Python\Python311\Lib\site-packages\fastapi\encoders.py", line 337, in jsonable_encoder
    return jsonable_encoder(
           ^^^^^^^^^^^^^^^^^
  File "C:\Users\Lenovo\AppData\Local\Programs\Python\Python311\Lib\site-packages\fastapi\encoders.py", line 289, in jsonable_encoder
    encoded_value = jsonable_encoder(
                    ^^^^^^^^^^^^^^^^^
  File "C:\Users\Lenovo\AppData\Local\Programs\Python\Python311\Lib\site-packages\fastapi\encoders.py", line 337, in jsonable_encoder
    return jsonable_encoder(
           ^^^^^^^^^^^^^^^^^
  File "C:\Users\Lenovo\AppData\Local\Programs\Python\Python311\Lib\site-packages\fastapi\encoders.py", line 289, in jsonable_encoder
    encoded_value = jsonable_encoder(
                    ^^^^^^^^^^^^^^^^^
  File "C:\Users\Lenovo\AppData\Local\Programs\Python\Python311\Lib\site-packages\fastapi\encoders.py", line 337, in jsonable_encoder
    return jsonable_encoder(
           ^^^^^^^^^^^^^^^^^
  File "C:\Users\Lenovo\AppData\Local\Programs\Python\Python311\Lib\site-packages\fastapi\encoders.py", line 289, in jsonable_encoder
    encoded_value = jsonable_encoder(
                    ^^^^^^^^^^^^^^^^^
  File "C:\Users\Lenovo\AppData\Local\Programs\Python\Python311\Lib\site-packages\fastapi\encoders.py", line 337, in jsonable_encoder
    return jsonable_encoder(
           ^^^^^^^^^^^^^^^^^
  File "C:\Users\Lenovo\AppData\Local\Programs\Python\Python311\Lib\site-packages\fastapi\encoders.py", line 289, in jsonable_encoder
    encoded_value = jsonable_encoder(
                    ^^^^^^^^^^^^^^^^^
  File "C:\Users\Lenovo\AppData\Local\Programs\Python\Python311\Lib\site-packages\fastapi\encoders.py", line 337, in jsonable_encoder
    return jsonable_encoder(
           ^^^^^^^^^^^^^^^^^
  File "C:\Users\Lenovo\AppData\Local\Programs\Python\Python311\Lib\site-packages\fastapi\encoders.py", line 289, in jsonable_encoder
    encoded_value = jsonable_encoder(
                    ^^^^^^^^^^^^^^^^^
  File "C:\Users\Lenovo\AppData\Local\Programs\Python\Python311\Lib\site-packages\fastapi\encoders.py", line 337, in jsonable_encoder
    return jsonable_encoder(
           ^^^^^^^^^^^^^^^^^
  File "C:\Users\Lenovo\AppData\Local\Programs\Python\Python311\Lib\site-packages\fastapi\encoders.py", line 289, in jsonable_encoder
    encoded_value = jsonable_encoder(
                    ^^^^^^^^^^^^^^^^^
  File "C:\Users\Lenovo\AppData\Local\Programs\Python\Python311\Lib\site-packages\fastapi\encoders.py", line 337, in jsonable_encoder
    return jsonable_encoder(
           ^^^^^^^^^^^^^^^^^
  File "C:\Users\Lenovo\AppData\Local\Programs\Python\Python311\Lib\site-packages\fastapi\encoders.py", line 289, in jsonable_encoder
    encoded_value = jsonable_encoder(
                    ^^^^^^^^^^^^^^^^^
  File "C:\Users\Lenovo\AppData\Local\Programs\Python\Python311\Lib\site-packages\fastapi\encoders.py", line 337, in jsonable_encoder
    return jsonable_encoder(
           ^^^^^^^^^^^^^^^^^
  File "C:\Users\Lenovo\AppData\Local\Programs\Python\Python311\Lib\site-packages\fastapi\encoders.py", line 289, in jsonable_encoder
    encoded_value = jsonable_encoder(
                    ^^^^^^^^^^^^^^^^^
  File "C:\Users\Lenovo\AppData\Local\Programs\Python\Python311\Lib\site-packages\fastapi\encoders.py", line 337, in jsonable_encoder
    return jsonable_encoder(
           ^^^^^^^^^^^^^^^^^
  File "C:\Users\Lenovo\AppData\Local\Programs\Python\Python311\Lib\site-packages\fastapi\encoders.py", line 289, in jsonable_encoder
    encoded_value = jsonable_encoder(
                    ^^^^^^^^^^^^^^^^^
  File "C:\Users\Lenovo\AppData\Local\Programs\Python\Python311\Lib\site-packages\fastapi\encoders.py", line 337, in jsonable_encoder
    return jsonable_encoder(
           ^^^^^^^^^^^^^^^^^
  File "C:\Users\Lenovo\AppData\Local\Programs\Python\Python311\Lib\site-packages\fastapi\encoders.py", line 289, in jsonable_encoder
    encoded_value = jsonable_encoder(
                    ^^^^^^^^^^^^^^^^^
  File "C:\Users\Lenovo\AppData\Local\Programs\Python\Python311\Lib\site-packages\fastapi\encoders.py", line 337, in jsonable_encoder
    return jsonable_encoder(
           ^^^^^^^^^^^^^^^^^
  File "C:\Users\Lenovo\AppData\Local\Programs\Python\Python311\Lib\site-packages\fastapi\encoders.py", line 289, in jsonable_encoder
    encoded_value = jsonable_encoder(
                    ^^^^^^^^^^^^^^^^^
  File "C:\Users\Lenovo\AppData\Local\Programs\Python\Python311\Lib\site-packages\fastapi\encoders.py", line 337, in jsonable_encoder
    return jsonable_encoder(
           ^^^^^^^^^^^^^^^^^
  File "C:\Users\Lenovo\AppData\Local\Programs\Python\Python311\Lib\site-packages\fastapi\encoders.py", line 289, in jsonable_encoder
    encoded_value = jsonable_encoder(
                    ^^^^^^^^^^^^^^^^^
  File "C:\Users\Lenovo\AppData\Local\Programs\Python\Python311\Lib\site-packages\fastapi\encoders.py", line 337, in jsonable_encoder
    return jsonable_encoder(
           ^^^^^^^^^^^^^^^^^
  File "C:\Users\Lenovo\AppData\Local\Programs\Python\Python311\Lib\site-packages\fastapi\encoders.py", line 289, in jsonable_encoder
    encoded_value = jsonable_encoder(
                    ^^^^^^^^^^^^^^^^^
  File "C:\Users\Lenovo\AppData\Local\Programs\Python\Python311\Lib\site-packages\fastapi\encoders.py", line 337, in jsonable_encoder
    return jsonable_encoder(
           ^^^^^^^^^^^^^^^^^
  File "C:\Users\Lenovo\AppData\Local\Programs\Python\Python311\Lib\site-packages\fastapi\encoders.py", line 289, in jsonable_encoder
    encoded_value = jsonable_encoder(
                    ^^^^^^^^^^^^^^^^^
  File "C:\Users\Lenovo\AppData\Local\Programs\Python\Python311\Lib\site-packages\fastapi\encoders.py", line 337, in jsonable_encoder
    return jsonable_encoder(
           ^^^^^^^^^^^^^^^^^
  File "C:\Users\Lenovo\AppData\Local\Programs\Python\Python311\Lib\site-packages\fastapi\encoders.py", line 289, in jsonable_encoder
    encoded_value = jsonable_encoder(
                    ^^^^^^^^^^^^^^^^^
  File "C:\Users\Lenovo\AppData\Local\Programs\Python\Python311\Lib\site-packages\fastapi\encoders.py", line 337, in jsonable_encoder
    return jsonable_encoder(
           ^^^^^^^^^^^^^^^^^
  File "C:\Users\Lenovo\AppData\Local\Programs\Python\Python311\Lib\site-packages\fastapi\encoders.py", line 289, in jsonable_encoder
    encoded_value = jsonable_encoder(
                    ^^^^^^^^^^^^^^^^^
  File "C:\Users\Lenovo\AppData\Local\Programs\Python\Python311\Lib\site-packages\fastapi\encoders.py", line 337, in jsonable_encoder
    return jsonable_encoder(
           ^^^^^^^^^^^^^^^^^
  File "C:\Users\Lenovo\AppData\Local\Programs\Python\Python311\Lib\site-packages\fastapi\encoders.py", line 289, in jsonable_encoder
    encoded_value = jsonable_encoder(
                    ^^^^^^^^^^^^^^^^^
  File "C:\Users\Lenovo\AppData\Local\Programs\Python\Python311\Lib\site-packages\fastapi\encoders.py", line 337, in jsonable_encoder
    return jsonable_encoder(
           ^^^^^^^^^^^^^^^^^
  File "C:\Users\Lenovo\AppData\Local\Programs\Python\Python311\Lib\site-packages\fastapi\encoders.py", line 289, in jsonable_encoder
    encoded_value = jsonable_encoder(
                    ^^^^^^^^^^^^^^^^^
  File "C:\Users\Lenovo\AppData\Local\Programs\Python\Python311\Lib\site-packages\fastapi\encoders.py", line 337, in jsonable_encoder
    return jsonable_encoder(
           ^^^^^^^^^^^^^^^^^
  File "C:\Users\Lenovo\AppData\Local\Programs\Python\Python311\Lib\site-packages\fastapi\encoders.py", line 289, in jsonable_encoder
    encoded_value = jsonable_encoder(
                    ^^^^^^^^^^^^^^^^^
  File "C:\Users\Lenovo\AppData\Local\Programs\Python\Python311\Lib\site-packages\fastapi\encoders.py", line 337, in jsonable_encoder
    return jsonable_encoder(
           ^^^^^^^^^^^^^^^^^
  File "C:\Users\Lenovo\AppData\Local\Programs\Python\Python311\Lib\site-packages\fastapi\encoders.py", line 289, in jsonable_encoder
    encoded_value = jsonable_encoder(
                    ^^^^^^^^^^^^^^^^^
  File "C:\Users\Lenovo\AppData\Local\Programs\Python\Python311\Lib\site-packages\fastapi\encoders.py", line 337, in jsonable_encoder
    return jsonable_encoder(
           ^^^^^^^^^^^^^^^^^
  File "C:\Users\Lenovo\AppData\Local\Programs\Python\Python311\Lib\site-packages\fastapi\encoders.py", line 289, in jsonable_encoder
    encoded_value = jsonable_encoder(
                    ^^^^^^^^^^^^^^^^^
  File "C:\Users\Lenovo\AppData\Local\Programs\Python\Python311\Lib\site-packages\fastapi\encoders.py", line 337, in jsonable_encoder
    return jsonable_encoder(
           ^^^^^^^^^^^^^^^^^
  File "C:\Users\Lenovo\AppData\Local\Programs\Python\Python311\Lib\site-packages\fastapi\encoders.py", line 289, in jsonable_encoder
    encoded_value = jsonable_encoder(
                    ^^^^^^^^^^^^^^^^^
  File "C:\Users\Lenovo\AppData\Local\Programs\Python\Python311\Lib\site-packages\fastapi\encoders.py", line 337, in jsonable_encoder
    return jsonable_encoder(
           ^^^^^^^^^^^^^^^^^
  File "C:\Users\Lenovo\AppData\Local\Programs\Python\Python311\Lib\site-packages\fastapi\encoders.py", line 289, in jsonable_encoder
    encoded_value = jsonable_encoder(
                    ^^^^^^^^^^^^^^^^^
  File "C:\Users\Lenovo\AppData\Local\Programs\Python\Python311\Lib\site-packages\fastapi\encoders.py", line 337, in jsonable_encoder
    return jsonable_encoder(
           ^^^^^^^^^^^^^^^^^
  File "C:\Users\Lenovo\AppData\Local\Programs\Python\Python311\Lib\site-packages\fastapi\encoders.py", line 289, in jsonable_encoder
    encoded_value = jsonable_encoder(
                    ^^^^^^^^^^^^^^^^^
  File "C:\Users\Lenovo\AppData\Local\Programs\Python\Python311\Lib\site-packages\fastapi\encoders.py", line 337, in jsonable_encoder
    return jsonable_encoder(
           ^^^^^^^^^^^^^^^^^
  File "C:\Users\Lenovo\AppData\Local\Programs\Python\Python311\Lib\site-packages\fastapi\encoders.py", line 289, in jsonable_encoder
    encoded_value = jsonable_encoder(
                    ^^^^^^^^^^^^^^^^^
  File "C:\Users\Lenovo\AppData\Local\Programs\Python\Python311\Lib\site-packages\fastapi\encoders.py", line 337, in jsonable_encoder
    return jsonable_encoder(
           ^^^^^^^^^^^^^^^^^
  File "C:\Users\Lenovo\AppData\Local\Programs\Python\Python311\Lib\site-packages\fastapi\encoders.py", line 289, in jsonable_encoder
    encoded_value = jsonable_encoder(
                    ^^^^^^^^^^^^^^^^^
  File "C:\Users\Lenovo\AppData\Local\Programs\Python\Python311\Lib\site-packages\fastapi\encoders.py", line 337, in jsonable_encoder
    return jsonable_encoder(
           ^^^^^^^^^^^^^^^^^
  File "C:\Users\Lenovo\AppData\Local\Programs\Python\Python311\Lib\site-packages\fastapi\encoders.py", line 289, in jsonable_encoder
    encoded_value = jsonable_encoder(
                    ^^^^^^^^^^^^^^^^^
  File "C:\Users\Lenovo\AppData\Local\Programs\Python\Python311\Lib\site-packages\fastapi\encoders.py", line 337, in jsonable_encoder
    return jsonable_encoder(
           ^^^^^^^^^^^^^^^^^
  File "C:\Users\Lenovo\AppData\Local\Programs\Python\Python311\Lib\site-packages\fastapi\encoders.py", line 289, in jsonable_encoder
    encoded_value = jsonable_encoder(
                    ^^^^^^^^^^^^^^^^^
  File "C:\Users\Lenovo\AppData\Local\Programs\Python\Python311\Lib\site-packages\fastapi\encoders.py", line 337, in jsonable_encoder
    return jsonable_encoder(
           ^^^^^^^^^^^^^^^^^
  File "C:\Users\Lenovo\AppData\Local\Programs\Python\Python311\Lib\site-packages\fastapi\encoders.py", line 289, in jsonable_encoder
    encoded_value = jsonable_encoder(
                    ^^^^^^^^^^^^^^^^^
  File "C:\Users\Lenovo\AppData\Local\Programs\Python\Python311\Lib\site-packages\fastapi\encoders.py", line 337, in jsonable_encoder
    return jsonable_encoder(
           ^^^^^^^^^^^^^^^^^
  File "C:\Users\Lenovo\AppData\Local\Programs\Python\Python311\Lib\site-packages\fastapi\encoders.py", line 289, in jsonable_encoder
    encoded_value = jsonable_encoder(
                    ^^^^^^^^^^^^^^^^^
  File "C:\Users\Lenovo\AppData\Local\Programs\Python\Python311\Lib\site-packages\fastapi\encoders.py", line 337, in jsonable_encoder
    return jsonable_encoder(
           ^^^^^^^^^^^^^^^^^
  File "C:\Users\Lenovo\AppData\Local\Programs\Python\Python311\Lib\site-packages\fastapi\encoders.py", line 289, in jsonable_encoder
    encoded_value = jsonable_encoder(
                    ^^^^^^^^^^^^^^^^^
  File "C:\Users\Lenovo\AppData\Local\Programs\Python\Python311\Lib\site-packages\fastapi\encoders.py", line 337, in jsonable_encoder
    return jsonable_encoder(
           ^^^^^^^^^^^^^^^^^
  File "C:\Users\Lenovo\AppData\Local\Programs\Python\Python311\Lib\site-packages\fastapi\encoders.py", line 289, in jsonable_encoder
    encoded_value = jsonable_encoder(
                    ^^^^^^^^^^^^^^^^^
  File "C:\Users\Lenovo\AppData\Local\Programs\Python\Python311\Lib\site-packages\fastapi\encoders.py", line 337, in jsonable_encoder
    return jsonable_encoder(
           ^^^^^^^^^^^^^^^^^
  File "C:\Users\Lenovo\AppData\Local\Programs\Python\Python311\Lib\site-packages\fastapi\encoders.py", line 289, in jsonable_encoder
    encoded_value = jsonable_encoder(
                    ^^^^^^^^^^^^^^^^^
  File "C:\Users\Lenovo\AppData\Local\Programs\Python\Python311\Lib\site-packages\fastapi\encoders.py", line 337, in jsonable_encoder
    return jsonable_encoder(
           ^^^^^^^^^^^^^^^^^
  File "C:\Users\Lenovo\AppData\Local\Programs\Python\Python311\Lib\site-packages\fastapi\encoders.py", line 289, in jsonable_encoder
    encoded_value = jsonable_encoder(
                    ^^^^^^^^^^^^^^^^^
  File "C:\Users\Lenovo\AppData\Local\Programs\Python\Python311\Lib\site-packages\fastapi\encoders.py", line 337, in jsonable_encoder
    return jsonable_encoder(
           ^^^^^^^^^^^^^^^^^
  File "C:\Users\Lenovo\AppData\Local\Programs\Python\Python311\Lib\site-packages\fastapi\encoders.py", line 289, in jsonable_encoder
    encoded_value = jsonable_encoder(
                    ^^^^^^^^^^^^^^^^^
  File "C:\Users\Lenovo\AppData\Local\Programs\Python\Python311\Lib\site-packages\fastapi\encoders.py", line 337, in jsonable_encoder
    return jsonable_encoder(
           ^^^^^^^^^^^^^^^^^
  File "C:\Users\Lenovo\AppData\Local\Programs\Python\Python311\Lib\site-packages\fastapi\encoders.py", line 289, in jsonable_encoder
    encoded_value = jsonable_encoder(
                    ^^^^^^^^^^^^^^^^^
  File "C:\Users\Lenovo\AppData\Local\Programs\Python\Python311\Lib\site-packages\fastapi\encoders.py", line 337, in jsonable_encoder
    return jsonable_encoder(
           ^^^^^^^^^^^^^^^^^
  File "C:\Users\Lenovo\AppData\Local\Programs\Python\Python311\Lib\site-packages\fastapi\encoders.py", line 289, in jsonable_encoder
    encoded_value = jsonable_encoder(
                    ^^^^^^^^^^^^^^^^^
  File "C:\Users\Lenovo\AppData\Local\Programs\Python\Python311\Lib\site-packages\fastapi\encoders.py", line 337, in jsonable_encoder
    return jsonable_encoder(
           ^^^^^^^^^^^^^^^^^
  File "C:\Users\Lenovo\AppData\Local\Programs\Python\Python311\Lib\site-packages\fastapi\encoders.py", line 289, in jsonable_encoder
    encoded_value = jsonable_encoder(
                    ^^^^^^^^^^^^^^^^^
  File "C:\Users\Lenovo\AppData\Local\Programs\Python\Python311\Lib\site-packages\fastapi\encoders.py", line 337, in jsonable_encoder
    return jsonable_encoder(
           ^^^^^^^^^^^^^^^^^
  File "C:\Users\Lenovo\AppData\Local\Programs\Python\Python311\Lib\site-packages\fastapi\encoders.py", line 289, in jsonable_encoder
    encoded_value = jsonable_encoder(
                    ^^^^^^^^^^^^^^^^^
  File "C:\Users\Lenovo\AppData\Local\Programs\Python\Python311\Lib\site-packages\fastapi\encoders.py", line 337, in jsonable_encoder
    return jsonable_encoder(
           ^^^^^^^^^^^^^^^^^
  File "C:\Users\Lenovo\AppData\Local\Programs\Python\Python311\Lib\site-packages\fastapi\encoders.py", line 289, in jsonable_encoder
    encoded_value = jsonable_encoder(
                    ^^^^^^^^^^^^^^^^^
  File "C:\Users\Lenovo\AppData\Local\Programs\Python\Python311\Lib\site-packages\fastapi\encoders.py", line 337, in jsonable_encoder
    return jsonable_encoder(
           ^^^^^^^^^^^^^^^^^
  File "C:\Users\Lenovo\AppData\Local\Programs\Python\Python311\Lib\site-packages\fastapi\encoders.py", line 289, in jsonable_encoder
    encoded_value = jsonable_encoder(
                    ^^^^^^^^^^^^^^^^^
  File "C:\Users\Lenovo\AppData\Local\Programs\Python\Python311\Lib\site-packages\fastapi\encoders.py", line 337, in jsonable_encoder
    return jsonable_encoder(
           ^^^^^^^^^^^^^^^^^
  File "C:\Users\Lenovo\AppData\Local\Programs\Python\Python311\Lib\site-packages\fastapi\encoders.py", line 289, in jsonable_encoder
    encoded_value = jsonable_encoder(
                    ^^^^^^^^^^^^^^^^^
  File "C:\Users\Lenovo\AppData\Local\Programs\Python\Python311\Lib\site-packages\fastapi\encoders.py", line 337, in jsonable_encoder
    return jsonable_encoder(
           ^^^^^^^^^^^^^^^^^
  File "C:\Users\Lenovo\AppData\Local\Programs\Python\Python311\Lib\site-packages\fastapi\encoders.py", line 289, in jsonable_encoder
    encoded_value = jsonable_encoder(
                    ^^^^^^^^^^^^^^^^^
  File "C:\Users\Lenovo\AppData\Local\Programs\Python\Python311\Lib\site-packages\fastapi\encoders.py", line 337, in jsonable_encoder
    return jsonable_encoder(
           ^^^^^^^^^^^^^^^^^
  File "C:\Users\Lenovo\AppData\Local\Programs\Python\Python311\Lib\site-packages\fastapi\encoders.py", line 289, in jsonable_encoder
    encoded_value = jsonable_encoder(
                    ^^^^^^^^^^^^^^^^^
  File "C:\Users\Lenovo\AppData\Local\Programs\Python\Python311\Lib\site-packages\fastapi\encoders.py", line 337, in jsonable_encoder
    return jsonable_encoder(
           ^^^^^^^^^^^^^^^^^
  File "C:\Users\Lenovo\AppData\Local\Programs\Python\Python311\Lib\site-packages\fastapi\encoders.py", line 289, in jsonable_encoder
    encoded_value = jsonable_encoder(
                    ^^^^^^^^^^^^^^^^^
  File "C:\Users\Lenovo\AppData\Local\Programs\Python\Python311\Lib\site-packages\fastapi\encoders.py", line 337, in jsonable_encoder
    return jsonable_encoder(
           ^^^^^^^^^^^^^^^^^
  File "C:\Users\Lenovo\AppData\Local\Programs\Python\Python311\Lib\site-packages\fastapi\encoders.py", line 289, in jsonable_encoder
    encoded_value = jsonable_encoder(
                    ^^^^^^^^^^^^^^^^^
  File "C:\Users\Lenovo\AppData\Local\Programs\Python\Python311\Lib\site-packages\fastapi\encoders.py", line 337, in jsonable_encoder
    return jsonable_encoder(
           ^^^^^^^^^^^^^^^^^
  File "C:\Users\Lenovo\AppData\Local\Programs\Python\Python311\Lib\site-packages\fastapi\encoders.py", line 289, in jsonable_encoder
    encoded_value = jsonable_encoder(
                    ^^^^^^^^^^^^^^^^^
  File "C:\Users\Lenovo\AppData\Local\Programs\Python\Python311\Lib\site-packages\fastapi\encoders.py", line 337, in jsonable_encoder
    return jsonable_encoder(
           ^^^^^^^^^^^^^^^^^
  File "C:\Users\Lenovo\AppData\Local\Programs\Python\Python311\Lib\site-packages\fastapi\encoders.py", line 289, in jsonable_encoder
    encoded_value = jsonable_encoder(
                    ^^^^^^^^^^^^^^^^^
  File "C:\Users\Lenovo\AppData\Local\Programs\Python\Python311\Lib\site-packages\fastapi\encoders.py", line 337, in jsonable_encoder
    return jsonable_encoder(
           ^^^^^^^^^^^^^^^^^
  File "C:\Users\Lenovo\AppData\Local\Programs\Python\Python311\Lib\site-packages\fastapi\encoders.py", line 289, in jsonable_encoder
    encoded_value = jsonable_encoder(
                    ^^^^^^^^^^^^^^^^^
  File "C:\Users\Lenovo\AppData\Local\Programs\Python\Python311\Lib\site-packages\fastapi\encoders.py", line 337, in jsonable_encoder
    return jsonable_encoder(
           ^^^^^^^^^^^^^^^^^
  File "C:\Users\Lenovo\AppData\Local\Programs\Python\Python311\Lib\site-packages\fastapi\encoders.py", line 289, in jsonable_encoder
    encoded_value = jsonable_encoder(
                    ^^^^^^^^^^^^^^^^^
  File "C:\Users\Lenovo\AppData\Local\Programs\Python\Python311\Lib\site-packages\fastapi\encoders.py", line 337, in jsonable_encoder
    return jsonable_encoder(
           ^^^^^^^^^^^^^^^^^
  File "C:\Users\Lenovo\AppData\Local\Programs\Python\Python311\Lib\site-packages\fastapi\encoders.py", line 289, in jsonable_encoder
    encoded_value = jsonable_encoder(
                    ^^^^^^^^^^^^^^^^^
  File "C:\Users\Lenovo\AppData\Local\Programs\Python\Python311\Lib\site-packages\fastapi\encoders.py", line 337, in jsonable_encoder
    return jsonable_encoder(
           ^^^^^^^^^^^^^^^^^
  File "C:\Users\Lenovo\AppData\Local\Programs\Python\Python311\Lib\site-packages\fastapi\encoders.py", line 289, in jsonable_encoder
    encoded_value = jsonable_encoder(
                    ^^^^^^^^^^^^^^^^^
  File "C:\Users\Lenovo\AppData\Local\Programs\Python\Python311\Lib\site-packages\fastapi\encoders.py", line 337, in jsonable_encoder
    return jsonable_encoder(
           ^^^^^^^^^^^^^^^^^
  File "C:\Users\Lenovo\AppData\Local\Programs\Python\Python311\Lib\site-packages\fastapi\encoders.py", line 289, in jsonable_encoder
    encoded_value = jsonable_encoder(
                    ^^^^^^^^^^^^^^^^^
  File "C:\Users\Lenovo\AppData\Local\Programs\Python\Python311\Lib\site-packages\fastapi\encoders.py", line 337, in jsonable_encoder
    return jsonable_encoder(
           ^^^^^^^^^^^^^^^^^
  File "C:\Users\Lenovo\AppData\Local\Programs\Python\Python311\Lib\site-packages\fastapi\encoders.py", line 289, in jsonable_encoder
    encoded_value = jsonable_encoder(
                    ^^^^^^^^^^^^^^^^^
  File "C:\Users\Lenovo\AppData\Local\Programs\Python\Python311\Lib\site-packages\fastapi\encoders.py", line 337, in jsonable_encoder
    return jsonable_encoder(
           ^^^^^^^^^^^^^^^^^
  File "C:\Users\Lenovo\AppData\Local\Programs\Python\Python311\Lib\site-packages\fastapi\encoders.py", line 289, in jsonable_encoder
    encoded_value = jsonable_encoder(
                    ^^^^^^^^^^^^^^^^^
  File "C:\Users\Lenovo\AppData\Local\Programs\Python\Python311\Lib\site-packages\fastapi\encoders.py", line 337, in jsonable_encoder
    return jsonable_encoder(
           ^^^^^^^^^^^^^^^^^
  File "C:\Users\Lenovo\AppData\Local\Programs\Python\Python311\Lib\site-packages\fastapi\encoders.py", line 289, in jsonable_encoder
    encoded_value = jsonable_encoder(
                    ^^^^^^^^^^^^^^^^^
  File "C:\Users\Lenovo\AppData\Local\Programs\Python\Python311\Lib\site-packages\fastapi\encoders.py", line 337, in jsonable_encoder
    return jsonable_encoder(
           ^^^^^^^^^^^^^^^^^
  File "C:\Users\Lenovo\AppData\Local\Programs\Python\Python311\Lib\site-packages\fastapi\encoders.py", line 289, in jsonable_encoder
    encoded_value = jsonable_encoder(
                    ^^^^^^^^^^^^^^^^^
  File "C:\Users\Lenovo\AppData\Local\Programs\Python\Python311\Lib\site-packages\fastapi\encoders.py", line 337, in jsonable_encoder
    return jsonable_encoder(
           ^^^^^^^^^^^^^^^^^
  File "C:\Users\Lenovo\AppData\Local\Programs\Python\Python311\Lib\site-packages\fastapi\encoders.py", line 289, in jsonable_encoder
    encoded_value = jsonable_encoder(
                    ^^^^^^^^^^^^^^^^^
  File "C:\Users\Lenovo\AppData\Local\Programs\Python\Python311\Lib\site-packages\fastapi\encoders.py", line 337, in jsonable_encoder
    return jsonable_encoder(
           ^^^^^^^^^^^^^^^^^
  File "C:\Users\Lenovo\AppData\Local\Programs\Python\Python311\Lib\site-packages\fastapi\encoders.py", line 289, in jsonable_encoder
    encoded_value = jsonable_encoder(
                    ^^^^^^^^^^^^^^^^^
  File "C:\Users\Lenovo\AppData\Local\Programs\Python\Python311\Lib\site-packages\fastapi\encoders.py", line 337, in jsonable_encoder
    return jsonable_encoder(
           ^^^^^^^^^^^^^^^^^
  File "C:\Users\Lenovo\AppData\Local\Programs\Python\Python311\Lib\site-packages\fastapi\encoders.py", line 289, in jsonable_encoder
    encoded_value = jsonable_encoder(
                    ^^^^^^^^^^^^^^^^^
  File "C:\Users\Lenovo\AppData\Local\Programs\Python\Python311\Lib\site-packages\fastapi\encoders.py", line 337, in jsonable_encoder
    return jsonable_encoder(
           ^^^^^^^^^^^^^^^^^
  File "C:\Users\Lenovo\AppData\Local\Programs\Python\Python311\Lib\site-packages\fastapi\encoders.py", line 289, in jsonable_encoder
    encoded_value = jsonable_encoder(
                    ^^^^^^^^^^^^^^^^^
  File "C:\Users\Lenovo\AppData\Local\Programs\Python\Python311\Lib\site-packages\fastapi\encoders.py", line 337, in jsonable_encoder
    return jsonable_encoder(
           ^^^^^^^^^^^^^^^^^
  File "C:\Users\Lenovo\AppData\Local\Programs\Python\Python311\Lib\site-packages\fastapi\encoders.py", line 289, in jsonable_encoder
    encoded_value = jsonable_encoder(
                    ^^^^^^^^^^^^^^^^^
  File "C:\Users\Lenovo\AppData\Local\Programs\Python\Python311\Lib\site-packages\fastapi\encoders.py", line 337, in jsonable_encoder
    return jsonable_encoder(
           ^^^^^^^^^^^^^^^^^
  File "C:\Users\Lenovo\AppData\Local\Programs\Python\Python311\Lib\site-packages\fastapi\encoders.py", line 289, in jsonable_encoder
    encoded_value = jsonable_encoder(
                    ^^^^^^^^^^^^^^^^^
  File "C:\Users\Lenovo\AppData\Local\Programs\Python\Python311\Lib\site-packages\fastapi\encoders.py", line 337, in jsonable_encoder
    return jsonable_encoder(
           ^^^^^^^^^^^^^^^^^
  File "C:\Users\Lenovo\AppData\Local\Programs\Python\Python311\Lib\site-packages\fastapi\encoders.py", line 289, in jsonable_encoder
    encoded_value = jsonable_encoder(
                    ^^^^^^^^^^^^^^^^^
  File "C:\Users\Lenovo\AppData\Local\Programs\Python\Python311\Lib\site-packages\fastapi\encoders.py", line 337, in jsonable_encoder
    return jsonable_encoder(
           ^^^^^^^^^^^^^^^^^
  File "C:\Users\Lenovo\AppData\Local\Programs\Python\Python311\Lib\site-packages\fastapi\encoders.py", line 289, in jsonable_encoder
    encoded_value = jsonable_encoder(
                    ^^^^^^^^^^^^^^^^^
  File "C:\Users\Lenovo\AppData\Local\Programs\Python\Python311\Lib\site-packages\fastapi\encoders.py", line 337, in jsonable_encoder
    return jsonable_encoder(
           ^^^^^^^^^^^^^^^^^
  File "C:\Users\Lenovo\AppData\Local\Programs\Python\Python311\Lib\site-packages\fastapi\encoders.py", line 289, in jsonable_encoder
    encoded_value = jsonable_encoder(
                    ^^^^^^^^^^^^^^^^^
  File "C:\Users\Lenovo\AppData\Local\Programs\Python\Python311\Lib\site-packages\fastapi\encoders.py", line 337, in jsonable_encoder
    return jsonable_encoder(
           ^^^^^^^^^^^^^^^^^
  File "C:\Users\Lenovo\AppData\Local\Programs\Python\Python311\Lib\site-packages\fastapi\encoders.py", line 289, in jsonable_encoder
    encoded_value = jsonable_encoder(
                    ^^^^^^^^^^^^^^^^^
  File "C:\Users\Lenovo\AppData\Local\Programs\Python\Python311\Lib\site-packages\fastapi\encoders.py", line 337, in jsonable_encoder
    return jsonable_encoder(
           ^^^^^^^^^^^^^^^^^
  File "C:\Users\Lenovo\AppData\Local\Programs\Python\Python311\Lib\site-packages\fastapi\encoders.py", line 289, in jsonable_encoder
    encoded_value = jsonable_encoder(
                    ^^^^^^^^^^^^^^^^^
  File "C:\Users\Lenovo\AppData\Local\Programs\Python\Python311\Lib\site-packages\fastapi\encoders.py", line 337, in jsonable_encoder
    return jsonable_encoder(
           ^^^^^^^^^^^^^^^^^
  File "C:\Users\Lenovo\AppData\Local\Programs\Python\Python311\Lib\site-packages\fastapi\encoders.py", line 289, in jsonable_encoder
    encoded_value = jsonable_encoder(
                    ^^^^^^^^^^^^^^^^^
  File "C:\Users\Lenovo\AppData\Local\Programs\Python\Python311\Lib\site-packages\fastapi\encoders.py", line 337, in jsonable_encoder
    return jsonable_encoder(
           ^^^^^^^^^^^^^^^^^
  File "C:\Users\Lenovo\AppData\Local\Programs\Python\Python311\Lib\site-packages\fastapi\encoders.py", line 289, in jsonable_encoder
    encoded_value = jsonable_encoder(
                    ^^^^^^^^^^^^^^^^^
  File "C:\Users\Lenovo\AppData\Local\Programs\Python\Python311\Lib\site-packages\fastapi\encoders.py", line 337, in jsonable_encoder
    return jsonable_encoder(
           ^^^^^^^^^^^^^^^^^
  File "C:\Users\Lenovo\AppData\Local\Programs\Python\Python311\Lib\site-packages\fastapi\encoders.py", line 289, in jsonable_encoder
    encoded_value = jsonable_encoder(
                    ^^^^^^^^^^^^^^^^^
  File "C:\Users\Lenovo\AppData\Local\Programs\Python\Python311\Lib\site-packages\fastapi\encoders.py", line 337, in jsonable_encoder
    return jsonable_encoder(
           ^^^^^^^^^^^^^^^^^
  File "C:\Users\Lenovo\AppData\Local\Programs\Python\Python311\Lib\site-packages\fastapi\encoders.py", line 289, in jsonable_encoder
    encoded_value = jsonable_encoder(
                    ^^^^^^^^^^^^^^^^^
  File "C:\Users\Lenovo\AppData\Local\Programs\Python\Python311\Lib\site-packages\fastapi\encoders.py", line 337, in jsonable_encoder
    return jsonable_encoder(
           ^^^^^^^^^^^^^^^^^
  File "C:\Users\Lenovo\AppData\Local\Programs\Python\Python311\Lib\site-packages\fastapi\encoders.py", line 289, in jsonable_encoder
    encoded_value = jsonable_encoder(
                    ^^^^^^^^^^^^^^^^^
  File "C:\Users\Lenovo\AppData\Local\Programs\Python\Python311\Lib\site-packages\fastapi\encoders.py", line 337, in jsonable_encoder
    return jsonable_encoder(
           ^^^^^^^^^^^^^^^^^
  File "C:\Users\Lenovo\AppData\Local\Programs\Python\Python311\Lib\site-packages\fastapi\encoders.py", line 289, in jsonable_encoder
    encoded_value = jsonable_encoder(
                    ^^^^^^^^^^^^^^^^^
  File "C:\Users\Lenovo\AppData\Local\Programs\Python\Python311\Lib\site-packages\fastapi\encoders.py", line 337, in jsonable_encoder
    return jsonable_encoder(
           ^^^^^^^^^^^^^^^^^
  File "C:\Users\Lenovo\AppData\Local\Programs\Python\Python311\Lib\site-packages\fastapi\encoders.py", line 289, in jsonable_encoder
    encoded_value = jsonable_encoder(
                    ^^^^^^^^^^^^^^^^^
  File "C:\Users\Lenovo\AppData\Local\Programs\Python\Python311\Lib\site-packages\fastapi\encoders.py", line 337, in jsonable_encoder
    return jsonable_encoder(
           ^^^^^^^^^^^^^^^^^
  File "C:\Users\Lenovo\AppData\Local\Programs\Python\Python311\Lib\site-packages\fastapi\encoders.py", line 289, in jsonable_encoder
    encoded_value = jsonable_encoder(
                    ^^^^^^^^^^^^^^^^^
  File "C:\Users\Lenovo\AppData\Local\Programs\Python\Python311\Lib\site-packages\fastapi\encoders.py", line 337, in jsonable_encoder
    return jsonable_encoder(
           ^^^^^^^^^^^^^^^^^
  File "C:\Users\Lenovo\AppData\Local\Programs\Python\Python311\Lib\site-packages\fastapi\encoders.py", line 289, in jsonable_encoder
    encoded_value = jsonable_encoder(
                    ^^^^^^^^^^^^^^^^^
  File "C:\Users\Lenovo\AppData\Local\Programs\Python\Python311\Lib\site-packages\fastapi\encoders.py", line 337, in jsonable_encoder
    return jsonable_encoder(
           ^^^^^^^^^^^^^^^^^
  File "C:\Users\Lenovo\AppData\Local\Programs\Python\Python311\Lib\site-packages\fastapi\encoders.py", line 289, in jsonable_encoder
    encoded_value = jsonable_encoder(
                    ^^^^^^^^^^^^^^^^^
  File "C:\Users\Lenovo\AppData\Local\Programs\Python\Python311\Lib\site-packages\fastapi\encoders.py", line 337, in jsonable_encoder
    return jsonable_encoder(
           ^^^^^^^^^^^^^^^^^
  File "C:\Users\Lenovo\AppData\Local\Programs\Python\Python311\Lib\site-packages\fastapi\encoders.py", line 289, in jsonable_encoder
    encoded_value = jsonable_encoder(
                    ^^^^^^^^^^^^^^^^^
  File "C:\Users\Lenovo\AppData\Local\Programs\Python\Python311\Lib\site-packages\fastapi\encoders.py", line 337, in jsonable_encoder
    return jsonable_encoder(
           ^^^^^^^^^^^^^^^^^
  File "C:\Users\Lenovo\AppData\Local\Programs\Python\Python311\Lib\site-packages\fastapi\encoders.py", line 289, in jsonable_encoder
    encoded_value = jsonable_encoder(
                    ^^^^^^^^^^^^^^^^^
  File "C:\Users\Lenovo\AppData\Local\Programs\Python\Python311\Lib\site-packages\fastapi\encoders.py", line 337, in jsonable_encoder
    return jsonable_encoder(
           ^^^^^^^^^^^^^^^^^
  File "C:\Users\Lenovo\AppData\Local\Programs\Python\Python311\Lib\site-packages\fastapi\encoders.py", line 289, in jsonable_encoder
    encoded_value = jsonable_encoder(
                    ^^^^^^^^^^^^^^^^^
  File "C:\Users\Lenovo\AppData\Local\Programs\Python\Python311\Lib\site-packages\fastapi\encoders.py", line 337, in jsonable_encoder
    return jsonable_encoder(
           ^^^^^^^^^^^^^^^^^
  File "C:\Users\Lenovo\AppData\Local\Programs\Python\Python311\Lib\site-packages\fastapi\encoders.py", line 289, in jsonable_encoder
    encoded_value = jsonable_encoder(
                    ^^^^^^^^^^^^^^^^^
  File "C:\Users\Lenovo\AppData\Local\Programs\Python\Python311\Lib\site-packages\fastapi\encoders.py", line 337, in jsonable_encoder
    return jsonable_encoder(
           ^^^^^^^^^^^^^^^^^
  File "C:\Users\Lenovo\AppData\Local\Programs\Python\Python311\Lib\site-packages\fastapi\encoders.py", line 289, in jsonable_encoder
    encoded_value = jsonable_encoder(
                    ^^^^^^^^^^^^^^^^^
  File "C:\Users\Lenovo\AppData\Local\Programs\Python\Python311\Lib\site-packages\fastapi\encoders.py", line 337, in jsonable_encoder
    return jsonable_encoder(
           ^^^^^^^^^^^^^^^^^
  File "C:\Users\Lenovo\AppData\Local\Programs\Python\Python311\Lib\site-packages\fastapi\encoders.py", line 289, in jsonable_encoder
    encoded_value = jsonable_encoder(
                    ^^^^^^^^^^^^^^^^^
  File "C:\Users\Lenovo\AppData\Local\Programs\Python\Python311\Lib\site-packages\fastapi\encoders.py", line 337, in jsonable_encoder
    return jsonable_encoder(
           ^^^^^^^^^^^^^^^^^
  File "C:\Users\Lenovo\AppData\Local\Programs\Python\Python311\Lib\site-packages\fastapi\encoders.py", line 289, in jsonable_encoder
    encoded_value = jsonable_encoder(
                    ^^^^^^^^^^^^^^^^^
  File "C:\Users\Lenovo\AppData\Local\Programs\Python\Python311\Lib\site-packages\fastapi\encoders.py", line 337, in jsonable_encoder
    return jsonable_encoder(
           ^^^^^^^^^^^^^^^^^
  File "C:\Users\Lenovo\AppData\Local\Programs\Python\Python311\Lib\site-packages\fastapi\encoders.py", line 289, in jsonable_encoder
    encoded_value = jsonable_encoder(
                    ^^^^^^^^^^^^^^^^^
  File "C:\Users\Lenovo\AppData\Local\Programs\Python\Python311\Lib\site-packages\fastapi\encoders.py", line 337, in jsonable_encoder
    return jsonable_encoder(
           ^^^^^^^^^^^^^^^^^
  File "C:\Users\Lenovo\AppData\Local\Programs\Python\Python311\Lib\site-packages\fastapi\encoders.py", line 289, in jsonable_encoder
    encoded_value = jsonable_encoder(
                    ^^^^^^^^^^^^^^^^^
  File "C:\Users\Lenovo\AppData\Local\Programs\Python\Python311\Lib\site-packages\fastapi\encoders.py", line 337, in jsonable_encoder
    return jsonable_encoder(
           ^^^^^^^^^^^^^^^^^
  File "C:\Users\Lenovo\AppData\Local\Programs\Python\Python311\Lib\site-packages\fastapi\encoders.py", line 289, in jsonable_encoder
    encoded_value = jsonable_encoder(
                    ^^^^^^^^^^^^^^^^^
  File "C:\Users\Lenovo\AppData\Local\Programs\Python\Python311\Lib\site-packages\fastapi\encoders.py", line 337, in jsonable_encoder
    return jsonable_encoder(
           ^^^^^^^^^^^^^^^^^
  File "C:\Users\Lenovo\AppData\Local\Programs\Python\Python311\Lib\site-packages\fastapi\encoders.py", line 289, in jsonable_encoder
    encoded_value = jsonable_encoder(
                    ^^^^^^^^^^^^^^^^^
  File "C:\Users\Lenovo\AppData\Local\Programs\Python\Python311\Lib\site-packages\fastapi\encoders.py", line 337, in jsonable_encoder
    return jsonable_encoder(
           ^^^^^^^^^^^^^^^^^
  File "C:\Users\Lenovo\AppData\Local\Programs\Python\Python311\Lib\site-packages\fastapi\encoders.py", line 289, in jsonable_encoder
    encoded_value = jsonable_encoder(
                    ^^^^^^^^^^^^^^^^^
  File "C:\Users\Lenovo\AppData\Local\Programs\Python\Python311\Lib\site-packages\fastapi\encoders.py", line 337, in jsonable_encoder
    return jsonable_encoder(
           ^^^^^^^^^^^^^^^^^
  File "C:\Users\Lenovo\AppData\Local\Programs\Python\Python311\Lib\site-packages\fastapi\encoders.py", line 289, in jsonable_encoder
    encoded_value = jsonable_encoder(
                    ^^^^^^^^^^^^^^^^^
  File "C:\Users\Lenovo\AppData\Local\Programs\Python\Python311\Lib\site-packages\fastapi\encoders.py", line 337, in jsonable_encoder
    return jsonable_encoder(
           ^^^^^^^^^^^^^^^^^
  File "C:\Users\Lenovo\AppData\Local\Programs\Python\Python311\Lib\site-packages\fastapi\encoders.py", line 289, in jsonable_encoder
    encoded_value = jsonable_encoder(
                    ^^^^^^^^^^^^^^^^^
  File "C:\Users\Lenovo\AppData\Local\Programs\Python\Python311\Lib\site-packages\fastapi\encoders.py", line 337, in jsonable_encoder
    return jsonable_encoder(
           ^^^^^^^^^^^^^^^^^
  File "C:\Users\Lenovo\AppData\Local\Programs\Python\Python311\Lib\site-packages\fastapi\encoders.py", line 289, in jsonable_encoder
    encoded_value = jsonable_encoder(
                    ^^^^^^^^^^^^^^^^^
  File "C:\Users\Lenovo\AppData\Local\Programs\Python\Python311\Lib\site-packages\fastapi\encoders.py", line 337, in jsonable_encoder
    return jsonable_encoder(
           ^^^^^^^^^^^^^^^^^
  File "C:\Users\Lenovo\AppData\Local\Programs\Python\Python311\Lib\site-packages\fastapi\encoders.py", line 289, in jsonable_encoder
    encoded_value = jsonable_encoder(
                    ^^^^^^^^^^^^^^^^^
  File "C:\Users\Lenovo\AppData\Local\Programs\Python\Python311\Lib\site-packages\fastapi\encoders.py", line 337, in jsonable_encoder
    return jsonable_encoder(
           ^^^^^^^^^^^^^^^^^
  File "C:\Users\Lenovo\AppData\Local\Programs\Python\Python311\Lib\site-packages\fastapi\encoders.py", line 289, in jsonable_encoder
    encoded_value = jsonable_encoder(
                    ^^^^^^^^^^^^^^^^^
  File "C:\Users\Lenovo\AppData\Local\Programs\Python\Python311\Lib\site-packages\fastapi\encoders.py", line 337, in jsonable_encoder
    return jsonable_encoder(
           ^^^^^^^^^^^^^^^^^
  File "C:\Users\Lenovo\AppData\Local\Programs\Python\Python311\Lib\site-packages\fastapi\encoders.py", line 289, in jsonable_encoder
    encoded_value = jsonable_encoder(
                    ^^^^^^^^^^^^^^^^^
  File "C:\Users\Lenovo\AppData\Local\Programs\Python\Python311\Lib\site-packages\fastapi\encoders.py", line 337, in jsonable_encoder
    return jsonable_encoder(
           ^^^^^^^^^^^^^^^^^
  File "C:\Users\Lenovo\AppData\Local\Programs\Python\Python311\Lib\site-packages\fastapi\encoders.py", line 289, in jsonable_encoder
    encoded_value = jsonable_encoder(
                    ^^^^^^^^^^^^^^^^^
  File "C:\Users\Lenovo\AppData\Local\Programs\Python\Python311\Lib\site-packages\fastapi\encoders.py", line 337, in jsonable_encoder
    return jsonable_encoder(
           ^^^^^^^^^^^^^^^^^
  File "C:\Users\Lenovo\AppData\Local\Programs\Python\Python311\Lib\site-packages\fastapi\encoders.py", line 289, in jsonable_encoder
    encoded_value = jsonable_encoder(
                    ^^^^^^^^^^^^^^^^^
  File "C:\Users\Lenovo\AppData\Local\Programs\Python\Python311\Lib\site-packages\fastapi\encoders.py", line 337, in jsonable_encoder
    return jsonable_encoder(
           ^^^^^^^^^^^^^^^^^
  File "C:\Users\Lenovo\AppData\Local\Programs\Python\Python311\Lib\site-packages\fastapi\encoders.py", line 289, in jsonable_encoder
    encoded_value = jsonable_encoder(
                    ^^^^^^^^^^^^^^^^^
  File "C:\Users\Lenovo\AppData\Local\Programs\Python\Python311\Lib\site-packages\fastapi\encoders.py", line 337, in jsonable_encoder
    return jsonable_encoder(
           ^^^^^^^^^^^^^^^^^
  File "C:\Users\Lenovo\AppData\Local\Programs\Python\Python311\Lib\site-packages\fastapi\encoders.py", line 289, in jsonable_encoder
    encoded_value = jsonable_encoder(
                    ^^^^^^^^^^^^^^^^^
  File "C:\Users\Lenovo\AppData\Local\Programs\Python\Python311\Lib\site-packages\fastapi\encoders.py", line 337, in jsonable_encoder
    return jsonable_encoder(
           ^^^^^^^^^^^^^^^^^
  File "C:\Users\Lenovo\AppData\Local\Programs\Python\Python311\Lib\site-packages\fastapi\encoders.py", line 289, in jsonable_encoder
    encoded_value = jsonable_encoder(
                    ^^^^^^^^^^^^^^^^^
  File "C:\Users\Lenovo\AppData\Local\Programs\Python\Python311\Lib\site-packages\fastapi\encoders.py", line 337, in jsonable_encoder
    return jsonable_encoder(
           ^^^^^^^^^^^^^^^^^
  File "C:\Users\Lenovo\AppData\Local\Programs\Python\Python311\Lib\site-packages\fastapi\encoders.py", line 289, in jsonable_encoder
    encoded_value = jsonable_encoder(
                    ^^^^^^^^^^^^^^^^^
  File "C:\Users\Lenovo\AppData\Local\Programs\Python\Python311\Lib\site-packages\fastapi\encoders.py", line 337, in jsonable_encoder
    return jsonable_encoder(
           ^^^^^^^^^^^^^^^^^
  File "C:\Users\Lenovo\AppData\Local\Programs\Python\Python311\Lib\site-packages\fastapi\encoders.py", line 289, in jsonable_encoder
    encoded_value = jsonable_encoder(
                    ^^^^^^^^^^^^^^^^^
  File "C:\Users\Lenovo\AppData\Local\Programs\Python\Python311\Lib\site-packages\fastapi\encoders.py", line 337, in jsonable_encoder
    return jsonable_encoder(
           ^^^^^^^^^^^^^^^^^
  File "C:\Users\Lenovo\AppData\Local\Programs\Python\Python311\Lib\site-packages\fastapi\encoders.py", line 289, in jsonable_encoder
    encoded_value = jsonable_encoder(
                    ^^^^^^^^^^^^^^^^^
  File "C:\Users\Lenovo\AppData\Local\Programs\Python\Python311\Lib\site-packages\fastapi\encoders.py", line 337, in jsonable_encoder
    return jsonable_encoder(
           ^^^^^^^^^^^^^^^^^
  File "C:\Users\Lenovo\AppData\Local\Programs\Python\Python311\Lib\site-packages\fastapi\encoders.py", line 289, in jsonable_encoder
    encoded_value = jsonable_encoder(
                    ^^^^^^^^^^^^^^^^^
  File "C:\Users\Lenovo\AppData\Local\Programs\Python\Python311\Lib\site-packages\fastapi\encoders.py", line 337, in jsonable_encoder
    return jsonable_encoder(
           ^^^^^^^^^^^^^^^^^
  File "C:\Users\Lenovo\AppData\Local\Programs\Python\Python311\Lib\site-packages\fastapi\encoders.py", line 289, in jsonable_encoder
    encoded_value = jsonable_encoder(
                    ^^^^^^^^^^^^^^^^^
  File "C:\Users\Lenovo\AppData\Local\Programs\Python\Python311\Lib\site-packages\fastapi\encoders.py", line 337, in jsonable_encoder
    return jsonable_encoder(
           ^^^^^^^^^^^^^^^^^
  File "C:\Users\Lenovo\AppData\Local\Programs\Python\Python311\Lib\site-packages\fastapi\encoders.py", line 289, in jsonable_encoder
    encoded_value = jsonable_encoder(
                    ^^^^^^^^^^^^^^^^^
  File "C:\Users\Lenovo\AppData\Local\Programs\Python\Python311\Lib\site-packages\fastapi\encoders.py", line 337, in jsonable_encoder
    return jsonable_encoder(
           ^^^^^^^^^^^^^^^^^
  File "C:\Users\Lenovo\AppData\Local\Programs\Python\Python311\Lib\site-packages\fastapi\encoders.py", line 289, in jsonable_encoder
    encoded_value = jsonable_encoder(
                    ^^^^^^^^^^^^^^^^^
  File "C:\Users\Lenovo\AppData\Local\Programs\Python\Python311\Lib\site-packages\fastapi\encoders.py", line 337, in jsonable_encoder
    return jsonable_encoder(
           ^^^^^^^^^^^^^^^^^
  File "C:\Users\Lenovo\AppData\Local\Programs\Python\Python311\Lib\site-packages\fastapi\encoders.py", line 289, in jsonable_encoder
    encoded_value = jsonable_encoder(
                    ^^^^^^^^^^^^^^^^^
  File "C:\Users\Lenovo\AppData\Local\Programs\Python\Python311\Lib\site-packages\fastapi\encoders.py", line 337, in jsonable_encoder
    return jsonable_encoder(
           ^^^^^^^^^^^^^^^^^
  File "C:\Users\Lenovo\AppData\Local\Programs\Python\Python311\Lib\site-packages\fastapi\encoders.py", line 289, in jsonable_encoder
    encoded_value = jsonable_encoder(
                    ^^^^^^^^^^^^^^^^^
  File "C:\Users\Lenovo\AppData\Local\Programs\Python\Python311\Lib\site-packages\fastapi\encoders.py", line 337, in jsonable_encoder
    return jsonable_encoder(
           ^^^^^^^^^^^^^^^^^
  File "C:\Users\Lenovo\AppData\Local\Programs\Python\Python311\Lib\site-packages\fastapi\encoders.py", line 289, in jsonable_encoder
    encoded_value = jsonable_encoder(
                    ^^^^^^^^^^^^^^^^^
  File "C:\Users\Lenovo\AppData\Local\Programs\Python\Python311\Lib\site-packages\fastapi\encoders.py", line 337, in jsonable_encoder
    return jsonable_encoder(
           ^^^^^^^^^^^^^^^^^
  File "C:\Users\Lenovo\AppData\Local\Programs\Python\Python311\Lib\site-packages\fastapi\encoders.py", line 289, in jsonable_encoder
    encoded_value = jsonable_encoder(
                    ^^^^^^^^^^^^^^^^^
  File "C:\Users\Lenovo\AppData\Local\Programs\Python\Python311\Lib\site-packages\fastapi\encoders.py", line 337, in jsonable_encoder
    return jsonable_encoder(
           ^^^^^^^^^^^^^^^^^
  File "C:\Users\Lenovo\AppData\Local\Programs\Python\Python311\Lib\site-packages\fastapi\encoders.py", line 289, in jsonable_encoder
    encoded_value = jsonable_encoder(
                    ^^^^^^^^^^^^^^^^^
  File "C:\Users\Lenovo\AppData\Local\Programs\Python\Python311\Lib\site-packages\fastapi\encoders.py", line 337, in jsonable_encoder
    return jsonable_encoder(
           ^^^^^^^^^^^^^^^^^
  File "C:\Users\Lenovo\AppData\Local\Programs\Python\Python311\Lib\site-packages\fastapi\encoders.py", line 289, in jsonable_encoder
    encoded_value = jsonable_encoder(
                    ^^^^^^^^^^^^^^^^^
  File "C:\Users\Lenovo\AppData\Local\Programs\Python\Python311\Lib\site-packages\fastapi\encoders.py", line 337, in jsonable_encoder
    return jsonable_encoder(
           ^^^^^^^^^^^^^^^^^
  File "C:\Users\Lenovo\AppData\Local\Programs\Python\Python311\Lib\site-packages\fastapi\encoders.py", line 289, in jsonable_encoder
    encoded_value = jsonable_encoder(
                    ^^^^^^^^^^^^^^^^^
  File "C:\Users\Lenovo\AppData\Local\Programs\Python\Python311\Lib\site-packages\fastapi\encoders.py", line 337, in jsonable_encoder
    return jsonable_encoder(
           ^^^^^^^^^^^^^^^^^
  File "C:\Users\Lenovo\AppData\Local\Programs\Python\Python311\Lib\site-packages\fastapi\encoders.py", line 289, in jsonable_encoder
    encoded_value = jsonable_encoder(
                    ^^^^^^^^^^^^^^^^^
  File "C:\Users\Lenovo\AppData\Local\Programs\Python\Python311\Lib\site-packages\fastapi\encoders.py", line 337, in jsonable_encoder
    return jsonable_encoder(
           ^^^^^^^^^^^^^^^^^
  File "C:\Users\Lenovo\AppData\Local\Programs\Python\Python311\Lib\site-packages\fastapi\encoders.py", line 289, in jsonable_encoder
    encoded_value = jsonable_encoder(
                    ^^^^^^^^^^^^^^^^^
  File "C:\Users\Lenovo\AppData\Local\Programs\Python\Python311\Lib\site-packages\fastapi\encoders.py", line 337, in jsonable_encoder
    return jsonable_encoder(
           ^^^^^^^^^^^^^^^^^
  File "C:\Users\Lenovo\AppData\Local\Programs\Python\Python311\Lib\site-packages\fastapi\encoders.py", line 289, in jsonable_encoder
    encoded_value = jsonable_encoder(
                    ^^^^^^^^^^^^^^^^^
  File "C:\Users\Lenovo\AppData\Local\Programs\Python\Python311\Lib\site-packages\fastapi\encoders.py", line 337, in jsonable_encoder
    return jsonable_encoder(
           ^^^^^^^^^^^^^^^^^
  File "C:\Users\Lenovo\AppData\Local\Programs\Python\Python311\Lib\site-packages\fastapi\encoders.py", line 289, in jsonable_encoder
    encoded_value = jsonable_encoder(
                    ^^^^^^^^^^^^^^^^^
  File "C:\Users\Lenovo\AppData\Local\Programs\Python\Python311\Lib\site-packages\fastapi\encoders.py", line 337, in jsonable_encoder
    return jsonable_encoder(
           ^^^^^^^^^^^^^^^^^
  File "C:\Users\Lenovo\AppData\Local\Programs\Python\Python311\Lib\site-packages\fastapi\encoders.py", line 289, in jsonable_encoder
    encoded_value = jsonable_encoder(
                    ^^^^^^^^^^^^^^^^^
  File "C:\Users\Lenovo\AppData\Local\Programs\Python\Python311\Lib\site-packages\fastapi\encoders.py", line 337, in jsonable_encoder
    return jsonable_encoder(
           ^^^^^^^^^^^^^^^^^
  File "C:\Users\Lenovo\AppData\Local\Programs\Python\Python311\Lib\site-packages\fastapi\encoders.py", line 289, in jsonable_encoder
    encoded_value = jsonable_encoder(
                    ^^^^^^^^^^^^^^^^^
  File "C:\Users\Lenovo\AppData\Local\Programs\Python\Python311\Lib\site-packages\fastapi\encoders.py", line 337, in jsonable_encoder
    return jsonable_encoder(
           ^^^^^^^^^^^^^^^^^
  File "C:\Users\Lenovo\AppData\Local\Programs\Python\Python311\Lib\site-packages\fastapi\encoders.py", line 289, in jsonable_encoder
    encoded_value = jsonable_encoder(
                    ^^^^^^^^^^^^^^^^^
  File "C:\Users\Lenovo\AppData\Local\Programs\Python\Python311\Lib\site-packages\fastapi\encoders.py", line 337, in jsonable_encoder
    return jsonable_encoder(
           ^^^^^^^^^^^^^^^^^
  File "C:\Users\Lenovo\AppData\Local\Programs\Python\Python311\Lib\site-packages\fastapi\encoders.py", line 289, in jsonable_encoder
    encoded_value = jsonable_encoder(
                    ^^^^^^^^^^^^^^^^^
  File "C:\Users\Lenovo\AppData\Local\Programs\Python\Python311\Lib\site-packages\fastapi\encoders.py", line 337, in jsonable_encoder
    return jsonable_encoder(
           ^^^^^^^^^^^^^^^^^
  File "C:\Users\Lenovo\AppData\Local\Programs\Python\Python311\Lib\site-packages\fastapi\encoders.py", line 289, in jsonable_encoder
    encoded_value = jsonable_encoder(
                    ^^^^^^^^^^^^^^^^^
  File "C:\Users\Lenovo\AppData\Local\Programs\Python\Python311\Lib\site-packages\fastapi\encoders.py", line 337, in jsonable_encoder
    return jsonable_encoder(
           ^^^^^^^^^^^^^^^^^
  File "C:\Users\Lenovo\AppData\Local\Programs\Python\Python311\Lib\site-packages\fastapi\encoders.py", line 289, in jsonable_encoder
    encoded_value = jsonable_encoder(
                    ^^^^^^^^^^^^^^^^^
  File "C:\Users\Lenovo\AppData\Local\Programs\Python\Python311\Lib\site-packages\fastapi\encoders.py", line 337, in jsonable_encoder
    return jsonable_encoder(
           ^^^^^^^^^^^^^^^^^
  File "C:\Users\Lenovo\AppData\Local\Programs\Python\Python311\Lib\site-packages\fastapi\encoders.py", line 289, in jsonable_encoder
    encoded_value = jsonable_encoder(
                    ^^^^^^^^^^^^^^^^^
  File "C:\Users\Lenovo\AppData\Local\Programs\Python\Python311\Lib\site-packages\fastapi\encoders.py", line 337, in jsonable_encoder
    return jsonable_encoder(
           ^^^^^^^^^^^^^^^^^
  File "C:\Users\Lenovo\AppData\Local\Programs\Python\Python311\Lib\site-packages\fastapi\encoders.py", line 289, in jsonable_encoder
    encoded_value = jsonable_encoder(
                    ^^^^^^^^^^^^^^^^^
  File "C:\Users\Lenovo\AppData\Local\Programs\Python\Python311\Lib\site-packages\fastapi\encoders.py", line 337, in jsonable_encoder
    return jsonable_encoder(
           ^^^^^^^^^^^^^^^^^
  File "C:\Users\Lenovo\AppData\Local\Programs\Python\Python311\Lib\site-packages\fastapi\encoders.py", line 289, in jsonable_encoder
    encoded_value = jsonable_encoder(
                    ^^^^^^^^^^^^^^^^^
  File "C:\Users\Lenovo\AppData\Local\Programs\Python\Python311\Lib\site-packages\fastapi\encoders.py", line 337, in jsonable_encoder
    return jsonable_encoder(
           ^^^^^^^^^^^^^^^^^
  File "C:\Users\Lenovo\AppData\Local\Programs\Python\Python311\Lib\site-packages\fastapi\encoders.py", line 289, in jsonable_encoder
    encoded_value = jsonable_encoder(
                    ^^^^^^^^^^^^^^^^^
  File "C:\Users\Lenovo\AppData\Local\Programs\Python\Python311\Lib\site-packages\fastapi\encoders.py", line 337, in jsonable_encoder
    return jsonable_encoder(
           ^^^^^^^^^^^^^^^^^
  File "C:\Users\Lenovo\AppData\Local\Programs\Python\Python311\Lib\site-packages\fastapi\encoders.py", line 289, in jsonable_encoder
    encoded_value = jsonable_encoder(
                    ^^^^^^^^^^^^^^^^^
  File "C:\Users\Lenovo\AppData\Local\Programs\Python\Python311\Lib\site-packages\fastapi\encoders.py", line 337, in jsonable_encoder
    return jsonable_encoder(
           ^^^^^^^^^^^^^^^^^
  File "C:\Users\Lenovo\AppData\Local\Programs\Python\Python311\Lib\site-packages\fastapi\encoders.py", line 289, in jsonable_encoder
    encoded_value = jsonable_encoder(
                    ^^^^^^^^^^^^^^^^^
  File "C:\Users\Lenovo\AppData\Local\Programs\Python\Python311\Lib\site-packages\fastapi\encoders.py", line 337, in jsonable_encoder
    return jsonable_encoder(
           ^^^^^^^^^^^^^^^^^
  File "C:\Users\Lenovo\AppData\Local\Programs\Python\Python311\Lib\site-packages\fastapi\encoders.py", line 289, in jsonable_encoder
    encoded_value = jsonable_encoder(
                    ^^^^^^^^^^^^^^^^^
  File "C:\Users\Lenovo\AppData\Local\Programs\Python\Python311\Lib\site-packages\fastapi\encoders.py", line 337, in jsonable_encoder
    return jsonable_encoder(
           ^^^^^^^^^^^^^^^^^
  File "C:\Users\Lenovo\AppData\Local\Programs\Python\Python311\Lib\site-packages\fastapi\encoders.py", line 289, in jsonable_encoder
    encoded_value = jsonable_encoder(
                    ^^^^^^^^^^^^^^^^^
  File "C:\Users\Lenovo\AppData\Local\Programs\Python\Python311\Lib\site-packages\fastapi\encoders.py", line 337, in jsonable_encoder
    return jsonable_encoder(
           ^^^^^^^^^^^^^^^^^
  File "C:\Users\Lenovo\AppData\Local\Programs\Python\Python311\Lib\site-packages\fastapi\encoders.py", line 289, in jsonable_encoder
    encoded_value = jsonable_encoder(
                    ^^^^^^^^^^^^^^^^^
  File "C:\Users\Lenovo\AppData\Local\Programs\Python\Python311\Lib\site-packages\fastapi\encoders.py", line 337, in jsonable_encoder
    return jsonable_encoder(
           ^^^^^^^^^^^^^^^^^
  File "C:\Users\Lenovo\AppData\Local\Programs\Python\Python311\Lib\site-packages\fastapi\encoders.py", line 289, in jsonable_encoder
    encoded_value = jsonable_encoder(
                    ^^^^^^^^^^^^^^^^^
  File "C:\Users\Lenovo\AppData\Local\Programs\Python\Python311\Lib\site-packages\fastapi\encoders.py", line 337, in jsonable_encoder
    return jsonable_encoder(
           ^^^^^^^^^^^^^^^^^
  File "C:\Users\Lenovo\AppData\Local\Programs\Python\Python311\Lib\site-packages\fastapi\encoders.py", line 289, in jsonable_encoder
    encoded_value = jsonable_encoder(
                    ^^^^^^^^^^^^^^^^^
  File "C:\Users\Lenovo\AppData\Local\Programs\Python\Python311\Lib\site-packages\fastapi\encoders.py", line 337, in jsonable_encoder
    return jsonable_encoder(
           ^^^^^^^^^^^^^^^^^
  File "C:\Users\Lenovo\AppData\Local\Programs\Python\Python311\Lib\site-packages\fastapi\encoders.py", line 289, in jsonable_encoder
    encoded_value = jsonable_encoder(
                    ^^^^^^^^^^^^^^^^^
  File "C:\Users\Lenovo\AppData\Local\Programs\Python\Python311\Lib\site-packages\fastapi\encoders.py", line 337, in jsonable_encoder
    return jsonable_encoder(
           ^^^^^^^^^^^^^^^^^
  File "C:\Users\Lenovo\AppData\Local\Programs\Python\Python311\Lib\site-packages\fastapi\encoders.py", line 289, in jsonable_encoder
    encoded_value = jsonable_encoder(
                    ^^^^^^^^^^^^^^^^^
  File "C:\Users\Lenovo\AppData\Local\Programs\Python\Python311\Lib\site-packages\fastapi\encoders.py", line 337, in jsonable_encoder
    return jsonable_encoder(
           ^^^^^^^^^^^^^^^^^
  File "C:\Users\Lenovo\AppData\Local\Programs\Python\Python311\Lib\site-packages\fastapi\encoders.py", line 289, in jsonable_encoder
    encoded_value = jsonable_encoder(
                    ^^^^^^^^^^^^^^^^^
  File "C:\Users\Lenovo\AppData\Local\Programs\Python\Python311\Lib\site-packages\fastapi\encoders.py", line 337, in jsonable_encoder
    return jsonable_encoder(
           ^^^^^^^^^^^^^^^^^
  File "C:\Users\Lenovo\AppData\Local\Programs\Python\Python311\Lib\site-packages\fastapi\encoders.py", line 289, in jsonable_encoder
    encoded_value = jsonable_encoder(
                    ^^^^^^^^^^^^^^^^^
  File "C:\Users\Lenovo\AppData\Local\Programs\Python\Python311\Lib\site-packages\fastapi\encoders.py", line 337, in jsonable_encoder
    return jsonable_encoder(
           ^^^^^^^^^^^^^^^^^
  File "C:\Users\Lenovo\AppData\Local\Programs\Python\Python311\Lib\site-packages\fastapi\encoders.py", line 289, in jsonable_encoder
    encoded_value = jsonable_encoder(
                    ^^^^^^^^^^^^^^^^^
  File "C:\Users\Lenovo\AppData\Local\Programs\Python\Python311\Lib\site-packages\fastapi\encoders.py", line 337, in jsonable_encoder
    return jsonable_encoder(
           ^^^^^^^^^^^^^^^^^
  File "C:\Users\Lenovo\AppData\Local\Programs\Python\Python311\Lib\site-packages\fastapi\encoders.py", line 289, in jsonable_encoder
    encoded_value = jsonable_encoder(
                    ^^^^^^^^^^^^^^^^^
  File "C:\Users\Lenovo\AppData\Local\Programs\Python\Python311\Lib\site-packages\fastapi\encoders.py", line 337, in jsonable_encoder
    return jsonable_encoder(
           ^^^^^^^^^^^^^^^^^
  File "C:\Users\Lenovo\AppData\Local\Programs\Python\Python311\Lib\site-packages\fastapi\encoders.py", line 289, in jsonable_encoder
    encoded_value = jsonable_encoder(
                    ^^^^^^^^^^^^^^^^^
  File "C:\Users\Lenovo\AppData\Local\Programs\Python\Python311\Lib\site-packages\fastapi\encoders.py", line 337, in jsonable_encoder
    return jsonable_encoder(
           ^^^^^^^^^^^^^^^^^
  File "C:\Users\Lenovo\AppData\Local\Programs\Python\Python311\Lib\site-packages\fastapi\encoders.py", line 289, in jsonable_encoder
    encoded_value = jsonable_encoder(
                    ^^^^^^^^^^^^^^^^^
  File "C:\Users\Lenovo\AppData\Local\Programs\Python\Python311\Lib\site-packages\fastapi\encoders.py", line 337, in jsonable_encoder
    return jsonable_encoder(
           ^^^^^^^^^^^^^^^^^
  File "C:\Users\Lenovo\AppData\Local\Programs\Python\Python311\Lib\site-packages\fastapi\encoders.py", line 289, in jsonable_encoder
    encoded_value = jsonable_encoder(
                    ^^^^^^^^^^^^^^^^^
  File "C:\Users\Lenovo\AppData\Local\Programs\Python\Python311\Lib\site-packages\fastapi\encoders.py", line 337, in jsonable_encoder
    return jsonable_encoder(
           ^^^^^^^^^^^^^^^^^
  File "C:\Users\Lenovo\AppData\Local\Programs\Python\Python311\Lib\site-packages\fastapi\encoders.py", line 289, in jsonable_encoder
    encoded_value = jsonable_encoder(
                    ^^^^^^^^^^^^^^^^^
  File "C:\Users\Lenovo\AppData\Local\Programs\Python\Python311\Lib\site-packages\fastapi\encoders.py", line 337, in jsonable_encoder
    return jsonable_encoder(
           ^^^^^^^^^^^^^^^^^
  File "C:\Users\Lenovo\AppData\Local\Programs\Python\Python311\Lib\site-packages\fastapi\encoders.py", line 289, in jsonable_encoder
    encoded_value = jsonable_encoder(
                    ^^^^^^^^^^^^^^^^^
  File "C:\Users\Lenovo\AppData\Local\Programs\Python\Python311\Lib\site-packages\fastapi\encoders.py", line 337, in jsonable_encoder
    return jsonable_encoder(
           ^^^^^^^^^^^^^^^^^
  File "C:\Users\Lenovo\AppData\Local\Programs\Python\Python311\Lib\site-packages\fastapi\encoders.py", line 289, in jsonable_encoder
    encoded_value = jsonable_encoder(
                    ^^^^^^^^^^^^^^^^^
  File "C:\Users\Lenovo\AppData\Local\Programs\Python\Python311\Lib\site-packages\fastapi\encoders.py", line 337, in jsonable_encoder
    return jsonable_encoder(
           ^^^^^^^^^^^^^^^^^
  File "C:\Users\Lenovo\AppData\Local\Programs\Python\Python311\Lib\site-packages\fastapi\encoders.py", line 289, in jsonable_encoder
    encoded_value = jsonable_encoder(
                    ^^^^^^^^^^^^^^^^^
  File "C:\Users\Lenovo\AppData\Local\Programs\Python\Python311\Lib\site-packages\fastapi\encoders.py", line 337, in jsonable_encoder
    return jsonable_encoder(
           ^^^^^^^^^^^^^^^^^
  File "C:\Users\Lenovo\AppData\Local\Programs\Python\Python311\Lib\site-packages\fastapi\encoders.py", line 289, in jsonable_encoder
    encoded_value = jsonable_encoder(
                    ^^^^^^^^^^^^^^^^^
  File "C:\Users\Lenovo\AppData\Local\Programs\Python\Python311\Lib\site-packages\fastapi\encoders.py", line 337, in jsonable_encoder
    return jsonable_encoder(
           ^^^^^^^^^^^^^^^^^
  File "C:\Users\Lenovo\AppData\Local\Programs\Python\Python311\Lib\site-packages\fastapi\encoders.py", line 289, in jsonable_encoder
    encoded_value = jsonable_encoder(
                    ^^^^^^^^^^^^^^^^^
  File "C:\Users\Lenovo\AppData\Local\Programs\Python\Python311\Lib\site-packages\fastapi\encoders.py", line 337, in jsonable_encoder
    return jsonable_encoder(
           ^^^^^^^^^^^^^^^^^
  File "C:\Users\Lenovo\AppData\Local\Programs\Python\Python311\Lib\site-packages\fastapi\encoders.py", line 289, in jsonable_encoder
    encoded_value = jsonable_encoder(
                    ^^^^^^^^^^^^^^^^^
  File "C:\Users\Lenovo\AppData\Local\Programs\Python\Python311\Lib\site-packages\fastapi\encoders.py", line 337, in jsonable_encoder
    return jsonable_encoder(
           ^^^^^^^^^^^^^^^^^
  File "C:\Users\Lenovo\AppData\Local\Programs\Python\Python311\Lib\site-packages\fastapi\encoders.py", line 289, in jsonable_encoder
    encoded_value = jsonable_encoder(
                    ^^^^^^^^^^^^^^^^^
  File "C:\Users\Lenovo\AppData\Local\Programs\Python\Python311\Lib\site-packages\fastapi\encoders.py", line 337, in jsonable_encoder
    return jsonable_encoder(
           ^^^^^^^^^^^^^^^^^
  File "C:\Users\Lenovo\AppData\Local\Programs\Python\Python311\Lib\site-packages\fastapi\encoders.py", line 289, in jsonable_encoder
    encoded_value = jsonable_encoder(
                    ^^^^^^^^^^^^^^^^^
  File "C:\Users\Lenovo\AppData\Local\Programs\Python\Python311\Lib\site-packages\fastapi\encoders.py", line 337, in jsonable_encoder
    return jsonable_encoder(
           ^^^^^^^^^^^^^^^^^
  File "C:\Users\Lenovo\AppData\Local\Programs\Python\Python311\Lib\site-packages\fastapi\encoders.py", line 289, in jsonable_encoder
    encoded_value = jsonable_encoder(
                    ^^^^^^^^^^^^^^^^^
  File "C:\Users\Lenovo\AppData\Local\Programs\Python\Python311\Lib\site-packages\fastapi\encoders.py", line 337, in jsonable_encoder
    return jsonable_encoder(
           ^^^^^^^^^^^^^^^^^
  File "C:\Users\Lenovo\AppData\Local\Programs\Python\Python311\Lib\site-packages\fastapi\encoders.py", line 289, in jsonable_encoder
    encoded_value = jsonable_encoder(
                    ^^^^^^^^^^^^^^^^^
  File "C:\Users\Lenovo\AppData\Local\Programs\Python\Python311\Lib\site-packages\fastapi\encoders.py", line 337, in jsonable_encoder
    return jsonable_encoder(
           ^^^^^^^^^^^^^^^^^
  File "C:\Users\Lenovo\AppData\Local\Programs\Python\Python311\Lib\site-packages\fastapi\encoders.py", line 289, in jsonable_encoder
    encoded_value = jsonable_encoder(
                    ^^^^^^^^^^^^^^^^^
  File "C:\Users\Lenovo\AppData\Local\Programs\Python\Python311\Lib\site-packages\fastapi\encoders.py", line 337, in jsonable_encoder
    return jsonable_encoder(
           ^^^^^^^^^^^^^^^^^
  File "C:\Users\Lenovo\AppData\Local\Programs\Python\Python311\Lib\site-packages\fastapi\encoders.py", line 289, in jsonable_encoder
    encoded_value = jsonable_encoder(
                    ^^^^^^^^^^^^^^^^^
  File "C:\Users\Lenovo\AppData\Local\Programs\Python\Python311\Lib\site-packages\fastapi\encoders.py", line 337, in jsonable_encoder
    return jsonable_encoder(
           ^^^^^^^^^^^^^^^^^
  File "C:\Users\Lenovo\AppData\Local\Programs\Python\Python311\Lib\site-packages\fastapi\encoders.py", line 289, in jsonable_encoder
    encoded_value = jsonable_encoder(
                    ^^^^^^^^^^^^^^^^^
  File "C:\Users\Lenovo\AppData\Local\Programs\Python\Python311\Lib\site-packages\fastapi\encoders.py", line 337, in jsonable_encoder
    return jsonable_encoder(
           ^^^^^^^^^^^^^^^^^
  File "C:\Users\Lenovo\AppData\Local\Programs\Python\Python311\Lib\site-packages\fastapi\encoders.py", line 289, in jsonable_encoder
    encoded_value = jsonable_encoder(
                    ^^^^^^^^^^^^^^^^^
  File "C:\Users\Lenovo\AppData\Local\Programs\Python\Python311\Lib\site-packages\fastapi\encoders.py", line 337, in jsonable_encoder
    return jsonable_encoder(
           ^^^^^^^^^^^^^^^^^
  File "C:\Users\Lenovo\AppData\Local\Programs\Python\Python311\Lib\site-packages\fastapi\encoders.py", line 289, in jsonable_encoder
    encoded_value = jsonable_encoder(
                    ^^^^^^^^^^^^^^^^^
  File "C:\Users\Lenovo\AppData\Local\Programs\Python\Python311\Lib\site-packages\fastapi\encoders.py", line 337, in jsonable_encoder
    return jsonable_encoder(
           ^^^^^^^^^^^^^^^^^
  File "C:\Users\Lenovo\AppData\Local\Programs\Python\Python311\Lib\site-packages\fastapi\encoders.py", line 289, in jsonable_encoder
    encoded_value = jsonable_encoder(
                    ^^^^^^^^^^^^^^^^^
  File "C:\Users\Lenovo\AppData\Local\Programs\Python\Python311\Lib\site-packages\fastapi\encoders.py", line 337, in jsonable_encoder
    return jsonable_encoder(
           ^^^^^^^^^^^^^^^^^
  File "C:\Users\Lenovo\AppData\Local\Programs\Python\Python311\Lib\site-packages\fastapi\encoders.py", line 289, in jsonable_encoder
    encoded_value = jsonable_encoder(
                    ^^^^^^^^^^^^^^^^^
  File "C:\Users\Lenovo\AppData\Local\Programs\Python\Python311\Lib\site-packages\fastapi\encoders.py", line 337, in jsonable_encoder
    return jsonable_encoder(
           ^^^^^^^^^^^^^^^^^
  File "C:\Users\Lenovo\AppData\Local\Programs\Python\Python311\Lib\site-packages\fastapi\encoders.py", line 289, in jsonable_encoder
    encoded_value = jsonable_encoder(
                    ^^^^^^^^^^^^^^^^^
  File "C:\Users\Lenovo\AppData\Local\Programs\Python\Python311\Lib\site-packages\fastapi\encoders.py", line 337, in jsonable_encoder
    return jsonable_encoder(
           ^^^^^^^^^^^^^^^^^
  File "C:\Users\Lenovo\AppData\Local\Programs\Python\Python311\Lib\site-packages\fastapi\encoders.py", line 289, in jsonable_encoder
    encoded_value = jsonable_encoder(
                    ^^^^^^^^^^^^^^^^^
  File "C:\Users\Lenovo\AppData\Local\Programs\Python\Python311\Lib\site-packages\fastapi\encoders.py", line 337, in jsonable_encoder
    return jsonable_encoder(
           ^^^^^^^^^^^^^^^^^
  File "C:\Users\Lenovo\AppData\Local\Programs\Python\Python311\Lib\site-packages\fastapi\encoders.py", line 289, in jsonable_encoder
    encoded_value = jsonable_encoder(
                    ^^^^^^^^^^^^^^^^^
  File "C:\Users\Lenovo\AppData\Local\Programs\Python\Python311\Lib\site-packages\fastapi\encoders.py", line 337, in jsonable_encoder
    return jsonable_encoder(
           ^^^^^^^^^^^^^^^^^
  File "C:\Users\Lenovo\AppData\Local\Programs\Python\Python311\Lib\site-packages\fastapi\encoders.py", line 289, in jsonable_encoder
    encoded_value = jsonable_encoder(
                    ^^^^^^^^^^^^^^^^^
  File "C:\Users\Lenovo\AppData\Local\Programs\Python\Python311\Lib\site-packages\fastapi\encoders.py", line 337, in jsonable_encoder
    return jsonable_encoder(
           ^^^^^^^^^^^^^^^^^
  File "C:\Users\Lenovo\AppData\Local\Programs\Python\Python311\Lib\site-packages\fastapi\encoders.py", line 289, in jsonable_encoder
    encoded_value = jsonable_encoder(
                    ^^^^^^^^^^^^^^^^^
  File "C:\Users\Lenovo\AppData\Local\Programs\Python\Python311\Lib\site-packages\fastapi\encoders.py", line 337, in jsonable_encoder
    return jsonable_encoder(
           ^^^^^^^^^^^^^^^^^
  File "C:\Users\Lenovo\AppData\Local\Programs\Python\Python311\Lib\site-packages\fastapi\encoders.py", line 289, in jsonable_encoder
    encoded_value = jsonable_encoder(
                    ^^^^^^^^^^^^^^^^^
  File "C:\Users\Lenovo\AppData\Local\Programs\Python\Python311\Lib\site-packages\fastapi\encoders.py", line 337, in jsonable_encoder
    return jsonable_encoder(
           ^^^^^^^^^^^^^^^^^
  File "C:\Users\Lenovo\AppData\Local\Programs\Python\Python311\Lib\site-packages\fastapi\encoders.py", line 289, in jsonable_encoder
    encoded_value = jsonable_encoder(
                    ^^^^^^^^^^^^^^^^^
  File "C:\Users\Lenovo\AppData\Local\Programs\Python\Python311\Lib\site-packages\fastapi\encoders.py", line 337, in jsonable_encoder
    return jsonable_encoder(
           ^^^^^^^^^^^^^^^^^
  File "C:\Users\Lenovo\AppData\Local\Programs\Python\Python311\Lib\site-packages\fastapi\encoders.py", line 289, in jsonable_encoder
    encoded_value = jsonable_encoder(
                    ^^^^^^^^^^^^^^^^^
  File "C:\Users\Lenovo\AppData\Local\Programs\Python\Python311\Lib\site-packages\fastapi\encoders.py", line 337, in jsonable_encoder
    return jsonable_encoder(
           ^^^^^^^^^^^^^^^^^
  File "C:\Users\Lenovo\AppData\Local\Programs\Python\Python311\Lib\site-packages\fastapi\encoders.py", line 289, in jsonable_encoder
    encoded_value = jsonable_encoder(
                    ^^^^^^^^^^^^^^^^^
  File "C:\Users\Lenovo\AppData\Local\Programs\Python\Python311\Lib\site-packages\fastapi\encoders.py", line 337, in jsonable_encoder
    return jsonable_encoder(
           ^^^^^^^^^^^^^^^^^
  File "C:\Users\Lenovo\AppData\Local\Programs\Python\Python311\Lib\site-packages\fastapi\encoders.py", line 289, in jsonable_encoder
    encoded_value = jsonable_encoder(
                    ^^^^^^^^^^^^^^^^^
  File "C:\Users\Lenovo\AppData\Local\Programs\Python\Python311\Lib\site-packages\fastapi\encoders.py", line 337, in jsonable_encoder
    return jsonable_encoder(
           ^^^^^^^^^^^^^^^^^
  File "C:\Users\Lenovo\AppData\Local\Programs\Python\Python311\Lib\site-packages\fastapi\encoders.py", line 289, in jsonable_encoder
    encoded_value = jsonable_encoder(
                    ^^^^^^^^^^^^^^^^^
  File "C:\Users\Lenovo\AppData\Local\Programs\Python\Python311\Lib\site-packages\fastapi\encoders.py", line 337, in jsonable_encoder
    return jsonable_encoder(
           ^^^^^^^^^^^^^^^^^
  File "C:\Users\Lenovo\AppData\Local\Programs\Python\Python311\Lib\site-packages\fastapi\encoders.py", line 289, in jsonable_encoder
    encoded_value = jsonable_encoder(
                    ^^^^^^^^^^^^^^^^^
  File "C:\Users\Lenovo\AppData\Local\Programs\Python\Python311\Lib\site-packages\fastapi\encoders.py", line 337, in jsonable_encoder
    return jsonable_encoder(
           ^^^^^^^^^^^^^^^^^
  File "C:\Users\Lenovo\AppData\Local\Programs\Python\Python311\Lib\site-packages\fastapi\encoders.py", line 289, in jsonable_encoder
    encoded_value = jsonable_encoder(
                    ^^^^^^^^^^^^^^^^^
  File "C:\Users\Lenovo\AppData\Local\Programs\Python\Python311\Lib\site-packages\fastapi\encoders.py", line 337, in jsonable_encoder
    return jsonable_encoder(
           ^^^^^^^^^^^^^^^^^
  File "C:\Users\Lenovo\AppData\Local\Programs\Python\Python311\Lib\site-packages\fastapi\encoders.py", line 289, in jsonable_encoder
    encoded_value = jsonable_encoder(
                    ^^^^^^^^^^^^^^^^^
  File "C:\Users\Lenovo\AppData\Local\Programs\Python\Python311\Lib\site-packages\fastapi\encoders.py", line 337, in jsonable_encoder
    return jsonable_encoder(
           ^^^^^^^^^^^^^^^^^
  File "C:\Users\Lenovo\AppData\Local\Programs\Python\Python311\Lib\site-packages\fastapi\encoders.py", line 289, in jsonable_encoder
    encoded_value = jsonable_encoder(
                    ^^^^^^^^^^^^^^^^^
  File "C:\Users\Lenovo\AppData\Local\Programs\Python\Python311\Lib\site-packages\fastapi\encoders.py", line 337, in jsonable_encoder
    return jsonable_encoder(
           ^^^^^^^^^^^^^^^^^
  File "C:\Users\Lenovo\AppData\Local\Programs\Python\Python311\Lib\site-packages\fastapi\encoders.py", line 289, in jsonable_encoder
    encoded_value = jsonable_encoder(
                    ^^^^^^^^^^^^^^^^^
  File "C:\Users\Lenovo\AppData\Local\Programs\Python\Python311\Lib\site-packages\fastapi\encoders.py", line 337, in jsonable_encoder
    return jsonable_encoder(
           ^^^^^^^^^^^^^^^^^
  File "C:\Users\Lenovo\AppData\Local\Programs\Python\Python311\Lib\site-packages\fastapi\encoders.py", line 289, in jsonable_encoder
    encoded_value = jsonable_encoder(
                    ^^^^^^^^^^^^^^^^^
  File "C:\Users\Lenovo\AppData\Local\Programs\Python\Python311\Lib\site-packages\fastapi\encoders.py", line 337, in jsonable_encoder
    return jsonable_encoder(
           ^^^^^^^^^^^^^^^^^
  File "C:\Users\Lenovo\AppData\Local\Programs\Python\Python311\Lib\site-packages\fastapi\encoders.py", line 289, in jsonable_encoder
    encoded_value = jsonable_encoder(
                    ^^^^^^^^^^^^^^^^^
  File "C:\Users\Lenovo\AppData\Local\Programs\Python\Python311\Lib\site-packages\fastapi\encoders.py", line 337, in jsonable_encoder
    return jsonable_encoder(
           ^^^^^^^^^^^^^^^^^
  File "C:\Users\Lenovo\AppData\Local\Programs\Python\Python311\Lib\site-packages\fastapi\encoders.py", line 289, in jsonable_encoder
    encoded_value = jsonable_encoder(
                    ^^^^^^^^^^^^^^^^^
  File "C:\Users\Lenovo\AppData\Local\Programs\Python\Python311\Lib\site-packages\fastapi\encoders.py", line 337, in jsonable_encoder
    return jsonable_encoder(
           ^^^^^^^^^^^^^^^^^
  File "C:\Users\Lenovo\AppData\Local\Programs\Python\Python311\Lib\site-packages\fastapi\encoders.py", line 289, in jsonable_encoder
    encoded_value = jsonable_encoder(
                    ^^^^^^^^^^^^^^^^^
  File "C:\Users\Lenovo\AppData\Local\Programs\Python\Python311\Lib\site-packages\fastapi\encoders.py", line 337, in jsonable_encoder
    return jsonable_encoder(
           ^^^^^^^^^^^^^^^^^
  File "C:\Users\Lenovo\AppData\Local\Programs\Python\Python311\Lib\site-packages\fastapi\encoders.py", line 289, in jsonable_encoder
    encoded_value = jsonable_encoder(
                    ^^^^^^^^^^^^^^^^^
  File "C:\Users\Lenovo\AppData\Local\Programs\Python\Python311\Lib\site-packages\fastapi\encoders.py", line 337, in jsonable_encoder
    return jsonable_encoder(
           ^^^^^^^^^^^^^^^^^
  File "C:\Users\Lenovo\AppData\Local\Programs\Python\Python311\Lib\site-packages\fastapi\encoders.py", line 289, in jsonable_encoder
    encoded_value = jsonable_encoder(
                    ^^^^^^^^^^^^^^^^^
  File "C:\Users\Lenovo\AppData\Local\Programs\Python\Python311\Lib\site-packages\fastapi\encoders.py", line 337, in jsonable_encoder
    return jsonable_encoder(
           ^^^^^^^^^^^^^^^^^
  File "C:\Users\Lenovo\AppData\Local\Programs\Python\Python311\Lib\site-packages\fastapi\encoders.py", line 289, in jsonable_encoder
    encoded_value = jsonable_encoder(
                    ^^^^^^^^^^^^^^^^^
  File "C:\Users\Lenovo\AppData\Local\Programs\Python\Python311\Lib\site-packages\fastapi\encoders.py", line 337, in jsonable_encoder
    return jsonable_encoder(
           ^^^^^^^^^^^^^^^^^
  File "C:\Users\Lenovo\AppData\Local\Programs\Python\Python311\Lib\site-packages\fastapi\encoders.py", line 289, in jsonable_encoder
    encoded_value = jsonable_encoder(
                    ^^^^^^^^^^^^^^^^^
  File "C:\Users\Lenovo\AppData\Local\Programs\Python\Python311\Lib\site-packages\fastapi\encoders.py", line 337, in jsonable_encoder
    return jsonable_encoder(
           ^^^^^^^^^^^^^^^^^
  File "C:\Users\Lenovo\AppData\Local\Programs\Python\Python311\Lib\site-packages\fastapi\encoders.py", line 289, in jsonable_encoder
    encoded_value = jsonable_encoder(
                    ^^^^^^^^^^^^^^^^^
  File "C:\Users\Lenovo\AppData\Local\Programs\Python\Python311\Lib\site-packages\fastapi\encoders.py", line 337, in jsonable_encoder
    return jsonable_encoder(
           ^^^^^^^^^^^^^^^^^
  File "C:\Users\Lenovo\AppData\Local\Programs\Python\Python311\Lib\site-packages\fastapi\encoders.py", line 289, in jsonable_encoder
    encoded_value = jsonable_encoder(
                    ^^^^^^^^^^^^^^^^^
  File "C:\Users\Lenovo\AppData\Local\Programs\Python\Python311\Lib\site-packages\fastapi\encoders.py", line 337, in jsonable_encoder
    return jsonable_encoder(
           ^^^^^^^^^^^^^^^^^
  File "C:\Users\Lenovo\AppData\Local\Programs\Python\Python311\Lib\site-packages\fastapi\encoders.py", line 289, in jsonable_encoder
    encoded_value = jsonable_encoder(
                    ^^^^^^^^^^^^^^^^^
  File "C:\Users\Lenovo\AppData\Local\Programs\Python\Python311\Lib\site-packages\fastapi\encoders.py", line 337, in jsonable_encoder
    return jsonable_encoder(
           ^^^^^^^^^^^^^^^^^
  File "C:\Users\Lenovo\AppData\Local\Programs\Python\Python311\Lib\site-packages\fastapi\encoders.py", line 289, in jsonable_encoder
    encoded_value = jsonable_encoder(
                    ^^^^^^^^^^^^^^^^^
  File "C:\Users\Lenovo\AppData\Local\Programs\Python\Python311\Lib\site-packages\fastapi\encoders.py", line 337, in jsonable_encoder
    return jsonable_encoder(
           ^^^^^^^^^^^^^^^^^
  File "C:\Users\Lenovo\AppData\Local\Programs\Python\Python311\Lib\site-packages\fastapi\encoders.py", line 289, in jsonable_encoder
    encoded_value = jsonable_encoder(
                    ^^^^^^^^^^^^^^^^^
  File "C:\Users\Lenovo\AppData\Local\Programs\Python\Python311\Lib\site-packages\fastapi\encoders.py", line 337, in jsonable_encoder
    return jsonable_encoder(
           ^^^^^^^^^^^^^^^^^
  File "C:\Users\Lenovo\AppData\Local\Programs\Python\Python311\Lib\site-packages\fastapi\encoders.py", line 289, in jsonable_encoder
    encoded_value = jsonable_encoder(
                    ^^^^^^^^^^^^^^^^^
  File "C:\Users\Lenovo\AppData\Local\Programs\Python\Python311\Lib\site-packages\fastapi\encoders.py", line 337, in jsonable_encoder
    return jsonable_encoder(
           ^^^^^^^^^^^^^^^^^
  File "C:\Users\Lenovo\AppData\Local\Programs\Python\Python311\Lib\site-packages\fastapi\encoders.py", line 289, in jsonable_encoder
    encoded_value = jsonable_encoder(
                    ^^^^^^^^^^^^^^^^^
  File "C:\Users\Lenovo\AppData\Local\Programs\Python\Python311\Lib\site-packages\fastapi\encoders.py", line 337, in jsonable_encoder
    return jsonable_encoder(
           ^^^^^^^^^^^^^^^^^
  File "C:\Users\Lenovo\AppData\Local\Programs\Python\Python311\Lib\site-packages\fastapi\encoders.py", line 289, in jsonable_encoder
    encoded_value = jsonable_encoder(
                    ^^^^^^^^^^^^^^^^^
  File "C:\Users\Lenovo\AppData\Local\Programs\Python\Python311\Lib\site-packages\fastapi\encoders.py", line 337, in jsonable_encoder
    return jsonable_encoder(
           ^^^^^^^^^^^^^^^^^
  File "C:\Users\Lenovo\AppData\Local\Programs\Python\Python311\Lib\site-packages\fastapi\encoders.py", line 289, in jsonable_encoder
    encoded_value = jsonable_encoder(
                    ^^^^^^^^^^^^^^^^^
  File "C:\Users\Lenovo\AppData\Local\Programs\Python\Python311\Lib\site-packages\fastapi\encoders.py", line 337, in jsonable_encoder
    return jsonable_encoder(
           ^^^^^^^^^^^^^^^^^
  File "C:\Users\Lenovo\AppData\Local\Programs\Python\Python311\Lib\site-packages\fastapi\encoders.py", line 289, in jsonable_encoder
    encoded_value = jsonable_encoder(
                    ^^^^^^^^^^^^^^^^^
  File "C:\Users\Lenovo\AppData\Local\Programs\Python\Python311\Lib\site-packages\fastapi\encoders.py", line 337, in jsonable_encoder
    return jsonable_encoder(
           ^^^^^^^^^^^^^^^^^
  File "C:\Users\Lenovo\AppData\Local\Programs\Python\Python311\Lib\site-packages\fastapi\encoders.py", line 289, in jsonable_encoder
    encoded_value = jsonable_encoder(
                    ^^^^^^^^^^^^^^^^^
  File "C:\Users\Lenovo\AppData\Local\Programs\Python\Python311\Lib\site-packages\fastapi\encoders.py", line 337, in jsonable_encoder
    return jsonable_encoder(
           ^^^^^^^^^^^^^^^^^
  File "C:\Users\Lenovo\AppData\Local\Programs\Python\Python311\Lib\site-packages\fastapi\encoders.py", line 289, in jsonable_encoder
    encoded_value = jsonable_encoder(
                    ^^^^^^^^^^^^^^^^^
  File "C:\Users\Lenovo\AppData\Local\Programs\Python\Python311\Lib\site-packages\fastapi\encoders.py", line 337, in jsonable_encoder
    return jsonable_encoder(
           ^^^^^^^^^^^^^^^^^
  File "C:\Users\Lenovo\AppData\Local\Programs\Python\Python311\Lib\site-packages\fastapi\encoders.py", line 289, in jsonable_encoder
    encoded_value = jsonable_encoder(
                    ^^^^^^^^^^^^^^^^^
  File "C:\Users\Lenovo\AppData\Local\Programs\Python\Python311\Lib\site-packages\fastapi\encoders.py", line 337, in jsonable_encoder
    return jsonable_encoder(
           ^^^^^^^^^^^^^^^^^
  File "C:\Users\Lenovo\AppData\Local\Programs\Python\Python311\Lib\site-packages\fastapi\encoders.py", line 289, in jsonable_encoder
    encoded_value = jsonable_encoder(
                    ^^^^^^^^^^^^^^^^^
  File "C:\Users\Lenovo\AppData\Local\Programs\Python\Python311\Lib\site-packages\fastapi\encoders.py", line 337, in jsonable_encoder
    return jsonable_encoder(
           ^^^^^^^^^^^^^^^^^
  File "C:\Users\Lenovo\AppData\Local\Programs\Python\Python311\Lib\site-packages\fastapi\encoders.py", line 289, in jsonable_encoder
    encoded_value = jsonable_encoder(
                    ^^^^^^^^^^^^^^^^^
  File "C:\Users\Lenovo\AppData\Local\Programs\Python\Python311\Lib\site-packages\fastapi\encoders.py", line 337, in jsonable_encoder
    return jsonable_encoder(
           ^^^^^^^^^^^^^^^^^
  File "C:\Users\Lenovo\AppData\Local\Programs\Python\Python311\Lib\site-packages\fastapi\encoders.py", line 289, in jsonable_encoder
    encoded_value = jsonable_encoder(
                    ^^^^^^^^^^^^^^^^^
  File "C:\Users\Lenovo\AppData\Local\Programs\Python\Python311\Lib\site-packages\fastapi\encoders.py", line 337, in jsonable_encoder
    return jsonable_encoder(
           ^^^^^^^^^^^^^^^^^
  File "C:\Users\Lenovo\AppData\Local\Programs\Python\Python311\Lib\site-packages\fastapi\encoders.py", line 289, in jsonable_encoder
    encoded_value = jsonable_encoder(
                    ^^^^^^^^^^^^^^^^^
  File "C:\Users\Lenovo\AppData\Local\Programs\Python\Python311\Lib\site-packages\fastapi\encoders.py", line 337, in jsonable_encoder
    return jsonable_encoder(
           ^^^^^^^^^^^^^^^^^
  File "C:\Users\Lenovo\AppData\Local\Programs\Python\Python311\Lib\site-packages\fastapi\encoders.py", line 289, in jsonable_encoder
    encoded_value = jsonable_encoder(
                    ^^^^^^^^^^^^^^^^^
  File "C:\Users\Lenovo\AppData\Local\Programs\Python\Python311\Lib\site-packages\fastapi\encoders.py", line 337, in jsonable_encoder
    return jsonable_encoder(
           ^^^^^^^^^^^^^^^^^
  File "C:\Users\Lenovo\AppData\Local\Programs\Python\Python311\Lib\site-packages\fastapi\encoders.py", line 289, in jsonable_encoder
    encoded_value = jsonable_encoder(
                    ^^^^^^^^^^^^^^^^^
  File "C:\Users\Lenovo\AppData\Local\Programs\Python\Python311\Lib\site-packages\fastapi\encoders.py", line 337, in jsonable_encoder
    return jsonable_encoder(
           ^^^^^^^^^^^^^^^^^
  File "C:\Users\Lenovo\AppData\Local\Programs\Python\Python311\Lib\site-packages\fastapi\encoders.py", line 289, in jsonable_encoder
    encoded_value = jsonable_encoder(
                    ^^^^^^^^^^^^^^^^^
  File "C:\Users\Lenovo\AppData\Local\Programs\Python\Python311\Lib\site-packages\fastapi\encoders.py", line 337, in jsonable_encoder
    return jsonable_encoder(
           ^^^^^^^^^^^^^^^^^
  File "C:\Users\Lenovo\AppData\Local\Programs\Python\Python311\Lib\site-packages\fastapi\encoders.py", line 289, in jsonable_encoder
    encoded_value = jsonable_encoder(
                    ^^^^^^^^^^^^^^^^^
  File "C:\Users\Lenovo\AppData\Local\Programs\Python\Python311\Lib\site-packages\fastapi\encoders.py", line 337, in jsonable_encoder
    return jsonable_encoder(
           ^^^^^^^^^^^^^^^^^
  File "C:\Users\Lenovo\AppData\Local\Programs\Python\Python311\Lib\site-packages\fastapi\encoders.py", line 289, in jsonable_encoder
    encoded_value = jsonable_encoder(
                    ^^^^^^^^^^^^^^^^^
  File "C:\Users\Lenovo\AppData\Local\Programs\Python\Python311\Lib\site-packages\fastapi\encoders.py", line 337, in jsonable_encoder
    return jsonable_encoder(
           ^^^^^^^^^^^^^^^^^
  File "C:\Users\Lenovo\AppData\Local\Programs\Python\Python311\Lib\site-packages\fastapi\encoders.py", line 289, in jsonable_encoder
    encoded_value = jsonable_encoder(
                    ^^^^^^^^^^^^^^^^^
  File "C:\Users\Lenovo\AppData\Local\Programs\Python\Python311\Lib\site-packages\fastapi\encoders.py", line 337, in jsonable_encoder
    return jsonable_encoder(
           ^^^^^^^^^^^^^^^^^
  File "C:\Users\Lenovo\AppData\Local\Programs\Python\Python311\Lib\site-packages\fastapi\encoders.py", line 289, in jsonable_encoder
    encoded_value = jsonable_encoder(
                    ^^^^^^^^^^^^^^^^^
  File "C:\Users\Lenovo\AppData\Local\Programs\Python\Python311\Lib\site-packages\fastapi\encoders.py", line 337, in jsonable_encoder
    return jsonable_encoder(
           ^^^^^^^^^^^^^^^^^
  File "C:\Users\Lenovo\AppData\Local\Programs\Python\Python311\Lib\site-packages\fastapi\encoders.py", line 289, in jsonable_encoder
    encoded_value = jsonable_encoder(
                    ^^^^^^^^^^^^^^^^^
  File "C:\Users\Lenovo\AppData\Local\Programs\Python\Python311\Lib\site-packages\fastapi\encoders.py", line 337, in jsonable_encoder
    return jsonable_encoder(
           ^^^^^^^^^^^^^^^^^
  File "C:\Users\Lenovo\AppData\Local\Programs\Python\Python311\Lib\site-packages\fastapi\encoders.py", line 289, in jsonable_encoder
    encoded_value = jsonable_encoder(
                    ^^^^^^^^^^^^^^^^^
  File "C:\Users\Lenovo\AppData\Local\Programs\Python\Python311\Lib\site-packages\fastapi\encoders.py", line 337, in jsonable_encoder
    return jsonable_encoder(
           ^^^^^^^^^^^^^^^^^
  File "C:\Users\Lenovo\AppData\Local\Programs\Python\Python311\Lib\site-packages\fastapi\encoders.py", line 289, in jsonable_encoder
    encoded_value = jsonable_encoder(
                    ^^^^^^^^^^^^^^^^^
  File "C:\Users\Lenovo\AppData\Local\Programs\Python\Python311\Lib\site-packages\fastapi\encoders.py", line 337, in jsonable_encoder
    return jsonable_encoder(
           ^^^^^^^^^^^^^^^^^
  File "C:\Users\Lenovo\AppData\Local\Programs\Python\Python311\Lib\site-packages\fastapi\encoders.py", line 289, in jsonable_encoder
    encoded_value = jsonable_encoder(
                    ^^^^^^^^^^^^^^^^^
  File "C:\Users\Lenovo\AppData\Local\Programs\Python\Python311\Lib\site-packages\fastapi\encoders.py", line 337, in jsonable_encoder
    return jsonable_encoder(
           ^^^^^^^^^^^^^^^^^
  File "C:\Users\Lenovo\AppData\Local\Programs\Python\Python311\Lib\site-packages\fastapi\encoders.py", line 289, in jsonable_encoder
    encoded_value = jsonable_encoder(
                    ^^^^^^^^^^^^^^^^^
  File "C:\Users\Lenovo\AppData\Local\Programs\Python\Python311\Lib\site-packages\fastapi\encoders.py", line 337, in jsonable_encoder
    return jsonable_encoder(
           ^^^^^^^^^^^^^^^^^
  File "C:\Users\Lenovo\AppData\Local\Programs\Python\Python311\Lib\site-packages\fastapi\encoders.py", line 289, in jsonable_encoder
    encoded_value = jsonable_encoder(
                    ^^^^^^^^^^^^^^^^^
  File "C:\Users\Lenovo\AppData\Local\Programs\Python\Python311\Lib\site-packages\fastapi\encoders.py", line 337, in jsonable_encoder
    return jsonable_encoder(
           ^^^^^^^^^^^^^^^^^
  File "C:\Users\Lenovo\AppData\Local\Programs\Python\Python311\Lib\site-packages\fastapi\encoders.py", line 289, in jsonable_encoder
    encoded_value = jsonable_encoder(
                    ^^^^^^^^^^^^^^^^^
  File "C:\Users\Lenovo\AppData\Local\Programs\Python\Python311\Lib\site-packages\fastapi\encoders.py", line 337, in jsonable_encoder
    return jsonable_encoder(
           ^^^^^^^^^^^^^^^^^
  File "C:\Users\Lenovo\AppData\Local\Programs\Python\Python311\Lib\site-packages\fastapi\encoders.py", line 289, in jsonable_encoder
    encoded_value = jsonable_encoder(
                    ^^^^^^^^^^^^^^^^^
  File "C:\Users\Lenovo\AppData\Local\Programs\Python\Python311\Lib\site-packages\fastapi\encoders.py", line 337, in jsonable_encoder
    return jsonable_encoder(
           ^^^^^^^^^^^^^^^^^
  File "C:\Users\Lenovo\AppData\Local\Programs\Python\Python311\Lib\site-packages\fastapi\encoders.py", line 289, in jsonable_encoder
    encoded_value = jsonable_encoder(
                    ^^^^^^^^^^^^^^^^^
  File "C:\Users\Lenovo\AppData\Local\Programs\Python\Python311\Lib\site-packages\fastapi\encoders.py", line 337, in jsonable_encoder
    return jsonable_encoder(
           ^^^^^^^^^^^^^^^^^
  File "C:\Users\Lenovo\AppData\Local\Programs\Python\Python311\Lib\site-packages\fastapi\encoders.py", line 289, in jsonable_encoder
    encoded_value = jsonable_encoder(
                    ^^^^^^^^^^^^^^^^^
  File "C:\Users\Lenovo\AppData\Local\Programs\Python\Python311\Lib\site-packages\fastapi\encoders.py", line 337, in jsonable_encoder
    return jsonable_encoder(
           ^^^^^^^^^^^^^^^^^
  File "C:\Users\Lenovo\AppData\Local\Programs\Python\Python311\Lib\site-packages\fastapi\encoders.py", line 289, in jsonable_encoder
    encoded_value = jsonable_encoder(
                    ^^^^^^^^^^^^^^^^^
  File "C:\Users\Lenovo\AppData\Local\Programs\Python\Python311\Lib\site-packages\fastapi\encoders.py", line 337, in jsonable_encoder
    return jsonable_encoder(
           ^^^^^^^^^^^^^^^^^
  File "C:\Users\Lenovo\AppData\Local\Programs\Python\Python311\Lib\site-packages\fastapi\encoders.py", line 289, in jsonable_encoder
    encoded_value = jsonable_encoder(
                    ^^^^^^^^^^^^^^^^^
  File "C:\Users\Lenovo\AppData\Local\Programs\Python\Python311\Lib\site-packages\fastapi\encoders.py", line 337, in jsonable_encoder
    return jsonable_encoder(
           ^^^^^^^^^^^^^^^^^
  File "C:\Users\Lenovo\AppData\Local\Programs\Python\Python311\Lib\site-packages\fastapi\encoders.py", line 289, in jsonable_encoder
    encoded_value = jsonable_encoder(
                    ^^^^^^^^^^^^^^^^^
  File "C:\Users\Lenovo\AppData\Local\Programs\Python\Python311\Lib\site-packages\fastapi\encoders.py", line 337, in jsonable_encoder
    return jsonable_encoder(
           ^^^^^^^^^^^^^^^^^
  File "C:\Users\Lenovo\AppData\Local\Programs\Python\Python311\Lib\site-packages\fastapi\encoders.py", line 289, in jsonable_encoder
    encoded_value = jsonable_encoder(
                    ^^^^^^^^^^^^^^^^^
  File "C:\Users\Lenovo\AppData\Local\Programs\Python\Python311\Lib\site-packages\fastapi\encoders.py", line 337, in jsonable_encoder
    return jsonable_encoder(
           ^^^^^^^^^^^^^^^^^
  File "C:\Users\Lenovo\AppData\Local\Programs\Python\Python311\Lib\site-packages\fastapi\encoders.py", line 289, in jsonable_encoder
    encoded_value = jsonable_encoder(
                    ^^^^^^^^^^^^^^^^^
  File "C:\Users\Lenovo\AppData\Local\Programs\Python\Python311\Lib\site-packages\fastapi\encoders.py", line 337, in jsonable_encoder
    return jsonable_encoder(
           ^^^^^^^^^^^^^^^^^
  File "C:\Users\Lenovo\AppData\Local\Programs\Python\Python311\Lib\site-packages\fastapi\encoders.py", line 289, in jsonable_encoder
    encoded_value = jsonable_encoder(
                    ^^^^^^^^^^^^^^^^^
  File "C:\Users\Lenovo\AppData\Local\Programs\Python\Python311\Lib\site-packages\fastapi\encoders.py", line 337, in jsonable_encoder
    return jsonable_encoder(
           ^^^^^^^^^^^^^^^^^
  File "C:\Users\Lenovo\AppData\Local\Programs\Python\Python311\Lib\site-packages\fastapi\encoders.py", line 289, in jsonable_encoder
    encoded_value = jsonable_encoder(
                    ^^^^^^^^^^^^^^^^^
  File "C:\Users\Lenovo\AppData\Local\Programs\Python\Python311\Lib\site-packages\fastapi\encoders.py", line 337, in jsonable_encoder
    return jsonable_encoder(
           ^^^^^^^^^^^^^^^^^
  File "C:\Users\Lenovo\AppData\Local\Programs\Python\Python311\Lib\site-packages\fastapi\encoders.py", line 289, in jsonable_encoder
    encoded_value = jsonable_encoder(
                    ^^^^^^^^^^^^^^^^^
  File "C:\Users\Lenovo\AppData\Local\Programs\Python\Python311\Lib\site-packages\fastapi\encoders.py", line 337, in jsonable_encoder
    return jsonable_encoder(
           ^^^^^^^^^^^^^^^^^
  File "C:\Users\Lenovo\AppData\Local\Programs\Python\Python311\Lib\site-packages\fastapi\encoders.py", line 289, in jsonable_encoder
    encoded_value = jsonable_encoder(
                    ^^^^^^^^^^^^^^^^^
  File "C:\Users\Lenovo\AppData\Local\Programs\Python\Python311\Lib\site-packages\fastapi\encoders.py", line 337, in jsonable_encoder
    return jsonable_encoder(
           ^^^^^^^^^^^^^^^^^
  File "C:\Users\Lenovo\AppData\Local\Programs\Python\Python311\Lib\site-packages\fastapi\encoders.py", line 289, in jsonable_encoder
    encoded_value = jsonable_encoder(
                    ^^^^^^^^^^^^^^^^^
  File "C:\Users\Lenovo\AppData\Local\Programs\Python\Python311\Lib\site-packages\fastapi\encoders.py", line 337, in jsonable_encoder
    return jsonable_encoder(
           ^^^^^^^^^^^^^^^^^
  File "C:\Users\Lenovo\AppData\Local\Programs\Python\Python311\Lib\site-packages\fastapi\encoders.py", line 289, in jsonable_encoder
    encoded_value = jsonable_encoder(
                    ^^^^^^^^^^^^^^^^^
  File "C:\Users\Lenovo\AppData\Local\Programs\Python\Python311\Lib\site-packages\fastapi\encoders.py", line 337, in jsonable_encoder
    return jsonable_encoder(
           ^^^^^^^^^^^^^^^^^
  File "C:\Users\Lenovo\AppData\Local\Programs\Python\Python311\Lib\site-packages\fastapi\encoders.py", line 289, in jsonable_encoder
    encoded_value = jsonable_encoder(
                    ^^^^^^^^^^^^^^^^^
  File "C:\Users\Lenovo\AppData\Local\Programs\Python\Python311\Lib\site-packages\fastapi\encoders.py", line 337, in jsonable_encoder
    return jsonable_encoder(
           ^^^^^^^^^^^^^^^^^
  File "C:\Users\Lenovo\AppData\Local\Programs\Python\Python311\Lib\site-packages\fastapi\encoders.py", line 289, in jsonable_encoder
    encoded_value = jsonable_encoder(
                    ^^^^^^^^^^^^^^^^^
  File "C:\Users\Lenovo\AppData\Local\Programs\Python\Python311\Lib\site-packages\fastapi\encoders.py", line 337, in jsonable_encoder
    return jsonable_encoder(
           ^^^^^^^^^^^^^^^^^
  File "C:\Users\Lenovo\AppData\Local\Programs\Python\Python311\Lib\site-packages\fastapi\encoders.py", line 289, in jsonable_encoder
    encoded_value = jsonable_encoder(
                    ^^^^^^^^^^^^^^^^^
  File "C:\Users\Lenovo\AppData\Local\Programs\Python\Python311\Lib\site-packages\fastapi\encoders.py", line 337, in jsonable_encoder
    return jsonable_encoder(
           ^^^^^^^^^^^^^^^^^
  File "C:\Users\Lenovo\AppData\Local\Programs\Python\Python311\Lib\site-packages\fastapi\encoders.py", line 289, in jsonable_encoder
    encoded_value = jsonable_encoder(
                    ^^^^^^^^^^^^^^^^^
  File "C:\Users\Lenovo\AppData\Local\Programs\Python\Python311\Lib\site-packages\fastapi\encoders.py", line 337, in jsonable_encoder
    return jsonable_encoder(
           ^^^^^^^^^^^^^^^^^
  File "C:\Users\Lenovo\AppData\Local\Programs\Python\Python311\Lib\site-packages\fastapi\encoders.py", line 289, in jsonable_encoder
    encoded_value = jsonable_encoder(
                    ^^^^^^^^^^^^^^^^^
  File "C:\Users\Lenovo\AppData\Local\Programs\Python\Python311\Lib\site-packages\fastapi\encoders.py", line 337, in jsonable_encoder
    return jsonable_encoder(
           ^^^^^^^^^^^^^^^^^
  File "C:\Users\Lenovo\AppData\Local\Programs\Python\Python311\Lib\site-packages\fastapi\encoders.py", line 289, in jsonable_encoder
    encoded_value = jsonable_encoder(
                    ^^^^^^^^^^^^^^^^^
  File "C:\Users\Lenovo\AppData\Local\Programs\Python\Python311\Lib\site-packages\fastapi\encoders.py", line 337, in jsonable_encoder
    return jsonable_encoder(
           ^^^^^^^^^^^^^^^^^
  File "C:\Users\Lenovo\AppData\Local\Programs\Python\Python311\Lib\site-packages\fastapi\encoders.py", line 289, in jsonable_encoder
    encoded_value = jsonable_encoder(
                    ^^^^^^^^^^^^^^^^^
  File "C:\Users\Lenovo\AppData\Local\Programs\Python\Python311\Lib\site-packages\fastapi\encoders.py", line 337, in jsonable_encoder
    return jsonable_encoder(
           ^^^^^^^^^^^^^^^^^
  File "C:\Users\Lenovo\AppData\Local\Programs\Python\Python311\Lib\site-packages\fastapi\encoders.py", line 289, in jsonable_encoder
    encoded_value = jsonable_encoder(
                    ^^^^^^^^^^^^^^^^^
  File "C:\Users\Lenovo\AppData\Local\Programs\Python\Python311\Lib\site-packages\fastapi\encoders.py", line 337, in jsonable_encoder
    return jsonable_encoder(
           ^^^^^^^^^^^^^^^^^
  File "C:\Users\Lenovo\AppData\Local\Programs\Python\Python311\Lib\site-packages\fastapi\encoders.py", line 289, in jsonable_encoder
    encoded_value = jsonable_encoder(
                    ^^^^^^^^^^^^^^^^^
  File "C:\Users\Lenovo\AppData\Local\Programs\Python\Python311\Lib\site-packages\fastapi\encoders.py", line 337, in jsonable_encoder
    return jsonable_encoder(
           ^^^^^^^^^^^^^^^^^
  File "C:\Users\Lenovo\AppData\Local\Programs\Python\Python311\Lib\site-packages\fastapi\encoders.py", line 289, in jsonable_encoder
    encoded_value = jsonable_encoder(
                    ^^^^^^^^^^^^^^^^^
  File "C:\Users\Lenovo\AppData\Local\Programs\Python\Python311\Lib\site-packages\fastapi\encoders.py", line 337, in jsonable_encoder
    return jsonable_encoder(
           ^^^^^^^^^^^^^^^^^
  File "C:\Users\Lenovo\AppData\Local\Programs\Python\Python311\Lib\site-packages\fastapi\encoders.py", line 289, in jsonable_encoder
    encoded_value = jsonable_encoder(
                    ^^^^^^^^^^^^^^^^^
  File "C:\Users\Lenovo\AppData\Local\Programs\Python\Python311\Lib\site-packages\fastapi\encoders.py", line 337, in jsonable_encoder
    return jsonable_encoder(
           ^^^^^^^^^^^^^^^^^
  File "C:\Users\Lenovo\AppData\Local\Programs\Python\Python311\Lib\site-packages\fastapi\encoders.py", line 289, in jsonable_encoder
    encoded_value = jsonable_encoder(
                    ^^^^^^^^^^^^^^^^^
  File "C:\Users\Lenovo\AppData\Local\Programs\Python\Python311\Lib\site-packages\fastapi\encoders.py", line 337, in jsonable_encoder
    return jsonable_encoder(
           ^^^^^^^^^^^^^^^^^
  File "C:\Users\Lenovo\AppData\Local\Programs\Python\Python311\Lib\site-packages\fastapi\encoders.py", line 289, in jsonable_encoder
    encoded_value = jsonable_encoder(
                    ^^^^^^^^^^^^^^^^^
  File "C:\Users\Lenovo\AppData\Local\Programs\Python\Python311\Lib\site-packages\fastapi\encoders.py", line 337, in jsonable_encoder
    return jsonable_encoder(
           ^^^^^^^^^^^^^^^^^
  File "C:\Users\Lenovo\AppData\Local\Programs\Python\Python311\Lib\site-packages\fastapi\encoders.py", line 289, in jsonable_encoder
    encoded_value = jsonable_encoder(
                    ^^^^^^^^^^^^^^^^^
  File "C:\Users\Lenovo\AppData\Local\Programs\Python\Python311\Lib\site-packages\fastapi\encoders.py", line 337, in jsonable_encoder
    return jsonable_encoder(
           ^^^^^^^^^^^^^^^^^
  File "C:\Users\Lenovo\AppData\Local\Programs\Python\Python311\Lib\site-packages\fastapi\encoders.py", line 289, in jsonable_encoder
    encoded_value = jsonable_encoder(
                    ^^^^^^^^^^^^^^^^^
  File "C:\Users\Lenovo\AppData\Local\Programs\Python\Python311\Lib\site-packages\fastapi\encoders.py", line 337, in jsonable_encoder
    return jsonable_encoder(
           ^^^^^^^^^^^^^^^^^
  File "C:\Users\Lenovo\AppData\Local\Programs\Python\Python311\Lib\site-packages\fastapi\encoders.py", line 289, in jsonable_encoder
    encoded_value = jsonable_encoder(
                    ^^^^^^^^^^^^^^^^^
  File "C:\Users\Lenovo\AppData\Local\Programs\Python\Python311\Lib\site-packages\fastapi\encoders.py", line 337, in jsonable_encoder
    return jsonable_encoder(
           ^^^^^^^^^^^^^^^^^
  File "C:\Users\Lenovo\AppData\Local\Programs\Python\Python311\Lib\site-packages\fastapi\encoders.py", line 289, in jsonable_encoder
    encoded_value = jsonable_encoder(
                    ^^^^^^^^^^^^^^^^^
  File "C:\Users\Lenovo\AppData\Local\Programs\Python\Python311\Lib\site-packages\fastapi\encoders.py", line 337, in jsonable_encoder
    return jsonable_encoder(
           ^^^^^^^^^^^^^^^^^
  File "C:\Users\Lenovo\AppData\Local\Programs\Python\Python311\Lib\site-packages\fastapi\encoders.py", line 289, in jsonable_encoder
    encoded_value = jsonable_encoder(
                    ^^^^^^^^^^^^^^^^^
  File "C:\Users\Lenovo\AppData\Local\Programs\Python\Python311\Lib\site-packages\fastapi\encoders.py", line 337, in jsonable_encoder
    return jsonable_encoder(
           ^^^^^^^^^^^^^^^^^
  File "C:\Users\Lenovo\AppData\Local\Programs\Python\Python311\Lib\site-packages\fastapi\encoders.py", line 289, in jsonable_encoder
    encoded_value = jsonable_encoder(
                    ^^^^^^^^^^^^^^^^^
  File "C:\Users\Lenovo\AppData\Local\Programs\Python\Python311\Lib\site-packages\fastapi\encoders.py", line 337, in jsonable_encoder
    return jsonable_encoder(
           ^^^^^^^^^^^^^^^^^
  File "C:\Users\Lenovo\AppData\Local\Programs\Python\Python311\Lib\site-packages\fastapi\encoders.py", line 289, in jsonable_encoder
    encoded_value = jsonable_encoder(
                    ^^^^^^^^^^^^^^^^^
  File "C:\Users\Lenovo\AppData\Local\Programs\Python\Python311\Lib\site-packages\fastapi\encoders.py", line 337, in jsonable_encoder
    return jsonable_encoder(
           ^^^^^^^^^^^^^^^^^
  File "C:\Users\Lenovo\AppData\Local\Programs\Python\Python311\Lib\site-packages\fastapi\encoders.py", line 289, in jsonable_encoder
    encoded_value = jsonable_encoder(
                    ^^^^^^^^^^^^^^^^^
  File "C:\Users\Lenovo\AppData\Local\Programs\Python\Python311\Lib\site-packages\fastapi\encoders.py", line 337, in jsonable_encoder
    return jsonable_encoder(
           ^^^^^^^^^^^^^^^^^
  File "C:\Users\Lenovo\AppData\Local\Programs\Python\Python311\Lib\site-packages\fastapi\encoders.py", line 289, in jsonable_encoder
    encoded_value = jsonable_encoder(
                    ^^^^^^^^^^^^^^^^^
  File "C:\Users\Lenovo\AppData\Local\Programs\Python\Python311\Lib\site-packages\fastapi\encoders.py", line 337, in jsonable_encoder
    return jsonable_encoder(
           ^^^^^^^^^^^^^^^^^
  File "C:\Users\Lenovo\AppData\Local\Programs\Python\Python311\Lib\site-packages\fastapi\encoders.py", line 289, in jsonable_encoder
    encoded_value = jsonable_encoder(
                    ^^^^^^^^^^^^^^^^^
  File "C:\Users\Lenovo\AppData\Local\Programs\Python\Python311\Lib\site-packages\fastapi\encoders.py", line 337, in jsonable_encoder
    return jsonable_encoder(
           ^^^^^^^^^^^^^^^^^
  File "C:\Users\Lenovo\AppData\Local\Programs\Python\Python311\Lib\site-packages\fastapi\encoders.py", line 289, in jsonable_encoder
    encoded_value = jsonable_encoder(
                    ^^^^^^^^^^^^^^^^^
  File "C:\Users\Lenovo\AppData\Local\Programs\Python\Python311\Lib\site-packages\fastapi\encoders.py", line 337, in jsonable_encoder
    return jsonable_encoder(
           ^^^^^^^^^^^^^^^^^
  File "C:\Users\Lenovo\AppData\Local\Programs\Python\Python311\Lib\site-packages\fastapi\encoders.py", line 289, in jsonable_encoder
    encoded_value = jsonable_encoder(
                    ^^^^^^^^^^^^^^^^^
  File "C:\Users\Lenovo\AppData\Local\Programs\Python\Python311\Lib\site-packages\fastapi\encoders.py", line 337, in jsonable_encoder
    return jsonable_encoder(
           ^^^^^^^^^^^^^^^^^
  File "C:\Users\Lenovo\AppData\Local\Programs\Python\Python311\Lib\site-packages\fastapi\encoders.py", line 289, in jsonable_encoder
    encoded_value = jsonable_encoder(
                    ^^^^^^^^^^^^^^^^^
  File "C:\Users\Lenovo\AppData\Local\Programs\Python\Python311\Lib\site-packages\fastapi\encoders.py", line 337, in jsonable_encoder
    return jsonable_encoder(
           ^^^^^^^^^^^^^^^^^
  File "C:\Users\Lenovo\AppData\Local\Programs\Python\Python311\Lib\site-packages\fastapi\encoders.py", line 289, in jsonable_encoder
    encoded_value = jsonable_encoder(
                    ^^^^^^^^^^^^^^^^^
  File "C:\Users\Lenovo\AppData\Local\Programs\Python\Python311\Lib\site-packages\fastapi\encoders.py", line 337, in jsonable_encoder
    return jsonable_encoder(
           ^^^^^^^^^^^^^^^^^
  File "C:\Users\Lenovo\AppData\Local\Programs\Python\Python311\Lib\site-packages\fastapi\encoders.py", line 289, in jsonable_encoder
    encoded_value = jsonable_encoder(
                    ^^^^^^^^^^^^^^^^^
  File "C:\Users\Lenovo\AppData\Local\Programs\Python\Python311\Lib\site-packages\fastapi\encoders.py", line 337, in jsonable_encoder
    return jsonable_encoder(
           ^^^^^^^^^^^^^^^^^
  File "C:\Users\Lenovo\AppData\Local\Programs\Python\Python311\Lib\site-packages\fastapi\encoders.py", line 289, in jsonable_encoder
    encoded_value = jsonable_encoder(
                    ^^^^^^^^^^^^^^^^^
  File "C:\Users\Lenovo\AppData\Local\Programs\Python\Python311\Lib\site-packages\fastapi\encoders.py", line 337, in jsonable_encoder
    return jsonable_encoder(
           ^^^^^^^^^^^^^^^^^
  File "C:\Users\Lenovo\AppData\Local\Programs\Python\Python311\Lib\site-packages\fastapi\encoders.py", line 289, in jsonable_encoder
    encoded_value = jsonable_encoder(
                    ^^^^^^^^^^^^^^^^^
  File "C:\Users\Lenovo\AppData\Local\Programs\Python\Python311\Lib\site-packages\fastapi\encoders.py", line 337, in jsonable_encoder
    return jsonable_encoder(
           ^^^^^^^^^^^^^^^^^
  File "C:\Users\Lenovo\AppData\Local\Programs\Python\Python311\Lib\site-packages\fastapi\encoders.py", line 289, in jsonable_encoder
    encoded_value = jsonable_encoder(
                    ^^^^^^^^^^^^^^^^^
  File "C:\Users\Lenovo\AppData\Local\Programs\Python\Python311\Lib\site-packages\fastapi\encoders.py", line 337, in jsonable_encoder
    return jsonable_encoder(
           ^^^^^^^^^^^^^^^^^
  File "C:\Users\Lenovo\AppData\Local\Programs\Python\Python311\Lib\site-packages\fastapi\encoders.py", line 289, in jsonable_encoder
    encoded_value = jsonable_encoder(
                    ^^^^^^^^^^^^^^^^^
  File "C:\Users\Lenovo\AppData\Local\Programs\Python\Python311\Lib\site-packages\fastapi\encoders.py", line 322, in jsonable_encoder
    if is_pydantic_v1_model_instance(obj):
       ^^^^^^^^^^^^^^^^^^^^^^^^^^^^^^^^^^
  File "C:\Users\Lenovo\AppData\Local\Programs\Python\Python311\Lib\site-packages\fastapi\_compat\shared.py", line 183, in is_pydantic_v1_model_instance
    warnings.simplefilter("ignore", UserWarning)
  File "C:\Users\Lenovo\AppData\Local\Programs\Python\Python311\Lib\warnings.py", line 180, in simplefilter
    _add_filter(action, None, category, None, lineno, append=append)
  File "C:\Users\Lenovo\AppData\Local\Programs\Python\Python311\Lib\warnings.py", line 187, in _add_filter
    filters.remove(item)
RecursionError: maximum recursion depth exceeded in comparison

The above exception was the direct cause of the following exception:

self = <test_authentication.TestAuthenticationAPI object at 0x000001F2A8982B90>
client = <starlette.testclient.TestClient object at 0x000001F2A8B4B3D0>

    @pytest.mark.unit
    @pytest.mark.api
    def test_login_invalid_request(self, client):
        """Test login with invalid request data"""
        invalid_request = {
            "agent_id": "",  # Invalid: empty agent_id
            "method": "jwt",
            "credentials": {}
        }
    
>       response = client.post("/api/v1/auth/login", json=invalid_request)
                   ^^^^^^^^^^^^^^^^^^^^^^^^^^^^^^^^^^^^^^^^^^^^^^^^^^^^^^^

tests\test_unit\test_api\test_authentication.py:88: 
_ _ _ _ _ _ _ _ _ _ _ _ _ _ _ _ _ _ _ _ _ _ _ _ _ _ _ _ _ _ _ _ _ _ _ _ _ _ _ _
..\..\AppData\Local\Programs\Python\Python311\Lib\site-packages\starlette\testclient.py:546: in post
    return super().post(
..\..\AppData\Local\Programs\Python\Python311\Lib\site-packages\httpx\_client.py:1144: in post
    return self.request(
..\..\AppData\Local\Programs\Python\Python311\Lib\site-packages\starlette\testclient.py:445: in request
    return super().request(
..\..\AppData\Local\Programs\Python\Python311\Lib\site-packages\httpx\_client.py:825: in request
    return self.send(request, auth=auth, follow_redirects=follow_redirects)
           ^^^^^^^^^^^^^^^^^^^^^^^^^^^^^^^^^^^^^^^^^^^^^^^^^^^^^^^^^^^^^^^^
..\..\AppData\Local\Programs\Python\Python311\Lib\site-packages\httpx\_client.py:914: in send
    response = self._send_handling_auth(
..\..\AppData\Local\Programs\Python\Python311\Lib\site-packages\httpx\_client.py:942: in _send_handling_auth
    response = self._send_handling_redirects(
..\..\AppData\Local\Programs\Python\Python311\Lib\site-packages\httpx\_client.py:979: in _send_handling_redirects
    response = self._send_single_request(request)
               ^^^^^^^^^^^^^^^^^^^^^^^^^^^^^^^^^^
..\..\AppData\Local\Programs\Python\Python311\Lib\site-packages\httpx\_client.py:1014: in _send_single_request
    response = transport.handle_request(request)
               ^^^^^^^^^^^^^^^^^^^^^^^^^^^^^^^^^
..\..\AppData\Local\Programs\Python\Python311\Lib\site-packages\starlette\testclient.py:348: in handle_request
    raise exc
..\..\AppData\Local\Programs\Python\Python311\Lib\site-packages\starlette\testclient.py:345: in handle_request
    portal.call(self.app, scope, receive, send)
..\..\AppData\Local\Programs\Python\Python311\Lib\site-packages\anyio\from_thread.py:334: in call
    return cast(T_Retval, self.start_task_soon(func, *args).result())
                          ^^^^^^^^^^^^^^^^^^^^^^^^^^^^^^^^^^^^^^^^^^
..\..\AppData\Local\Programs\Python\Python311\Lib\concurrent\futures\_base.py:456: in result
    return self.__get_result()
           ^^^^^^^^^^^^^^^^^^^
..\..\AppData\Local\Programs\Python\Python311\Lib\concurrent\futures\_base.py:401: in __get_result
    raise self._exception
..\..\AppData\Local\Programs\Python\Python311\Lib\site-packages\anyio\from_thread.py:259: in _call_func
    retval = await retval_or_awaitable
             ^^^^^^^^^^^^^^^^^^^^^^^^^
..\..\AppData\Local\Programs\Python\Python311\Lib\site-packages\fastapi\applications.py:1160: in __call__
    await super().__call__(scope, receive, send)
..\..\AppData\Local\Programs\Python\Python311\Lib\site-packages\starlette\applications.py:107: in __call__
    await self.middleware_stack(scope, receive, send)
..\..\AppData\Local\Programs\Python\Python311\Lib\site-packages\starlette\middleware\errors.py:186: in __call__
    raise exc
..\..\AppData\Local\Programs\Python\Python311\Lib\site-packages\starlette\middleware\errors.py:164: in __call__
    await self.app(scope, receive, _send)
..\..\AppData\Local\Programs\Python\Python311\Lib\site-packages\starlette\middleware\base.py:191: in __call__
    with recv_stream, send_stream, collapse_excgroups():
..\..\AppData\Local\Programs\Python\Python311\Lib\contextlib.py:158: in __exit__
    self.gen.throw(typ, value, traceback)
..\..\AppData\Local\Programs\Python\Python311\Lib\site-packages\starlette\_utils.py:87: in collapse_excgroups
    raise exc
..\..\AppData\Local\Programs\Python\Python311\Lib\site-packages\starlette\middleware\base.py:193: in __call__
    response = await self.dispatch_func(request, call_next)
               ^^^^^^^^^^^^^^^^^^^^^^^^^^^^^^^^^^^^^^^^^^^^
api\main.py:192: in log_requests
    response = await call_next(request)
               ^^^^^^^^^^^^^^^^^^^^^^^^
..\..\AppData\Local\Programs\Python\Python311\Lib\site-packages\starlette\middleware\base.py:168: in call_next
    raise app_exc from app_exc.__cause__ or app_exc.__context__
..\..\AppData\Local\Programs\Python\Python311\Lib\site-packages\starlette\middleware\base.py:144: in coro
    await self.app(scope, receive_or_disconnect, send_no_error)
..\..\AppData\Local\Programs\Python\Python311\Lib\site-packages\starlette\middleware\base.py:191: in __call__
    with recv_stream, send_stream, collapse_excgroups():
..\..\AppData\Local\Programs\Python\Python311\Lib\contextlib.py:158: in __exit__
    self.gen.throw(typ, value, traceback)
..\..\AppData\Local\Programs\Python\Python311\Lib\site-packages\starlette\_utils.py:87: in collapse_excgroups
    raise exc
E   RecursionError: maximum recursion depth exceeded in comparison
!!! Recursion detected (same locals & position)
---------------------------- Captured stdout setup ----------------------------
2026-03-22 23:39:34 - agentic_iam.api - INFO - Starting Agentic-IAM API server... [main.py:81]
2026-03-22 23:39:34 - agentic_iam - INFO - Logging initialized - Level: INFO, Console: True, File: True [logger.py:119]
2026-03-22 23:39:34 - agentic_iam.AgenticIAM - INFO - Initializing Agentic-IAM system... [agentic_iam.py:64]
2026-03-22 23:39:34 - agentic_iam.AgenticIAM - INFO - Agentic-IAM system initialization complete [agentic_iam.py:162]
2026-03-22 23:39:34 - agentic_iam.api - INFO - API server started successfully [main.py:98]
---------------------------- Captured stdout call -----------------------------
2026-03-22 23:39:34 - agentic_iam.api.requests - INFO - Request: POST http://testserver/api/v1/auth/login [main.py:182]
2026-03-22 23:39:34 - agentic_iam.api.errors - ERROR - Unhandled Exception: maximum recursion depth exceeded in comparison [main.py:309]
  + Exception Group Traceback (most recent call last):
  |   File "C:\Users\Lenovo\AppData\Local\Programs\Python\Python311\Lib\site-packages\starlette\_utils.py", line 81, in collapse_excgroups
  |     yield
  |   File "C:\Users\Lenovo\AppData\Local\Programs\Python\Python311\Lib\site-packages\starlette\middleware\base.py", line 192, in __call__
  |     async with anyio.create_task_group() as task_group:
  |   File "C:\Users\Lenovo\AppData\Local\Programs\Python\Python311\Lib\site-packages\anyio\_backends\_asyncio.py", line 783, in __aexit__
  |     raise BaseExceptionGroup(
  | ExceptionGroup: unhandled errors in a TaskGroup (1 sub-exception)
  +-+---------------- 1 ----------------
    | Traceback (most recent call last):
    |   File "C:\Users\Lenovo\AppData\Local\Programs\Python\Python311\Lib\site-packages\starlette\middleware\errors.py", line 164, in __call__
    |     await self.app(scope, receive, _send)
    |   File "C:\Users\Lenovo\AppData\Local\Programs\Python\Python311\Lib\site-packages\starlette\middleware\base.py", line 191, in __call__
    |     with recv_stream, send_stream, collapse_excgroups():
    |   File "C:\Users\Lenovo\AppData\Local\Programs\Python\Python311\Lib\contextlib.py", line 158, in __exit__
    |     self.gen.throw(typ, value, traceback)
    |   File "C:\Users\Lenovo\AppData\Local\Programs\Python\Python311\Lib\site-packages\starlette\_utils.py", line 87, in collapse_excgroups
    |     raise exc
    |   File "C:\Users\Lenovo\AppData\Local\Programs\Python\Python311\Lib\site-packages\starlette\middleware\base.py", line 193, in __call__
    |     response = await self.dispatch_func(request, call_next)
    |                ^^^^^^^^^^^^^^^^^^^^^^^^^^^^^^^^^^^^^^^^^^^^
    |   File "C:\Users\Lenovo\Desktop\Agentic-IAM-main\api\main.py", line 192, in log_requests
    |     response = await call_next(request)
    |                ^^^^^^^^^^^^^^^^^^^^^^^^
    |   File "C:\Users\Lenovo\AppData\Local\Programs\Python\Python311\Lib\site-packages\starlette\middleware\base.py", line 168, in call_next
    |     raise app_exc from app_exc.__cause__ or app_exc.__context__
    |   File "C:\Users\Lenovo\AppData\Local\Programs\Python\Python311\Lib\site-packages\starlette\middleware\base.py", line 144, in coro
    |     await self.app(scope, receive_or_disconnect, send_no_error)
    |   File "C:\Users\Lenovo\AppData\Local\Programs\Python\Python311\Lib\site-packages\starlette\middleware\base.py", line 191, in __call__
    |     with recv_stream, send_stream, collapse_excgroups():
    |   File "C:\Users\Lenovo\AppData\Local\Programs\Python\Python311\Lib\contextlib.py", line 158, in __exit__
    |     self.gen.throw(typ, value, traceback)
    |   File "C:\Users\Lenovo\AppData\Local\Programs\Python\Python311\Lib\site-packages\starlette\_utils.py", line 87, in collapse_excgroups
    |     raise exc
    |   File "C:\Users\Lenovo\AppData\Local\Programs\Python\Python311\Lib\site-packages\starlette\middleware\base.py", line 193, in __call__
    |     response = await self.dispatch_func(request, call_next)
    |                ^^^^^^^^^^^^^^^^^^^^^^^^^^^^^^^^^^^^^^^^^^^^
    |   File "C:\Users\Lenovo\Desktop\Agentic-IAM-main\api\main.py", line 164, in add_security_headers
    |     response = await call_next(request)
    |                ^^^^^^^^^^^^^^^^^^^^^^^^
    |   File "C:\Users\Lenovo\AppData\Local\Programs\Python\Python311\Lib\site-packages\starlette\middleware\base.py", line 168, in call_next
    |     raise app_exc from app_exc.__cause__ or app_exc.__context__
    |   File "C:\Users\Lenovo\AppData\Local\Programs\Python\Python311\Lib\site-packages\starlette\middleware\base.py", line 144, in coro
    |     await self.app(scope, receive_or_disconnect, send_no_error)
    |   File "C:\Users\Lenovo\AppData\Local\Programs\Python\Python311\Lib\site-packages\starlette\middleware\cors.py", line 87, in __call__
    |     await self.app(scope, receive, send)
    |   File "C:\Users\Lenovo\AppData\Local\Programs\Python\Python311\Lib\site-packages\starlette\middleware\exceptions.py", line 63, in __call__
    |     await wrap_app_handling_exceptions(self.app, conn)(scope, receive, send)
    |   File "C:\Users\Lenovo\AppData\Local\Programs\Python\Python311\Lib\site-packages\starlette\_exception_handler.py", line 53, in wrapped_app
    |     raise exc
    |   File "C:\Users\Lenovo\AppData\Local\Programs\Python\Python311\Lib\site-packages\starlette\_exception_handler.py", line 42, in wrapped_app
    |     await app(scope, receive, sender)
    |   File "C:\Users\Lenovo\AppData\Local\Programs\Python\Python311\Lib\site-packages\fastapi\middleware\asyncexitstack.py", line 18, in __call__
    |     await self.app(scope, receive, send)
    |   File "C:\Users\Lenovo\AppData\Local\Programs\Python\Python311\Lib\site-packages\starlette\routing.py", line 716, in __call__
    |     await self.middleware_stack(scope, receive, send)
    |   File "C:\Users\Lenovo\AppData\Local\Programs\Python\Python311\Lib\site-packages\starlette\routing.py", line 736, in app
    |     await route.handle(scope, receive, send)
    |   File "C:\Users\Lenovo\AppData\Local\Programs\Python\Python311\Lib\site-packages\starlette\routing.py", line 290, in handle
    |     await self.app(scope, receive, send)
    |   File "C:\Users\Lenovo\AppData\Local\Programs\Python\Python311\Lib\site-packages\fastapi\routing.py", line 130, in app
    |     await wrap_app_handling_exceptions(app, request)(scope, receive, send)
    |   File "C:\Users\Lenovo\AppData\Local\Programs\Python\Python311\Lib\site-packages\starlette\_exception_handler.py", line 53, in wrapped_app
    |     raise exc
    |   File "C:\Users\Lenovo\AppData\Local\Programs\Python\Python311\Lib\site-packages\starlette\_exception_handler.py", line 42, in wrapped_app
    |     await app(scope, receive, sender)
    |   File "C:\Users\Lenovo\AppData\Local\Programs\Python\Python311\Lib\site-packages\fastapi\routing.py", line 116, in app
    |     response = await f(request)
    |                ^^^^^^^^^^^^^^^^
    |   File "C:\Users\Lenovo\AppData\Local\Programs\Python\Python311\Lib\site-packages\fastapi\routing.py", line 691, in app
    |     content = await serialize_response(
    |               ^^^^^^^^^^^^^^^^^^^^^^^^^
    |   File "C:\Users\Lenovo\AppData\Local\Programs\Python\Python311\Lib\site-packages\fastapi\routing.py", line 313, in serialize_response
    |     return jsonable_encoder(response_content)
    |            ^^^^^^^^^^^^^^^^^^^^^^^^^^^^^^^^^^
    |   File "C:\Users\Lenovo\AppData\Local\Programs\Python\Python311\Lib\site-packages\fastapi\encoders.py", line 289, in jsonable_encoder
    |     encoded_value = jsonable_encoder(
    |                     ^^^^^^^^^^^^^^^^^
    |   File "C:\Users\Lenovo\AppData\Local\Programs\Python\Python311\Lib\site-packages\fastapi\encoders.py", line 337, in jsonable_encoder
    |     return jsonable_encoder(
    |            ^^^^^^^^^^^^^^^^^
    |   File "C:\Users\Lenovo\AppData\Local\Programs\Python\Python311\Lib\site-packages\fastapi\encoders.py", line 289, in jsonable_encoder
    |     encoded_value = jsonable_encoder(
    |                     ^^^^^^^^^^^^^^^^^
    |   File "C:\Users\Lenovo\AppData\Local\Programs\Python\Python311\Lib\site-packages\fastapi\encoders.py", line 337, in jsonable_encoder
    |     return jsonable_encoder(
    |            ^^^^^^^^^^^^^^^^^
    |   File "C:\Users\Lenovo\AppData\Local\Programs\Python\Python311\Lib\site-packages\fastapi\encoders.py", line 289, in jsonable_encoder
    |     encoded_value = jsonable_encoder(
    |                     ^^^^^^^^^^^^^^^^^
    |   File "C:\Users\Lenovo\AppData\Local\Programs\Python\Python311\Lib\site-packages\fastapi\encoders.py", line 337, in jsonable_encoder
    |     return jsonable_encoder(
    |            ^^^^^^^^^^^^^^^^^
    |   File "C:\Users\Lenovo\AppData\Local\Programs\Python\Python311\Lib\site-packages\fastapi\encoders.py", line 289, in jsonable_encoder
    |     encoded_value = jsonable_encoder(
    |                     ^^^^^^^^^^^^^^^^^
    |   File "C:\Users\Lenovo\AppData\Local\Programs\Python\Python311\Lib\site-packages\fastapi\encoders.py", line 337, in jsonable_encoder
    |     return jsonable_encoder(
    |            ^^^^^^^^^^^^^^^^^
    |   File "C:\Users\Lenovo\AppData\Local\Programs\Python\Python311\Lib\site-packages\fastapi\encoders.py", line 289, in jsonable_encoder
    |     encoded_value = jsonable_encoder(
    |                     ^^^^^^^^^^^^^^^^^
    |   File "C:\Users\Lenovo\AppData\Local\Programs\Python\Python311\Lib\site-packages\fastapi\encoders.py", line 337, in jsonable_encoder
    |     return jsonable_encoder(
    |            ^^^^^^^^^^^^^^^^^
    |   File "C:\Users\Lenovo\AppData\Local\Programs\Python\Python311\Lib\site-packages\fastapi\encoders.py", line 289, in jsonable_encoder
    |     encoded_value = jsonable_encoder(
    |                     ^^^^^^^^^^^^^^^^^
    |   File "C:\Users\Lenovo\AppData\Local\Programs\Python\Python311\Lib\site-packages\fastapi\encoders.py", line 337, in jsonable_encoder
    |     return jsonable_encoder(
    |            ^^^^^^^^^^^^^^^^^
    |   File "C:\Users\Lenovo\AppData\Local\Programs\Python\Python311\Lib\site-packages\fastapi\encoders.py", line 289, in jsonable_encoder
    |     encoded_value = jsonable_encoder(
    |                     ^^^^^^^^^^^^^^^^^
    |   File "C:\Users\Lenovo\AppData\Local\Programs\Python\Python311\Lib\site-packages\fastapi\encoders.py", line 337, in jsonable_encoder
    |     return jsonable_encoder(
    |            ^^^^^^^^^^^^^^^^^
    |   File "C:\Users\Lenovo\AppData\Local\Programs\Python\Python311\Lib\site-packages\fastapi\encoders.py", line 289, in jsonable_encoder
    |     encoded_value = jsonable_encoder(
    |                     ^^^^^^^^^^^^^^^^^
    |   File "C:\Users\Lenovo\AppData\Local\Programs\Python\Python311\Lib\site-packages\fastapi\encoders.py", line 337, in jsonable_encoder
    |     return jsonable_encoder(
    |            ^^^^^^^^^^^^^^^^^
    |   File "C:\Users\Lenovo\AppData\Local\Programs\Python\Python311\Lib\site-packages\fastapi\encoders.py", line 289, in jsonable_encoder
    |     encoded_value = jsonable_encoder(
    |                     ^^^^^^^^^^^^^^^^^
    |   File "C:\Users\Lenovo\AppData\Local\Programs\Python\Python311\Lib\site-packages\fastapi\encoders.py", line 337, in jsonable_encoder
    |     return jsonable_encoder(
    |            ^^^^^^^^^^^^^^^^^
    |   File "C:\Users\Lenovo\AppData\Local\Programs\Python\Python311\Lib\site-packages\fastapi\encoders.py", line 289, in jsonable_encoder
    |     encoded_value = jsonable_encoder(
    |                     ^^^^^^^^^^^^^^^^^
    |   File "C:\Users\Lenovo\AppData\Local\Programs\Python\Python311\Lib\site-packages\fastapi\encoders.py", line 337, in jsonable_encoder
    |     return jsonable_encoder(
    |            ^^^^^^^^^^^^^^^^^
    |   File "C:\Users\Lenovo\AppData\Local\Programs\Python\Python311\Lib\site-packages\fastapi\encoders.py", line 289, in jsonable_encoder
    |     encoded_value = jsonable_encoder(
    |                     ^^^^^^^^^^^^^^^^^
    |   File "C:\Users\Lenovo\AppData\Local\Programs\Python\Python311\Lib\site-packages\fastapi\encoders.py", line 337, in jsonable_encoder
    |     return jsonable_encoder(
    |            ^^^^^^^^^^^^^^^^^
    |   File "C:\Users\Lenovo\AppData\Local\Programs\Python\Python311\Lib\site-packages\fastapi\encoders.py", line 289, in jsonable_encoder
    |     encoded_value = jsonable_encoder(
    |                     ^^^^^^^^^^^^^^^^^
    |   File "C:\Users\Lenovo\AppData\Local\Programs\Python\Python311\Lib\site-packages\fastapi\encoders.py", line 337, in jsonable_encoder
    |     return jsonable_encoder(
    |            ^^^^^^^^^^^^^^^^^
    |   File "C:\Users\Lenovo\AppData\Local\Programs\Python\Python311\Lib\site-packages\fastapi\encoders.py", line 289, in jsonable_encoder
    |     encoded_value = jsonable_encoder(
    |                     ^^^^^^^^^^^^^^^^^
    |   File "C:\Users\Lenovo\AppData\Local\Programs\Python\Python311\Lib\site-packages\fastapi\encoders.py", line 337, in jsonable_encoder
    |     return jsonable_encoder(
    |            ^^^^^^^^^^^^^^^^^
    |   File "C:\Users\Lenovo\AppData\Local\Programs\Python\Python311\Lib\site-packages\fastapi\encoders.py", line 289, in jsonable_encoder
    |     encoded_value = jsonable_encoder(
    |                     ^^^^^^^^^^^^^^^^^
    |   File "C:\Users\Lenovo\AppData\Local\Programs\Python\Python311\Lib\site-packages\fastapi\encoders.py", line 337, in jsonable_encoder
    |     return jsonable_encoder(
    |            ^^^^^^^^^^^^^^^^^
    |   File "C:\Users\Lenovo\AppData\Local\Programs\Python\Python311\Lib\site-packages\fastapi\encoders.py", line 289, in jsonable_encoder
    |     encoded_value = jsonable_encoder(
    |                     ^^^^^^^^^^^^^^^^^
    |   File "C:\Users\Lenovo\AppData\Local\Programs\Python\Python311\Lib\site-packages\fastapi\encoders.py", line 337, in jsonable_encoder
    |     return jsonable_encoder(
    |            ^^^^^^^^^^^^^^^^^
    |   File "C:\Users\Lenovo\AppData\Local\Programs\Python\Python311\Lib\site-packages\fastapi\encoders.py", line 289, in jsonable_encoder
    |     encoded_value = jsonable_encoder(
    |                     ^^^^^^^^^^^^^^^^^
    |   File "C:\Users\Lenovo\AppData\Local\Programs\Python\Python311\Lib\site-packages\fastapi\encoders.py", line 337, in jsonable_encoder
    |     return jsonable_encoder(
    |            ^^^^^^^^^^^^^^^^^
    |   File "C:\Users\Lenovo\AppData\Local\Programs\Python\Python311\Lib\site-packages\fastapi\encoders.py", line 289, in jsonable_encoder
    |     encoded_value = jsonable_encoder(
    |                     ^^^^^^^^^^^^^^^^^
    |   File "C:\Users\Lenovo\AppData\Local\Programs\Python\Python311\Lib\site-packages\fastapi\encoders.py", line 337, in jsonable_encoder
    |     return jsonable_encoder(
    |            ^^^^^^^^^^^^^^^^^
    |   File "C:\Users\Lenovo\AppData\Local\Programs\Python\Python311\Lib\site-packages\fastapi\encoders.py", line 289, in jsonable_encoder
    |     encoded_value = jsonable_encoder(
    |                     ^^^^^^^^^^^^^^^^^
    |   File "C:\Users\Lenovo\AppData\Local\Programs\Python\Python311\Lib\site-packages\fastapi\encoders.py", line 337, in jsonable_encoder
    |     return jsonable_encoder(
    |            ^^^^^^^^^^^^^^^^^
    |   File "C:\Users\Lenovo\AppData\Local\Programs\Python\Python311\Lib\site-packages\fastapi\encoders.py", line 289, in jsonable_encoder
    |     encoded_value = jsonable_encoder(
    |                     ^^^^^^^^^^^^^^^^^
    |   File "C:\Users\Lenovo\AppData\Local\Programs\Python\Python311\Lib\site-packages\fastapi\encoders.py", line 337, in jsonable_encoder
    |     return jsonable_encoder(
    |            ^^^^^^^^^^^^^^^^^
    |   File "C:\Users\Lenovo\AppData\Local\Programs\Python\Python311\Lib\site-packages\fastapi\encoders.py", line 289, in jsonable_encoder
    |     encoded_value = jsonable_encoder(
    |                     ^^^^^^^^^^^^^^^^^
    |   File "C:\Users\Lenovo\AppData\Local\Programs\Python\Python311\Lib\site-packages\fastapi\encoders.py", line 337, in jsonable_encoder
    |     return jsonable_encoder(
    |            ^^^^^^^^^^^^^^^^^
    |   File "C:\Users\Lenovo\AppData\Local\Programs\Python\Python311\Lib\site-packages\fastapi\encoders.py", line 289, in jsonable_encoder
    |     encoded_value = jsonable_encoder(
    |                     ^^^^^^^^^^^^^^^^^
    |   File "C:\Users\Lenovo\AppData\Local\Programs\Python\Python311\Lib\site-packages\fastapi\encoders.py", line 337, in jsonable_encoder
    |     return jsonable_encoder(
    |            ^^^^^^^^^^^^^^^^^
    |   File "C:\Users\Lenovo\AppData\Local\Programs\Python\Python311\Lib\site-packages\fastapi\encoders.py", line 289, in jsonable_encoder
    |     encoded_value = jsonable_encoder(
    |                     ^^^^^^^^^^^^^^^^^
    |   File "C:\Users\Lenovo\AppData\Local\Programs\Python\Python311\Lib\site-packages\fastapi\encoders.py", line 337, in jsonable_encoder
    |     return jsonable_encoder(
    |            ^^^^^^^^^^^^^^^^^
    |   File "C:\Users\Lenovo\AppData\Local\Programs\Python\Python311\Lib\site-packages\fastapi\encoders.py", line 289, in jsonable_encoder
    |     encoded_value = jsonable_encoder(
    |                     ^^^^^^^^^^^^^^^^^
    |   File "C:\Users\Lenovo\AppData\Local\Programs\Python\Python311\Lib\site-packages\fastapi\encoders.py", line 337, in jsonable_encoder
    |     return jsonable_encoder(
    |            ^^^^^^^^^^^^^^^^^
    |   File "C:\Users\Lenovo\AppData\Local\Programs\Python\Python311\Lib\site-packages\fastapi\encoders.py", line 289, in jsonable_encoder
    |     encoded_value = jsonable_encoder(
    |                     ^^^^^^^^^^^^^^^^^
    |   File "C:\Users\Lenovo\AppData\Local\Programs\Python\Python311\Lib\site-packages\fastapi\encoders.py", line 337, in jsonable_encoder
    |     return jsonable_encoder(
    |            ^^^^^^^^^^^^^^^^^
    |   File "C:\Users\Lenovo\AppData\Local\Programs\Python\Python311\Lib\site-packages\fastapi\encoders.py", line 289, in jsonable_encoder
    |     encoded_value = jsonable_encoder(
    |                     ^^^^^^^^^^^^^^^^^
    |   File "C:\Users\Lenovo\AppData\Local\Programs\Python\Python311\Lib\site-packages\fastapi\encoders.py", line 337, in jsonable_encoder
    |     return jsonable_encoder(
    |            ^^^^^^^^^^^^^^^^^
    |   File "C:\Users\Lenovo\AppData\Local\Programs\Python\Python311\Lib\site-packages\fastapi\encoders.py", line 289, in jsonable_encoder
    |     encoded_value = jsonable_encoder(
    |                     ^^^^^^^^^^^^^^^^^
    |   File "C:\Users\Lenovo\AppData\Local\Programs\Python\Python311\Lib\site-packages\fastapi\encoders.py", line 337, in jsonable_encoder
    |     return jsonable_encoder(
    |            ^^^^^^^^^^^^^^^^^
    |   File "C:\Users\Lenovo\AppData\Local\Programs\Python\Python311\Lib\site-packages\fastapi\encoders.py", line 289, in jsonable_encoder
    |     encoded_value = jsonable_encoder(
    |                     ^^^^^^^^^^^^^^^^^
    |   File "C:\Users\Lenovo\AppData\Local\Programs\Python\Python311\Lib\site-packages\fastapi\encoders.py", line 337, in jsonable_encoder
    |     return jsonable_encoder(
    |            ^^^^^^^^^^^^^^^^^
    |   File "C:\Users\Lenovo\AppData\Local\Programs\Python\Python311\Lib\site-packages\fastapi\encoders.py", line 289, in jsonable_encoder
    |     encoded_value = jsonable_encoder(
    |                     ^^^^^^^^^^^^^^^^^
    |   File "C:\Users\Lenovo\AppData\Local\Programs\Python\Python311\Lib\site-packages\fastapi\encoders.py", line 337, in jsonable_encoder
    |     return jsonable_encoder(
    |            ^^^^^^^^^^^^^^^^^
    |   File "C:\Users\Lenovo\AppData\Local\Programs\Python\Python311\Lib\site-packages\fastapi\encoders.py", line 289, in jsonable_encoder
    |     encoded_value = jsonable_encoder(
    |                     ^^^^^^^^^^^^^^^^^
    |   File "C:\Users\Lenovo\AppData\Local\Programs\Python\Python311\Lib\site-packages\fastapi\encoders.py", line 337, in jsonable_encoder
    |     return jsonable_encoder(
    |            ^^^^^^^^^^^^^^^^^
    |   File "C:\Users\Lenovo\AppData\Local\Programs\Python\Python311\Lib\site-packages\fastapi\encoders.py", line 289, in jsonable_encoder
    |     encoded_value = jsonable_encoder(
    |                     ^^^^^^^^^^^^^^^^^
    |   File "C:\Users\Lenovo\AppData\Local\Programs\Python\Python311\Lib\site-packages\fastapi\encoders.py", line 337, in jsonable_encoder
    |     return jsonable_encoder(
    |            ^^^^^^^^^^^^^^^^^
    |   File "C:\Users\Lenovo\AppData\Local\Programs\Python\Python311\Lib\site-packages\fastapi\encoders.py", line 289, in jsonable_encoder
    |     encoded_value = jsonable_encoder(
    |                     ^^^^^^^^^^^^^^^^^
    |   File "C:\Users\Lenovo\AppData\Local\Programs\Python\Python311\Lib\site-packages\fastapi\encoders.py", line 337, in jsonable_encoder
    |     return jsonable_encoder(
    |            ^^^^^^^^^^^^^^^^^
    |   File "C:\Users\Lenovo\AppData\Local\Programs\Python\Python311\Lib\site-packages\fastapi\encoders.py", line 289, in jsonable_encoder
    |     encoded_value = jsonable_encoder(
    |                     ^^^^^^^^^^^^^^^^^
    |   File "C:\Users\Lenovo\AppData\Local\Programs\Python\Python311\Lib\site-packages\fastapi\encoders.py", line 337, in jsonable_encoder
    |     return jsonable_encoder(
    |            ^^^^^^^^^^^^^^^^^
    |   File "C:\Users\Lenovo\AppData\Local\Programs\Python\Python311\Lib\site-packages\fastapi\encoders.py", line 289, in jsonable_encoder
    |     encoded_value = jsonable_encoder(
    |                     ^^^^^^^^^^^^^^^^^
    |   File "C:\Users\Lenovo\AppData\Local\Programs\Python\Python311\Lib\site-packages\fastapi\encoders.py", line 337, in jsonable_encoder
    |     return jsonable_encoder(
    |            ^^^^^^^^^^^^^^^^^
    |   File "C:\Users\Lenovo\AppData\Local\Programs\Python\Python311\Lib\site-packages\fastapi\encoders.py", line 289, in jsonable_encoder
    |     encoded_value = jsonable_encoder(
    |                     ^^^^^^^^^^^^^^^^^
    |   File "C:\Users\Lenovo\AppData\Local\Programs\Python\Python311\Lib\site-packages\fastapi\encoders.py", line 337, in jsonable_encoder
    |     return jsonable_encoder(
    |            ^^^^^^^^^^^^^^^^^
    |   File "C:\Users\Lenovo\AppData\Local\Programs\Python\Python311\Lib\site-packages\fastapi\encoders.py", line 289, in jsonable_encoder
    |     encoded_value = jsonable_encoder(
    |                     ^^^^^^^^^^^^^^^^^
    |   File "C:\Users\Lenovo\AppData\Local\Programs\Python\Python311\Lib\site-packages\fastapi\encoders.py", line 337, in jsonable_encoder
    |     return jsonable_encoder(
    |            ^^^^^^^^^^^^^^^^^
    |   File "C:\Users\Lenovo\AppData\Local\Programs\Python\Python311\Lib\site-packages\fastapi\encoders.py", line 289, in jsonable_encoder
    |     encoded_value = jsonable_encoder(
    |                     ^^^^^^^^^^^^^^^^^
    |   File "C:\Users\Lenovo\AppData\Local\Programs\Python\Python311\Lib\site-packages\fastapi\encoders.py", line 337, in jsonable_encoder
    |     return jsonable_encoder(
    |            ^^^^^^^^^^^^^^^^^
    |   File "C:\Users\Lenovo\AppData\Local\Programs\Python\Python311\Lib\site-packages\fastapi\encoders.py", line 289, in jsonable_encoder
    |     encoded_value = jsonable_encoder(
    |                     ^^^^^^^^^^^^^^^^^
    |   File "C:\Users\Lenovo\AppData\Local\Programs\Python\Python311\Lib\site-packages\fastapi\encoders.py", line 337, in jsonable_encoder
    |     return jsonable_encoder(
    |            ^^^^^^^^^^^^^^^^^
    |   File "C:\Users\Lenovo\AppData\Local\Programs\Python\Python311\Lib\site-packages\fastapi\encoders.py", line 289, in jsonable_encoder
    |     encoded_value = jsonable_encoder(
    |                     ^^^^^^^^^^^^^^^^^
    |   File "C:\Users\Lenovo\AppData\Local\Programs\Python\Python311\Lib\site-packages\fastapi\encoders.py", line 337, in jsonable_encoder
    |     return jsonable_encoder(
    |            ^^^^^^^^^^^^^^^^^
    |   File "C:\Users\Lenovo\AppData\Local\Programs\Python\Python311\Lib\site-packages\fastapi\encoders.py", line 289, in jsonable_encoder
    |     encoded_value = jsonable_encoder(
    |                     ^^^^^^^^^^^^^^^^^
    |   File "C:\Users\Lenovo\AppData\Local\Programs\Python\Python311\Lib\site-packages\fastapi\encoders.py", line 337, in jsonable_encoder
    |     return jsonable_encoder(
    |            ^^^^^^^^^^^^^^^^^
    |   File "C:\Users\Lenovo\AppData\Local\Programs\Python\Python311\Lib\site-packages\fastapi\encoders.py", line 289, in jsonable_encoder
    |     encoded_value = jsonable_encoder(
    |                     ^^^^^^^^^^^^^^^^^
    |   File "C:\Users\Lenovo\AppData\Local\Programs\Python\Python311\Lib\site-packages\fastapi\encoders.py", line 337, in jsonable_encoder
    |     return jsonable_encoder(
    |            ^^^^^^^^^^^^^^^^^
    |   File "C:\Users\Lenovo\AppData\Local\Programs\Python\Python311\Lib\site-packages\fastapi\encoders.py", line 289, in jsonable_encoder
    |     encoded_value = jsonable_encoder(
    |                     ^^^^^^^^^^^^^^^^^
    |   File "C:\Users\Lenovo\AppData\Local\Programs\Python\Python311\Lib\site-packages\fastapi\encoders.py", line 337, in jsonable_encoder
    |     return jsonable_encoder(
    |            ^^^^^^^^^^^^^^^^^
    |   File "C:\Users\Lenovo\AppData\Local\Programs\Python\Python311\Lib\site-packages\fastapi\encoders.py", line 289, in jsonable_encoder
    |     encoded_value = jsonable_encoder(
    |                     ^^^^^^^^^^^^^^^^^
    |   File "C:\Users\Lenovo\AppData\Local\Programs\Python\Python311\Lib\site-packages\fastapi\encoders.py", line 337, in jsonable_encoder
    |     return jsonable_encoder(
    |            ^^^^^^^^^^^^^^^^^
    |   File "C:\Users\Lenovo\AppData\Local\Programs\Python\Python311\Lib\site-packages\fastapi\encoders.py", line 289, in jsonable_encoder
    |     encoded_value = jsonable_encoder(
    |                     ^^^^^^^^^^^^^^^^^
    |   File "C:\Users\Lenovo\AppData\Local\Programs\Python\Python311\Lib\site-packages\fastapi\encoders.py", line 337, in jsonable_encoder
    |     return jsonable_encoder(
    |            ^^^^^^^^^^^^^^^^^
    |   File "C:\Users\Lenovo\AppData\Local\Programs\Python\Python311\Lib\site-packages\fastapi\encoders.py", line 289, in jsonable_encoder
    |     encoded_value = jsonable_encoder(
    |                     ^^^^^^^^^^^^^^^^^
    |   File "C:\Users\Lenovo\AppData\Local\Programs\Python\Python311\Lib\site-packages\fastapi\encoders.py", line 337, in jsonable_encoder
    |     return jsonable_encoder(
    |            ^^^^^^^^^^^^^^^^^
    |   File "C:\Users\Lenovo\AppData\Local\Programs\Python\Python311\Lib\site-packages\fastapi\encoders.py", line 289, in jsonable_encoder
    |     encoded_value = jsonable_encoder(
    |                     ^^^^^^^^^^^^^^^^^
    |   File "C:\Users\Lenovo\AppData\Local\Programs\Python\Python311\Lib\site-packages\fastapi\encoders.py", line 337, in jsonable_encoder
    |     return jsonable_encoder(
    |            ^^^^^^^^^^^^^^^^^
    |   File "C:\Users\Lenovo\AppData\Local\Programs\Python\Python311\Lib\site-packages\fastapi\encoders.py", line 289, in jsonable_encoder
    |     encoded_value = jsonable_encoder(
    |                     ^^^^^^^^^^^^^^^^^
    |   File "C:\Users\Lenovo\AppData\Local\Programs\Python\Python311\Lib\site-packages\fastapi\encoders.py", line 337, in jsonable_encoder
    |     return jsonable_encoder(
    |            ^^^^^^^^^^^^^^^^^
    |   File "C:\Users\Lenovo\AppData\Local\Programs\Python\Python311\Lib\site-packages\fastapi\encoders.py", line 289, in jsonable_encoder
    |     encoded_value = jsonable_encoder(
    |                     ^^^^^^^^^^^^^^^^^
    |   File "C:\Users\Lenovo\AppData\Local\Programs\Python\Python311\Lib\site-packages\fastapi\encoders.py", line 337, in jsonable_encoder
    |     return jsonable_encoder(
    |            ^^^^^^^^^^^^^^^^^
    |   File "C:\Users\Lenovo\AppData\Local\Programs\Python\Python311\Lib\site-packages\fastapi\encoders.py", line 289, in jsonable_encoder
    |     encoded_value = jsonable_encoder(
    |                     ^^^^^^^^^^^^^^^^^
    |   File "C:\Users\Lenovo\AppData\Local\Programs\Python\Python311\Lib\site-packages\fastapi\encoders.py", line 337, in jsonable_encoder
    |     return jsonable_encoder(
    |            ^^^^^^^^^^^^^^^^^
    |   File "C:\Users\Lenovo\AppData\Local\Programs\Python\Python311\Lib\site-packages\fastapi\encoders.py", line 289, in jsonable_encoder
    |     encoded_value = jsonable_encoder(
    |                     ^^^^^^^^^^^^^^^^^
    |   File "C:\Users\Lenovo\AppData\Local\Programs\Python\Python311\Lib\site-packages\fastapi\encoders.py", line 337, in jsonable_encoder
    |     return jsonable_encoder(
    |            ^^^^^^^^^^^^^^^^^
    |   File "C:\Users\Lenovo\AppData\Local\Programs\Python\Python311\Lib\site-packages\fastapi\encoders.py", line 289, in jsonable_encoder
    |     encoded_value = jsonable_encoder(
    |                     ^^^^^^^^^^^^^^^^^
    |   File "C:\Users\Lenovo\AppData\Local\Programs\Python\Python311\Lib\site-packages\fastapi\encoders.py", line 337, in jsonable_encoder
    |     return jsonable_encoder(
    |            ^^^^^^^^^^^^^^^^^
    |   File "C:\Users\Lenovo\AppData\Local\Programs\Python\Python311\Lib\site-packages\fastapi\encoders.py", line 289, in jsonable_encoder
    |     encoded_value = jsonable_encoder(
    |                     ^^^^^^^^^^^^^^^^^
    |   File "C:\Users\Lenovo\AppData\Local\Programs\Python\Python311\Lib\site-packages\fastapi\encoders.py", line 337, in jsonable_encoder
    |     return jsonable_encoder(
    |            ^^^^^^^^^^^^^^^^^
    |   File "C:\Users\Lenovo\AppData\Local\Programs\Python\Python311\Lib\site-packages\fastapi\encoders.py", line 289, in jsonable_encoder
    |     encoded_value = jsonable_encoder(
    |                     ^^^^^^^^^^^^^^^^^
    |   File "C:\Users\Lenovo\AppData\Local\Programs\Python\Python311\Lib\site-packages\fastapi\encoders.py", line 337, in jsonable_encoder
    |     return jsonable_encoder(
    |            ^^^^^^^^^^^^^^^^^
    |   File "C:\Users\Lenovo\AppData\Local\Programs\Python\Python311\Lib\site-packages\fastapi\encoders.py", line 289, in jsonable_encoder
    |     encoded_value = jsonable_encoder(
    |                     ^^^^^^^^^^^^^^^^^
    |   File "C:\Users\Lenovo\AppData\Local\Programs\Python\Python311\Lib\site-packages\fastapi\encoders.py", line 337, in jsonable_encoder
    |     return jsonable_encoder(
    |            ^^^^^^^^^^^^^^^^^
    |   File "C:\Users\Lenovo\AppData\Local\Programs\Python\Python311\Lib\site-packages\fastapi\encoders.py", line 289, in jsonable_encoder
    |     encoded_value = jsonable_encoder(
    |                     ^^^^^^^^^^^^^^^^^
    |   File "C:\Users\Lenovo\AppData\Local\Programs\Python\Python311\Lib\site-packages\fastapi\encoders.py", line 337, in jsonable_encoder
    |     return jsonable_encoder(
    |            ^^^^^^^^^^^^^^^^^
    |   File "C:\Users\Lenovo\AppData\Local\Programs\Python\Python311\Lib\site-packages\fastapi\encoders.py", line 289, in jsonable_encoder
    |     encoded_value = jsonable_encoder(
    |                     ^^^^^^^^^^^^^^^^^
    |   File "C:\Users\Lenovo\AppData\Local\Programs\Python\Python311\Lib\site-packages\fastapi\encoders.py", line 337, in jsonable_encoder
    |     return jsonable_encoder(
    |            ^^^^^^^^^^^^^^^^^
    |   File "C:\Users\Lenovo\AppData\Local\Programs\Python\Python311\Lib\site-packages\fastapi\encoders.py", line 289, in jsonable_encoder
    |     encoded_value = jsonable_encoder(
    |                     ^^^^^^^^^^^^^^^^^
    |   File "C:\Users\Lenovo\AppData\Local\Programs\Python\Python311\Lib\site-packages\fastapi\encoders.py", line 337, in jsonable_encoder
    |     return jsonable_encoder(
    |            ^^^^^^^^^^^^^^^^^
    |   File "C:\Users\Lenovo\AppData\Local\Programs\Python\Python311\Lib\site-packages\fastapi\encoders.py", line 289, in jsonable_encoder
    |     encoded_value = jsonable_encoder(
    |                     ^^^^^^^^^^^^^^^^^
    |   File "C:\Users\Lenovo\AppData\Local\Programs\Python\Python311\Lib\site-packages\fastapi\encoders.py", line 337, in jsonable_encoder
    |     return jsonable_encoder(
    |            ^^^^^^^^^^^^^^^^^
    |   File "C:\Users\Lenovo\AppData\Local\Programs\Python\Python311\Lib\site-packages\fastapi\encoders.py", line 289, in jsonable_encoder
    |     encoded_value = jsonable_encoder(
    |                     ^^^^^^^^^^^^^^^^^
    |   File "C:\Users\Lenovo\AppData\Local\Programs\Python\Python311\Lib\site-packages\fastapi\encoders.py", line 337, in jsonable_encoder
    |     return jsonable_encoder(
    |            ^^^^^^^^^^^^^^^^^
    |   File "C:\Users\Lenovo\AppData\Local\Programs\Python\Python311\Lib\site-packages\fastapi\encoders.py", line 289, in jsonable_encoder
    |     encoded_value = jsonable_encoder(
    |                     ^^^^^^^^^^^^^^^^^
    |   File "C:\Users\Lenovo\AppData\Local\Programs\Python\Python311\Lib\site-packages\fastapi\encoders.py", line 337, in jsonable_encoder
    |     return jsonable_encoder(
    |            ^^^^^^^^^^^^^^^^^
    |   File "C:\Users\Lenovo\AppData\Local\Programs\Python\Python311\Lib\site-packages\fastapi\encoders.py", line 289, in jsonable_encoder
    |     encoded_value = jsonable_encoder(
    |                     ^^^^^^^^^^^^^^^^^
    |   File "C:\Users\Lenovo\AppData\Local\Programs\Python\Python311\Lib\site-packages\fastapi\encoders.py", line 337, in jsonable_encoder
    |     return jsonable_encoder(
    |            ^^^^^^^^^^^^^^^^^
    |   File "C:\Users\Lenovo\AppData\Local\Programs\Python\Python311\Lib\site-packages\fastapi\encoders.py", line 289, in jsonable_encoder
    |     encoded_value = jsonable_encoder(
    |                     ^^^^^^^^^^^^^^^^^
    |   File "C:\Users\Lenovo\AppData\Local\Programs\Python\Python311\Lib\site-packages\fastapi\encoders.py", line 337, in jsonable_encoder
    |     return jsonable_encoder(
    |            ^^^^^^^^^^^^^^^^^
    |   File "C:\Users\Lenovo\AppData\Local\Programs\Python\Python311\Lib\site-packages\fastapi\encoders.py", line 289, in jsonable_encoder
    |     encoded_value = jsonable_encoder(
    |                     ^^^^^^^^^^^^^^^^^
    |   File "C:\Users\Lenovo\AppData\Local\Programs\Python\Python311\Lib\site-packages\fastapi\encoders.py", line 337, in jsonable_encoder
    |     return jsonable_encoder(
    |            ^^^^^^^^^^^^^^^^^
    |   File "C:\Users\Lenovo\AppData\Local\Programs\Python\Python311\Lib\site-packages\fastapi\encoders.py", line 289, in jsonable_encoder
    |     encoded_value = jsonable_encoder(
    |                     ^^^^^^^^^^^^^^^^^
    |   File "C:\Users\Lenovo\AppData\Local\Programs\Python\Python311\Lib\site-packages\fastapi\encoders.py", line 337, in jsonable_encoder
    |     return jsonable_encoder(
    |            ^^^^^^^^^^^^^^^^^
    |   File "C:\Users\Lenovo\AppData\Local\Programs\Python\Python311\Lib\site-packages\fastapi\encoders.py", line 289, in jsonable_encoder
    |     encoded_value = jsonable_encoder(
    |                     ^^^^^^^^^^^^^^^^^
    |   File "C:\Users\Lenovo\AppData\Local\Programs\Python\Python311\Lib\site-packages\fastapi\encoders.py", line 337, in jsonable_encoder
    |     return jsonable_encoder(
    |            ^^^^^^^^^^^^^^^^^
    |   File "C:\Users\Lenovo\AppData\Local\Programs\Python\Python311\Lib\site-packages\fastapi\encoders.py", line 289, in jsonable_encoder
    |     encoded_value = jsonable_encoder(
    |                     ^^^^^^^^^^^^^^^^^
    |   File "C:\Users\Lenovo\AppData\Local\Programs\Python\Python311\Lib\site-packages\fastapi\encoders.py", line 337, in jsonable_encoder
    |     return jsonable_encoder(
    |            ^^^^^^^^^^^^^^^^^
    |   File "C:\Users\Lenovo\AppData\Local\Programs\Python\Python311\Lib\site-packages\fastapi\encoders.py", line 289, in jsonable_encoder
    |     encoded_value = jsonable_encoder(
    |                     ^^^^^^^^^^^^^^^^^
    |   File "C:\Users\Lenovo\AppData\Local\Programs\Python\Python311\Lib\site-packages\fastapi\encoders.py", line 337, in jsonable_encoder
    |     return jsonable_encoder(
    |            ^^^^^^^^^^^^^^^^^
    |   File "C:\Users\Lenovo\AppData\Local\Programs\Python\Python311\Lib\site-packages\fastapi\encoders.py", line 289, in jsonable_encoder
    |     encoded_value = jsonable_encoder(
    |                     ^^^^^^^^^^^^^^^^^
    |   File "C:\Users\Lenovo\AppData\Local\Programs\Python\Python311\Lib\site-packages\fastapi\encoders.py", line 337, in jsonable_encoder
    |     return jsonable_encoder(
    |            ^^^^^^^^^^^^^^^^^
    |   File "C:\Users\Lenovo\AppData\Local\Programs\Python\Python311\Lib\site-packages\fastapi\encoders.py", line 289, in jsonable_encoder
    |     encoded_value = jsonable_encoder(
    |                     ^^^^^^^^^^^^^^^^^
    |   File "C:\Users\Lenovo\AppData\Local\Programs\Python\Python311\Lib\site-packages\fastapi\encoders.py", line 337, in jsonable_encoder
    |     return jsonable_encoder(
    |            ^^^^^^^^^^^^^^^^^
    |   File "C:\Users\Lenovo\AppData\Local\Programs\Python\Python311\Lib\site-packages\fastapi\encoders.py", line 289, in jsonable_encoder
    |     encoded_value = jsonable_encoder(
    |                     ^^^^^^^^^^^^^^^^^
    |   File "C:\Users\Lenovo\AppData\Local\Programs\Python\Python311\Lib\site-packages\fastapi\encoders.py", line 337, in jsonable_encoder
    |     return jsonable_encoder(
    |            ^^^^^^^^^^^^^^^^^
    |   File "C:\Users\Lenovo\AppData\Local\Programs\Python\Python311\Lib\site-packages\fastapi\encoders.py", line 289, in jsonable_encoder
    |     encoded_value = jsonable_encoder(
    |                     ^^^^^^^^^^^^^^^^^
    |   File "C:\Users\Lenovo\AppData\Local\Programs\Python\Python311\Lib\site-packages\fastapi\encoders.py", line 337, in jsonable_encoder
    |     return jsonable_encoder(
    |            ^^^^^^^^^^^^^^^^^
    |   File "C:\Users\Lenovo\AppData\Local\Programs\Python\Python311\Lib\site-packages\fastapi\encoders.py", line 289, in jsonable_encoder
    |     encoded_value = jsonable_encoder(
    |                     ^^^^^^^^^^^^^^^^^
    |   File "C:\Users\Lenovo\AppData\Local\Programs\Python\Python311\Lib\site-packages\fastapi\encoders.py", line 337, in jsonable_encoder
    |     return jsonable_encoder(
    |            ^^^^^^^^^^^^^^^^^
    |   File "C:\Users\Lenovo\AppData\Local\Programs\Python\Python311\Lib\site-packages\fastapi\encoders.py", line 289, in jsonable_encoder
    |     encoded_value = jsonable_encoder(
    |                     ^^^^^^^^^^^^^^^^^
    |   File "C:\Users\Lenovo\AppData\Local\Programs\Python\Python311\Lib\site-packages\fastapi\encoders.py", line 337, in jsonable_encoder
    |     return jsonable_encoder(
    |            ^^^^^^^^^^^^^^^^^
    |   File "C:\Users\Lenovo\AppData\Local\Programs\Python\Python311\Lib\site-packages\fastapi\encoders.py", line 289, in jsonable_encoder
    |     encoded_value = jsonable_encoder(
    |                     ^^^^^^^^^^^^^^^^^
    |   File "C:\Users\Lenovo\AppData\Local\Programs\Python\Python311\Lib\site-packages\fastapi\encoders.py", line 337, in jsonable_encoder
    |     return jsonable_encoder(
    |            ^^^^^^^^^^^^^^^^^
    |   File "C:\Users\Lenovo\AppData\Local\Programs\Python\Python311\Lib\site-packages\fastapi\encoders.py", line 289, in jsonable_encoder
    |     encoded_value = jsonable_encoder(
    |                     ^^^^^^^^^^^^^^^^^
    |   File "C:\Users\Lenovo\AppData\Local\Programs\Python\Python311\Lib\site-packages\fastapi\encoders.py", line 337, in jsonable_encoder
    |     return jsonable_encoder(
    |            ^^^^^^^^^^^^^^^^^
    |   File "C:\Users\Lenovo\AppData\Local\Programs\Python\Python311\Lib\site-packages\fastapi\encoders.py", line 289, in jsonable_encoder
    |     encoded_value = jsonable_encoder(
    |                     ^^^^^^^^^^^^^^^^^
    |   File "C:\Users\Lenovo\AppData\Local\Programs\Python\Python311\Lib\site-packages\fastapi\encoders.py", line 337, in jsonable_encoder
    |     return jsonable_encoder(
    |            ^^^^^^^^^^^^^^^^^
    |   File "C:\Users\Lenovo\AppData\Local\Programs\Python\Python311\Lib\site-packages\fastapi\encoders.py", line 289, in jsonable_encoder
    |     encoded_value = jsonable_encoder(
    |                     ^^^^^^^^^^^^^^^^^
    |   File "C:\Users\Lenovo\AppData\Local\Programs\Python\Python311\Lib\site-packages\fastapi\encoders.py", line 337, in jsonable_encoder
    |     return jsonable_encoder(
    |            ^^^^^^^^^^^^^^^^^
    |   File "C:\Users\Lenovo\AppData\Local\Programs\Python\Python311\Lib\site-packages\fastapi\encoders.py", line 289, in jsonable_encoder
    |     encoded_value = jsonable_encoder(
    |                     ^^^^^^^^^^^^^^^^^
    |   File "C:\Users\Lenovo\AppData\Local\Programs\Python\Python311\Lib\site-packages\fastapi\encoders.py", line 337, in jsonable_encoder
    |     return jsonable_encoder(
    |            ^^^^^^^^^^^^^^^^^
    |   File "C:\Users\Lenovo\AppData\Local\Programs\Python\Python311\Lib\site-packages\fastapi\encoders.py", line 289, in jsonable_encoder
    |     encoded_value = jsonable_encoder(
    |                     ^^^^^^^^^^^^^^^^^
    |   File "C:\Users\Lenovo\AppData\Local\Programs\Python\Python311\Lib\site-packages\fastapi\encoders.py", line 337, in jsonable_encoder
    |     return jsonable_encoder(
    |            ^^^^^^^^^^^^^^^^^
    |   File "C:\Users\Lenovo\AppData\Local\Programs\Python\Python311\Lib\site-packages\fastapi\encoders.py", line 289, in jsonable_encoder
    |     encoded_value = jsonable_encoder(
    |                     ^^^^^^^^^^^^^^^^^
    |   File "C:\Users\Lenovo\AppData\Local\Programs\Python\Python311\Lib\site-packages\fastapi\encoders.py", line 337, in jsonable_encoder
    |     return jsonable_encoder(
    |            ^^^^^^^^^^^^^^^^^
    |   File "C:\Users\Lenovo\AppData\Local\Programs\Python\Python311\Lib\site-packages\fastapi\encoders.py", line 289, in jsonable_encoder
    |     encoded_value = jsonable_encoder(
    |                     ^^^^^^^^^^^^^^^^^
    |   File "C:\Users\Lenovo\AppData\Local\Programs\Python\Python311\Lib\site-packages\fastapi\encoders.py", line 337, in jsonable_encoder
    |     return jsonable_encoder(
    |            ^^^^^^^^^^^^^^^^^
    |   File "C:\Users\Lenovo\AppData\Local\Programs\Python\Python311\Lib\site-packages\fastapi\encoders.py", line 289, in jsonable_encoder
    |     encoded_value = jsonable_encoder(
    |                     ^^^^^^^^^^^^^^^^^
    |   File "C:\Users\Lenovo\AppData\Local\Programs\Python\Python311\Lib\site-packages\fastapi\encoders.py", line 337, in jsonable_encoder
    |     return jsonable_encoder(
    |            ^^^^^^^^^^^^^^^^^
    |   File "C:\Users\Lenovo\AppData\Local\Programs\Python\Python311\Lib\site-packages\fastapi\encoders.py", line 289, in jsonable_encoder
    |     encoded_value = jsonable_encoder(
    |                     ^^^^^^^^^^^^^^^^^
    |   File "C:\Users\Lenovo\AppData\Local\Programs\Python\Python311\Lib\site-packages\fastapi\encoders.py", line 337, in jsonable_encoder
    |     return jsonable_encoder(
    |            ^^^^^^^^^^^^^^^^^
    |   File "C:\Users\Lenovo\AppData\Local\Programs\Python\Python311\Lib\site-packages\fastapi\encoders.py", line 289, in jsonable_encoder
    |     encoded_value = jsonable_encoder(
    |                     ^^^^^^^^^^^^^^^^^
    |   File "C:\Users\Lenovo\AppData\Local\Programs\Python\Python311\Lib\site-packages\fastapi\encoders.py", line 337, in jsonable_encoder
    |     return jsonable_encoder(
    |            ^^^^^^^^^^^^^^^^^
    |   File "C:\Users\Lenovo\AppData\Local\Programs\Python\Python311\Lib\site-packages\fastapi\encoders.py", line 289, in jsonable_encoder
    |     encoded_value = jsonable_encoder(
    |                     ^^^^^^^^^^^^^^^^^
    |   File "C:\Users\Lenovo\AppData\Local\Programs\Python\Python311\Lib\site-packages\fastapi\encoders.py", line 337, in jsonable_encoder
    |     return jsonable_encoder(
    |            ^^^^^^^^^^^^^^^^^
    |   File "C:\Users\Lenovo\AppData\Local\Programs\Python\Python311\Lib\site-packages\fastapi\encoders.py", line 289, in jsonable_encoder
    |     encoded_value = jsonable_encoder(
    |                     ^^^^^^^^^^^^^^^^^
    |   File "C:\Users\Lenovo\AppData\Local\Programs\Python\Python311\Lib\site-packages\fastapi\encoders.py", line 337, in jsonable_encoder
    |     return jsonable_encoder(
    |            ^^^^^^^^^^^^^^^^^
    |   File "C:\Users\Lenovo\AppData\Local\Programs\Python\Python311\Lib\site-packages\fastapi\encoders.py", line 289, in jsonable_encoder
    |     encoded_value = jsonable_encoder(
    |                     ^^^^^^^^^^^^^^^^^
    |   File "C:\Users\Lenovo\AppData\Local\Programs\Python\Python311\Lib\site-packages\fastapi\encoders.py", line 337, in jsonable_encoder
    |     return jsonable_encoder(
    |            ^^^^^^^^^^^^^^^^^
    |   File "C:\Users\Lenovo\AppData\Local\Programs\Python\Python311\Lib\site-packages\fastapi\encoders.py", line 289, in jsonable_encoder
    |     encoded_value = jsonable_encoder(
    |                     ^^^^^^^^^^^^^^^^^
    |   File "C:\Users\Lenovo\AppData\Local\Programs\Python\Python311\Lib\site-packages\fastapi\encoders.py", line 337, in jsonable_encoder
    |     return jsonable_encoder(
    |            ^^^^^^^^^^^^^^^^^
    |   File "C:\Users\Lenovo\AppData\Local\Programs\Python\Python311\Lib\site-packages\fastapi\encoders.py", line 289, in jsonable_encoder
    |     encoded_value = jsonable_encoder(
    |                     ^^^^^^^^^^^^^^^^^
    |   File "C:\Users\Lenovo\AppData\Local\Programs\Python\Python311\Lib\site-packages\fastapi\encoders.py", line 337, in jsonable_encoder
    |     return jsonable_encoder(
    |            ^^^^^^^^^^^^^^^^^
    |   File "C:\Users\Lenovo\AppData\Local\Programs\Python\Python311\Lib\site-packages\fastapi\encoders.py", line 289, in jsonable_encoder
    |     encoded_value = jsonable_encoder(
    |                     ^^^^^^^^^^^^^^^^^
    |   File "C:\Users\Lenovo\AppData\Local\Programs\Python\Python311\Lib\site-packages\fastapi\encoders.py", line 337, in jsonable_encoder
    |     return jsonable_encoder(
    |            ^^^^^^^^^^^^^^^^^
    |   File "C:\Users\Lenovo\AppData\Local\Programs\Python\Python311\Lib\site-packages\fastapi\encoders.py", line 289, in jsonable_encoder
    |     encoded_value = jsonable_encoder(
    |                     ^^^^^^^^^^^^^^^^^
    |   File "C:\Users\Lenovo\AppData\Local\Programs\Python\Python311\Lib\site-packages\fastapi\encoders.py", line 337, in jsonable_encoder
    |     return jsonable_encoder(
    |            ^^^^^^^^^^^^^^^^^
    |   File "C:\Users\Lenovo\AppData\Local\Programs\Python\Python311\Lib\site-packages\fastapi\encoders.py", line 289, in jsonable_encoder
    |     encoded_value = jsonable_encoder(
    |                     ^^^^^^^^^^^^^^^^^
    |   File "C:\Users\Lenovo\AppData\Local\Programs\Python\Python311\Lib\site-packages\fastapi\encoders.py", line 337, in jsonable_encoder
    |     return jsonable_encoder(
    |            ^^^^^^^^^^^^^^^^^
    |   File "C:\Users\Lenovo\AppData\Local\Programs\Python\Python311\Lib\site-packages\fastapi\encoders.py", line 289, in jsonable_encoder
    |     encoded_value = jsonable_encoder(
    |                     ^^^^^^^^^^^^^^^^^
    |   File "C:\Users\Lenovo\AppData\Local\Programs\Python\Python311\Lib\site-packages\fastapi\encoders.py", line 337, in jsonable_encoder
    |     return jsonable_encoder(
    |            ^^^^^^^^^^^^^^^^^
    |   File "C:\Users\Lenovo\AppData\Local\Programs\Python\Python311\Lib\site-packages\fastapi\encoders.py", line 289, in jsonable_encoder
    |     encoded_value = jsonable_encoder(
    |                     ^^^^^^^^^^^^^^^^^
    |   File "C:\Users\Lenovo\AppData\Local\Programs\Python\Python311\Lib\site-packages\fastapi\encoders.py", line 337, in jsonable_encoder
    |     return jsonable_encoder(
    |            ^^^^^^^^^^^^^^^^^
    |   File "C:\Users\Lenovo\AppData\Local\Programs\Python\Python311\Lib\site-packages\fastapi\encoders.py", line 289, in jsonable_encoder
    |     encoded_value = jsonable_encoder(
    |                     ^^^^^^^^^^^^^^^^^
    |   File "C:\Users\Lenovo\AppData\Local\Programs\Python\Python311\Lib\site-packages\fastapi\encoders.py", line 337, in jsonable_encoder
    |     return jsonable_encoder(
    |            ^^^^^^^^^^^^^^^^^
    |   File "C:\Users\Lenovo\AppData\Local\Programs\Python\Python311\Lib\site-packages\fastapi\encoders.py", line 289, in jsonable_encoder
    |     encoded_value = jsonable_encoder(
    |                     ^^^^^^^^^^^^^^^^^
    |   File "C:\Users\Lenovo\AppData\Local\Programs\Python\Python311\Lib\site-packages\fastapi\encoders.py", line 337, in jsonable_encoder
    |     return jsonable_encoder(
    |            ^^^^^^^^^^^^^^^^^
    |   File "C:\Users\Lenovo\AppData\Local\Programs\Python\Python311\Lib\site-packages\fastapi\encoders.py", line 289, in jsonable_encoder
    |     encoded_value = jsonable_encoder(
    |                     ^^^^^^^^^^^^^^^^^
    |   File "C:\Users\Lenovo\AppData\Local\Programs\Python\Python311\Lib\site-packages\fastapi\encoders.py", line 337, in jsonable_encoder
    |     return jsonable_encoder(
    |            ^^^^^^^^^^^^^^^^^
    |   File "C:\Users\Lenovo\AppData\Local\Programs\Python\Python311\Lib\site-packages\fastapi\encoders.py", line 289, in jsonable_encoder
    |     encoded_value = jsonable_encoder(
    |                     ^^^^^^^^^^^^^^^^^
    |   File "C:\Users\Lenovo\AppData\Local\Programs\Python\Python311\Lib\site-packages\fastapi\encoders.py", line 337, in jsonable_encoder
    |     return jsonable_encoder(
    |            ^^^^^^^^^^^^^^^^^
    |   File "C:\Users\Lenovo\AppData\Local\Programs\Python\Python311\Lib\site-packages\fastapi\encoders.py", line 289, in jsonable_encoder
    |     encoded_value = jsonable_encoder(
    |                     ^^^^^^^^^^^^^^^^^
    |   File "C:\Users\Lenovo\AppData\Local\Programs\Python\Python311\Lib\site-packages\fastapi\encoders.py", line 337, in jsonable_encoder
    |     return jsonable_encoder(
    |            ^^^^^^^^^^^^^^^^^
    |   File "C:\Users\Lenovo\AppData\Local\Programs\Python\Python311\Lib\site-packages\fastapi\encoders.py", line 289, in jsonable_encoder
    |     encoded_value = jsonable_encoder(
    |                     ^^^^^^^^^^^^^^^^^
    |   File "C:\Users\Lenovo\AppData\Local\Programs\Python\Python311\Lib\site-packages\fastapi\encoders.py", line 337, in jsonable_encoder
    |     return jsonable_encoder(
    |            ^^^^^^^^^^^^^^^^^
    |   File "C:\Users\Lenovo\AppData\Local\Programs\Python\Python311\Lib\site-packages\fastapi\encoders.py", line 289, in jsonable_encoder
    |     encoded_value = jsonable_encoder(
    |                     ^^^^^^^^^^^^^^^^^
    |   File "C:\Users\Lenovo\AppData\Local\Programs\Python\Python311\Lib\site-packages\fastapi\encoders.py", line 337, in jsonable_encoder
    |     return jsonable_encoder(
    |            ^^^^^^^^^^^^^^^^^
    |   File "C:\Users\Lenovo\AppData\Local\Programs\Python\Python311\Lib\site-packages\fastapi\encoders.py", line 289, in jsonable_encoder
    |     encoded_value = jsonable_encoder(
    |                     ^^^^^^^^^^^^^^^^^
    |   File "C:\Users\Lenovo\AppData\Local\Programs\Python\Python311\Lib\site-packages\fastapi\encoders.py", line 337, in jsonable_encoder
    |     return jsonable_encoder(
    |            ^^^^^^^^^^^^^^^^^
    |   File "C:\Users\Lenovo\AppData\Local\Programs\Python\Python311\Lib\site-packages\fastapi\encoders.py", line 289, in jsonable_encoder
    |     encoded_value = jsonable_encoder(
    |                     ^^^^^^^^^^^^^^^^^
    |   File "C:\Users\Lenovo\AppData\Local\Programs\Python\Python311\Lib\site-packages\fastapi\encoders.py", line 337, in jsonable_encoder
    |     return jsonable_encoder(
    |            ^^^^^^^^^^^^^^^^^
    |   File "C:\Users\Lenovo\AppData\Local\Programs\Python\Python311\Lib\site-packages\fastapi\encoders.py", line 289, in jsonable_encoder
    |     encoded_value = jsonable_encoder(
    |                     ^^^^^^^^^^^^^^^^^
    |   File "C:\Users\Lenovo\AppData\Local\Programs\Python\Python311\Lib\site-packages\fastapi\encoders.py", line 337, in jsonable_encoder
    |     return jsonable_encoder(
    |            ^^^^^^^^^^^^^^^^^
    |   File "C:\Users\Lenovo\AppData\Local\Programs\Python\Python311\Lib\site-packages\fastapi\encoders.py", line 289, in jsonable_encoder
    |     encoded_value = jsonable_encoder(
    |                     ^^^^^^^^^^^^^^^^^
    |   File "C:\Users\Lenovo\AppData\Local\Programs\Python\Python311\Lib\site-packages\fastapi\encoders.py", line 337, in jsonable_encoder
    |     return jsonable_encoder(
    |            ^^^^^^^^^^^^^^^^^
    |   File "C:\Users\Lenovo\AppData\Local\Programs\Python\Python311\Lib\site-packages\fastapi\encoders.py", line 289, in jsonable_encoder
    |     encoded_value = jsonable_encoder(
    |                     ^^^^^^^^^^^^^^^^^
    |   File "C:\Users\Lenovo\AppData\Local\Programs\Python\Python311\Lib\site-packages\fastapi\encoders.py", line 337, in jsonable_encoder
    |     return jsonable_encoder(
    |            ^^^^^^^^^^^^^^^^^
    |   File "C:\Users\Lenovo\AppData\Local\Programs\Python\Python311\Lib\site-packages\fastapi\encoders.py", line 289, in jsonable_encoder
    |     encoded_value = jsonable_encoder(
    |                     ^^^^^^^^^^^^^^^^^
    |   File "C:\Users\Lenovo\AppData\Local\Programs\Python\Python311\Lib\site-packages\fastapi\encoders.py", line 337, in jsonable_encoder
    |     return jsonable_encoder(
    |            ^^^^^^^^^^^^^^^^^
    |   File "C:\Users\Lenovo\AppData\Local\Programs\Python\Python311\Lib\site-packages\fastapi\encoders.py", line 289, in jsonable_encoder
    |     encoded_value = jsonable_encoder(
    |                     ^^^^^^^^^^^^^^^^^
    |   File "C:\Users\Lenovo\AppData\Local\Programs\Python\Python311\Lib\site-packages\fastapi\encoders.py", line 337, in jsonable_encoder
    |     return jsonable_encoder(
    |            ^^^^^^^^^^^^^^^^^
    |   File "C:\Users\Lenovo\AppData\Local\Programs\Python\Python311\Lib\site-packages\fastapi\encoders.py", line 289, in jsonable_encoder
    |     encoded_value = jsonable_encoder(
    |                     ^^^^^^^^^^^^^^^^^
    |   File "C:\Users\Lenovo\AppData\Local\Programs\Python\Python311\Lib\site-packages\fastapi\encoders.py", line 337, in jsonable_encoder
    |     return jsonable_encoder(
    |            ^^^^^^^^^^^^^^^^^
    |   File "C:\Users\Lenovo\AppData\Local\Programs\Python\Python311\Lib\site-packages\fastapi\encoders.py", line 289, in jsonable_encoder
    |     encoded_value = jsonable_encoder(
    |                     ^^^^^^^^^^^^^^^^^
    |   File "C:\Users\Lenovo\AppData\Local\Programs\Python\Python311\Lib\site-packages\fastapi\encoders.py", line 337, in jsonable_encoder
    |     return jsonable_encoder(
    |            ^^^^^^^^^^^^^^^^^
    |   File "C:\Users\Lenovo\AppData\Local\Programs\Python\Python311\Lib\site-packages\fastapi\encoders.py", line 289, in jsonable_encoder
    |     encoded_value = jsonable_encoder(
    |                     ^^^^^^^^^^^^^^^^^
    |   File "C:\Users\Lenovo\AppData\Local\Programs\Python\Python311\Lib\site-packages\fastapi\encoders.py", line 337, in jsonable_encoder
    |     return jsonable_encoder(
    |            ^^^^^^^^^^^^^^^^^
    |   File "C:\Users\Lenovo\AppData\Local\Programs\Python\Python311\Lib\site-packages\fastapi\encoders.py", line 289, in jsonable_encoder
    |     encoded_value = jsonable_encoder(
    |                     ^^^^^^^^^^^^^^^^^
    |   File "C:\Users\Lenovo\AppData\Local\Programs\Python\Python311\Lib\site-packages\fastapi\encoders.py", line 337, in jsonable_encoder
    |     return jsonable_encoder(
    |            ^^^^^^^^^^^^^^^^^
    |   File "C:\Users\Lenovo\AppData\Local\Programs\Python\Python311\Lib\site-packages\fastapi\encoders.py", line 289, in jsonable_encoder
    |     encoded_value = jsonable_encoder(
    |                     ^^^^^^^^^^^^^^^^^
    |   File "C:\Users\Lenovo\AppData\Local\Programs\Python\Python311\Lib\site-packages\fastapi\encoders.py", line 337, in jsonable_encoder
    |     return jsonable_encoder(
    |            ^^^^^^^^^^^^^^^^^
    |   File "C:\Users\Lenovo\AppData\Local\Programs\Python\Python311\Lib\site-packages\fastapi\encoders.py", line 289, in jsonable_encoder
    |     encoded_value = jsonable_encoder(
    |                     ^^^^^^^^^^^^^^^^^
    |   File "C:\Users\Lenovo\AppData\Local\Programs\Python\Python311\Lib\site-packages\fastapi\encoders.py", line 337, in jsonable_encoder
    |     return jsonable_encoder(
    |            ^^^^^^^^^^^^^^^^^
    |   File "C:\Users\Lenovo\AppData\Local\Programs\Python\Python311\Lib\site-packages\fastapi\encoders.py", line 289, in jsonable_encoder
    |     encoded_value = jsonable_encoder(
    |                     ^^^^^^^^^^^^^^^^^
    |   File "C:\Users\Lenovo\AppData\Local\Programs\Python\Python311\Lib\site-packages\fastapi\encoders.py", line 337, in jsonable_encoder
    |     return jsonable_encoder(
    |            ^^^^^^^^^^^^^^^^^
    |   File "C:\Users\Lenovo\AppData\Local\Programs\Python\Python311\Lib\site-packages\fastapi\encoders.py", line 289, in jsonable_encoder
    |     encoded_value = jsonable_encoder(
    |                     ^^^^^^^^^^^^^^^^^
    |   File "C:\Users\Lenovo\AppData\Local\Programs\Python\Python311\Lib\site-packages\fastapi\encoders.py", line 337, in jsonable_encoder
    |     return jsonable_encoder(
    |            ^^^^^^^^^^^^^^^^^
    |   File "C:\Users\Lenovo\AppData\Local\Programs\Python\Python311\Lib\site-packages\fastapi\encoders.py", line 289, in jsonable_encoder
    |     encoded_value = jsonable_encoder(
    |                     ^^^^^^^^^^^^^^^^^
    |   File "C:\Users\Lenovo\AppData\Local\Programs\Python\Python311\Lib\site-packages\fastapi\encoders.py", line 337, in jsonable_encoder
    |     return jsonable_encoder(
    |            ^^^^^^^^^^^^^^^^^
    |   File "C:\Users\Lenovo\AppData\Local\Programs\Python\Python311\Lib\site-packages\fastapi\encoders.py", line 289, in jsonable_encoder
    |     encoded_value = jsonable_encoder(
    |                     ^^^^^^^^^^^^^^^^^
    |   File "C:\Users\Lenovo\AppData\Local\Programs\Python\Python311\Lib\site-packages\fastapi\encoders.py", line 337, in jsonable_encoder
    |     return jsonable_encoder(
    |            ^^^^^^^^^^^^^^^^^
    |   File "C:\Users\Lenovo\AppData\Local\Programs\Python\Python311\Lib\site-packages\fastapi\encoders.py", line 289, in jsonable_encoder
    |     encoded_value = jsonable_encoder(
    |                     ^^^^^^^^^^^^^^^^^
    |   File "C:\Users\Lenovo\AppData\Local\Programs\Python\Python311\Lib\site-packages\fastapi\encoders.py", line 337, in jsonable_encoder
    |     return jsonable_encoder(
    |            ^^^^^^^^^^^^^^^^^
    |   File "C:\Users\Lenovo\AppData\Local\Programs\Python\Python311\Lib\site-packages\fastapi\encoders.py", line 289, in jsonable_encoder
    |     encoded_value = jsonable_encoder(
    |                     ^^^^^^^^^^^^^^^^^
    |   File "C:\Users\Lenovo\AppData\Local\Programs\Python\Python311\Lib\site-packages\fastapi\encoders.py", line 337, in jsonable_encoder
    |     return jsonable_encoder(
    |            ^^^^^^^^^^^^^^^^^
    |   File "C:\Users\Lenovo\AppData\Local\Programs\Python\Python311\Lib\site-packages\fastapi\encoders.py", line 289, in jsonable_encoder
    |     encoded_value = jsonable_encoder(
    |                     ^^^^^^^^^^^^^^^^^
    |   File "C:\Users\Lenovo\AppData\Local\Programs\Python\Python311\Lib\site-packages\fastapi\encoders.py", line 337, in jsonable_encoder
    |     return jsonable_encoder(
    |            ^^^^^^^^^^^^^^^^^
    |   File "C:\Users\Lenovo\AppData\Local\Programs\Python\Python311\Lib\site-packages\fastapi\encoders.py", line 289, in jsonable_encoder
    |     encoded_value = jsonable_encoder(
    |                     ^^^^^^^^^^^^^^^^^
    |   File "C:\Users\Lenovo\AppData\Local\Programs\Python\Python311\Lib\site-packages\fastapi\encoders.py", line 337, in jsonable_encoder
    |     return jsonable_encoder(
    |            ^^^^^^^^^^^^^^^^^
    |   File "C:\Users\Lenovo\AppData\Local\Programs\Python\Python311\Lib\site-packages\fastapi\encoders.py", line 289, in jsonable_encoder
    |     encoded_value = jsonable_encoder(
    |                     ^^^^^^^^^^^^^^^^^
    |   File "C:\Users\Lenovo\AppData\Local\Programs\Python\Python311\Lib\site-packages\fastapi\encoders.py", line 337, in jsonable_encoder
    |     return jsonable_encoder(
    |            ^^^^^^^^^^^^^^^^^
    |   File "C:\Users\Lenovo\AppData\Local\Programs\Python\Python311\Lib\site-packages\fastapi\encoders.py", line 289, in jsonable_encoder
    |     encoded_value = jsonable_encoder(
    |                     ^^^^^^^^^^^^^^^^^
    |   File "C:\Users\Lenovo\AppData\Local\Programs\Python\Python311\Lib\site-packages\fastapi\encoders.py", line 337, in jsonable_encoder
    |     return jsonable_encoder(
    |            ^^^^^^^^^^^^^^^^^
    |   File "C:\Users\Lenovo\AppData\Local\Programs\Python\Python311\Lib\site-packages\fastapi\encoders.py", line 289, in jsonable_encoder
    |     encoded_value = jsonable_encoder(
    |                     ^^^^^^^^^^^^^^^^^
    |   File "C:\Users\Lenovo\AppData\Local\Programs\Python\Python311\Lib\site-packages\fastapi\encoders.py", line 337, in jsonable_encoder
    |     return jsonable_encoder(
    |            ^^^^^^^^^^^^^^^^^
    |   File "C:\Users\Lenovo\AppData\Local\Programs\Python\Python311\Lib\site-packages\fastapi\encoders.py", line 289, in jsonable_encoder
    |     encoded_value = jsonable_encoder(
    |                     ^^^^^^^^^^^^^^^^^
    |   File "C:\Users\Lenovo\AppData\Local\Programs\Python\Python311\Lib\site-packages\fastapi\encoders.py", line 337, in jsonable_encoder
    |     return jsonable_encoder(
    |            ^^^^^^^^^^^^^^^^^
    |   File "C:\Users\Lenovo\AppData\Local\Programs\Python\Python311\Lib\site-packages\fastapi\encoders.py", line 289, in jsonable_encoder
    |     encoded_value = jsonable_encoder(
    |                     ^^^^^^^^^^^^^^^^^
    |   File "C:\Users\Lenovo\AppData\Local\Programs\Python\Python311\Lib\site-packages\fastapi\encoders.py", line 337, in jsonable_encoder
    |     return jsonable_encoder(
    |            ^^^^^^^^^^^^^^^^^
    |   File "C:\Users\Lenovo\AppData\Local\Programs\Python\Python311\Lib\site-packages\fastapi\encoders.py", line 289, in jsonable_encoder
    |     encoded_value = jsonable_encoder(
    |                     ^^^^^^^^^^^^^^^^^
    |   File "C:\Users\Lenovo\AppData\Local\Programs\Python\Python311\Lib\site-packages\fastapi\encoders.py", line 337, in jsonable_encoder
    |     return jsonable_encoder(
    |            ^^^^^^^^^^^^^^^^^
    |   File "C:\Users\Lenovo\AppData\Local\Programs\Python\Python311\Lib\site-packages\fastapi\encoders.py", line 289, in jsonable_encoder
    |     encoded_value = jsonable_encoder(
    |                     ^^^^^^^^^^^^^^^^^
    |   File "C:\Users\Lenovo\AppData\Local\Programs\Python\Python311\Lib\site-packages\fastapi\encoders.py", line 337, in jsonable_encoder
    |     return jsonable_encoder(
    |            ^^^^^^^^^^^^^^^^^
    |   File "C:\Users\Lenovo\AppData\Local\Programs\Python\Python311\Lib\site-packages\fastapi\encoders.py", line 289, in jsonable_encoder
    |     encoded_value = jsonable_encoder(
    |                     ^^^^^^^^^^^^^^^^^
    |   File "C:\Users\Lenovo\AppData\Local\Programs\Python\Python311\Lib\site-packages\fastapi\encoders.py", line 337, in jsonable_encoder
    |     return jsonable_encoder(
    |            ^^^^^^^^^^^^^^^^^
    |   File "C:\Users\Lenovo\AppData\Local\Programs\Python\Python311\Lib\site-packages\fastapi\encoders.py", line 289, in jsonable_encoder
    |     encoded_value = jsonable_encoder(
    |                     ^^^^^^^^^^^^^^^^^
    |   File "C:\Users\Lenovo\AppData\Local\Programs\Python\Python311\Lib\site-packages\fastapi\encoders.py", line 337, in jsonable_encoder
    |     return jsonable_encoder(
    |            ^^^^^^^^^^^^^^^^^
    |   File "C:\Users\Lenovo\AppData\Local\Programs\Python\Python311\Lib\site-packages\fastapi\encoders.py", line 289, in jsonable_encoder
    |     encoded_value = jsonable_encoder(
    |                     ^^^^^^^^^^^^^^^^^
    |   File "C:\Users\Lenovo\AppData\Local\Programs\Python\Python311\Lib\site-packages\fastapi\encoders.py", line 337, in jsonable_encoder
    |     return jsonable_encoder(
    |            ^^^^^^^^^^^^^^^^^
    |   File "C:\Users\Lenovo\AppData\Local\Programs\Python\Python311\Lib\site-packages\fastapi\encoders.py", line 289, in jsonable_encoder
    |     encoded_value = jsonable_encoder(
    |                     ^^^^^^^^^^^^^^^^^
    |   File "C:\Users\Lenovo\AppData\Local\Programs\Python\Python311\Lib\site-packages\fastapi\encoders.py", line 337, in jsonable_encoder
    |     return jsonable_encoder(
    |            ^^^^^^^^^^^^^^^^^
    |   File "C:\Users\Lenovo\AppData\Local\Programs\Python\Python311\Lib\site-packages\fastapi\encoders.py", line 289, in jsonable_encoder
    |     encoded_value = jsonable_encoder(
    |                     ^^^^^^^^^^^^^^^^^
    |   File "C:\Users\Lenovo\AppData\Local\Programs\Python\Python311\Lib\site-packages\fastapi\encoders.py", line 337, in jsonable_encoder
    |     return jsonable_encoder(
    |            ^^^^^^^^^^^^^^^^^
    |   File "C:\Users\Lenovo\AppData\Local\Programs\Python\Python311\Lib\site-packages\fastapi\encoders.py", line 289, in jsonable_encoder
    |     encoded_value = jsonable_encoder(
    |                     ^^^^^^^^^^^^^^^^^
    |   File "C:\Users\Lenovo\AppData\Local\Programs\Python\Python311\Lib\site-packages\fastapi\encoders.py", line 337, in jsonable_encoder
    |     return jsonable_encoder(
    |            ^^^^^^^^^^^^^^^^^
    |   File "C:\Users\Lenovo\AppData\Local\Programs\Python\Python311\Lib\site-packages\fastapi\encoders.py", line 289, in jsonable_encoder
    |     encoded_value = jsonable_encoder(
    |                     ^^^^^^^^^^^^^^^^^
    |   File "C:\Users\Lenovo\AppData\Local\Programs\Python\Python311\Lib\site-packages\fastapi\encoders.py", line 337, in jsonable_encoder
    |     return jsonable_encoder(
    |            ^^^^^^^^^^^^^^^^^
    |   File "C:\Users\Lenovo\AppData\Local\Programs\Python\Python311\Lib\site-packages\fastapi\encoders.py", line 289, in jsonable_encoder
    |     encoded_value = jsonable_encoder(
    |                     ^^^^^^^^^^^^^^^^^
    |   File "C:\Users\Lenovo\AppData\Local\Programs\Python\Python311\Lib\site-packages\fastapi\encoders.py", line 337, in jsonable_encoder
    |     return jsonable_encoder(
    |            ^^^^^^^^^^^^^^^^^
    |   File "C:\Users\Lenovo\AppData\Local\Programs\Python\Python311\Lib\site-packages\fastapi\encoders.py", line 289, in jsonable_encoder
    |     encoded_value = jsonable_encoder(
    |                     ^^^^^^^^^^^^^^^^^
    |   File "C:\Users\Lenovo\AppData\Local\Programs\Python\Python311\Lib\site-packages\fastapi\encoders.py", line 337, in jsonable_encoder
    |     return jsonable_encoder(
    |            ^^^^^^^^^^^^^^^^^
    |   File "C:\Users\Lenovo\AppData\Local\Programs\Python\Python311\Lib\site-packages\fastapi\encoders.py", line 289, in jsonable_encoder
    |     encoded_value = jsonable_encoder(
    |                     ^^^^^^^^^^^^^^^^^
    |   File "C:\Users\Lenovo\AppData\Local\Programs\Python\Python311\Lib\site-packages\fastapi\encoders.py", line 337, in jsonable_encoder
    |     return jsonable_encoder(
    |            ^^^^^^^^^^^^^^^^^
    |   File "C:\Users\Lenovo\AppData\Local\Programs\Python\Python311\Lib\site-packages\fastapi\encoders.py", line 289, in jsonable_encoder
    |     encoded_value = jsonable_encoder(
    |                     ^^^^^^^^^^^^^^^^^
    |   File "C:\Users\Lenovo\AppData\Local\Programs\Python\Python311\Lib\site-packages\fastapi\encoders.py", line 337, in jsonable_encoder
    |     return jsonable_encoder(
    |            ^^^^^^^^^^^^^^^^^
    |   File "C:\Users\Lenovo\AppData\Local\Programs\Python\Python311\Lib\site-packages\fastapi\encoders.py", line 289, in jsonable_encoder
    |     encoded_value = jsonable_encoder(
    |                     ^^^^^^^^^^^^^^^^^
    |   File "C:\Users\Lenovo\AppData\Local\Programs\Python\Python311\Lib\site-packages\fastapi\encoders.py", line 337, in jsonable_encoder
    |     return jsonable_encoder(
    |            ^^^^^^^^^^^^^^^^^
    |   File "C:\Users\Lenovo\AppData\Local\Programs\Python\Python311\Lib\site-packages\fastapi\encoders.py", line 289, in jsonable_encoder
    |     encoded_value = jsonable_encoder(
    |                     ^^^^^^^^^^^^^^^^^
    |   File "C:\Users\Lenovo\AppData\Local\Programs\Python\Python311\Lib\site-packages\fastapi\encoders.py", line 337, in jsonable_encoder
    |     return jsonable_encoder(
    |            ^^^^^^^^^^^^^^^^^
    |   File "C:\Users\Lenovo\AppData\Local\Programs\Python\Python311\Lib\site-packages\fastapi\encoders.py", line 289, in jsonable_encoder
    |     encoded_value = jsonable_encoder(
    |                     ^^^^^^^^^^^^^^^^^
    |   File "C:\Users\Lenovo\AppData\Local\Programs\Python\Python311\Lib\site-packages\fastapi\encoders.py", line 337, in jsonable_encoder
    |     return jsonable_encoder(
    |            ^^^^^^^^^^^^^^^^^
    |   File "C:\Users\Lenovo\AppData\Local\Programs\Python\Python311\Lib\site-packages\fastapi\encoders.py", line 289, in jsonable_encoder
    |     encoded_value = jsonable_encoder(
    |                     ^^^^^^^^^^^^^^^^^
    |   File "C:\Users\Lenovo\AppData\Local\Programs\Python\Python311\Lib\site-packages\fastapi\encoders.py", line 337, in jsonable_encoder
    |     return jsonable_encoder(
    |            ^^^^^^^^^^^^^^^^^
    |   File "C:\Users\Lenovo\AppData\Local\Programs\Python\Python311\Lib\site-packages\fastapi\encoders.py", line 289, in jsonable_encoder
    |     encoded_value = jsonable_encoder(
    |                     ^^^^^^^^^^^^^^^^^
    |   File "C:\Users\Lenovo\AppData\Local\Programs\Python\Python311\Lib\site-packages\fastapi\encoders.py", line 337, in jsonable_encoder
    |     return jsonable_encoder(
    |            ^^^^^^^^^^^^^^^^^
    |   File "C:\Users\Lenovo\AppData\Local\Programs\Python\Python311\Lib\site-packages\fastapi\encoders.py", line 289, in jsonable_encoder
    |     encoded_value = jsonable_encoder(
    |                     ^^^^^^^^^^^^^^^^^
    |   File "C:\Users\Lenovo\AppData\Local\Programs\Python\Python311\Lib\site-packages\fastapi\encoders.py", line 337, in jsonable_encoder
    |     return jsonable_encoder(
    |            ^^^^^^^^^^^^^^^^^
    |   File "C:\Users\Lenovo\AppData\Local\Programs\Python\Python311\Lib\site-packages\fastapi\encoders.py", line 289, in jsonable_encoder
    |     encoded_value = jsonable_encoder(
    |                     ^^^^^^^^^^^^^^^^^
    |   File "C:\Users\Lenovo\AppData\Local\Programs\Python\Python311\Lib\site-packages\fastapi\encoders.py", line 337, in jsonable_encoder
    |     return jsonable_encoder(
    |            ^^^^^^^^^^^^^^^^^
    |   File "C:\Users\Lenovo\AppData\Local\Programs\Python\Python311\Lib\site-packages\fastapi\encoders.py", line 289, in jsonable_encoder
    |     encoded_value = jsonable_encoder(
    |                     ^^^^^^^^^^^^^^^^^
    |   File "C:\Users\Lenovo\AppData\Local\Programs\Python\Python311\Lib\site-packages\fastapi\encoders.py", line 337, in jsonable_encoder
    |     return jsonable_encoder(
    |            ^^^^^^^^^^^^^^^^^
    |   File "C:\Users\Lenovo\AppData\Local\Programs\Python\Python311\Lib\site-packages\fastapi\encoders.py", line 289, in jsonable_encoder
    |     encoded_value = jsonable_encoder(
    |                     ^^^^^^^^^^^^^^^^^
    |   File "C:\Users\Lenovo\AppData\Local\Programs\Python\Python311\Lib\site-packages\fastapi\encoders.py", line 337, in jsonable_encoder
    |     return jsonable_encoder(
    |            ^^^^^^^^^^^^^^^^^
    |   File "C:\Users\Lenovo\AppData\Local\Programs\Python\Python311\Lib\site-packages\fastapi\encoders.py", line 289, in jsonable_encoder
    |     encoded_value = jsonable_encoder(
    |                     ^^^^^^^^^^^^^^^^^
    |   File "C:\Users\Lenovo\AppData\Local\Programs\Python\Python311\Lib\site-packages\fastapi\encoders.py", line 337, in jsonable_encoder
    |     return jsonable_encoder(
    |            ^^^^^^^^^^^^^^^^^
    |   File "C:\Users\Lenovo\AppData\Local\Programs\Python\Python311\Lib\site-packages\fastapi\encoders.py", line 289, in jsonable_encoder
    |     encoded_value = jsonable_encoder(
    |                     ^^^^^^^^^^^^^^^^^
    |   File "C:\Users\Lenovo\AppData\Local\Programs\Python\Python311\Lib\site-packages\fastapi\encoders.py", line 337, in jsonable_encoder
    |     return jsonable_encoder(
    |            ^^^^^^^^^^^^^^^^^
    |   File "C:\Users\Lenovo\AppData\Local\Programs\Python\Python311\Lib\site-packages\fastapi\encoders.py", line 289, in jsonable_encoder
    |     encoded_value = jsonable_encoder(
    |                     ^^^^^^^^^^^^^^^^^
    |   File "C:\Users\Lenovo\AppData\Local\Programs\Python\Python311\Lib\site-packages\fastapi\encoders.py", line 337, in jsonable_encoder
    |     return jsonable_encoder(
    |            ^^^^^^^^^^^^^^^^^
    |   File "C:\Users\Lenovo\AppData\Local\Programs\Python\Python311\Lib\site-packages\fastapi\encoders.py", line 289, in jsonable_encoder
    |     encoded_value = jsonable_encoder(
    |                     ^^^^^^^^^^^^^^^^^
    |   File "C:\Users\Lenovo\AppData\Local\Programs\Python\Python311\Lib\site-packages\fastapi\encoders.py", line 337, in jsonable_encoder
    |     return jsonable_encoder(
    |            ^^^^^^^^^^^^^^^^^
    |   File "C:\Users\Lenovo\AppData\Local\Programs\Python\Python311\Lib\site-packages\fastapi\encoders.py", line 289, in jsonable_encoder
    |     encoded_value = jsonable_encoder(
    |                     ^^^^^^^^^^^^^^^^^
    |   File "C:\Users\Lenovo\AppData\Local\Programs\Python\Python311\Lib\site-packages\fastapi\encoders.py", line 337, in jsonable_encoder
    |     return jsonable_encoder(
    |            ^^^^^^^^^^^^^^^^^
    |   File "C:\Users\Lenovo\AppData\Local\Programs\Python\Python311\Lib\site-packages\fastapi\encoders.py", line 289, in jsonable_encoder
    |     encoded_value = jsonable_encoder(
    |                     ^^^^^^^^^^^^^^^^^
    |   File "C:\Users\Lenovo\AppData\Local\Programs\Python\Python311\Lib\site-packages\fastapi\encoders.py", line 337, in jsonable_encoder
    |     return jsonable_encoder(
    |            ^^^^^^^^^^^^^^^^^
    |   File "C:\Users\Lenovo\AppData\Local\Programs\Python\Python311\Lib\site-packages\fastapi\encoders.py", line 289, in jsonable_encoder
    |     encoded_value = jsonable_encoder(
    |                     ^^^^^^^^^^^^^^^^^
    |   File "C:\Users\Lenovo\AppData\Local\Programs\Python\Python311\Lib\site-packages\fastapi\encoders.py", line 337, in jsonable_encoder
    |     return jsonable_encoder(
    |            ^^^^^^^^^^^^^^^^^
    |   File "C:\Users\Lenovo\AppData\Local\Programs\Python\Python311\Lib\site-packages\fastapi\encoders.py", line 289, in jsonable_encoder
    |     encoded_value = jsonable_encoder(
    |                     ^^^^^^^^^^^^^^^^^
    |   File "C:\Users\Lenovo\AppData\Local\Programs\Python\Python311\Lib\site-packages\fastapi\encoders.py", line 337, in jsonable_encoder
    |     return jsonable_encoder(
    |            ^^^^^^^^^^^^^^^^^
    |   File "C:\Users\Lenovo\AppData\Local\Programs\Python\Python311\Lib\site-packages\fastapi\encoders.py", line 289, in jsonable_encoder
    |     encoded_value = jsonable_encoder(
    |                     ^^^^^^^^^^^^^^^^^
    |   File "C:\Users\Lenovo\AppData\Local\Programs\Python\Python311\Lib\site-packages\fastapi\encoders.py", line 337, in jsonable_encoder
    |     return jsonable_encoder(
    |            ^^^^^^^^^^^^^^^^^
    |   File "C:\Users\Lenovo\AppData\Local\Programs\Python\Python311\Lib\site-packages\fastapi\encoders.py", line 289, in jsonable_encoder
    |     encoded_value = jsonable_encoder(
    |                     ^^^^^^^^^^^^^^^^^
    |   File "C:\Users\Lenovo\AppData\Local\Programs\Python\Python311\Lib\site-packages\fastapi\encoders.py", line 337, in jsonable_encoder
    |     return jsonable_encoder(
    |            ^^^^^^^^^^^^^^^^^
    |   File "C:\Users\Lenovo\AppData\Local\Programs\Python\Python311\Lib\site-packages\fastapi\encoders.py", line 289, in jsonable_encoder
    |     encoded_value = jsonable_encoder(
    |                     ^^^^^^^^^^^^^^^^^
    |   File "C:\Users\Lenovo\AppData\Local\Programs\Python\Python311\Lib\site-packages\fastapi\encoders.py", line 337, in jsonable_encoder
    |     return jsonable_encoder(
    |            ^^^^^^^^^^^^^^^^^
    |   File "C:\Users\Lenovo\AppData\Local\Programs\Python\Python311\Lib\site-packages\fastapi\encoders.py", line 289, in jsonable_encoder
    |     encoded_value = jsonable_encoder(
    |                     ^^^^^^^^^^^^^^^^^
    |   File "C:\Users\Lenovo\AppData\Local\Programs\Python\Python311\Lib\site-packages\fastapi\encoders.py", line 337, in jsonable_encoder
    |     return jsonable_encoder(
    |            ^^^^^^^^^^^^^^^^^
    |   File "C:\Users\Lenovo\AppData\Local\Programs\Python\Python311\Lib\site-packages\fastapi\encoders.py", line 289, in jsonable_encoder
    |     encoded_value = jsonable_encoder(
    |                     ^^^^^^^^^^^^^^^^^
    |   File "C:\Users\Lenovo\AppData\Local\Programs\Python\Python311\Lib\site-packages\fastapi\encoders.py", line 337, in jsonable_encoder
    |     return jsonable_encoder(
    |            ^^^^^^^^^^^^^^^^^
    |   File "C:\Users\Lenovo\AppData\Local\Programs\Python\Python311\Lib\site-packages\fastapi\encoders.py", line 289, in jsonable_encoder
    |     encoded_value = jsonable_encoder(
    |                     ^^^^^^^^^^^^^^^^^
    |   File "C:\Users\Lenovo\AppData\Local\Programs\Python\Python311\Lib\site-packages\fastapi\encoders.py", line 337, in jsonable_encoder
    |     return jsonable_encoder(
    |            ^^^^^^^^^^^^^^^^^
    |   File "C:\Users\Lenovo\AppData\Local\Programs\Python\Python311\Lib\site-packages\fastapi\encoders.py", line 289, in jsonable_encoder
    |     encoded_value = jsonable_encoder(
    |                     ^^^^^^^^^^^^^^^^^
    |   File "C:\Users\Lenovo\AppData\Local\Programs\Python\Python311\Lib\site-packages\fastapi\encoders.py", line 337, in jsonable_encoder
    |     return jsonable_encoder(
    |            ^^^^^^^^^^^^^^^^^
    |   File "C:\Users\Lenovo\AppData\Local\Programs\Python\Python311\Lib\site-packages\fastapi\encoders.py", line 289, in jsonable_encoder
    |     encoded_value = jsonable_encoder(
    |                     ^^^^^^^^^^^^^^^^^
    |   File "C:\Users\Lenovo\AppData\Local\Programs\Python\Python311\Lib\site-packages\fastapi\encoders.py", line 337, in jsonable_encoder
    |     return jsonable_encoder(
    |            ^^^^^^^^^^^^^^^^^
    |   File "C:\Users\Lenovo\AppData\Local\Programs\Python\Python311\Lib\site-packages\fastapi\encoders.py", line 289, in jsonable_encoder
    |     encoded_value = jsonable_encoder(
    |                     ^^^^^^^^^^^^^^^^^
    |   File "C:\Users\Lenovo\AppData\Local\Programs\Python\Python311\Lib\site-packages\fastapi\encoders.py", line 337, in jsonable_encoder
    |     return jsonable_encoder(
    |            ^^^^^^^^^^^^^^^^^
    |   File "C:\Users\Lenovo\AppData\Local\Programs\Python\Python311\Lib\site-packages\fastapi\encoders.py", line 289, in jsonable_encoder
    |     encoded_value = jsonable_encoder(
    |                     ^^^^^^^^^^^^^^^^^
    |   File "C:\Users\Lenovo\AppData\Local\Programs\Python\Python311\Lib\site-packages\fastapi\encoders.py", line 337, in jsonable_encoder
    |     return jsonable_encoder(
    |            ^^^^^^^^^^^^^^^^^
    |   File "C:\Users\Lenovo\AppData\Local\Programs\Python\Python311\Lib\site-packages\fastapi\encoders.py", line 289, in jsonable_encoder
    |     encoded_value = jsonable_encoder(
    |                     ^^^^^^^^^^^^^^^^^
    |   File "C:\Users\Lenovo\AppData\Local\Programs\Python\Python311\Lib\site-packages\fastapi\encoders.py", line 337, in jsonable_encoder
    |     return jsonable_encoder(
    |            ^^^^^^^^^^^^^^^^^
    |   File "C:\Users\Lenovo\AppData\Local\Programs\Python\Python311\Lib\site-packages\fastapi\encoders.py", line 289, in jsonable_encoder
    |     encoded_value = jsonable_encoder(
    |                     ^^^^^^^^^^^^^^^^^
    |   File "C:\Users\Lenovo\AppData\Local\Programs\Python\Python311\Lib\site-packages\fastapi\encoders.py", line 337, in jsonable_encoder
    |     return jsonable_encoder(
    |            ^^^^^^^^^^^^^^^^^
    |   File "C:\Users\Lenovo\AppData\Local\Programs\Python\Python311\Lib\site-packages\fastapi\encoders.py", line 289, in jsonable_encoder
    |     encoded_value = jsonable_encoder(
    |                     ^^^^^^^^^^^^^^^^^
    |   File "C:\Users\Lenovo\AppData\Local\Programs\Python\Python311\Lib\site-packages\fastapi\encoders.py", line 337, in jsonable_encoder
    |     return jsonable_encoder(
    |            ^^^^^^^^^^^^^^^^^
    |   File "C:\Users\Lenovo\AppData\Local\Programs\Python\Python311\Lib\site-packages\fastapi\encoders.py", line 289, in jsonable_encoder
    |     encoded_value = jsonable_encoder(
    |                     ^^^^^^^^^^^^^^^^^
    |   File "C:\Users\Lenovo\AppData\Local\Programs\Python\Python311\Lib\site-packages\fastapi\encoders.py", line 337, in jsonable_encoder
    |     return jsonable_encoder(
    |            ^^^^^^^^^^^^^^^^^
    |   File "C:\Users\Lenovo\AppData\Local\Programs\Python\Python311\Lib\site-packages\fastapi\encoders.py", line 289, in jsonable_encoder
    |     encoded_value = jsonable_encoder(
    |                     ^^^^^^^^^^^^^^^^^
    |   File "C:\Users\Lenovo\AppData\Local\Programs\Python\Python311\Lib\site-packages\fastapi\encoders.py", line 337, in jsonable_encoder
    |     return jsonable_encoder(
    |            ^^^^^^^^^^^^^^^^^
    |   File "C:\Users\Lenovo\AppData\Local\Programs\Python\Python311\Lib\site-packages\fastapi\encoders.py", line 289, in jsonable_encoder
    |     encoded_value = jsonable_encoder(
    |                     ^^^^^^^^^^^^^^^^^
    |   File "C:\Users\Lenovo\AppData\Local\Programs\Python\Python311\Lib\site-packages\fastapi\encoders.py", line 337, in jsonable_encoder
    |     return jsonable_encoder(
    |            ^^^^^^^^^^^^^^^^^
    |   File "C:\Users\Lenovo\AppData\Local\Programs\Python\Python311\Lib\site-packages\fastapi\encoders.py", line 289, in jsonable_encoder
    |     encoded_value = jsonable_encoder(
    |                     ^^^^^^^^^^^^^^^^^
    |   File "C:\Users\Lenovo\AppData\Local\Programs\Python\Python311\Lib\site-packages\fastapi\encoders.py", line 337, in jsonable_encoder
    |     return jsonable_encoder(
    |            ^^^^^^^^^^^^^^^^^
    |   File "C:\Users\Lenovo\AppData\Local\Programs\Python\Python311\Lib\site-packages\fastapi\encoders.py", line 289, in jsonable_encoder
    |     encoded_value = jsonable_encoder(
    |                     ^^^^^^^^^^^^^^^^^
    |   File "C:\Users\Lenovo\AppData\Local\Programs\Python\Python311\Lib\site-packages\fastapi\encoders.py", line 337, in jsonable_encoder
    |     return jsonable_encoder(
    |            ^^^^^^^^^^^^^^^^^
    |   File "C:\Users\Lenovo\AppData\Local\Programs\Python\Python311\Lib\site-packages\fastapi\encoders.py", line 289, in jsonable_encoder
    |     encoded_value = jsonable_encoder(
    |                     ^^^^^^^^^^^^^^^^^
    |   File "C:\Users\Lenovo\AppData\Local\Programs\Python\Python311\Lib\site-packages\fastapi\encoders.py", line 337, in jsonable_encoder
    |     return jsonable_encoder(
    |            ^^^^^^^^^^^^^^^^^
    |   File "C:\Users\Lenovo\AppData\Local\Programs\Python\Python311\Lib\site-packages\fastapi\encoders.py", line 289, in jsonable_encoder
    |     encoded_value = jsonable_encoder(
    |                     ^^^^^^^^^^^^^^^^^
    |   File "C:\Users\Lenovo\AppData\Local\Programs\Python\Python311\Lib\site-packages\fastapi\encoders.py", line 337, in jsonable_encoder
    |     return jsonable_encoder(
    |            ^^^^^^^^^^^^^^^^^
    |   File "C:\Users\Lenovo\AppData\Local\Programs\Python\Python311\Lib\site-packages\fastapi\encoders.py", line 289, in jsonable_encoder
    |     encoded_value = jsonable_encoder(
    |                     ^^^^^^^^^^^^^^^^^
    |   File "C:\Users\Lenovo\AppData\Local\Programs\Python\Python311\Lib\site-packages\fastapi\encoders.py", line 337, in jsonable_encoder
    |     return jsonable_encoder(
    |            ^^^^^^^^^^^^^^^^^
    |   File "C:\Users\Lenovo\AppData\Local\Programs\Python\Python311\Lib\site-packages\fastapi\encoders.py", line 289, in jsonable_encoder
    |     encoded_value = jsonable_encoder(
    |                     ^^^^^^^^^^^^^^^^^
    |   File "C:\Users\Lenovo\AppData\Local\Programs\Python\Python311\Lib\site-packages\fastapi\encoders.py", line 337, in jsonable_encoder
    |     return jsonable_encoder(
    |            ^^^^^^^^^^^^^^^^^
    |   File "C:\Users\Lenovo\AppData\Local\Programs\Python\Python311\Lib\site-packages\fastapi\encoders.py", line 289, in jsonable_encoder
    |     encoded_value = jsonable_encoder(
    |                     ^^^^^^^^^^^^^^^^^
    |   File "C:\Users\Lenovo\AppData\Local\Programs\Python\Python311\Lib\site-packages\fastapi\encoders.py", line 337, in jsonable_encoder
    |     return jsonable_encoder(
    |            ^^^^^^^^^^^^^^^^^
    |   File "C:\Users\Lenovo\AppData\Local\Programs\Python\Python311\Lib\site-packages\fastapi\encoders.py", line 289, in jsonable_encoder
    |     encoded_value = jsonable_encoder(
    |                     ^^^^^^^^^^^^^^^^^
    |   File "C:\Users\Lenovo\AppData\Local\Programs\Python\Python311\Lib\site-packages\fastapi\encoders.py", line 337, in jsonable_encoder
    |     return jsonable_encoder(
    |            ^^^^^^^^^^^^^^^^^
    |   File "C:\Users\Lenovo\AppData\Local\Programs\Python\Python311\Lib\site-packages\fastapi\encoders.py", line 289, in jsonable_encoder
    |     encoded_value = jsonable_encoder(
    |                     ^^^^^^^^^^^^^^^^^
    |   File "C:\Users\Lenovo\AppData\Local\Programs\Python\Python311\Lib\site-packages\fastapi\encoders.py", line 337, in jsonable_encoder
    |     return jsonable_encoder(
    |            ^^^^^^^^^^^^^^^^^
    |   File "C:\Users\Lenovo\AppData\Local\Programs\Python\Python311\Lib\site-packages\fastapi\encoders.py", line 289, in jsonable_encoder
    |     encoded_value = jsonable_encoder(
    |                     ^^^^^^^^^^^^^^^^^
    |   File "C:\Users\Lenovo\AppData\Local\Programs\Python\Python311\Lib\site-packages\fastapi\encoders.py", line 337, in jsonable_encoder
    |     return jsonable_encoder(
    |            ^^^^^^^^^^^^^^^^^
    |   File "C:\Users\Lenovo\AppData\Local\Programs\Python\Python311\Lib\site-packages\fastapi\encoders.py", line 289, in jsonable_encoder
    |     encoded_value = jsonable_encoder(
    |                     ^^^^^^^^^^^^^^^^^
    |   File "C:\Users\Lenovo\AppData\Local\Programs\Python\Python311\Lib\site-packages\fastapi\encoders.py", line 337, in jsonable_encoder
    |     return jsonable_encoder(
    |            ^^^^^^^^^^^^^^^^^
    |   File "C:\Users\Lenovo\AppData\Local\Programs\Python\Python311\Lib\site-packages\fastapi\encoders.py", line 289, in jsonable_encoder
    |     encoded_value = jsonable_encoder(
    |                     ^^^^^^^^^^^^^^^^^
    |   File "C:\Users\Lenovo\AppData\Local\Programs\Python\Python311\Lib\site-packages\fastapi\encoders.py", line 337, in jsonable_encoder
    |     return jsonable_encoder(
    |            ^^^^^^^^^^^^^^^^^
    |   File "C:\Users\Lenovo\AppData\Local\Programs\Python\Python311\Lib\site-packages\fastapi\encoders.py", line 289, in jsonable_encoder
    |     encoded_value = jsonable_encoder(
    |                     ^^^^^^^^^^^^^^^^^
    |   File "C:\Users\Lenovo\AppData\Local\Programs\Python\Python311\Lib\site-packages\fastapi\encoders.py", line 337, in jsonable_encoder
    |     return jsonable_encoder(
    |            ^^^^^^^^^^^^^^^^^
    |   File "C:\Users\Lenovo\AppData\Local\Programs\Python\Python311\Lib\site-packages\fastapi\encoders.py", line 289, in jsonable_encoder
    |     encoded_value = jsonable_encoder(
    |                     ^^^^^^^^^^^^^^^^^
    |   File "C:\Users\Lenovo\AppData\Local\Programs\Python\Python311\Lib\site-packages\fastapi\encoders.py", line 337, in jsonable_encoder
    |     return jsonable_encoder(
    |            ^^^^^^^^^^^^^^^^^
    |   File "C:\Users\Lenovo\AppData\Local\Programs\Python\Python311\Lib\site-packages\fastapi\encoders.py", line 289, in jsonable_encoder
    |     encoded_value = jsonable_encoder(
    |                     ^^^^^^^^^^^^^^^^^
    |   File "C:\Users\Lenovo\AppData\Local\Programs\Python\Python311\Lib\site-packages\fastapi\encoders.py", line 337, in jsonable_encoder
    |     return jsonable_encoder(
    |            ^^^^^^^^^^^^^^^^^
    |   File "C:\Users\Lenovo\AppData\Local\Programs\Python\Python311\Lib\site-packages\fastapi\encoders.py", line 289, in jsonable_encoder
    |     encoded_value = jsonable_encoder(
    |                     ^^^^^^^^^^^^^^^^^
    |   File "C:\Users\Lenovo\AppData\Local\Programs\Python\Python311\Lib\site-packages\fastapi\encoders.py", line 337, in jsonable_encoder
    |     return jsonable_encoder(
    |            ^^^^^^^^^^^^^^^^^
    |   File "C:\Users\Lenovo\AppData\Local\Programs\Python\Python311\Lib\site-packages\fastapi\encoders.py", line 289, in jsonable_encoder
    |     encoded_value = jsonable_encoder(
    |                     ^^^^^^^^^^^^^^^^^
    |   File "C:\Users\Lenovo\AppData\Local\Programs\Python\Python311\Lib\site-packages\fastapi\encoders.py", line 337, in jsonable_encoder
    |     return jsonable_encoder(
    |            ^^^^^^^^^^^^^^^^^
    |   File "C:\Users\Lenovo\AppData\Local\Programs\Python\Python311\Lib\site-packages\fastapi\encoders.py", line 289, in jsonable_encoder
    |     encoded_value = jsonable_encoder(
    |                     ^^^^^^^^^^^^^^^^^
    |   File "C:\Users\Lenovo\AppData\Local\Programs\Python\Python311\Lib\site-packages\fastapi\encoders.py", line 337, in jsonable_encoder
    |     return jsonable_encoder(
    |            ^^^^^^^^^^^^^^^^^
    |   File "C:\Users\Lenovo\AppData\Local\Programs\Python\Python311\Lib\site-packages\fastapi\encoders.py", line 289, in jsonable_encoder
    |     encoded_value = jsonable_encoder(
    |                     ^^^^^^^^^^^^^^^^^
    |   File "C:\Users\Lenovo\AppData\Local\Programs\Python\Python311\Lib\site-packages\fastapi\encoders.py", line 337, in jsonable_encoder
    |     return jsonable_encoder(
    |            ^^^^^^^^^^^^^^^^^
    |   File "C:\Users\Lenovo\AppData\Local\Programs\Python\Python311\Lib\site-packages\fastapi\encoders.py", line 289, in jsonable_encoder
    |     encoded_value = jsonable_encoder(
    |                     ^^^^^^^^^^^^^^^^^
    |   File "C:\Users\Lenovo\AppData\Local\Programs\Python\Python311\Lib\site-packages\fastapi\encoders.py", line 337, in jsonable_encoder
    |     return jsonable_encoder(
    |            ^^^^^^^^^^^^^^^^^
    |   File "C:\Users\Lenovo\AppData\Local\Programs\Python\Python311\Lib\site-packages\fastapi\encoders.py", line 289, in jsonable_encoder
    |     encoded_value = jsonable_encoder(
    |                     ^^^^^^^^^^^^^^^^^
    |   File "C:\Users\Lenovo\AppData\Local\Programs\Python\Python311\Lib\site-packages\fastapi\encoders.py", line 337, in jsonable_encoder
    |     return jsonable_encoder(
    |            ^^^^^^^^^^^^^^^^^
    |   File "C:\Users\Lenovo\AppData\Local\Programs\Python\Python311\Lib\site-packages\fastapi\encoders.py", line 289, in jsonable_encoder
    |     encoded_value = jsonable_encoder(
    |                     ^^^^^^^^^^^^^^^^^
    |   File "C:\Users\Lenovo\AppData\Local\Programs\Python\Python311\Lib\site-packages\fastapi\encoders.py", line 337, in jsonable_encoder
    |     return jsonable_encoder(
    |            ^^^^^^^^^^^^^^^^^
    |   File "C:\Users\Lenovo\AppData\Local\Programs\Python\Python311\Lib\site-packages\fastapi\encoders.py", line 289, in jsonable_encoder
    |     encoded_value = jsonable_encoder(
    |                     ^^^^^^^^^^^^^^^^^
    |   File "C:\Users\Lenovo\AppData\Local\Programs\Python\Python311\Lib\site-packages\fastapi\encoders.py", line 337, in jsonable_encoder
    |     return jsonable_encoder(
    |            ^^^^^^^^^^^^^^^^^
    |   File "C:\Users\Lenovo\AppData\Local\Programs\Python\Python311\Lib\site-packages\fastapi\encoders.py", line 289, in jsonable_encoder
    |     encoded_value = jsonable_encoder(
    |                     ^^^^^^^^^^^^^^^^^
    |   File "C:\Users\Lenovo\AppData\Local\Programs\Python\Python311\Lib\site-packages\fastapi\encoders.py", line 337, in jsonable_encoder
    |     return jsonable_encoder(
    |            ^^^^^^^^^^^^^^^^^
    |   File "C:\Users\Lenovo\AppData\Local\Programs\Python\Python311\Lib\site-packages\fastapi\encoders.py", line 289, in jsonable_encoder
    |     encoded_value = jsonable_encoder(
    |                     ^^^^^^^^^^^^^^^^^
    |   File "C:\Users\Lenovo\AppData\Local\Programs\Python\Python311\Lib\site-packages\fastapi\encoders.py", line 337, in jsonable_encoder
    |     return jsonable_encoder(
    |            ^^^^^^^^^^^^^^^^^
    |   File "C:\Users\Lenovo\AppData\Local\Programs\Python\Python311\Lib\site-packages\fastapi\encoders.py", line 289, in jsonable_encoder
    |     encoded_value = jsonable_encoder(
    |                     ^^^^^^^^^^^^^^^^^
    |   File "C:\Users\Lenovo\AppData\Local\Programs\Python\Python311\Lib\site-packages\fastapi\encoders.py", line 337, in jsonable_encoder
    |     return jsonable_encoder(
    |            ^^^^^^^^^^^^^^^^^
    |   File "C:\Users\Lenovo\AppData\Local\Programs\Python\Python311\Lib\site-packages\fastapi\encoders.py", line 289, in jsonable_encoder
    |     encoded_value = jsonable_encoder(
    |                     ^^^^^^^^^^^^^^^^^
    |   File "C:\Users\Lenovo\AppData\Local\Programs\Python\Python311\Lib\site-packages\fastapi\encoders.py", line 337, in jsonable_encoder
    |     return jsonable_encoder(
    |            ^^^^^^^^^^^^^^^^^
    |   File "C:\Users\Lenovo\AppData\Local\Programs\Python\Python311\Lib\site-packages\fastapi\encoders.py", line 289, in jsonable_encoder
    |     encoded_value = jsonable_encoder(
    |                     ^^^^^^^^^^^^^^^^^
    |   File "C:\Users\Lenovo\AppData\Local\Programs\Python\Python311\Lib\site-packages\fastapi\encoders.py", line 337, in jsonable_encoder
    |     return jsonable_encoder(
    |            ^^^^^^^^^^^^^^^^^
    |   File "C:\Users\Lenovo\AppData\Local\Programs\Python\Python311\Lib\site-packages\fastapi\encoders.py", line 289, in jsonable_encoder
    |     encoded_value = jsonable_encoder(
    |                     ^^^^^^^^^^^^^^^^^
    |   File "C:\Users\Lenovo\AppData\Local\Programs\Python\Python311\Lib\site-packages\fastapi\encoders.py", line 337, in jsonable_encoder
    |     return jsonable_encoder(
    |            ^^^^^^^^^^^^^^^^^
    |   File "C:\Users\Lenovo\AppData\Local\Programs\Python\Python311\Lib\site-packages\fastapi\encoders.py", line 289, in jsonable_encoder
    |     encoded_value = jsonable_encoder(
    |                     ^^^^^^^^^^^^^^^^^
    |   File "C:\Users\Lenovo\AppData\Local\Programs\Python\Python311\Lib\site-packages\fastapi\encoders.py", line 337, in jsonable_encoder
    |     return jsonable_encoder(
    |            ^^^^^^^^^^^^^^^^^
    |   File "C:\Users\Lenovo\AppData\Local\Programs\Python\Python311\Lib\site-packages\fastapi\encoders.py", line 289, in jsonable_encoder
    |     encoded_value = jsonable_encoder(
    |                     ^^^^^^^^^^^^^^^^^
    |   File "C:\Users\Lenovo\AppData\Local\Programs\Python\Python311\Lib\site-packages\fastapi\encoders.py", line 337, in jsonable_encoder
    |     return jsonable_encoder(
    |            ^^^^^^^^^^^^^^^^^
    |   File "C:\Users\Lenovo\AppData\Local\Programs\Python\Python311\Lib\site-packages\fastapi\encoders.py", line 289, in jsonable_encoder
    |     encoded_value = jsonable_encoder(
    |                     ^^^^^^^^^^^^^^^^^
    |   File "C:\Users\Lenovo\AppData\Local\Programs\Python\Python311\Lib\site-packages\fastapi\encoders.py", line 337, in jsonable_encoder
    |     return jsonable_encoder(
    |            ^^^^^^^^^^^^^^^^^
    |   File "C:\Users\Lenovo\AppData\Local\Programs\Python\Python311\Lib\site-packages\fastapi\encoders.py", line 289, in jsonable_encoder
    |     encoded_value = jsonable_encoder(
    |                     ^^^^^^^^^^^^^^^^^
    |   File "C:\Users\Lenovo\AppData\Local\Programs\Python\Python311\Lib\site-packages\fastapi\encoders.py", line 337, in jsonable_encoder
    |     return jsonable_encoder(
    |            ^^^^^^^^^^^^^^^^^
    |   File "C:\Users\Lenovo\AppData\Local\Programs\Python\Python311\Lib\site-packages\fastapi\encoders.py", line 289, in jsonable_encoder
    |     encoded_value = jsonable_encoder(
    |                     ^^^^^^^^^^^^^^^^^
    |   File "C:\Users\Lenovo\AppData\Local\Programs\Python\Python311\Lib\site-packages\fastapi\encoders.py", line 337, in jsonable_encoder
    |     return jsonable_encoder(
    |            ^^^^^^^^^^^^^^^^^
    |   File "C:\Users\Lenovo\AppData\Local\Programs\Python\Python311\Lib\site-packages\fastapi\encoders.py", line 289, in jsonable_encoder
    |     encoded_value = jsonable_encoder(
    |                     ^^^^^^^^^^^^^^^^^
    |   File "C:\Users\Lenovo\AppData\Local\Programs\Python\Python311\Lib\site-packages\fastapi\encoders.py", line 337, in jsonable_encoder
    |     return jsonable_encoder(
    |            ^^^^^^^^^^^^^^^^^
    |   File "C:\Users\Lenovo\AppData\Local\Programs\Python\Python311\Lib\site-packages\fastapi\encoders.py", line 289, in jsonable_encoder
    |     encoded_value = jsonable_encoder(
    |                     ^^^^^^^^^^^^^^^^^
    |   File "C:\Users\Lenovo\AppData\Local\Programs\Python\Python311\Lib\site-packages\fastapi\encoders.py", line 337, in jsonable_encoder
    |     return jsonable_encoder(
    |            ^^^^^^^^^^^^^^^^^
    |   File "C:\Users\Lenovo\AppData\Local\Programs\Python\Python311\Lib\site-packages\fastapi\encoders.py", line 289, in jsonable_encoder
    |     encoded_value = jsonable_encoder(
    |                     ^^^^^^^^^^^^^^^^^
    |   File "C:\Users\Lenovo\AppData\Local\Programs\Python\Python311\Lib\site-packages\fastapi\encoders.py", line 337, in jsonable_encoder
    |     return jsonable_encoder(
    |            ^^^^^^^^^^^^^^^^^
    |   File "C:\Users\Lenovo\AppData\Local\Programs\Python\Python311\Lib\site-packages\fastapi\encoders.py", line 289, in jsonable_encoder
    |     encoded_value = jsonable_encoder(
    |                     ^^^^^^^^^^^^^^^^^
    |   File "C:\Users\Lenovo\AppData\Local\Programs\Python\Python311\Lib\site-packages\fastapi\encoders.py", line 337, in jsonable_encoder
    |     return jsonable_encoder(
    |            ^^^^^^^^^^^^^^^^^
    |   File "C:\Users\Lenovo\AppData\Local\Programs\Python\Python311\Lib\site-packages\fastapi\encoders.py", line 289, in jsonable_encoder
    |     encoded_value = jsonable_encoder(
    |                     ^^^^^^^^^^^^^^^^^
    |   File "C:\Users\Lenovo\AppData\Local\Programs\Python\Python311\Lib\site-packages\fastapi\encoders.py", line 337, in jsonable_encoder
    |     return jsonable_encoder(
    |            ^^^^^^^^^^^^^^^^^
    |   File "C:\Users\Lenovo\AppData\Local\Programs\Python\Python311\Lib\site-packages\fastapi\encoders.py", line 289, in jsonable_encoder
    |     encoded_value = jsonable_encoder(
    |                     ^^^^^^^^^^^^^^^^^
    |   File "C:\Users\Lenovo\AppData\Local\Programs\Python\Python311\Lib\site-packages\fastapi\encoders.py", line 337, in jsonable_encoder
    |     return jsonable_encoder(
    |            ^^^^^^^^^^^^^^^^^
    |   File "C:\Users\Lenovo\AppData\Local\Programs\Python\Python311\Lib\site-packages\fastapi\encoders.py", line 289, in jsonable_encoder
    |     encoded_value = jsonable_encoder(
    |                     ^^^^^^^^^^^^^^^^^
    |   File "C:\Users\Lenovo\AppData\Local\Programs\Python\Python311\Lib\site-packages\fastapi\encoders.py", line 337, in jsonable_encoder
    |     return jsonable_encoder(
    |            ^^^^^^^^^^^^^^^^^
    |   File "C:\Users\Lenovo\AppData\Local\Programs\Python\Python311\Lib\site-packages\fastapi\encoders.py", line 289, in jsonable_encoder
    |     encoded_value = jsonable_encoder(
    |                     ^^^^^^^^^^^^^^^^^
    |   File "C:\Users\Lenovo\AppData\Local\Programs\Python\Python311\Lib\site-packages\fastapi\encoders.py", line 337, in jsonable_encoder
    |     return jsonable_encoder(
    |            ^^^^^^^^^^^^^^^^^
    |   File "C:\Users\Lenovo\AppData\Local\Programs\Python\Python311\Lib\site-packages\fastapi\encoders.py", line 289, in jsonable_encoder
    |     encoded_value = jsonable_encoder(
    |                     ^^^^^^^^^^^^^^^^^
    |   File "C:\Users\Lenovo\AppData\Local\Programs\Python\Python311\Lib\site-packages\fastapi\encoders.py", line 337, in jsonable_encoder
    |     return jsonable_encoder(
    |            ^^^^^^^^^^^^^^^^^
    |   File "C:\Users\Lenovo\AppData\Local\Programs\Python\Python311\Lib\site-packages\fastapi\encoders.py", line 289, in jsonable_encoder
    |     encoded_value = jsonable_encoder(
    |                     ^^^^^^^^^^^^^^^^^
    |   File "C:\Users\Lenovo\AppData\Local\Programs\Python\Python311\Lib\site-packages\fastapi\encoders.py", line 337, in jsonable_encoder
    |     return jsonable_encoder(
    |            ^^^^^^^^^^^^^^^^^
    |   File "C:\Users\Lenovo\AppData\Local\Programs\Python\Python311\Lib\site-packages\fastapi\encoders.py", line 289, in jsonable_encoder
    |     encoded_value = jsonable_encoder(
    |                     ^^^^^^^^^^^^^^^^^
    |   File "C:\Users\Lenovo\AppData\Local\Programs\Python\Python311\Lib\site-packages\fastapi\encoders.py", line 337, in jsonable_encoder
    |     return jsonable_encoder(
    |            ^^^^^^^^^^^^^^^^^
    |   File "C:\Users\Lenovo\AppData\Local\Programs\Python\Python311\Lib\site-packages\fastapi\encoders.py", line 289, in jsonable_encoder
    |     encoded_value = jsonable_encoder(
    |                     ^^^^^^^^^^^^^^^^^
    |   File "C:\Users\Lenovo\AppData\Local\Programs\Python\Python311\Lib\site-packages\fastapi\encoders.py", line 337, in jsonable_encoder
    |     return jsonable_encoder(
    |            ^^^^^^^^^^^^^^^^^
    |   File "C:\Users\Lenovo\AppData\Local\Programs\Python\Python311\Lib\site-packages\fastapi\encoders.py", line 289, in jsonable_encoder
    |     encoded_value = jsonable_encoder(
    |                     ^^^^^^^^^^^^^^^^^
    |   File "C:\Users\Lenovo\AppData\Local\Programs\Python\Python311\Lib\site-packages\fastapi\encoders.py", line 337, in jsonable_encoder
    |     return jsonable_encoder(
    |            ^^^^^^^^^^^^^^^^^
    |   File "C:\Users\Lenovo\AppData\Local\Programs\Python\Python311\Lib\site-packages\fastapi\encoders.py", line 289, in jsonable_encoder
    |     encoded_value = jsonable_encoder(
    |                     ^^^^^^^^^^^^^^^^^
    |   File "C:\Users\Lenovo\AppData\Local\Programs\Python\Python311\Lib\site-packages\fastapi\encoders.py", line 337, in jsonable_encoder
    |     return jsonable_encoder(
    |            ^^^^^^^^^^^^^^^^^
    |   File "C:\Users\Lenovo\AppData\Local\Programs\Python\Python311\Lib\site-packages\fastapi\encoders.py", line 289, in jsonable_encoder
    |     encoded_value = jsonable_encoder(
    |                     ^^^^^^^^^^^^^^^^^
    |   File "C:\Users\Lenovo\AppData\Local\Programs\Python\Python311\Lib\site-packages\fastapi\encoders.py", line 337, in jsonable_encoder
    |     return jsonable_encoder(
    |            ^^^^^^^^^^^^^^^^^
    |   File "C:\Users\Lenovo\AppData\Local\Programs\Python\Python311\Lib\site-packages\fastapi\encoders.py", line 289, in jsonable_encoder
    |     encoded_value = jsonable_encoder(
    |                     ^^^^^^^^^^^^^^^^^
    |   File "C:\Users\Lenovo\AppData\Local\Programs\Python\Python311\Lib\site-packages\fastapi\encoders.py", line 337, in jsonable_encoder
    |     return jsonable_encoder(
    |            ^^^^^^^^^^^^^^^^^
    |   File "C:\Users\Lenovo\AppData\Local\Programs\Python\Python311\Lib\site-packages\fastapi\encoders.py", line 289, in jsonable_encoder
    |     encoded_value = jsonable_encoder(
    |                     ^^^^^^^^^^^^^^^^^
    |   File "C:\Users\Lenovo\AppData\Local\Programs\Python\Python311\Lib\site-packages\fastapi\encoders.py", line 337, in jsonable_encoder
    |     return jsonable_encoder(
    |            ^^^^^^^^^^^^^^^^^
    |   File "C:\Users\Lenovo\AppData\Local\Programs\Python\Python311\Lib\site-packages\fastapi\encoders.py", line 289, in jsonable_encoder
    |     encoded_value = jsonable_encoder(
    |                     ^^^^^^^^^^^^^^^^^
    |   File "C:\Users\Lenovo\AppData\Local\Programs\Python\Python311\Lib\site-packages\fastapi\encoders.py", line 337, in jsonable_encoder
    |     return jsonable_encoder(
    |            ^^^^^^^^^^^^^^^^^
    |   File "C:\Users\Lenovo\AppData\Local\Programs\Python\Python311\Lib\site-packages\fastapi\encoders.py", line 289, in jsonable_encoder
    |     encoded_value = jsonable_encoder(
    |                     ^^^^^^^^^^^^^^^^^
    |   File "C:\Users\Lenovo\AppData\Local\Programs\Python\Python311\Lib\site-packages\fastapi\encoders.py", line 337, in jsonable_encoder
    |     return jsonable_encoder(
    |            ^^^^^^^^^^^^^^^^^
    |   File "C:\Users\Lenovo\AppData\Local\Programs\Python\Python311\Lib\site-packages\fastapi\encoders.py", line 289, in jsonable_encoder
    |     encoded_value = jsonable_encoder(
    |                     ^^^^^^^^^^^^^^^^^
    |   File "C:\Users\Lenovo\AppData\Local\Programs\Python\Python311\Lib\site-packages\fastapi\encoders.py", line 337, in jsonable_encoder
    |     return jsonable_encoder(
    |            ^^^^^^^^^^^^^^^^^
    |   File "C:\Users\Lenovo\AppData\Local\Programs\Python\Python311\Lib\site-packages\fastapi\encoders.py", line 289, in jsonable_encoder
    |     encoded_value = jsonable_encoder(
    |                     ^^^^^^^^^^^^^^^^^
    |   File "C:\Users\Lenovo\AppData\Local\Programs\Python\Python311\Lib\site-packages\fastapi\encoders.py", line 337, in jsonable_encoder
    |     return jsonable_encoder(
    |            ^^^^^^^^^^^^^^^^^
    |   File "C:\Users\Lenovo\AppData\Local\Programs\Python\Python311\Lib\site-packages\fastapi\encoders.py", line 289, in jsonable_encoder
    |     encoded_value = jsonable_encoder(
    |                     ^^^^^^^^^^^^^^^^^
    |   File "C:\Users\Lenovo\AppData\Local\Programs\Python\Python311\Lib\site-packages\fastapi\encoders.py", line 337, in jsonable_encoder
    |     return jsonable_encoder(
    |            ^^^^^^^^^^^^^^^^^
    |   File "C:\Users\Lenovo\AppData\Local\Programs\Python\Python311\Lib\site-packages\fastapi\encoders.py", line 289, in jsonable_encoder
    |     encoded_value = jsonable_encoder(
    |                     ^^^^^^^^^^^^^^^^^
    |   File "C:\Users\Lenovo\AppData\Local\Programs\Python\Python311\Lib\site-packages\fastapi\encoders.py", line 337, in jsonable_encoder
    |     return jsonable_encoder(
    |            ^^^^^^^^^^^^^^^^^
    |   File "C:\Users\Lenovo\AppData\Local\Programs\Python\Python311\Lib\site-packages\fastapi\encoders.py", line 289, in jsonable_encoder
    |     encoded_value = jsonable_encoder(
    |                     ^^^^^^^^^^^^^^^^^
    |   File "C:\Users\Lenovo\AppData\Local\Programs\Python\Python311\Lib\site-packages\fastapi\encoders.py", line 337, in jsonable_encoder
    |     return jsonable_encoder(
    |            ^^^^^^^^^^^^^^^^^
    |   File "C:\Users\Lenovo\AppData\Local\Programs\Python\Python311\Lib\site-packages\fastapi\encoders.py", line 289, in jsonable_encoder
    |     encoded_value = jsonable_encoder(
    |                     ^^^^^^^^^^^^^^^^^
    |   File "C:\Users\Lenovo\AppData\Local\Programs\Python\Python311\Lib\site-packages\fastapi\encoders.py", line 337, in jsonable_encoder
    |     return jsonable_encoder(
    |            ^^^^^^^^^^^^^^^^^
    |   File "C:\Users\Lenovo\AppData\Local\Programs\Python\Python311\Lib\site-packages\fastapi\encoders.py", line 289, in jsonable_encoder
    |     encoded_value = jsonable_encoder(
    |                     ^^^^^^^^^^^^^^^^^
    |   File "C:\Users\Lenovo\AppData\Local\Programs\Python\Python311\Lib\site-packages\fastapi\encoders.py", line 337, in jsonable_encoder
    |     return jsonable_encoder(
    |            ^^^^^^^^^^^^^^^^^
    |   File "C:\Users\Lenovo\AppData\Local\Programs\Python\Python311\Lib\site-packages\fastapi\encoders.py", line 289, in jsonable_encoder
    |     encoded_value = jsonable_encoder(
    |                     ^^^^^^^^^^^^^^^^^
    |   File "C:\Users\Lenovo\AppData\Local\Programs\Python\Python311\Lib\site-packages\fastapi\encoders.py", line 337, in jsonable_encoder
    |     return jsonable_encoder(
    |            ^^^^^^^^^^^^^^^^^
    |   File "C:\Users\Lenovo\AppData\Local\Programs\Python\Python311\Lib\site-packages\fastapi\encoders.py", line 289, in jsonable_encoder
    |     encoded_value = jsonable_encoder(
    |                     ^^^^^^^^^^^^^^^^^
    |   File "C:\Users\Lenovo\AppData\Local\Programs\Python\Python311\Lib\site-packages\fastapi\encoders.py", line 337, in jsonable_encoder
    |     return jsonable_encoder(
    |            ^^^^^^^^^^^^^^^^^
    |   File "C:\Users\Lenovo\AppData\Local\Programs\Python\Python311\Lib\site-packages\fastapi\encoders.py", line 289, in jsonable_encoder
    |     encoded_value = jsonable_encoder(
    |                     ^^^^^^^^^^^^^^^^^
    |   File "C:\Users\Lenovo\AppData\Local\Programs\Python\Python311\Lib\site-packages\fastapi\encoders.py", line 337, in jsonable_encoder
    |     return jsonable_encoder(
    |            ^^^^^^^^^^^^^^^^^
    |   File "C:\Users\Lenovo\AppData\Local\Programs\Python\Python311\Lib\site-packages\fastapi\encoders.py", line 289, in jsonable_encoder
    |     encoded_value = jsonable_encoder(
    |                     ^^^^^^^^^^^^^^^^^
    |   File "C:\Users\Lenovo\AppData\Local\Programs\Python\Python311\Lib\site-packages\fastapi\encoders.py", line 337, in jsonable_encoder
    |     return jsonable_encoder(
    |            ^^^^^^^^^^^^^^^^^
    |   File "C:\Users\Lenovo\AppData\Local\Programs\Python\Python311\Lib\site-packages\fastapi\encoders.py", line 289, in jsonable_encoder
    |     encoded_value = jsonable_encoder(
    |                     ^^^^^^^^^^^^^^^^^
    |   File "C:\Users\Lenovo\AppData\Local\Programs\Python\Python311\Lib\site-packages\fastapi\encoders.py", line 337, in jsonable_encoder
    |     return jsonable_encoder(
    |            ^^^^^^^^^^^^^^^^^
    |   File "C:\Users\Lenovo\AppData\Local\Programs\Python\Python311\Lib\site-packages\fastapi\encoders.py", line 289, in jsonable_encoder
    |     encoded_value = jsonable_encoder(
    |                     ^^^^^^^^^^^^^^^^^
    |   File "C:\Users\Lenovo\AppData\Local\Programs\Python\Python311\Lib\site-packages\fastapi\encoders.py", line 337, in jsonable_encoder
    |     return jsonable_encoder(
    |            ^^^^^^^^^^^^^^^^^
    |   File "C:\Users\Lenovo\AppData\Local\Programs\Python\Python311\Lib\site-packages\fastapi\encoders.py", line 289, in jsonable_encoder
    |     encoded_value = jsonable_encoder(
    |                     ^^^^^^^^^^^^^^^^^
    |   File "C:\Users\Lenovo\AppData\Local\Programs\Python\Python311\Lib\site-packages\fastapi\encoders.py", line 337, in jsonable_encoder
    |     return jsonable_encoder(
    |            ^^^^^^^^^^^^^^^^^
    |   File "C:\Users\Lenovo\AppData\Local\Programs\Python\Python311\Lib\site-packages\fastapi\encoders.py", line 289, in jsonable_encoder
    |     encoded_value = jsonable_encoder(
    |                     ^^^^^^^^^^^^^^^^^
    |   File "C:\Users\Lenovo\AppData\Local\Programs\Python\Python311\Lib\site-packages\fastapi\encoders.py", line 337, in jsonable_encoder
    |     return jsonable_encoder(
    |            ^^^^^^^^^^^^^^^^^
    |   File "C:\Users\Lenovo\AppData\Local\Programs\Python\Python311\Lib\site-packages\fastapi\encoders.py", line 289, in jsonable_encoder
    |     encoded_value = jsonable_encoder(
    |                     ^^^^^^^^^^^^^^^^^
    |   File "C:\Users\Lenovo\AppData\Local\Programs\Python\Python311\Lib\site-packages\fastapi\encoders.py", line 337, in jsonable_encoder
    |     return jsonable_encoder(
    |            ^^^^^^^^^^^^^^^^^
    |   File "C:\Users\Lenovo\AppData\Local\Programs\Python\Python311\Lib\site-packages\fastapi\encoders.py", line 289, in jsonable_encoder
    |     encoded_value = jsonable_encoder(
    |                     ^^^^^^^^^^^^^^^^^
    |   File "C:\Users\Lenovo\AppData\Local\Programs\Python\Python311\Lib\site-packages\fastapi\encoders.py", line 337, in jsonable_encoder
    |     return jsonable_encoder(
    |            ^^^^^^^^^^^^^^^^^
    |   File "C:\Users\Lenovo\AppData\Local\Programs\Python\Python311\Lib\site-packages\fastapi\encoders.py", line 289, in jsonable_encoder
    |     encoded_value = jsonable_encoder(
    |                     ^^^^^^^^^^^^^^^^^
    |   File "C:\Users\Lenovo\AppData\Local\Programs\Python\Python311\Lib\site-packages\fastapi\encoders.py", line 337, in jsonable_encoder
    |     return jsonable_encoder(
    |            ^^^^^^^^^^^^^^^^^
    |   File "C:\Users\Lenovo\AppData\Local\Programs\Python\Python311\Lib\site-packages\fastapi\encoders.py", line 289, in jsonable_encoder
    |     encoded_value = jsonable_encoder(
    |                     ^^^^^^^^^^^^^^^^^
    |   File "C:\Users\Lenovo\AppData\Local\Programs\Python\Python311\Lib\site-packages\fastapi\encoders.py", line 337, in jsonable_encoder
    |     return jsonable_encoder(
    |            ^^^^^^^^^^^^^^^^^
    |   File "C:\Users\Lenovo\AppData\Local\Programs\Python\Python311\Lib\site-packages\fastapi\encoders.py", line 289, in jsonable_encoder
    |     encoded_value = jsonable_encoder(
    |                     ^^^^^^^^^^^^^^^^^
    |   File "C:\Users\Lenovo\AppData\Local\Programs\Python\Python311\Lib\site-packages\fastapi\encoders.py", line 337, in jsonable_encoder
    |     return jsonable_encoder(
    |            ^^^^^^^^^^^^^^^^^
    |   File "C:\Users\Lenovo\AppData\Local\Programs\Python\Python311\Lib\site-packages\fastapi\encoders.py", line 289, in jsonable_encoder
    |     encoded_value = jsonable_encoder(
    |                     ^^^^^^^^^^^^^^^^^
    |   File "C:\Users\Lenovo\AppData\Local\Programs\Python\Python311\Lib\site-packages\fastapi\encoders.py", line 337, in jsonable_encoder
    |     return jsonable_encoder(
    |            ^^^^^^^^^^^^^^^^^
    |   File "C:\Users\Lenovo\AppData\Local\Programs\Python\Python311\Lib\site-packages\fastapi\encoders.py", line 289, in jsonable_encoder
    |     encoded_value = jsonable_encoder(
    |                     ^^^^^^^^^^^^^^^^^
    |   File "C:\Users\Lenovo\AppData\Local\Programs\Python\Python311\Lib\site-packages\fastapi\encoders.py", line 337, in jsonable_encoder
    |     return jsonable_encoder(
    |            ^^^^^^^^^^^^^^^^^
    |   File "C:\Users\Lenovo\AppData\Local\Programs\Python\Python311\Lib\site-packages\fastapi\encoders.py", line 289, in jsonable_encoder
    |     encoded_value = jsonable_encoder(
    |                     ^^^^^^^^^^^^^^^^^
    |   File "C:\Users\Lenovo\AppData\Local\Programs\Python\Python311\Lib\site-packages\fastapi\encoders.py", line 337, in jsonable_encoder
    |     return jsonable_encoder(
    |            ^^^^^^^^^^^^^^^^^
    |   File "C:\Users\Lenovo\AppData\Local\Programs\Python\Python311\Lib\site-packages\fastapi\encoders.py", line 289, in jsonable_encoder
    |     encoded_value = jsonable_encoder(
    |                     ^^^^^^^^^^^^^^^^^
    |   File "C:\Users\Lenovo\AppData\Local\Programs\Python\Python311\Lib\site-packages\fastapi\encoders.py", line 337, in jsonable_encoder
    |     return jsonable_encoder(
    |            ^^^^^^^^^^^^^^^^^
    |   File "C:\Users\Lenovo\AppData\Local\Programs\Python\Python311\Lib\site-packages\fastapi\encoders.py", line 289, in jsonable_encoder
    |     encoded_value = jsonable_encoder(
    |                     ^^^^^^^^^^^^^^^^^
    |   File "C:\Users\Lenovo\AppData\Local\Programs\Python\Python311\Lib\site-packages\fastapi\encoders.py", line 337, in jsonable_encoder
    |     return jsonable_encoder(
    |            ^^^^^^^^^^^^^^^^^
    |   File "C:\Users\Lenovo\AppData\Local\Programs\Python\Python311\Lib\site-packages\fastapi\encoders.py", line 289, in jsonable_encoder
    |     encoded_value = jsonable_encoder(
    |                     ^^^^^^^^^^^^^^^^^
    |   File "C:\Users\Lenovo\AppData\Local\Programs\Python\Python311\Lib\site-packages\fastapi\encoders.py", line 337, in jsonable_encoder
    |     return jsonable_encoder(
    |            ^^^^^^^^^^^^^^^^^
    |   File "C:\Users\Lenovo\AppData\Local\Programs\Python\Python311\Lib\site-packages\fastapi\encoders.py", line 289, in jsonable_encoder
    |     encoded_value = jsonable_encoder(
    |                     ^^^^^^^^^^^^^^^^^
    |   File "C:\Users\Lenovo\AppData\Local\Programs\Python\Python311\Lib\site-packages\fastapi\encoders.py", line 337, in jsonable_encoder
    |     return jsonable_encoder(
    |            ^^^^^^^^^^^^^^^^^
    |   File "C:\Users\Lenovo\AppData\Local\Programs\Python\Python311\Lib\site-packages\fastapi\encoders.py", line 289, in jsonable_encoder
    |     encoded_value = jsonable_encoder(
    |                     ^^^^^^^^^^^^^^^^^
    |   File "C:\Users\Lenovo\AppData\Local\Programs\Python\Python311\Lib\site-packages\fastapi\encoders.py", line 337, in jsonable_encoder
    |     return jsonable_encoder(
    |            ^^^^^^^^^^^^^^^^^
    |   File "C:\Users\Lenovo\AppData\Local\Programs\Python\Python311\Lib\site-packages\fastapi\encoders.py", line 289, in jsonable_encoder
    |     encoded_value = jsonable_encoder(
    |                     ^^^^^^^^^^^^^^^^^
    |   File "C:\Users\Lenovo\AppData\Local\Programs\Python\Python311\Lib\site-packages\fastapi\encoders.py", line 337, in jsonable_encoder
    |     return jsonable_encoder(
    |            ^^^^^^^^^^^^^^^^^
    |   File "C:\Users\Lenovo\AppData\Local\Programs\Python\Python311\Lib\site-packages\fastapi\encoders.py", line 289, in jsonable_encoder
    |     encoded_value = jsonable_encoder(
    |                     ^^^^^^^^^^^^^^^^^
    |   File "C:\Users\Lenovo\AppData\Local\Programs\Python\Python311\Lib\site-packages\fastapi\encoders.py", line 337, in jsonable_encoder
    |     return jsonable_encoder(
    |            ^^^^^^^^^^^^^^^^^
    |   File "C:\Users\Lenovo\AppData\Local\Programs\Python\Python311\Lib\site-packages\fastapi\encoders.py", line 289, in jsonable_encoder
    |     encoded_value = jsonable_encoder(
    |                     ^^^^^^^^^^^^^^^^^
    |   File "C:\Users\Lenovo\AppData\Local\Programs\Python\Python311\Lib\site-packages\fastapi\encoders.py", line 337, in jsonable_encoder
    |     return jsonable_encoder(
    |            ^^^^^^^^^^^^^^^^^
    |   File "C:\Users\Lenovo\AppData\Local\Programs\Python\Python311\Lib\site-packages\fastapi\encoders.py", line 289, in jsonable_encoder
    |     encoded_value = jsonable_encoder(
    |                     ^^^^^^^^^^^^^^^^^
    |   File "C:\Users\Lenovo\AppData\Local\Programs\Python\Python311\Lib\site-packages\fastapi\encoders.py", line 337, in jsonable_encoder
    |     return jsonable_encoder(
    |            ^^^^^^^^^^^^^^^^^
    |   File "C:\Users\Lenovo\AppData\Local\Programs\Python\Python311\Lib\site-packages\fastapi\encoders.py", line 289, in jsonable_encoder
    |     encoded_value = jsonable_encoder(
    |                     ^^^^^^^^^^^^^^^^^
    |   File "C:\Users\Lenovo\AppData\Local\Programs\Python\Python311\Lib\site-packages\fastapi\encoders.py", line 337, in jsonable_encoder
    |     return jsonable_encoder(
    |            ^^^^^^^^^^^^^^^^^
    |   File "C:\Users\Lenovo\AppData\Local\Programs\Python\Python311\Lib\site-packages\fastapi\encoders.py", line 289, in jsonable_encoder
    |     encoded_value = jsonable_encoder(
    |                     ^^^^^^^^^^^^^^^^^
    |   File "C:\Users\Lenovo\AppData\Local\Programs\Python\Python311\Lib\site-packages\fastapi\encoders.py", line 337, in jsonable_encoder
    |     return jsonable_encoder(
    |            ^^^^^^^^^^^^^^^^^
    |   File "C:\Users\Lenovo\AppData\Local\Programs\Python\Python311\Lib\site-packages\fastapi\encoders.py", line 289, in jsonable_encoder
    |     encoded_value = jsonable_encoder(
    |                     ^^^^^^^^^^^^^^^^^
    |   File "C:\Users\Lenovo\AppData\Local\Programs\Python\Python311\Lib\site-packages\fastapi\encoders.py", line 337, in jsonable_encoder
    |     return jsonable_encoder(
    |            ^^^^^^^^^^^^^^^^^
    |   File "C:\Users\Lenovo\AppData\Local\Programs\Python\Python311\Lib\site-packages\fastapi\encoders.py", line 289, in jsonable_encoder
    |     encoded_value = jsonable_encoder(
    |                     ^^^^^^^^^^^^^^^^^
    |   File "C:\Users\Lenovo\AppData\Local\Programs\Python\Python311\Lib\site-packages\fastapi\encoders.py", line 337, in jsonable_encoder
    |     return jsonable_encoder(
    |            ^^^^^^^^^^^^^^^^^
    |   File "C:\Users\Lenovo\AppData\Local\Programs\Python\Python311\Lib\site-packages\fastapi\encoders.py", line 289, in jsonable_encoder
    |     encoded_value = jsonable_encoder(
    |                     ^^^^^^^^^^^^^^^^^
    |   File "C:\Users\Lenovo\AppData\Local\Programs\Python\Python311\Lib\site-packages\fastapi\encoders.py", line 337, in jsonable_encoder
    |     return jsonable_encoder(
    |            ^^^^^^^^^^^^^^^^^
    |   File "C:\Users\Lenovo\AppData\Local\Programs\Python\Python311\Lib\site-packages\fastapi\encoders.py", line 289, in jsonable_encoder
    |     encoded_value = jsonable_encoder(
    |                     ^^^^^^^^^^^^^^^^^
    |   File "C:\Users\Lenovo\AppData\Local\Programs\Python\Python311\Lib\site-packages\fastapi\encoders.py", line 337, in jsonable_encoder
    |     return jsonable_encoder(
    |            ^^^^^^^^^^^^^^^^^
    |   File "C:\Users\Lenovo\AppData\Local\Programs\Python\Python311\Lib\site-packages\fastapi\encoders.py", line 289, in jsonable_encoder
    |     encoded_value = jsonable_encoder(
    |                     ^^^^^^^^^^^^^^^^^
    |   File "C:\Users\Lenovo\AppData\Local\Programs\Python\Python311\Lib\site-packages\fastapi\encoders.py", line 337, in jsonable_encoder
    |     return jsonable_encoder(
    |            ^^^^^^^^^^^^^^^^^
    |   File "C:\Users\Lenovo\AppData\Local\Programs\Python\Python311\Lib\site-packages\fastapi\encoders.py", line 289, in jsonable_encoder
    |     encoded_value = jsonable_encoder(
    |                     ^^^^^^^^^^^^^^^^^
    |   File "C:\Users\Lenovo\AppData\Local\Programs\Python\Python311\Lib\site-packages\fastapi\encoders.py", line 337, in jsonable_encoder
    |     return jsonable_encoder(
    |            ^^^^^^^^^^^^^^^^^
    |   File "C:\Users\Lenovo\AppData\Local\Programs\Python\Python311\Lib\site-packages\fastapi\encoders.py", line 289, in jsonable_encoder
    |     encoded_value = jsonable_encoder(
    |                     ^^^^^^^^^^^^^^^^^
    |   File "C:\Users\Lenovo\AppData\Local\Programs\Python\Python311\Lib\site-packages\fastapi\encoders.py", line 337, in jsonable_encoder
    |     return jsonable_encoder(
    |            ^^^^^^^^^^^^^^^^^
    |   File "C:\Users\Lenovo\AppData\Local\Programs\Python\Python311\Lib\site-packages\fastapi\encoders.py", line 289, in jsonable_encoder
    |     encoded_value = jsonable_encoder(
    |                     ^^^^^^^^^^^^^^^^^
    |   File "C:\Users\Lenovo\AppData\Local\Programs\Python\Python311\Lib\site-packages\fastapi\encoders.py", line 337, in jsonable_encoder
    |     return jsonable_encoder(
    |            ^^^^^^^^^^^^^^^^^
    |   File "C:\Users\Lenovo\AppData\Local\Programs\Python\Python311\Lib\site-packages\fastapi\encoders.py", line 289, in jsonable_encoder
    |     encoded_value = jsonable_encoder(
    |                     ^^^^^^^^^^^^^^^^^
    |   File "C:\Users\Lenovo\AppData\Local\Programs\Python\Python311\Lib\site-packages\fastapi\encoders.py", line 337, in jsonable_encoder
    |     return jsonable_encoder(
    |            ^^^^^^^^^^^^^^^^^
    |   File "C:\Users\Lenovo\AppData\Local\Programs\Python\Python311\Lib\site-packages\fastapi\encoders.py", line 289, in jsonable_encoder
    |     encoded_value = jsonable_encoder(
    |                     ^^^^^^^^^^^^^^^^^
    |   File "C:\Users\Lenovo\AppData\Local\Programs\Python\Python311\Lib\site-packages\fastapi\encoders.py", line 337, in jsonable_encoder
    |     return jsonable_encoder(
    |            ^^^^^^^^^^^^^^^^^
    |   File "C:\Users\Lenovo\AppData\Local\Programs\Python\Python311\Lib\site-packages\fastapi\encoders.py", line 289, in jsonable_encoder
    |     encoded_value = jsonable_encoder(
    |                     ^^^^^^^^^^^^^^^^^
    |   File "C:\Users\Lenovo\AppData\Local\Programs\Python\Python311\Lib\site-packages\fastapi\encoders.py", line 337, in jsonable_encoder
    |     return jsonable_encoder(
    |            ^^^^^^^^^^^^^^^^^
    |   File "C:\Users\Lenovo\AppData\Local\Programs\Python\Python311\Lib\site-packages\fastapi\encoders.py", line 289, in jsonable_encoder
    |     encoded_value = jsonable_encoder(
    |                     ^^^^^^^^^^^^^^^^^
    |   File "C:\Users\Lenovo\AppData\Local\Programs\Python\Python311\Lib\site-packages\fastapi\encoders.py", line 337, in jsonable_encoder
    |     return jsonable_encoder(
    |            ^^^^^^^^^^^^^^^^^
    |   File "C:\Users\Lenovo\AppData\Local\Programs\Python\Python311\Lib\site-packages\fastapi\encoders.py", line 289, in jsonable_encoder
    |     encoded_value = jsonable_encoder(
    |                     ^^^^^^^^^^^^^^^^^
    |   File "C:\Users\Lenovo\AppData\Local\Programs\Python\Python311\Lib\site-packages\fastapi\encoders.py", line 337, in jsonable_encoder
    |     return jsonable_encoder(
    |            ^^^^^^^^^^^^^^^^^
    |   File "C:\Users\Lenovo\AppData\Local\Programs\Python\Python311\Lib\site-packages\fastapi\encoders.py", line 289, in jsonable_encoder
    |     encoded_value = jsonable_encoder(
    |                     ^^^^^^^^^^^^^^^^^
    |   File "C:\Users\Lenovo\AppData\Local\Programs\Python\Python311\Lib\site-packages\fastapi\encoders.py", line 337, in jsonable_encoder
    |     return jsonable_encoder(
    |            ^^^^^^^^^^^^^^^^^
    |   File "C:\Users\Lenovo\AppData\Local\Programs\Python\Python311\Lib\site-packages\fastapi\encoders.py", line 289, in jsonable_encoder
    |     encoded_value = jsonable_encoder(
    |                     ^^^^^^^^^^^^^^^^^
    |   File "C:\Users\Lenovo\AppData\Local\Programs\Python\Python311\Lib\site-packages\fastapi\encoders.py", line 337, in jsonable_encoder
    |     return jsonable_encoder(
    |            ^^^^^^^^^^^^^^^^^
    |   File "C:\Users\Lenovo\AppData\Local\Programs\Python\Python311\Lib\site-packages\fastapi\encoders.py", line 289, in jsonable_encoder
    |     encoded_value = jsonable_encoder(
    |                     ^^^^^^^^^^^^^^^^^
    |   File "C:\Users\Lenovo\AppData\Local\Programs\Python\Python311\Lib\site-packages\fastapi\encoders.py", line 337, in jsonable_encoder
    |     return jsonable_encoder(
    |            ^^^^^^^^^^^^^^^^^
    |   File "C:\Users\Lenovo\AppData\Local\Programs\Python\Python311\Lib\site-packages\fastapi\encoders.py", line 289, in jsonable_encoder
    |     encoded_value = jsonable_encoder(
    |                     ^^^^^^^^^^^^^^^^^
    |   File "C:\Users\Lenovo\AppData\Local\Programs\Python\Python311\Lib\site-packages\fastapi\encoders.py", line 337, in jsonable_encoder
    |     return jsonable_encoder(
    |            ^^^^^^^^^^^^^^^^^
    |   File "C:\Users\Lenovo\AppData\Local\Programs\Python\Python311\Lib\site-packages\fastapi\encoders.py", line 289, in jsonable_encoder
    |     encoded_value = jsonable_encoder(
    |                     ^^^^^^^^^^^^^^^^^
    |   File "C:\Users\Lenovo\AppData\Local\Programs\Python\Python311\Lib\site-packages\fastapi\encoders.py", line 337, in jsonable_encoder
    |     return jsonable_encoder(
    |            ^^^^^^^^^^^^^^^^^
    |   File "C:\Users\Lenovo\AppData\Local\Programs\Python\Python311\Lib\site-packages\fastapi\encoders.py", line 289, in jsonable_encoder
    |     encoded_value = jsonable_encoder(
    |                     ^^^^^^^^^^^^^^^^^
    |   File "C:\Users\Lenovo\AppData\Local\Programs\Python\Python311\Lib\site-packages\fastapi\encoders.py", line 337, in jsonable_encoder
    |     return jsonable_encoder(
    |            ^^^^^^^^^^^^^^^^^
    |   File "C:\Users\Lenovo\AppData\Local\Programs\Python\Python311\Lib\site-packages\fastapi\encoders.py", line 289, in jsonable_encoder
    |     encoded_value = jsonable_encoder(
    |                     ^^^^^^^^^^^^^^^^^
    |   File "C:\Users\Lenovo\AppData\Local\Programs\Python\Python311\Lib\site-packages\fastapi\encoders.py", line 337, in jsonable_encoder
    |     return jsonable_encoder(
    |            ^^^^^^^^^^^^^^^^^
    |   File "C:\Users\Lenovo\AppData\Local\Programs\Python\Python311\Lib\site-packages\fastapi\encoders.py", line 289, in jsonable_encoder
    |     encoded_value = jsonable_encoder(
    |                     ^^^^^^^^^^^^^^^^^
    |   File "C:\Users\Lenovo\AppData\Local\Programs\Python\Python311\Lib\site-packages\fastapi\encoders.py", line 337, in jsonable_encoder
    |     return jsonable_encoder(
    |            ^^^^^^^^^^^^^^^^^
    |   File "C:\Users\Lenovo\AppData\Local\Programs\Python\Python311\Lib\site-packages\fastapi\encoders.py", line 289, in jsonable_encoder
    |     encoded_value = jsonable_encoder(
    |                     ^^^^^^^^^^^^^^^^^
    |   File "C:\Users\Lenovo\AppData\Local\Programs\Python\Python311\Lib\site-packages\fastapi\encoders.py", line 337, in jsonable_encoder
    |     return jsonable_encoder(
    |            ^^^^^^^^^^^^^^^^^
    |   File "C:\Users\Lenovo\AppData\Local\Programs\Python\Python311\Lib\site-packages\fastapi\encoders.py", line 289, in jsonable_encoder
    |     encoded_value = jsonable_encoder(
    |                     ^^^^^^^^^^^^^^^^^
    |   File "C:\Users\Lenovo\AppData\Local\Programs\Python\Python311\Lib\site-packages\fastapi\encoders.py", line 337, in jsonable_encoder
    |     return jsonable_encoder(
    |            ^^^^^^^^^^^^^^^^^
    |   File "C:\Users\Lenovo\AppData\Local\Programs\Python\Python311\Lib\site-packages\fastapi\encoders.py", line 289, in jsonable_encoder
    |     encoded_value = jsonable_encoder(
    |                     ^^^^^^^^^^^^^^^^^
    |   File "C:\Users\Lenovo\AppData\Local\Programs\Python\Python311\Lib\site-packages\fastapi\encoders.py", line 337, in jsonable_encoder
    |     return jsonable_encoder(
    |            ^^^^^^^^^^^^^^^^^
    |   File "C:\Users\Lenovo\AppData\Local\Programs\Python\Python311\Lib\site-packages\fastapi\encoders.py", line 289, in jsonable_encoder
    |     encoded_value = jsonable_encoder(
    |                     ^^^^^^^^^^^^^^^^^
    |   File "C:\Users\Lenovo\AppData\Local\Programs\Python\Python311\Lib\site-packages\fastapi\encoders.py", line 337, in jsonable_encoder
    |     return jsonable_encoder(
    |            ^^^^^^^^^^^^^^^^^
    |   File "C:\Users\Lenovo\AppData\Local\Programs\Python\Python311\Lib\site-packages\fastapi\encoders.py", line 289, in jsonable_encoder
    |     encoded_value = jsonable_encoder(
    |                     ^^^^^^^^^^^^^^^^^
    |   File "C:\Users\Lenovo\AppData\Local\Programs\Python\Python311\Lib\site-packages\fastapi\encoders.py", line 337, in jsonable_encoder
    |     return jsonable_encoder(
    |            ^^^^^^^^^^^^^^^^^
    |   File "C:\Users\Lenovo\AppData\Local\Programs\Python\Python311\Lib\site-packages\fastapi\encoders.py", line 289, in jsonable_encoder
    |     encoded_value = jsonable_encoder(
    |                     ^^^^^^^^^^^^^^^^^
    |   File "C:\Users\Lenovo\AppData\Local\Programs\Python\Python311\Lib\site-packages\fastapi\encoders.py", line 337, in jsonable_encoder
    |     return jsonable_encoder(
    |            ^^^^^^^^^^^^^^^^^
    |   File "C:\Users\Lenovo\AppData\Local\Programs\Python\Python311\Lib\site-packages\fastapi\encoders.py", line 289, in jsonable_encoder
    |     encoded_value = jsonable_encoder(
    |                     ^^^^^^^^^^^^^^^^^
    |   File "C:\Users\Lenovo\AppData\Local\Programs\Python\Python311\Lib\site-packages\fastapi\encoders.py", line 337, in jsonable_encoder
    |     return jsonable_encoder(
    |            ^^^^^^^^^^^^^^^^^
    |   File "C:\Users\Lenovo\AppData\Local\Programs\Python\Python311\Lib\site-packages\fastapi\encoders.py", line 289, in jsonable_encoder
    |     encoded_value = jsonable_encoder(
    |                     ^^^^^^^^^^^^^^^^^
    |   File "C:\Users\Lenovo\AppData\Local\Programs\Python\Python311\Lib\site-packages\fastapi\encoders.py", line 337, in jsonable_encoder
    |     return jsonable_encoder(
    |            ^^^^^^^^^^^^^^^^^
    |   File "C:\Users\Lenovo\AppData\Local\Programs\Python\Python311\Lib\site-packages\fastapi\encoders.py", line 289, in jsonable_encoder
    |     encoded_value = jsonable_encoder(
    |                     ^^^^^^^^^^^^^^^^^
    |   File "C:\Users\Lenovo\AppData\Local\Programs\Python\Python311\Lib\site-packages\fastapi\encoders.py", line 337, in jsonable_encoder
    |     return jsonable_encoder(
    |            ^^^^^^^^^^^^^^^^^
    |   File "C:\Users\Lenovo\AppData\Local\Programs\Python\Python311\Lib\site-packages\fastapi\encoders.py", line 289, in jsonable_encoder
    |     encoded_value = jsonable_encoder(
    |                     ^^^^^^^^^^^^^^^^^
    |   File "C:\Users\Lenovo\AppData\Local\Programs\Python\Python311\Lib\site-packages\fastapi\encoders.py", line 337, in jsonable_encoder
    |     return jsonable_encoder(
    |            ^^^^^^^^^^^^^^^^^
    |   File "C:\Users\Lenovo\AppData\Local\Programs\Python\Python311\Lib\site-packages\fastapi\encoders.py", line 289, in jsonable_encoder
    |     encoded_value = jsonable_encoder(
    |                     ^^^^^^^^^^^^^^^^^
    |   File "C:\Users\Lenovo\AppData\Local\Programs\Python\Python311\Lib\site-packages\fastapi\encoders.py", line 337, in jsonable_encoder
    |     return jsonable_encoder(
    |            ^^^^^^^^^^^^^^^^^
    |   File "C:\Users\Lenovo\AppData\Local\Programs\Python\Python311\Lib\site-packages\fastapi\encoders.py", line 289, in jsonable_encoder
    |     encoded_value = jsonable_encoder(
    |                     ^^^^^^^^^^^^^^^^^
    |   File "C:\Users\Lenovo\AppData\Local\Programs\Python\Python311\Lib\site-packages\fastapi\encoders.py", line 337, in jsonable_encoder
    |     return jsonable_encoder(
    |            ^^^^^^^^^^^^^^^^^
    |   File "C:\Users\Lenovo\AppData\Local\Programs\Python\Python311\Lib\site-packages\fastapi\encoders.py", line 289, in jsonable_encoder
    |     encoded_value = jsonable_encoder(
    |                     ^^^^^^^^^^^^^^^^^
    |   File "C:\Users\Lenovo\AppData\Local\Programs\Python\Python311\Lib\site-packages\fastapi\encoders.py", line 337, in jsonable_encoder
    |     return jsonable_encoder(
    |            ^^^^^^^^^^^^^^^^^
    |   File "C:\Users\Lenovo\AppData\Local\Programs\Python\Python311\Lib\site-packages\fastapi\encoders.py", line 289, in jsonable_encoder
    |     encoded_value = jsonable_encoder(
    |                     ^^^^^^^^^^^^^^^^^
    |   File "C:\Users\Lenovo\AppData\Local\Programs\Python\Python311\Lib\site-packages\fastapi\encoders.py", line 337, in jsonable_encoder
    |     return jsonable_encoder(
    |            ^^^^^^^^^^^^^^^^^
    |   File "C:\Users\Lenovo\AppData\Local\Programs\Python\Python311\Lib\site-packages\fastapi\encoders.py", line 289, in jsonable_encoder
    |     encoded_value = jsonable_encoder(
    |                     ^^^^^^^^^^^^^^^^^
    |   File "C:\Users\Lenovo\AppData\Local\Programs\Python\Python311\Lib\site-packages\fastapi\encoders.py", line 337, in jsonable_encoder
    |     return jsonable_encoder(
    |            ^^^^^^^^^^^^^^^^^
    |   File "C:\Users\Lenovo\AppData\Local\Programs\Python\Python311\Lib\site-packages\fastapi\encoders.py", line 289, in jsonable_encoder
    |     encoded_value = jsonable_encoder(
    |                     ^^^^^^^^^^^^^^^^^
    |   File "C:\Users\Lenovo\AppData\Local\Programs\Python\Python311\Lib\site-packages\fastapi\encoders.py", line 337, in jsonable_encoder
    |     return jsonable_encoder(
    |            ^^^^^^^^^^^^^^^^^
    |   File "C:\Users\Lenovo\AppData\Local\Programs\Python\Python311\Lib\site-packages\fastapi\encoders.py", line 289, in jsonable_encoder
    |     encoded_value = jsonable_encoder(
    |                     ^^^^^^^^^^^^^^^^^
    |   File "C:\Users\Lenovo\AppData\Local\Programs\Python\Python311\Lib\site-packages\fastapi\encoders.py", line 337, in jsonable_encoder
    |     return jsonable_encoder(
    |            ^^^^^^^^^^^^^^^^^
    |   File "C:\Users\Lenovo\AppData\Local\Programs\Python\Python311\Lib\site-packages\fastapi\encoders.py", line 289, in jsonable_encoder
    |     encoded_value = jsonable_encoder(
    |                     ^^^^^^^^^^^^^^^^^
    |   File "C:\Users\Lenovo\AppData\Local\Programs\Python\Python311\Lib\site-packages\fastapi\encoders.py", line 337, in jsonable_encoder
    |     return jsonable_encoder(
    |            ^^^^^^^^^^^^^^^^^
    |   File "C:\Users\Lenovo\AppData\Local\Programs\Python\Python311\Lib\site-packages\fastapi\encoders.py", line 289, in jsonable_encoder
    |     encoded_value = jsonable_encoder(
    |                     ^^^^^^^^^^^^^^^^^
    |   File "C:\Users\Lenovo\AppData\Local\Programs\Python\Python311\Lib\site-packages\fastapi\encoders.py", line 337, in jsonable_encoder
    |     return jsonable_encoder(
    |            ^^^^^^^^^^^^^^^^^
    |   File "C:\Users\Lenovo\AppData\Local\Programs\Python\Python311\Lib\site-packages\fastapi\encoders.py", line 289, in jsonable_encoder
    |     encoded_value = jsonable_encoder(
    |                     ^^^^^^^^^^^^^^^^^
    |   File "C:\Users\Lenovo\AppData\Local\Programs\Python\Python311\Lib\site-packages\fastapi\encoders.py", line 337, in jsonable_encoder
    |     return jsonable_encoder(
    |            ^^^^^^^^^^^^^^^^^
    |   File "C:\Users\Lenovo\AppData\Local\Programs\Python\Python311\Lib\site-packages\fastapi\encoders.py", line 289, in jsonable_encoder
    |     encoded_value = jsonable_encoder(
    |                     ^^^^^^^^^^^^^^^^^
    |   File "C:\Users\Lenovo\AppData\Local\Programs\Python\Python311\Lib\site-packages\fastapi\encoders.py", line 337, in jsonable_encoder
    |     return jsonable_encoder(
    |            ^^^^^^^^^^^^^^^^^
    |   File "C:\Users\Lenovo\AppData\Local\Programs\Python\Python311\Lib\site-packages\fastapi\encoders.py", line 289, in jsonable_encoder
    |     encoded_value = jsonable_encoder(
    |                     ^^^^^^^^^^^^^^^^^
    |   File "C:\Users\Lenovo\AppData\Local\Programs\Python\Python311\Lib\site-packages\fastapi\encoders.py", line 337, in jsonable_encoder
    |     return jsonable_encoder(
    |            ^^^^^^^^^^^^^^^^^
    |   File "C:\Users\Lenovo\AppData\Local\Programs\Python\Python311\Lib\site-packages\fastapi\encoders.py", line 289, in jsonable_encoder
    |     encoded_value = jsonable_encoder(
    |                     ^^^^^^^^^^^^^^^^^
    |   File "C:\Users\Lenovo\AppData\Local\Programs\Python\Python311\Lib\site-packages\fastapi\encoders.py", line 337, in jsonable_encoder
    |     return jsonable_encoder(
    |            ^^^^^^^^^^^^^^^^^
    |   File "C:\Users\Lenovo\AppData\Local\Programs\Python\Python311\Lib\site-packages\fastapi\encoders.py", line 289, in jsonable_encoder
    |     encoded_value = jsonable_encoder(
    |                     ^^^^^^^^^^^^^^^^^
    |   File "C:\Users\Lenovo\AppData\Local\Programs\Python\Python311\Lib\site-packages\fastapi\encoders.py", line 337, in jsonable_encoder
    |     return jsonable_encoder(
    |            ^^^^^^^^^^^^^^^^^
    |   File "C:\Users\Lenovo\AppData\Local\Programs\Python\Python311\Lib\site-packages\fastapi\encoders.py", line 289, in jsonable_encoder
    |     encoded_value = jsonable_encoder(
    |                     ^^^^^^^^^^^^^^^^^
    |   File "C:\Users\Lenovo\AppData\Local\Programs\Python\Python311\Lib\site-packages\fastapi\encoders.py", line 337, in jsonable_encoder
    |     return jsonable_encoder(
    |            ^^^^^^^^^^^^^^^^^
    |   File "C:\Users\Lenovo\AppData\Local\Programs\Python\Python311\Lib\site-packages\fastapi\encoders.py", line 289, in jsonable_encoder
    |     encoded_value = jsonable_encoder(
    |                     ^^^^^^^^^^^^^^^^^
    |   File "C:\Users\Lenovo\AppData\Local\Programs\Python\Python311\Lib\site-packages\fastapi\encoders.py", line 337, in jsonable_encoder
    |     return jsonable_encoder(
    |            ^^^^^^^^^^^^^^^^^
    |   File "C:\Users\Lenovo\AppData\Local\Programs\Python\Python311\Lib\site-packages\fastapi\encoders.py", line 289, in jsonable_encoder
    |     encoded_value = jsonable_encoder(
    |                     ^^^^^^^^^^^^^^^^^
    |   File "C:\Users\Lenovo\AppData\Local\Programs\Python\Python311\Lib\site-packages\fastapi\encoders.py", line 337, in jsonable_encoder
    |     return jsonable_encoder(
    |            ^^^^^^^^^^^^^^^^^
    |   File "C:\Users\Lenovo\AppData\Local\Programs\Python\Python311\Lib\site-packages\fastapi\encoders.py", line 289, in jsonable_encoder
    |     encoded_value = jsonable_encoder(
    |                     ^^^^^^^^^^^^^^^^^
    |   File "C:\Users\Lenovo\AppData\Local\Programs\Python\Python311\Lib\site-packages\fastapi\encoders.py", line 337, in jsonable_encoder
    |     return jsonable_encoder(
    |            ^^^^^^^^^^^^^^^^^
    |   File "C:\Users\Lenovo\AppData\Local\Programs\Python\Python311\Lib\site-packages\fastapi\encoders.py", line 289, in jsonable_encoder
    |     encoded_value = jsonable_encoder(
    |                     ^^^^^^^^^^^^^^^^^
    |   File "C:\Users\Lenovo\AppData\Local\Programs\Python\Python311\Lib\site-packages\fastapi\encoders.py", line 337, in jsonable_encoder
    |     return jsonable_encoder(
    |            ^^^^^^^^^^^^^^^^^
    |   File "C:\Users\Lenovo\AppData\Local\Programs\Python\Python311\Lib\site-packages\fastapi\encoders.py", line 289, in jsonable_encoder
    |     encoded_value = jsonable_encoder(
    |                     ^^^^^^^^^^^^^^^^^
    |   File "C:\Users\Lenovo\AppData\Local\Programs\Python\Python311\Lib\site-packages\fastapi\encoders.py", line 337, in jsonable_encoder
    |     return jsonable_encoder(
    |            ^^^^^^^^^^^^^^^^^
    |   File "C:\Users\Lenovo\AppData\Local\Programs\Python\Python311\Lib\site-packages\fastapi\encoders.py", line 289, in jsonable_encoder
    |     encoded_value = jsonable_encoder(
    |                     ^^^^^^^^^^^^^^^^^
    |   File "C:\Users\Lenovo\AppData\Local\Programs\Python\Python311\Lib\site-packages\fastapi\encoders.py", line 337, in jsonable_encoder
    |     return jsonable_encoder(
    |            ^^^^^^^^^^^^^^^^^
    |   File "C:\Users\Lenovo\AppData\Local\Programs\Python\Python311\Lib\site-packages\fastapi\encoders.py", line 289, in jsonable_encoder
    |     encoded_value = jsonable_encoder(
    |                     ^^^^^^^^^^^^^^^^^
    |   File "C:\Users\Lenovo\AppData\Local\Programs\Python\Python311\Lib\site-packages\fastapi\encoders.py", line 337, in jsonable_encoder
    |     return jsonable_encoder(
    |            ^^^^^^^^^^^^^^^^^
    |   File "C:\Users\Lenovo\AppData\Local\Programs\Python\Python311\Lib\site-packages\fastapi\encoders.py", line 289, in jsonable_encoder
    |     encoded_value = jsonable_encoder(
    |                     ^^^^^^^^^^^^^^^^^
    |   File "C:\Users\Lenovo\AppData\Local\Programs\Python\Python311\Lib\site-packages\fastapi\encoders.py", line 337, in jsonable_encoder
    |     return jsonable_encoder(
    |            ^^^^^^^^^^^^^^^^^
    |   File "C:\Users\Lenovo\AppData\Local\Programs\Python\Python311\Lib\site-packages\fastapi\encoders.py", line 289, in jsonable_encoder
    |     encoded_value = jsonable_encoder(
    |                     ^^^^^^^^^^^^^^^^^
    |   File "C:\Users\Lenovo\AppData\Local\Programs\Python\Python311\Lib\site-packages\fastapi\encoders.py", line 337, in jsonable_encoder
    |     return jsonable_encoder(
    |            ^^^^^^^^^^^^^^^^^
    |   File "C:\Users\Lenovo\AppData\Local\Programs\Python\Python311\Lib\site-packages\fastapi\encoders.py", line 289, in jsonable_encoder
    |     encoded_value = jsonable_encoder(
    |                     ^^^^^^^^^^^^^^^^^
    |   File "C:\Users\Lenovo\AppData\Local\Programs\Python\Python311\Lib\site-packages\fastapi\encoders.py", line 337, in jsonable_encoder
    |     return jsonable_encoder(
    |            ^^^^^^^^^^^^^^^^^
    |   File "C:\Users\Lenovo\AppData\Local\Programs\Python\Python311\Lib\site-packages\fastapi\encoders.py", line 289, in jsonable_encoder
    |     encoded_value = jsonable_encoder(
    |                     ^^^^^^^^^^^^^^^^^
    |   File "C:\Users\Lenovo\AppData\Local\Programs\Python\Python311\Lib\site-packages\fastapi\encoders.py", line 337, in jsonable_encoder
    |     return jsonable_encoder(
    |            ^^^^^^^^^^^^^^^^^
    |   File "C:\Users\Lenovo\AppData\Local\Programs\Python\Python311\Lib\site-packages\fastapi\encoders.py", line 289, in jsonable_encoder
    |     encoded_value = jsonable_encoder(
    |                     ^^^^^^^^^^^^^^^^^
    |   File "C:\Users\Lenovo\AppData\Local\Programs\Python\Python311\Lib\site-packages\fastapi\encoders.py", line 337, in jsonable_encoder
    |     return jsonable_encoder(
    |            ^^^^^^^^^^^^^^^^^
    |   File "C:\Users\Lenovo\AppData\Local\Programs\Python\Python311\Lib\site-packages\fastapi\encoders.py", line 289, in jsonable_encoder
    |     encoded_value = jsonable_encoder(
    |                     ^^^^^^^^^^^^^^^^^
    |   File "C:\Users\Lenovo\AppData\Local\Programs\Python\Python311\Lib\site-packages\fastapi\encoders.py", line 337, in jsonable_encoder
    |     return jsonable_encoder(
    |            ^^^^^^^^^^^^^^^^^
    |   File "C:\Users\Lenovo\AppData\Local\Programs\Python\Python311\Lib\site-packages\fastapi\encoders.py", line 289, in jsonable_encoder
    |     encoded_value = jsonable_encoder(
    |                     ^^^^^^^^^^^^^^^^^
    |   File "C:\Users\Lenovo\AppData\Local\Programs\Python\Python311\Lib\site-packages\fastapi\encoders.py", line 337, in jsonable_encoder
    |     return jsonable_encoder(
    |            ^^^^^^^^^^^^^^^^^
    |   File "C:\Users\Lenovo\AppData\Local\Programs\Python\Python311\Lib\site-packages\fastapi\encoders.py", line 289, in jsonable_encoder
    |     encoded_value = jsonable_encoder(
    |                     ^^^^^^^^^^^^^^^^^
    |   File "C:\Users\Lenovo\AppData\Local\Programs\Python\Python311\Lib\site-packages\fastapi\encoders.py", line 337, in jsonable_encoder
    |     return jsonable_encoder(
    |            ^^^^^^^^^^^^^^^^^
    |   File "C:\Users\Lenovo\AppData\Local\Programs\Python\Python311\Lib\site-packages\fastapi\encoders.py", line 289, in jsonable_encoder
    |     encoded_value = jsonable_encoder(
    |                     ^^^^^^^^^^^^^^^^^
    |   File "C:\Users\Lenovo\AppData\Local\Programs\Python\Python311\Lib\site-packages\fastapi\encoders.py", line 337, in jsonable_encoder
    |     return jsonable_encoder(
    |            ^^^^^^^^^^^^^^^^^
    |   File "C:\Users\Lenovo\AppData\Local\Programs\Python\Python311\Lib\site-packages\fastapi\encoders.py", line 289, in jsonable_encoder
    |     encoded_value = jsonable_encoder(
    |                     ^^^^^^^^^^^^^^^^^
    |   File "C:\Users\Lenovo\AppData\Local\Programs\Python\Python311\Lib\site-packages\fastapi\encoders.py", line 337, in jsonable_encoder
    |     return jsonable_encoder(
    |            ^^^^^^^^^^^^^^^^^
    |   File "C:\Users\Lenovo\AppData\Local\Programs\Python\Python311\Lib\site-packages\fastapi\encoders.py", line 289, in jsonable_encoder
    |     encoded_value = jsonable_encoder(
    |                     ^^^^^^^^^^^^^^^^^
    |   File "C:\Users\Lenovo\AppData\Local\Programs\Python\Python311\Lib\site-packages\fastapi\encoders.py", line 337, in jsonable_encoder
    |     return jsonable_encoder(
    |            ^^^^^^^^^^^^^^^^^
    |   File "C:\Users\Lenovo\AppData\Local\Programs\Python\Python311\Lib\site-packages\fastapi\encoders.py", line 289, in jsonable_encoder
    |     encoded_value = jsonable_encoder(
    |                     ^^^^^^^^^^^^^^^^^
    |   File "C:\Users\Lenovo\AppData\Local\Programs\Python\Python311\Lib\site-packages\fastapi\encoders.py", line 337, in jsonable_encoder
    |     return jsonable_encoder(
    |            ^^^^^^^^^^^^^^^^^
    |   File "C:\Users\Lenovo\AppData\Local\Programs\Python\Python311\Lib\site-packages\fastapi\encoders.py", line 289, in jsonable_encoder
    |     encoded_value = jsonable_encoder(
    |                     ^^^^^^^^^^^^^^^^^
    |   File "C:\Users\Lenovo\AppData\Local\Programs\Python\Python311\Lib\site-packages\fastapi\encoders.py", line 337, in jsonable_encoder
    |     return jsonable_encoder(
    |            ^^^^^^^^^^^^^^^^^
    |   File "C:\Users\Lenovo\AppData\Local\Programs\Python\Python311\Lib\site-packages\fastapi\encoders.py", line 289, in jsonable_encoder
    |     encoded_value = jsonable_encoder(
    |                     ^^^^^^^^^^^^^^^^^
    |   File "C:\Users\Lenovo\AppData\Local\Programs\Python\Python311\Lib\site-packages\fastapi\encoders.py", line 337, in jsonable_encoder
    |     return jsonable_encoder(
    |            ^^^^^^^^^^^^^^^^^
    |   File "C:\Users\Lenovo\AppData\Local\Programs\Python\Python311\Lib\site-packages\fastapi\encoders.py", line 289, in jsonable_encoder
    |     encoded_value = jsonable_encoder(
    |                     ^^^^^^^^^^^^^^^^^
    |   File "C:\Users\Lenovo\AppData\Local\Programs\Python\Python311\Lib\site-packages\fastapi\encoders.py", line 337, in jsonable_encoder
    |     return jsonable_encoder(
    |            ^^^^^^^^^^^^^^^^^
    |   File "C:\Users\Lenovo\AppData\Local\Programs\Python\Python311\Lib\site-packages\fastapi\encoders.py", line 289, in jsonable_encoder
    |     encoded_value = jsonable_encoder(
    |                     ^^^^^^^^^^^^^^^^^
    |   File "C:\Users\Lenovo\AppData\Local\Programs\Python\Python311\Lib\site-packages\fastapi\encoders.py", line 337, in jsonable_encoder
    |     return jsonable_encoder(
    |            ^^^^^^^^^^^^^^^^^
    |   File "C:\Users\Lenovo\AppData\Local\Programs\Python\Python311\Lib\site-packages\fastapi\encoders.py", line 289, in jsonable_encoder
    |     encoded_value = jsonable_encoder(
    |                     ^^^^^^^^^^^^^^^^^
    |   File "C:\Users\Lenovo\AppData\Local\Programs\Python\Python311\Lib\site-packages\fastapi\encoders.py", line 337, in jsonable_encoder
    |     return jsonable_encoder(
    |            ^^^^^^^^^^^^^^^^^
    |   File "C:\Users\Lenovo\AppData\Local\Programs\Python\Python311\Lib\site-packages\fastapi\encoders.py", line 289, in jsonable_encoder
    |     encoded_value = jsonable_encoder(
    |                     ^^^^^^^^^^^^^^^^^
    |   File "C:\Users\Lenovo\AppData\Local\Programs\Python\Python311\Lib\site-packages\fastapi\encoders.py", line 337, in jsonable_encoder
    |     return jsonable_encoder(
    |            ^^^^^^^^^^^^^^^^^
    |   File "C:\Users\Lenovo\AppData\Local\Programs\Python\Python311\Lib\site-packages\fastapi\encoders.py", line 289, in jsonable_encoder
    |     encoded_value = jsonable_encoder(
    |                     ^^^^^^^^^^^^^^^^^
    |   File "C:\Users\Lenovo\AppData\Local\Programs\Python\Python311\Lib\site-packages\fastapi\encoders.py", line 337, in jsonable_encoder
    |     return jsonable_encoder(
    |            ^^^^^^^^^^^^^^^^^
    |   File "C:\Users\Lenovo\AppData\Local\Programs\Python\Python311\Lib\site-packages\fastapi\encoders.py", line 289, in jsonable_encoder
    |     encoded_value = jsonable_encoder(
    |                     ^^^^^^^^^^^^^^^^^
    |   File "C:\Users\Lenovo\AppData\Local\Programs\Python\Python311\Lib\site-packages\fastapi\encoders.py", line 337, in jsonable_encoder
    |     return jsonable_encoder(
    |            ^^^^^^^^^^^^^^^^^
    |   File "C:\Users\Lenovo\AppData\Local\Programs\Python\Python311\Lib\site-packages\fastapi\encoders.py", line 289, in jsonable_encoder
    |     encoded_value = jsonable_encoder(
    |                     ^^^^^^^^^^^^^^^^^
    |   File "C:\Users\Lenovo\AppData\Local\Programs\Python\Python311\Lib\site-packages\fastapi\encoders.py", line 337, in jsonable_encoder
    |     return jsonable_encoder(
    |            ^^^^^^^^^^^^^^^^^
    |   File "C:\Users\Lenovo\AppData\Local\Programs\Python\Python311\Lib\site-packages\fastapi\encoders.py", line 289, in jsonable_encoder
    |     encoded_value = jsonable_encoder(
    |                     ^^^^^^^^^^^^^^^^^
    |   File "C:\Users\Lenovo\AppData\Local\Programs\Python\Python311\Lib\site-packages\fastapi\encoders.py", line 337, in jsonable_encoder
    |     return jsonable_encoder(
    |            ^^^^^^^^^^^^^^^^^
    |   File "C:\Users\Lenovo\AppData\Local\Programs\Python\Python311\Lib\site-packages\fastapi\encoders.py", line 289, in jsonable_encoder
    |     encoded_value = jsonable_encoder(
    |                     ^^^^^^^^^^^^^^^^^
    |   File "C:\Users\Lenovo\AppData\Local\Programs\Python\Python311\Lib\site-packages\fastapi\encoders.py", line 337, in jsonable_encoder
    |     return jsonable_encoder(
    |            ^^^^^^^^^^^^^^^^^
    |   File "C:\Users\Lenovo\AppData\Local\Programs\Python\Python311\Lib\site-packages\fastapi\encoders.py", line 289, in jsonable_encoder
    |     encoded_value = jsonable_encoder(
    |                     ^^^^^^^^^^^^^^^^^
    |   File "C:\Users\Lenovo\AppData\Local\Programs\Python\Python311\Lib\site-packages\fastapi\encoders.py", line 337, in jsonable_encoder
    |     return jsonable_encoder(
    |            ^^^^^^^^^^^^^^^^^
    |   File "C:\Users\Lenovo\AppData\Local\Programs\Python\Python311\Lib\site-packages\fastapi\encoders.py", line 289, in jsonable_encoder
    |     encoded_value = jsonable_encoder(
    |                     ^^^^^^^^^^^^^^^^^
    |   File "C:\Users\Lenovo\AppData\Local\Programs\Python\Python311\Lib\site-packages\fastapi\encoders.py", line 337, in jsonable_encoder
    |     return jsonable_encoder(
    |            ^^^^^^^^^^^^^^^^^
    |   File "C:\Users\Lenovo\AppData\Local\Programs\Python\Python311\Lib\site-packages\fastapi\encoders.py", line 289, in jsonable_encoder
    |     encoded_value = jsonable_encoder(
    |                     ^^^^^^^^^^^^^^^^^
    |   File "C:\Users\Lenovo\AppData\Local\Programs\Python\Python311\Lib\site-packages\fastapi\encoders.py", line 337, in jsonable_encoder
    |     return jsonable_encoder(
    |            ^^^^^^^^^^^^^^^^^
    |   File "C:\Users\Lenovo\AppData\Local\Programs\Python\Python311\Lib\site-packages\fastapi\encoders.py", line 289, in jsonable_encoder
    |     encoded_value = jsonable_encoder(
    |                     ^^^^^^^^^^^^^^^^^
    |   File "C:\Users\Lenovo\AppData\Local\Programs\Python\Python311\Lib\site-packages\fastapi\encoders.py", line 337, in jsonable_encoder
    |     return jsonable_encoder(
    |            ^^^^^^^^^^^^^^^^^
    |   File "C:\Users\Lenovo\AppData\Local\Programs\Python\Python311\Lib\site-packages\fastapi\encoders.py", line 289, in jsonable_encoder
    |     encoded_value = jsonable_encoder(
    |                     ^^^^^^^^^^^^^^^^^
    |   File "C:\Users\Lenovo\AppData\Local\Programs\Python\Python311\Lib\site-packages\fastapi\encoders.py", line 337, in jsonable_encoder
    |     return jsonable_encoder(
    |            ^^^^^^^^^^^^^^^^^
    |   File "C:\Users\Lenovo\AppData\Local\Programs\Python\Python311\Lib\site-packages\fastapi\encoders.py", line 289, in jsonable_encoder
    |     encoded_value = jsonable_encoder(
    |                     ^^^^^^^^^^^^^^^^^
    |   File "C:\Users\Lenovo\AppData\Local\Programs\Python\Python311\Lib\site-packages\fastapi\encoders.py", line 337, in jsonable_encoder
    |     return jsonable_encoder(
    |            ^^^^^^^^^^^^^^^^^
    |   File "C:\Users\Lenovo\AppData\Local\Programs\Python\Python311\Lib\site-packages\fastapi\encoders.py", line 289, in jsonable_encoder
    |     encoded_value = jsonable_encoder(
    |                     ^^^^^^^^^^^^^^^^^
    |   File "C:\Users\Lenovo\AppData\Local\Programs\Python\Python311\Lib\site-packages\fastapi\encoders.py", line 337, in jsonable_encoder
    |     return jsonable_encoder(
    |            ^^^^^^^^^^^^^^^^^
    |   File "C:\Users\Lenovo\AppData\Local\Programs\Python\Python311\Lib\site-packages\fastapi\encoders.py", line 289, in jsonable_encoder
    |     encoded_value = jsonable_encoder(
    |                     ^^^^^^^^^^^^^^^^^
    |   File "C:\Users\Lenovo\AppData\Local\Programs\Python\Python311\Lib\site-packages\fastapi\encoders.py", line 337, in jsonable_encoder
    |     return jsonable_encoder(
    |            ^^^^^^^^^^^^^^^^^
    |   File "C:\Users\Lenovo\AppData\Local\Programs\Python\Python311\Lib\site-packages\fastapi\encoders.py", line 289, in jsonable_encoder
    |     encoded_value = jsonable_encoder(
    |                     ^^^^^^^^^^^^^^^^^
    |   File "C:\Users\Lenovo\AppData\Local\Programs\Python\Python311\Lib\site-packages\fastapi\encoders.py", line 337, in jsonable_encoder
    |     return jsonable_encoder(
    |            ^^^^^^^^^^^^^^^^^
    |   File "C:\Users\Lenovo\AppData\Local\Programs\Python\Python311\Lib\site-packages\fastapi\encoders.py", line 289, in jsonable_encoder
    |     encoded_value = jsonable_encoder(
    |                     ^^^^^^^^^^^^^^^^^
    |   File "C:\Users\Lenovo\AppData\Local\Programs\Python\Python311\Lib\site-packages\fastapi\encoders.py", line 337, in jsonable_encoder
    |     return jsonable_encoder(
    |            ^^^^^^^^^^^^^^^^^
    |   File "C:\Users\Lenovo\AppData\Local\Programs\Python\Python311\Lib\site-packages\fastapi\encoders.py", line 289, in jsonable_encoder
    |     encoded_value = jsonable_encoder(
    |                     ^^^^^^^^^^^^^^^^^
    |   File "C:\Users\Lenovo\AppData\Local\Programs\Python\Python311\Lib\site-packages\fastapi\encoders.py", line 337, in jsonable_encoder
    |     return jsonable_encoder(
    |            ^^^^^^^^^^^^^^^^^
    |   File "C:\Users\Lenovo\AppData\Local\Programs\Python\Python311\Lib\site-packages\fastapi\encoders.py", line 289, in jsonable_encoder
    |     encoded_value = jsonable_encoder(
    |                     ^^^^^^^^^^^^^^^^^
    |   File "C:\Users\Lenovo\AppData\Local\Programs\Python\Python311\Lib\site-packages\fastapi\encoders.py", line 337, in jsonable_encoder
    |     return jsonable_encoder(
    |            ^^^^^^^^^^^^^^^^^
    |   File "C:\Users\Lenovo\AppData\Local\Programs\Python\Python311\Lib\site-packages\fastapi\encoders.py", line 289, in jsonable_encoder
    |     encoded_value = jsonable_encoder(
    |                     ^^^^^^^^^^^^^^^^^
    |   File "C:\Users\Lenovo\AppData\Local\Programs\Python\Python311\Lib\site-packages\fastapi\encoders.py", line 337, in jsonable_encoder
    |     return jsonable_encoder(
    |            ^^^^^^^^^^^^^^^^^
    |   File "C:\Users\Lenovo\AppData\Local\Programs\Python\Python311\Lib\site-packages\fastapi\encoders.py", line 289, in jsonable_encoder
    |     encoded_value = jsonable_encoder(
    |                     ^^^^^^^^^^^^^^^^^
    |   File "C:\Users\Lenovo\AppData\Local\Programs\Python\Python311\Lib\site-packages\fastapi\encoders.py", line 337, in jsonable_encoder
    |     return jsonable_encoder(
    |            ^^^^^^^^^^^^^^^^^
    |   File "C:\Users\Lenovo\AppData\Local\Programs\Python\Python311\Lib\site-packages\fastapi\encoders.py", line 289, in jsonable_encoder
    |     encoded_value = jsonable_encoder(
    |                     ^^^^^^^^^^^^^^^^^
    |   File "C:\Users\Lenovo\AppData\Local\Programs\Python\Python311\Lib\site-packages\fastapi\encoders.py", line 337, in jsonable_encoder
    |     return jsonable_encoder(
    |            ^^^^^^^^^^^^^^^^^
    |   File "C:\Users\Lenovo\AppData\Local\Programs\Python\Python311\Lib\site-packages\fastapi\encoders.py", line 289, in jsonable_encoder
    |     encoded_value = jsonable_encoder(
    |                     ^^^^^^^^^^^^^^^^^
    |   File "C:\Users\Lenovo\AppData\Local\Programs\Python\Python311\Lib\site-packages\fastapi\encoders.py", line 337, in jsonable_encoder
    |     return jsonable_encoder(
    |            ^^^^^^^^^^^^^^^^^
    |   File "C:\Users\Lenovo\AppData\Local\Programs\Python\Python311\Lib\site-packages\fastapi\encoders.py", line 289, in jsonable_encoder
    |     encoded_value = jsonable_encoder(
    |                     ^^^^^^^^^^^^^^^^^
    |   File "C:\Users\Lenovo\AppData\Local\Programs\Python\Python311\Lib\site-packages\fastapi\encoders.py", line 337, in jsonable_encoder
    |     return jsonable_encoder(
    |            ^^^^^^^^^^^^^^^^^
    |   File "C:\Users\Lenovo\AppData\Local\Programs\Python\Python311\Lib\site-packages\fastapi\encoders.py", line 289, in jsonable_encoder
    |     encoded_value = jsonable_encoder(
    |                     ^^^^^^^^^^^^^^^^^
    |   File "C:\Users\Lenovo\AppData\Local\Programs\Python\Python311\Lib\site-packages\fastapi\encoders.py", line 337, in jsonable_encoder
    |     return jsonable_encoder(
    |            ^^^^^^^^^^^^^^^^^
    |   File "C:\Users\Lenovo\AppData\Local\Programs\Python\Python311\Lib\site-packages\fastapi\encoders.py", line 289, in jsonable_encoder
    |     encoded_value = jsonable_encoder(
    |                     ^^^^^^^^^^^^^^^^^
    |   File "C:\Users\Lenovo\AppData\Local\Programs\Python\Python311\Lib\site-packages\fastapi\encoders.py", line 337, in jsonable_encoder
    |     return jsonable_encoder(
    |            ^^^^^^^^^^^^^^^^^
    |   File "C:\Users\Lenovo\AppData\Local\Programs\Python\Python311\Lib\site-packages\fastapi\encoders.py", line 289, in jsonable_encoder
    |     encoded_value = jsonable_encoder(
    |                     ^^^^^^^^^^^^^^^^^
    |   File "C:\Users\Lenovo\AppData\Local\Programs\Python\Python311\Lib\site-packages\fastapi\encoders.py", line 337, in jsonable_encoder
    |     return jsonable_encoder(
    |            ^^^^^^^^^^^^^^^^^
    |   File "C:\Users\Lenovo\AppData\Local\Programs\Python\Python311\Lib\site-packages\fastapi\encoders.py", line 289, in jsonable_encoder
    |     encoded_value = jsonable_encoder(
    |                     ^^^^^^^^^^^^^^^^^
    |   File "C:\Users\Lenovo\AppData\Local\Programs\Python\Python311\Lib\site-packages\fastapi\encoders.py", line 337, in jsonable_encoder
    |     return jsonable_encoder(
    |            ^^^^^^^^^^^^^^^^^
    |   File "C:\Users\Lenovo\AppData\Local\Programs\Python\Python311\Lib\site-packages\fastapi\encoders.py", line 289, in jsonable_encoder
    |     encoded_value = jsonable_encoder(
    |                     ^^^^^^^^^^^^^^^^^
    |   File "C:\Users\Lenovo\AppData\Local\Programs\Python\Python311\Lib\site-packages\fastapi\encoders.py", line 337, in jsonable_encoder
    |     return jsonable_encoder(
    |            ^^^^^^^^^^^^^^^^^
    |   File "C:\Users\Lenovo\AppData\Local\Programs\Python\Python311\Lib\site-packages\fastapi\encoders.py", line 289, in jsonable_encoder
    |     encoded_value = jsonable_encoder(
    |                     ^^^^^^^^^^^^^^^^^
    |   File "C:\Users\Lenovo\AppData\Local\Programs\Python\Python311\Lib\site-packages\fastapi\encoders.py", line 337, in jsonable_encoder
    |     return jsonable_encoder(
    |            ^^^^^^^^^^^^^^^^^
    |   File "C:\Users\Lenovo\AppData\Local\Programs\Python\Python311\Lib\site-packages\fastapi\encoders.py", line 289, in jsonable_encoder
    |     encoded_value = jsonable_encoder(
    |                     ^^^^^^^^^^^^^^^^^
    |   File "C:\Users\Lenovo\AppData\Local\Programs\Python\Python311\Lib\site-packages\fastapi\encoders.py", line 337, in jsonable_encoder
    |     return jsonable_encoder(
    |            ^^^^^^^^^^^^^^^^^
    |   File "C:\Users\Lenovo\AppData\Local\Programs\Python\Python311\Lib\site-packages\fastapi\encoders.py", line 289, in jsonable_encoder
    |     encoded_value = jsonable_encoder(
    |                     ^^^^^^^^^^^^^^^^^
    |   File "C:\Users\Lenovo\AppData\Local\Programs\Python\Python311\Lib\site-packages\fastapi\encoders.py", line 337, in jsonable_encoder
    |     return jsonable_encoder(
    |            ^^^^^^^^^^^^^^^^^
    |   File "C:\Users\Lenovo\AppData\Local\Programs\Python\Python311\Lib\site-packages\fastapi\encoders.py", line 289, in jsonable_encoder
    |     encoded_value = jsonable_encoder(
    |                     ^^^^^^^^^^^^^^^^^
    |   File "C:\Users\Lenovo\AppData\Local\Programs\Python\Python311\Lib\site-packages\fastapi\encoders.py", line 337, in jsonable_encoder
    |     return jsonable_encoder(
    |            ^^^^^^^^^^^^^^^^^
    |   File "C:\Users\Lenovo\AppData\Local\Programs\Python\Python311\Lib\site-packages\fastapi\encoders.py", line 289, in jsonable_encoder
    |     encoded_value = jsonable_encoder(
    |                     ^^^^^^^^^^^^^^^^^
    |   File "C:\Users\Lenovo\AppData\Local\Programs\Python\Python311\Lib\site-packages\fastapi\encoders.py", line 337, in jsonable_encoder
    |     return jsonable_encoder(
    |            ^^^^^^^^^^^^^^^^^
    |   File "C:\Users\Lenovo\AppData\Local\Programs\Python\Python311\Lib\site-packages\fastapi\encoders.py", line 289, in jsonable_encoder
    |     encoded_value = jsonable_encoder(
    |                     ^^^^^^^^^^^^^^^^^
    |   File "C:\Users\Lenovo\AppData\Local\Programs\Python\Python311\Lib\site-packages\fastapi\encoders.py", line 337, in jsonable_encoder
    |     return jsonable_encoder(
    |            ^^^^^^^^^^^^^^^^^
    |   File "C:\Users\Lenovo\AppData\Local\Programs\Python\Python311\Lib\site-packages\fastapi\encoders.py", line 289, in jsonable_encoder
    |     encoded_value = jsonable_encoder(
    |                     ^^^^^^^^^^^^^^^^^
    |   File "C:\Users\Lenovo\AppData\Local\Programs\Python\Python311\Lib\site-packages\fastapi\encoders.py", line 337, in jsonable_encoder
    |     return jsonable_encoder(
    |            ^^^^^^^^^^^^^^^^^
    |   File "C:\Users\Lenovo\AppData\Local\Programs\Python\Python311\Lib\site-packages\fastapi\encoders.py", line 289, in jsonable_encoder
    |     encoded_value = jsonable_encoder(
    |                     ^^^^^^^^^^^^^^^^^
    |   File "C:\Users\Lenovo\AppData\Local\Programs\Python\Python311\Lib\site-packages\fastapi\encoders.py", line 337, in jsonable_encoder
    |     return jsonable_encoder(
    |            ^^^^^^^^^^^^^^^^^
    |   File "C:\Users\Lenovo\AppData\Local\Programs\Python\Python311\Lib\site-packages\fastapi\encoders.py", line 289, in jsonable_encoder
    |     encoded_value = jsonable_encoder(
    |                     ^^^^^^^^^^^^^^^^^
    |   File "C:\Users\Lenovo\AppData\Local\Programs\Python\Python311\Lib\site-packages\fastapi\encoders.py", line 337, in jsonable_encoder
    |     return jsonable_encoder(
    |            ^^^^^^^^^^^^^^^^^
    |   File "C:\Users\Lenovo\AppData\Local\Programs\Python\Python311\Lib\site-packages\fastapi\encoders.py", line 289, in jsonable_encoder
    |     encoded_value = jsonable_encoder(
    |                     ^^^^^^^^^^^^^^^^^
    |   File "C:\Users\Lenovo\AppData\Local\Programs\Python\Python311\Lib\site-packages\fastapi\encoders.py", line 337, in jsonable_encoder
    |     return jsonable_encoder(
    |            ^^^^^^^^^^^^^^^^^
    |   File "C:\Users\Lenovo\AppData\Local\Programs\Python\Python311\Lib\site-packages\fastapi\encoders.py", line 289, in jsonable_encoder
    |     encoded_value = jsonable_encoder(
    |                     ^^^^^^^^^^^^^^^^^
    |   File "C:\Users\Lenovo\AppData\Local\Programs\Python\Python311\Lib\site-packages\fastapi\encoders.py", line 337, in jsonable_encoder
    |     return jsonable_encoder(
    |            ^^^^^^^^^^^^^^^^^
    |   File "C:\Users\Lenovo\AppData\Local\Programs\Python\Python311\Lib\site-packages\fastapi\encoders.py", line 289, in jsonable_encoder
    |     encoded_value = jsonable_encoder(
    |                     ^^^^^^^^^^^^^^^^^
    |   File "C:\Users\Lenovo\AppData\Local\Programs\Python\Python311\Lib\site-packages\fastapi\encoders.py", line 337, in jsonable_encoder
    |     return jsonable_encoder(
    |            ^^^^^^^^^^^^^^^^^
    |   File "C:\Users\Lenovo\AppData\Local\Programs\Python\Python311\Lib\site-packages\fastapi\encoders.py", line 289, in jsonable_encoder
    |     encoded_value = jsonable_encoder(
    |                     ^^^^^^^^^^^^^^^^^
    |   File "C:\Users\Lenovo\AppData\Local\Programs\Python\Python311\Lib\site-packages\fastapi\encoders.py", line 337, in jsonable_encoder
    |     return jsonable_encoder(
    |            ^^^^^^^^^^^^^^^^^
    |   File "C:\Users\Lenovo\AppData\Local\Programs\Python\Python311\Lib\site-packages\fastapi\encoders.py", line 289, in jsonable_encoder
    |     encoded_value = jsonable_encoder(
    |                     ^^^^^^^^^^^^^^^^^
    |   File "C:\Users\Lenovo\AppData\Local\Programs\Python\Python311\Lib\site-packages\fastapi\encoders.py", line 337, in jsonable_encoder
    |     return jsonable_encoder(
    |            ^^^^^^^^^^^^^^^^^
    |   File "C:\Users\Lenovo\AppData\Local\Programs\Python\Python311\Lib\site-packages\fastapi\encoders.py", line 289, in jsonable_encoder
    |     encoded_value = jsonable_encoder(
    |                     ^^^^^^^^^^^^^^^^^
    |   File "C:\Users\Lenovo\AppData\Local\Programs\Python\Python311\Lib\site-packages\fastapi\encoders.py", line 337, in jsonable_encoder
    |     return jsonable_encoder(
    |            ^^^^^^^^^^^^^^^^^
    |   File "C:\Users\Lenovo\AppData\Local\Programs\Python\Python311\Lib\site-packages\fastapi\encoders.py", line 289, in jsonable_encoder
    |     encoded_value = jsonable_encoder(
    |                     ^^^^^^^^^^^^^^^^^
    |   File "C:\Users\Lenovo\AppData\Local\Programs\Python\Python311\Lib\site-packages\fastapi\encoders.py", line 337, in jsonable_encoder
    |     return jsonable_encoder(
    |            ^^^^^^^^^^^^^^^^^
    |   File "C:\Users\Lenovo\AppData\Local\Programs\Python\Python311\Lib\site-packages\fastapi\encoders.py", line 289, in jsonable_encoder
    |     encoded_value = jsonable_encoder(
    |                     ^^^^^^^^^^^^^^^^^
    |   File "C:\Users\Lenovo\AppData\Local\Programs\Python\Python311\Lib\site-packages\fastapi\encoders.py", line 337, in jsonable_encoder
    |     return jsonable_encoder(
    |            ^^^^^^^^^^^^^^^^^
    |   File "C:\Users\Lenovo\AppData\Local\Programs\Python\Python311\Lib\site-packages\fastapi\encoders.py", line 289, in jsonable_encoder
    |     encoded_value = jsonable_encoder(
    |                     ^^^^^^^^^^^^^^^^^
    |   File "C:\Users\Lenovo\AppData\Local\Programs\Python\Python311\Lib\site-packages\fastapi\encoders.py", line 337, in jsonable_encoder
    |     return jsonable_encoder(
    |            ^^^^^^^^^^^^^^^^^
    |   File "C:\Users\Lenovo\AppData\Local\Programs\Python\Python311\Lib\site-packages\fastapi\encoders.py", line 289, in jsonable_encoder
    |     encoded_value = jsonable_encoder(
    |                     ^^^^^^^^^^^^^^^^^
    |   File "C:\Users\Lenovo\AppData\Local\Programs\Python\Python311\Lib\site-packages\fastapi\encoders.py", line 337, in jsonable_encoder
    |     return jsonable_encoder(
    |            ^^^^^^^^^^^^^^^^^
    |   File "C:\Users\Lenovo\AppData\Local\Programs\Python\Python311\Lib\site-packages\fastapi\encoders.py", line 289, in jsonable_encoder
    |     encoded_value = jsonable_encoder(
    |                     ^^^^^^^^^^^^^^^^^
    |   File "C:\Users\Lenovo\AppData\Local\Programs\Python\Python311\Lib\site-packages\fastapi\encoders.py", line 337, in jsonable_encoder
    |     return jsonable_encoder(
    |            ^^^^^^^^^^^^^^^^^
    |   File "C:\Users\Lenovo\AppData\Local\Programs\Python\Python311\Lib\site-packages\fastapi\encoders.py", line 289, in jsonable_encoder
    |     encoded_value = jsonable_encoder(
    |                     ^^^^^^^^^^^^^^^^^
    |   File "C:\Users\Lenovo\AppData\Local\Programs\Python\Python311\Lib\site-packages\fastapi\encoders.py", line 337, in jsonable_encoder
    |     return jsonable_encoder(
    |            ^^^^^^^^^^^^^^^^^
    |   File "C:\Users\Lenovo\AppData\Local\Programs\Python\Python311\Lib\site-packages\fastapi\encoders.py", line 289, in jsonable_encoder
    |     encoded_value = jsonable_encoder(
    |                     ^^^^^^^^^^^^^^^^^
    |   File "C:\Users\Lenovo\AppData\Local\Programs\Python\Python311\Lib\site-packages\fastapi\encoders.py", line 337, in jsonable_encoder
    |     return jsonable_encoder(
    |            ^^^^^^^^^^^^^^^^^
    |   File "C:\Users\Lenovo\AppData\Local\Programs\Python\Python311\Lib\site-packages\fastapi\encoders.py", line 289, in jsonable_encoder
    |     encoded_value = jsonable_encoder(
    |                     ^^^^^^^^^^^^^^^^^
    |   File "C:\Users\Lenovo\AppData\Local\Programs\Python\Python311\Lib\site-packages\fastapi\encoders.py", line 337, in jsonable_encoder
    |     return jsonable_encoder(
    |            ^^^^^^^^^^^^^^^^^
    |   File "C:\Users\Lenovo\AppData\Local\Programs\Python\Python311\Lib\site-packages\fastapi\encoders.py", line 289, in jsonable_encoder
    |     encoded_value = jsonable_encoder(
    |                     ^^^^^^^^^^^^^^^^^
    |   File "C:\Users\Lenovo\AppData\Local\Programs\Python\Python311\Lib\site-packages\fastapi\encoders.py", line 337, in jsonable_encoder
    |     return jsonable_encoder(
    |            ^^^^^^^^^^^^^^^^^
    |   File "C:\Users\Lenovo\AppData\Local\Programs\Python\Python311\Lib\site-packages\fastapi\encoders.py", line 289, in jsonable_encoder
    |     encoded_value = jsonable_encoder(
    |                     ^^^^^^^^^^^^^^^^^
    |   File "C:\Users\Lenovo\AppData\Local\Programs\Python\Python311\Lib\site-packages\fastapi\encoders.py", line 337, in jsonable_encoder
    |     return jsonable_encoder(
    |            ^^^^^^^^^^^^^^^^^
    |   File "C:\Users\Lenovo\AppData\Local\Programs\Python\Python311\Lib\site-packages\fastapi\encoders.py", line 289, in jsonable_encoder
    |     encoded_value = jsonable_encoder(
    |                     ^^^^^^^^^^^^^^^^^
    |   File "C:\Users\Lenovo\AppData\Local\Programs\Python\Python311\Lib\site-packages\fastapi\encoders.py", line 337, in jsonable_encoder
    |     return jsonable_encoder(
    |            ^^^^^^^^^^^^^^^^^
    |   File "C:\Users\Lenovo\AppData\Local\Programs\Python\Python311\Lib\site-packages\fastapi\encoders.py", line 289, in jsonable_encoder
    |     encoded_value = jsonable_encoder(
    |                     ^^^^^^^^^^^^^^^^^
    |   File "C:\Users\Lenovo\AppData\Local\Programs\Python\Python311\Lib\site-packages\fastapi\encoders.py", line 337, in jsonable_encoder
    |     return jsonable_encoder(
    |            ^^^^^^^^^^^^^^^^^
    |   File "C:\Users\Lenovo\AppData\Local\Programs\Python\Python311\Lib\site-packages\fastapi\encoders.py", line 289, in jsonable_encoder
    |     encoded_value = jsonable_encoder(
    |                     ^^^^^^^^^^^^^^^^^
    |   File "C:\Users\Lenovo\AppData\Local\Programs\Python\Python311\Lib\site-packages\fastapi\encoders.py", line 337, in jsonable_encoder
    |     return jsonable_encoder(
    |            ^^^^^^^^^^^^^^^^^
    |   File "C:\Users\Lenovo\AppData\Local\Programs\Python\Python311\Lib\site-packages\fastapi\encoders.py", line 289, in jsonable_encoder
    |     encoded_value = jsonable_encoder(
    |                     ^^^^^^^^^^^^^^^^^
    |   File "C:\Users\Lenovo\AppData\Local\Programs\Python\Python311\Lib\site-packages\fastapi\encoders.py", line 337, in jsonable_encoder
    |     return jsonable_encoder(
    |            ^^^^^^^^^^^^^^^^^
    |   File "C:\Users\Lenovo\AppData\Local\Programs\Python\Python311\Lib\site-packages\fastapi\encoders.py", line 289, in jsonable_encoder
    |     encoded_value = jsonable_encoder(
    |                     ^^^^^^^^^^^^^^^^^
    |   File "C:\Users\Lenovo\AppData\Local\Programs\Python\Python311\Lib\site-packages\fastapi\encoders.py", line 337, in jsonable_encoder
    |     return jsonable_encoder(
    |            ^^^^^^^^^^^^^^^^^
    |   File "C:\Users\Lenovo\AppData\Local\Programs\Python\Python311\Lib\site-packages\fastapi\encoders.py", line 289, in jsonable_encoder
    |     encoded_value = jsonable_encoder(
    |                     ^^^^^^^^^^^^^^^^^
    |   File "C:\Users\Lenovo\AppData\Local\Programs\Python\Python311\Lib\site-packages\fastapi\encoders.py", line 337, in jsonable_encoder
    |     return jsonable_encoder(
    |            ^^^^^^^^^^^^^^^^^
    |   File "C:\Users\Lenovo\AppData\Local\Programs\Python\Python311\Lib\site-packages\fastapi\encoders.py", line 289, in jsonable_encoder
    |     encoded_value = jsonable_encoder(
    |                     ^^^^^^^^^^^^^^^^^
    |   File "C:\Users\Lenovo\AppData\Local\Programs\Python\Python311\Lib\site-packages\fastapi\encoders.py", line 337, in jsonable_encoder
    |     return jsonable_encoder(
    |            ^^^^^^^^^^^^^^^^^
    |   File "C:\Users\Lenovo\AppData\Local\Programs\Python\Python311\Lib\site-packages\fastapi\encoders.py", line 289, in jsonable_encoder
    |     encoded_value = jsonable_encoder(
    |                     ^^^^^^^^^^^^^^^^^
    |   File "C:\Users\Lenovo\AppData\Local\Programs\Python\Python311\Lib\site-packages\fastapi\encoders.py", line 337, in jsonable_encoder
    |     return jsonable_encoder(
    |            ^^^^^^^^^^^^^^^^^
    |   File "C:\Users\Lenovo\AppData\Local\Programs\Python\Python311\Lib\site-packages\fastapi\encoders.py", line 289, in jsonable_encoder
    |     encoded_value = jsonable_encoder(
    |                     ^^^^^^^^^^^^^^^^^
    |   File "C:\Users\Lenovo\AppData\Local\Programs\Python\Python311\Lib\site-packages\fastapi\encoders.py", line 337, in jsonable_encoder
    |     return jsonable_encoder(
    |            ^^^^^^^^^^^^^^^^^
    |   File "C:\Users\Lenovo\AppData\Local\Programs\Python\Python311\Lib\site-packages\fastapi\encoders.py", line 289, in jsonable_encoder
    |     encoded_value = jsonable_encoder(
    |                     ^^^^^^^^^^^^^^^^^
    |   File "C:\Users\Lenovo\AppData\Local\Programs\Python\Python311\Lib\site-packages\fastapi\encoders.py", line 337, in jsonable_encoder
    |     return jsonable_encoder(
    |            ^^^^^^^^^^^^^^^^^
    |   File "C:\Users\Lenovo\AppData\Local\Programs\Python\Python311\Lib\site-packages\fastapi\encoders.py", line 289, in jsonable_encoder
    |     encoded_value = jsonable_encoder(
    |                     ^^^^^^^^^^^^^^^^^
    |   File "C:\Users\Lenovo\AppData\Local\Programs\Python\Python311\Lib\site-packages\fastapi\encoders.py", line 337, in jsonable_encoder
    |     return jsonable_encoder(
    |            ^^^^^^^^^^^^^^^^^
    |   File "C:\Users\Lenovo\AppData\Local\Programs\Python\Python311\Lib\site-packages\fastapi\encoders.py", line 289, in jsonable_encoder
    |     encoded_value = jsonable_encoder(
    |                     ^^^^^^^^^^^^^^^^^
    |   File "C:\Users\Lenovo\AppData\Local\Programs\Python\Python311\Lib\site-packages\fastapi\encoders.py", line 337, in jsonable_encoder
    |     return jsonable_encoder(
    |            ^^^^^^^^^^^^^^^^^
    |   File "C:\Users\Lenovo\AppData\Local\Programs\Python\Python311\Lib\site-packages\fastapi\encoders.py", line 289, in jsonable_encoder
    |     encoded_value = jsonable_encoder(
    |                     ^^^^^^^^^^^^^^^^^
    |   File "C:\Users\Lenovo\AppData\Local\Programs\Python\Python311\Lib\site-packages\fastapi\encoders.py", line 337, in jsonable_encoder
    |     return jsonable_encoder(
    |            ^^^^^^^^^^^^^^^^^
    |   File "C:\Users\Lenovo\AppData\Local\Programs\Python\Python311\Lib\site-packages\fastapi\encoders.py", line 289, in jsonable_encoder
    |     encoded_value = jsonable_encoder(
    |                     ^^^^^^^^^^^^^^^^^
    |   File "C:\Users\Lenovo\AppData\Local\Programs\Python\Python311\Lib\site-packages\fastapi\encoders.py", line 337, in jsonable_encoder
    |     return jsonable_encoder(
    |            ^^^^^^^^^^^^^^^^^
    |   File "C:\Users\Lenovo\AppData\Local\Programs\Python\Python311\Lib\site-packages\fastapi\encoders.py", line 289, in jsonable_encoder
    |     encoded_value = jsonable_encoder(
    |                     ^^^^^^^^^^^^^^^^^
    |   File "C:\Users\Lenovo\AppData\Local\Programs\Python\Python311\Lib\site-packages\fastapi\encoders.py", line 337, in jsonable_encoder
    |     return jsonable_encoder(
    |            ^^^^^^^^^^^^^^^^^
    |   File "C:\Users\Lenovo\AppData\Local\Programs\Python\Python311\Lib\site-packages\fastapi\encoders.py", line 289, in jsonable_encoder
    |     encoded_value = jsonable_encoder(
    |                     ^^^^^^^^^^^^^^^^^
    |   File "C:\Users\Lenovo\AppData\Local\Programs\Python\Python311\Lib\site-packages\fastapi\encoders.py", line 337, in jsonable_encoder
    |     return jsonable_encoder(
    |            ^^^^^^^^^^^^^^^^^
    |   File "C:\Users\Lenovo\AppData\Local\Programs\Python\Python311\Lib\site-packages\fastapi\encoders.py", line 289, in jsonable_encoder
    |     encoded_value = jsonable_encoder(
    |                     ^^^^^^^^^^^^^^^^^
    |   File "C:\Users\Lenovo\AppData\Local\Programs\Python\Python311\Lib\site-packages\fastapi\encoders.py", line 337, in jsonable_encoder
    |     return jsonable_encoder(
    |            ^^^^^^^^^^^^^^^^^
    |   File "C:\Users\Lenovo\AppData\Local\Programs\Python\Python311\Lib\site-packages\fastapi\encoders.py", line 289, in jsonable_encoder
    |     encoded_value = jsonable_encoder(
    |                     ^^^^^^^^^^^^^^^^^
    |   File "C:\Users\Lenovo\AppData\Local\Programs\Python\Python311\Lib\site-packages\fastapi\encoders.py", line 337, in jsonable_encoder
    |     return jsonable_encoder(
    |            ^^^^^^^^^^^^^^^^^
    |   File "C:\Users\Lenovo\AppData\Local\Programs\Python\Python311\Lib\site-packages\fastapi\encoders.py", line 289, in jsonable_encoder
    |     encoded_value = jsonable_encoder(
    |                     ^^^^^^^^^^^^^^^^^
    |   File "C:\Users\Lenovo\AppData\Local\Programs\Python\Python311\Lib\site-packages\fastapi\encoders.py", line 337, in jsonable_encoder
    |     return jsonable_encoder(
    |            ^^^^^^^^^^^^^^^^^
    |   File "C:\Users\Lenovo\AppData\Local\Programs\Python\Python311\Lib\site-packages\fastapi\encoders.py", line 289, in jsonable_encoder
    |     encoded_value = jsonable_encoder(
    |                     ^^^^^^^^^^^^^^^^^
    |   File "C:\Users\Lenovo\AppData\Local\Programs\Python\Python311\Lib\site-packages\fastapi\encoders.py", line 337, in jsonable_encoder
    |     return jsonable_encoder(
    |            ^^^^^^^^^^^^^^^^^
    |   File "C:\Users\Lenovo\AppData\Local\Programs\Python\Python311\Lib\site-packages\fastapi\encoders.py", line 289, in jsonable_encoder
    |     encoded_value = jsonable_encoder(
    |                     ^^^^^^^^^^^^^^^^^
    |   File "C:\Users\Lenovo\AppData\Local\Programs\Python\Python311\Lib\site-packages\fastapi\encoders.py", line 337, in jsonable_encoder
    |     return jsonable_encoder(
    |            ^^^^^^^^^^^^^^^^^
    |   File "C:\Users\Lenovo\AppData\Local\Programs\Python\Python311\Lib\site-packages\fastapi\encoders.py", line 289, in jsonable_encoder
    |     encoded_value = jsonable_encoder(
    |                     ^^^^^^^^^^^^^^^^^
    |   File "C:\Users\Lenovo\AppData\Local\Programs\Python\Python311\Lib\site-packages\fastapi\encoders.py", line 337, in jsonable_encoder
    |     return jsonable_encoder(
    |            ^^^^^^^^^^^^^^^^^
    |   File "C:\Users\Lenovo\AppData\Local\Programs\Python\Python311\Lib\site-packages\fastapi\encoders.py", line 289, in jsonable_encoder
    |     encoded_value = jsonable_encoder(
    |                     ^^^^^^^^^^^^^^^^^
    |   File "C:\Users\Lenovo\AppData\Local\Programs\Python\Python311\Lib\site-packages\fastapi\encoders.py", line 337, in jsonable_encoder
    |     return jsonable_encoder(
    |            ^^^^^^^^^^^^^^^^^
    |   File "C:\Users\Lenovo\AppData\Local\Programs\Python\Python311\Lib\site-packages\fastapi\encoders.py", line 289, in jsonable_encoder
    |     encoded_value = jsonable_encoder(
    |                     ^^^^^^^^^^^^^^^^^
    |   File "C:\Users\Lenovo\AppData\Local\Programs\Python\Python311\Lib\site-packages\fastapi\encoders.py", line 337, in jsonable_encoder
    |     return jsonable_encoder(
    |            ^^^^^^^^^^^^^^^^^
    |   File "C:\Users\Lenovo\AppData\Local\Programs\Python\Python311\Lib\site-packages\fastapi\encoders.py", line 289, in jsonable_encoder
    |     encoded_value = jsonable_encoder(
    |                     ^^^^^^^^^^^^^^^^^
    |   File "C:\Users\Lenovo\AppData\Local\Programs\Python\Python311\Lib\site-packages\fastapi\encoders.py", line 337, in jsonable_encoder
    |     return jsonable_encoder(
    |            ^^^^^^^^^^^^^^^^^
    |   File "C:\Users\Lenovo\AppData\Local\Programs\Python\Python311\Lib\site-packages\fastapi\encoders.py", line 289, in jsonable_encoder
    |     encoded_value = jsonable_encoder(
    |                     ^^^^^^^^^^^^^^^^^
    |   File "C:\Users\Lenovo\AppData\Local\Programs\Python\Python311\Lib\site-packages\fastapi\encoders.py", line 337, in jsonable_encoder
    |     return jsonable_encoder(
    |            ^^^^^^^^^^^^^^^^^
    |   File "C:\Users\Lenovo\AppData\Local\Programs\Python\Python311\Lib\site-packages\fastapi\encoders.py", line 289, in jsonable_encoder
    |     encoded_value = jsonable_encoder(
    |                     ^^^^^^^^^^^^^^^^^
    |   File "C:\Users\Lenovo\AppData\Local\Programs\Python\Python311\Lib\site-packages\fastapi\encoders.py", line 337, in jsonable_encoder
    |     return jsonable_encoder(
    |            ^^^^^^^^^^^^^^^^^
    |   File "C:\Users\Lenovo\AppData\Local\Programs\Python\Python311\Lib\site-packages\fastapi\encoders.py", line 289, in jsonable_encoder
    |     encoded_value = jsonable_encoder(
    |                     ^^^^^^^^^^^^^^^^^
    |   File "C:\Users\Lenovo\AppData\Local\Programs\Python\Python311\Lib\site-packages\fastapi\encoders.py", line 337, in jsonable_encoder
    |     return jsonable_encoder(
    |            ^^^^^^^^^^^^^^^^^
    |   File "C:\Users\Lenovo\AppData\Local\Programs\Python\Python311\Lib\site-packages\fastapi\encoders.py", line 289, in jsonable_encoder
    |     encoded_value = jsonable_encoder(
    |                     ^^^^^^^^^^^^^^^^^
    |   File "C:\Users\Lenovo\AppData\Local\Programs\Python\Python311\Lib\site-packages\fastapi\encoders.py", line 337, in jsonable_encoder
    |     return jsonable_encoder(
    |            ^^^^^^^^^^^^^^^^^
    |   File "C:\Users\Lenovo\AppData\Local\Programs\Python\Python311\Lib\site-packages\fastapi\encoders.py", line 289, in jsonable_encoder
    |     encoded_value = jsonable_encoder(
    |                     ^^^^^^^^^^^^^^^^^
    |   File "C:\Users\Lenovo\AppData\Local\Programs\Python\Python311\Lib\site-packages\fastapi\encoders.py", line 337, in jsonable_encoder
    |     return jsonable_encoder(
    |            ^^^^^^^^^^^^^^^^^
    |   File "C:\Users\Lenovo\AppData\Local\Programs\Python\Python311\Lib\site-packages\fastapi\encoders.py", line 289, in jsonable_encoder
    |     encoded_value = jsonable_encoder(
    |                     ^^^^^^^^^^^^^^^^^
    |   File "C:\Users\Lenovo\AppData\Local\Programs\Python\Python311\Lib\site-packages\fastapi\encoders.py", line 337, in jsonable_encoder
    |     return jsonable_encoder(
    |            ^^^^^^^^^^^^^^^^^
    |   File "C:\Users\Lenovo\AppData\Local\Programs\Python\Python311\Lib\site-packages\fastapi\encoders.py", line 289, in jsonable_encoder
    |     encoded_value = jsonable_encoder(
    |                     ^^^^^^^^^^^^^^^^^
    |   File "C:\Users\Lenovo\AppData\Local\Programs\Python\Python311\Lib\site-packages\fastapi\encoders.py", line 337, in jsonable_encoder
    |     return jsonable_encoder(
    |            ^^^^^^^^^^^^^^^^^
    |   File "C:\Users\Lenovo\AppData\Local\Programs\Python\Python311\Lib\site-packages\fastapi\encoders.py", line 289, in jsonable_encoder
    |     encoded_value = jsonable_encoder(
    |                     ^^^^^^^^^^^^^^^^^
    |   File "C:\Users\Lenovo\AppData\Local\Programs\Python\Python311\Lib\site-packages\fastapi\encoders.py", line 337, in jsonable_encoder
    |     return jsonable_encoder(
    |            ^^^^^^^^^^^^^^^^^
    |   File "C:\Users\Lenovo\AppData\Local\Programs\Python\Python311\Lib\site-packages\fastapi\encoders.py", line 289, in jsonable_encoder
    |     encoded_value = jsonable_encoder(
    |                     ^^^^^^^^^^^^^^^^^
    |   File "C:\Users\Lenovo\AppData\Local\Programs\Python\Python311\Lib\site-packages\fastapi\encoders.py", line 337, in jsonable_encoder
    |     return jsonable_encoder(
    |            ^^^^^^^^^^^^^^^^^
    |   File "C:\Users\Lenovo\AppData\Local\Programs\Python\Python311\Lib\site-packages\fastapi\encoders.py", line 289, in jsonable_encoder
    |     encoded_value = jsonable_encoder(
    |                     ^^^^^^^^^^^^^^^^^
    |   File "C:\Users\Lenovo\AppData\Local\Programs\Python\Python311\Lib\site-packages\fastapi\encoders.py", line 337, in jsonable_encoder
    |     return jsonable_encoder(
    |            ^^^^^^^^^^^^^^^^^
    |   File "C:\Users\Lenovo\AppData\Local\Programs\Python\Python311\Lib\site-packages\fastapi\encoders.py", line 289, in jsonable_encoder
    |     encoded_value = jsonable_encoder(
    |                     ^^^^^^^^^^^^^^^^^
    |   File "C:\Users\Lenovo\AppData\Local\Programs\Python\Python311\Lib\site-packages\fastapi\encoders.py", line 337, in jsonable_encoder
    |     return jsonable_encoder(
    |            ^^^^^^^^^^^^^^^^^
    |   File "C:\Users\Lenovo\AppData\Local\Programs\Python\Python311\Lib\site-packages\fastapi\encoders.py", line 289, in jsonable_encoder
    |     encoded_value = jsonable_encoder(
    |                     ^^^^^^^^^^^^^^^^^
    |   File "C:\Users\Lenovo\AppData\Local\Programs\Python\Python311\Lib\site-packages\fastapi\encoders.py", line 337, in jsonable_encoder
    |     return jsonable_encoder(
    |            ^^^^^^^^^^^^^^^^^
    |   File "C:\Users\Lenovo\AppData\Local\Programs\Python\Python311\Lib\site-packages\fastapi\encoders.py", line 289, in jsonable_encoder
    |     encoded_value = jsonable_encoder(
    |                     ^^^^^^^^^^^^^^^^^
    |   File "C:\Users\Lenovo\AppData\Local\Programs\Python\Python311\Lib\site-packages\fastapi\encoders.py", line 337, in jsonable_encoder
    |     return jsonable_encoder(
    |            ^^^^^^^^^^^^^^^^^
    |   File "C:\Users\Lenovo\AppData\Local\Programs\Python\Python311\Lib\site-packages\fastapi\encoders.py", line 289, in jsonable_encoder
    |     encoded_value = jsonable_encoder(
    |                     ^^^^^^^^^^^^^^^^^
    |   File "C:\Users\Lenovo\AppData\Local\Programs\Python\Python311\Lib\site-packages\fastapi\encoders.py", line 337, in jsonable_encoder
    |     return jsonable_encoder(
    |            ^^^^^^^^^^^^^^^^^
    |   File "C:\Users\Lenovo\AppData\Local\Programs\Python\Python311\Lib\site-packages\fastapi\encoders.py", line 289, in jsonable_encoder
    |     encoded_value = jsonable_encoder(
    |                     ^^^^^^^^^^^^^^^^^
    |   File "C:\Users\Lenovo\AppData\Local\Programs\Python\Python311\Lib\site-packages\fastapi\encoders.py", line 337, in jsonable_encoder
    |     return jsonable_encoder(
    |            ^^^^^^^^^^^^^^^^^
    |   File "C:\Users\Lenovo\AppData\Local\Programs\Python\Python311\Lib\site-packages\fastapi\encoders.py", line 289, in jsonable_encoder
    |     encoded_value = jsonable_encoder(
    |                     ^^^^^^^^^^^^^^^^^
    |   File "C:\Users\Lenovo\AppData\Local\Programs\Python\Python311\Lib\site-packages\fastapi\encoders.py", line 337, in jsonable_encoder
    |     return jsonable_encoder(
    |            ^^^^^^^^^^^^^^^^^
    |   File "C:\Users\Lenovo\AppData\Local\Programs\Python\Python311\Lib\site-packages\fastapi\encoders.py", line 289, in jsonable_encoder
    |     encoded_value = jsonable_encoder(
    |                     ^^^^^^^^^^^^^^^^^
    |   File "C:\Users\Lenovo\AppData\Local\Programs\Python\Python311\Lib\site-packages\fastapi\encoders.py", line 337, in jsonable_encoder
    |     return jsonable_encoder(
    |            ^^^^^^^^^^^^^^^^^
    |   File "C:\Users\Lenovo\AppData\Local\Programs\Python\Python311\Lib\site-packages\fastapi\encoders.py", line 289, in jsonable_encoder
    |     encoded_value = jsonable_encoder(
    |                     ^^^^^^^^^^^^^^^^^
    |   File "C:\Users\Lenovo\AppData\Local\Programs\Python\Python311\Lib\site-packages\fastapi\encoders.py", line 337, in jsonable_encoder
    |     return jsonable_encoder(
    |            ^^^^^^^^^^^^^^^^^
    |   File "C:\Users\Lenovo\AppData\Local\Programs\Python\Python311\Lib\site-packages\fastapi\encoders.py", line 289, in jsonable_encoder
    |     encoded_value = jsonable_encoder(
    |                     ^^^^^^^^^^^^^^^^^
    |   File "C:\Users\Lenovo\AppData\Local\Programs\Python\Python311\Lib\site-packages\fastapi\encoders.py", line 337, in jsonable_encoder
    |     return jsonable_encoder(
    |            ^^^^^^^^^^^^^^^^^
    |   File "C:\Users\Lenovo\AppData\Local\Programs\Python\Python311\Lib\site-packages\fastapi\encoders.py", line 289, in jsonable_encoder
    |     encoded_value = jsonable_encoder(
    |                     ^^^^^^^^^^^^^^^^^
    |   File "C:\Users\Lenovo\AppData\Local\Programs\Python\Python311\Lib\site-packages\fastapi\encoders.py", line 337, in jsonable_encoder
    |     return jsonable_encoder(
    |            ^^^^^^^^^^^^^^^^^
    |   File "C:\Users\Lenovo\AppData\Local\Programs\Python\Python311\Lib\site-packages\fastapi\encoders.py", line 289, in jsonable_encoder
    |     encoded_value = jsonable_encoder(
    |                     ^^^^^^^^^^^^^^^^^
    |   File "C:\Users\Lenovo\AppData\Local\Programs\Python\Python311\Lib\site-packages\fastapi\encoders.py", line 337, in jsonable_encoder
    |     return jsonable_encoder(
    |            ^^^^^^^^^^^^^^^^^
    |   File "C:\Users\Lenovo\AppData\Local\Programs\Python\Python311\Lib\site-packages\fastapi\encoders.py", line 289, in jsonable_encoder
    |     encoded_value = jsonable_encoder(
    |                     ^^^^^^^^^^^^^^^^^
    |   File "C:\Users\Lenovo\AppData\Local\Programs\Python\Python311\Lib\site-packages\fastapi\encoders.py", line 337, in jsonable_encoder
    |     return jsonable_encoder(
    |            ^^^^^^^^^^^^^^^^^
    |   File "C:\Users\Lenovo\AppData\Local\Programs\Python\Python311\Lib\site-packages\fastapi\encoders.py", line 289, in jsonable_encoder
    |     encoded_value = jsonable_encoder(
    |                     ^^^^^^^^^^^^^^^^^
    |   File "C:\Users\Lenovo\AppData\Local\Programs\Python\Python311\Lib\site-packages\fastapi\encoders.py", line 337, in jsonable_encoder
    |     return jsonable_encoder(
    |            ^^^^^^^^^^^^^^^^^
    |   File "C:\Users\Lenovo\AppData\Local\Programs\Python\Python311\Lib\site-packages\fastapi\encoders.py", line 289, in jsonable_encoder
    |     encoded_value = jsonable_encoder(
    |                     ^^^^^^^^^^^^^^^^^
    |   File "C:\Users\Lenovo\AppData\Local\Programs\Python\Python311\Lib\site-packages\fastapi\encoders.py", line 337, in jsonable_encoder
    |     return jsonable_encoder(
    |            ^^^^^^^^^^^^^^^^^
    |   File "C:\Users\Lenovo\AppData\Local\Programs\Python\Python311\Lib\site-packages\fastapi\encoders.py", line 289, in jsonable_encoder
    |     encoded_value = jsonable_encoder(
    |                     ^^^^^^^^^^^^^^^^^
    |   File "C:\Users\Lenovo\AppData\Local\Programs\Python\Python311\Lib\site-packages\fastapi\encoders.py", line 337, in jsonable_encoder
    |     return jsonable_encoder(
    |            ^^^^^^^^^^^^^^^^^
    |   File "C:\Users\Lenovo\AppData\Local\Programs\Python\Python311\Lib\site-packages\fastapi\encoders.py", line 289, in jsonable_encoder
    |     encoded_value = jsonable_encoder(
    |                     ^^^^^^^^^^^^^^^^^
    |   File "C:\Users\Lenovo\AppData\Local\Programs\Python\Python311\Lib\site-packages\fastapi\encoders.py", line 337, in jsonable_encoder
    |     return jsonable_encoder(
    |            ^^^^^^^^^^^^^^^^^
    |   File "C:\Users\Lenovo\AppData\Local\Programs\Python\Python311\Lib\site-packages\fastapi\encoders.py", line 289, in jsonable_encoder
    |     encoded_value = jsonable_encoder(
    |                     ^^^^^^^^^^^^^^^^^
    |   File "C:\Users\Lenovo\AppData\Local\Programs\Python\Python311\Lib\site-packages\fastapi\encoders.py", line 337, in jsonable_encoder
    |     return jsonable_encoder(
    |            ^^^^^^^^^^^^^^^^^
    |   File "C:\Users\Lenovo\AppData\Local\Programs\Python\Python311\Lib\site-packages\fastapi\encoders.py", line 289, in jsonable_encoder
    |     encoded_value = jsonable_encoder(
    |                     ^^^^^^^^^^^^^^^^^
    |   File "C:\Users\Lenovo\AppData\Local\Programs\Python\Python311\Lib\site-packages\fastapi\encoders.py", line 337, in jsonable_encoder
    |     return jsonable_encoder(
    |            ^^^^^^^^^^^^^^^^^
    |   File "C:\Users\Lenovo\AppData\Local\Programs\Python\Python311\Lib\site-packages\fastapi\encoders.py", line 289, in jsonable_encoder
    |     encoded_value = jsonable_encoder(
    |                     ^^^^^^^^^^^^^^^^^
    |   File "C:\Users\Lenovo\AppData\Local\Programs\Python\Python311\Lib\site-packages\fastapi\encoders.py", line 337, in jsonable_encoder
    |     return jsonable_encoder(
    |            ^^^^^^^^^^^^^^^^^
    |   File "C:\Users\Lenovo\AppData\Local\Programs\Python\Python311\Lib\site-packages\fastapi\encoders.py", line 289, in jsonable_encoder
    |     encoded_value = jsonable_encoder(
    |                     ^^^^^^^^^^^^^^^^^
    |   File "C:\Users\Lenovo\AppData\Local\Programs\Python\Python311\Lib\site-packages\fastapi\encoders.py", line 337, in jsonable_encoder
    |     return jsonable_encoder(
    |            ^^^^^^^^^^^^^^^^^
    |   File "C:\Users\Lenovo\AppData\Local\Programs\Python\Python311\Lib\site-packages\fastapi\encoders.py", line 289, in jsonable_encoder
    |     encoded_value = jsonable_encoder(
    |                     ^^^^^^^^^^^^^^^^^
    |   File "C:\Users\Lenovo\AppData\Local\Programs\Python\Python311\Lib\site-packages\fastapi\encoders.py", line 337, in jsonable_encoder
    |     return jsonable_encoder(
    |            ^^^^^^^^^^^^^^^^^
    |   File "C:\Users\Lenovo\AppData\Local\Programs\Python\Python311\Lib\site-packages\fastapi\encoders.py", line 289, in jsonable_encoder
    |     encoded_value = jsonable_encoder(
    |                     ^^^^^^^^^^^^^^^^^
    |   File "C:\Users\Lenovo\AppData\Local\Programs\Python\Python311\Lib\site-packages\fastapi\encoders.py", line 337, in jsonable_encoder
    |     return jsonable_encoder(
    |            ^^^^^^^^^^^^^^^^^
    |   File "C:\Users\Lenovo\AppData\Local\Programs\Python\Python311\Lib\site-packages\fastapi\encoders.py", line 289, in jsonable_encoder
    |     encoded_value = jsonable_encoder(
    |                     ^^^^^^^^^^^^^^^^^
    |   File "C:\Users\Lenovo\AppData\Local\Programs\Python\Python311\Lib\site-packages\fastapi\encoders.py", line 337, in jsonable_encoder
    |     return jsonable_encoder(
    |            ^^^^^^^^^^^^^^^^^
    |   File "C:\Users\Lenovo\AppData\Local\Programs\Python\Python311\Lib\site-packages\fastapi\encoders.py", line 289, in jsonable_encoder
    |     encoded_value = jsonable_encoder(
    |                     ^^^^^^^^^^^^^^^^^
    |   File "C:\Users\Lenovo\AppData\Local\Programs\Python\Python311\Lib\site-packages\fastapi\encoders.py", line 337, in jsonable_encoder
    |     return jsonable_encoder(
    |            ^^^^^^^^^^^^^^^^^
    |   File "C:\Users\Lenovo\AppData\Local\Programs\Python\Python311\Lib\site-packages\fastapi\encoders.py", line 289, in jsonable_encoder
    |     encoded_value = jsonable_encoder(
    |                     ^^^^^^^^^^^^^^^^^
    |   File "C:\Users\Lenovo\AppData\Local\Programs\Python\Python311\Lib\site-packages\fastapi\encoders.py", line 337, in jsonable_encoder
    |     return jsonable_encoder(
    |            ^^^^^^^^^^^^^^^^^
    |   File "C:\Users\Lenovo\AppData\Local\Programs\Python\Python311\Lib\site-packages\fastapi\encoders.py", line 289, in jsonable_encoder
    |     encoded_value = jsonable_encoder(
    |                     ^^^^^^^^^^^^^^^^^
    |   File "C:\Users\Lenovo\AppData\Local\Programs\Python\Python311\Lib\site-packages\fastapi\encoders.py", line 337, in jsonable_encoder
    |     return jsonable_encoder(
    |            ^^^^^^^^^^^^^^^^^
    |   File "C:\Users\Lenovo\AppData\Local\Programs\Python\Python311\Lib\site-packages\fastapi\encoders.py", line 289, in jsonable_encoder
    |     encoded_value = jsonable_encoder(
    |                     ^^^^^^^^^^^^^^^^^
    |   File "C:\Users\Lenovo\AppData\Local\Programs\Python\Python311\Lib\site-packages\fastapi\encoders.py", line 337, in jsonable_encoder
    |     return jsonable_encoder(
    |            ^^^^^^^^^^^^^^^^^
    |   File "C:\Users\Lenovo\AppData\Local\Programs\Python\Python311\Lib\site-packages\fastapi\encoders.py", line 289, in jsonable_encoder
    |     encoded_value = jsonable_encoder(
    |                     ^^^^^^^^^^^^^^^^^
    |   File "C:\Users\Lenovo\AppData\Local\Programs\Python\Python311\Lib\site-packages\fastapi\encoders.py", line 337, in jsonable_encoder
    |     return jsonable_encoder(
    |            ^^^^^^^^^^^^^^^^^
    |   File "C:\Users\Lenovo\AppData\Local\Programs\Python\Python311\Lib\site-packages\fastapi\encoders.py", line 289, in jsonable_encoder
    |     encoded_value = jsonable_encoder(
    |                     ^^^^^^^^^^^^^^^^^
    |   File "C:\Users\Lenovo\AppData\Local\Programs\Python\Python311\Lib\site-packages\fastapi\encoders.py", line 337, in jsonable_encoder
    |     return jsonable_encoder(
    |            ^^^^^^^^^^^^^^^^^
    |   File "C:\Users\Lenovo\AppData\Local\Programs\Python\Python311\Lib\site-packages\fastapi\encoders.py", line 289, in jsonable_encoder
    |     encoded_value = jsonable_encoder(
    |                     ^^^^^^^^^^^^^^^^^
    |   File "C:\Users\Lenovo\AppData\Local\Programs\Python\Python311\Lib\site-packages\fastapi\encoders.py", line 337, in jsonable_encoder
    |     return jsonable_encoder(
    |            ^^^^^^^^^^^^^^^^^
    |   File "C:\Users\Lenovo\AppData\Local\Programs\Python\Python311\Lib\site-packages\fastapi\encoders.py", line 289, in jsonable_encoder
    |     encoded_value = jsonable_encoder(
    |                     ^^^^^^^^^^^^^^^^^
    |   File "C:\Users\Lenovo\AppData\Local\Programs\Python\Python311\Lib\site-packages\fastapi\encoders.py", line 337, in jsonable_encoder
    |     return jsonable_encoder(
    |            ^^^^^^^^^^^^^^^^^
    |   File "C:\Users\Lenovo\AppData\Local\Programs\Python\Python311\Lib\site-packages\fastapi\encoders.py", line 289, in jsonable_encoder
    |     encoded_value = jsonable_encoder(
    |                     ^^^^^^^^^^^^^^^^^
    |   File "C:\Users\Lenovo\AppData\Local\Programs\Python\Python311\Lib\site-packages\fastapi\encoders.py", line 337, in jsonable_encoder
    |     return jsonable_encoder(
    |            ^^^^^^^^^^^^^^^^^
    |   File "C:\Users\Lenovo\AppData\Local\Programs\Python\Python311\Lib\site-packages\fastapi\encoders.py", line 289, in jsonable_encoder
    |     encoded_value = jsonable_encoder(
    |                     ^^^^^^^^^^^^^^^^^
    |   File "C:\Users\Lenovo\AppData\Local\Programs\Python\Python311\Lib\site-packages\fastapi\encoders.py", line 337, in jsonable_encoder
    |     return jsonable_encoder(
    |            ^^^^^^^^^^^^^^^^^
    |   File "C:\Users\Lenovo\AppData\Local\Programs\Python\Python311\Lib\site-packages\fastapi\encoders.py", line 289, in jsonable_encoder
    |     encoded_value = jsonable_encoder(
    |                     ^^^^^^^^^^^^^^^^^
    |   File "C:\Users\Lenovo\AppData\Local\Programs\Python\Python311\Lib\site-packages\fastapi\encoders.py", line 337, in jsonable_encoder
    |     return jsonable_encoder(
    |            ^^^^^^^^^^^^^^^^^
    |   File "C:\Users\Lenovo\AppData\Local\Programs\Python\Python311\Lib\site-packages\fastapi\encoders.py", line 289, in jsonable_encoder
    |     encoded_value = jsonable_encoder(
    |                     ^^^^^^^^^^^^^^^^^
    |   File "C:\Users\Lenovo\AppData\Local\Programs\Python\Python311\Lib\site-packages\fastapi\encoders.py", line 337, in jsonable_encoder
    |     return jsonable_encoder(
    |            ^^^^^^^^^^^^^^^^^
    |   File "C:\Users\Lenovo\AppData\Local\Programs\Python\Python311\Lib\site-packages\fastapi\encoders.py", line 289, in jsonable_encoder
    |     encoded_value = jsonable_encoder(
    |                     ^^^^^^^^^^^^^^^^^
    |   File "C:\Users\Lenovo\AppData\Local\Programs\Python\Python311\Lib\site-packages\fastapi\encoders.py", line 337, in jsonable_encoder
    |     return jsonable_encoder(
    |            ^^^^^^^^^^^^^^^^^
    |   File "C:\Users\Lenovo\AppData\Local\Programs\Python\Python311\Lib\site-packages\fastapi\encoders.py", line 289, in jsonable_encoder
    |     encoded_value = jsonable_encoder(
    |                     ^^^^^^^^^^^^^^^^^
    |   File "C:\Users\Lenovo\AppData\Local\Programs\Python\Python311\Lib\site-packages\fastapi\encoders.py", line 337, in jsonable_encoder
    |     return jsonable_encoder(
    |            ^^^^^^^^^^^^^^^^^
    |   File "C:\Users\Lenovo\AppData\Local\Programs\Python\Python311\Lib\site-packages\fastapi\encoders.py", line 289, in jsonable_encoder
    |     encoded_value = jsonable_encoder(
    |                     ^^^^^^^^^^^^^^^^^
    |   File "C:\Users\Lenovo\AppData\Local\Programs\Python\Python311\Lib\site-packages\fastapi\encoders.py", line 337, in jsonable_encoder
    |     return jsonable_encoder(
    |            ^^^^^^^^^^^^^^^^^
    |   File "C:\Users\Lenovo\AppData\Local\Programs\Python\Python311\Lib\site-packages\fastapi\encoders.py", line 289, in jsonable_encoder
    |     encoded_value = jsonable_encoder(
    |                     ^^^^^^^^^^^^^^^^^
    |   File "C:\Users\Lenovo\AppData\Local\Programs\Python\Python311\Lib\site-packages\fastapi\encoders.py", line 337, in jsonable_encoder
    |     return jsonable_encoder(
    |            ^^^^^^^^^^^^^^^^^
    |   File "C:\Users\Lenovo\AppData\Local\Programs\Python\Python311\Lib\site-packages\fastapi\encoders.py", line 289, in jsonable_encoder
    |     encoded_value = jsonable_encoder(
    |                     ^^^^^^^^^^^^^^^^^
    |   File "C:\Users\Lenovo\AppData\Local\Programs\Python\Python311\Lib\site-packages\fastapi\encoders.py", line 337, in jsonable_encoder
    |     return jsonable_encoder(
    |            ^^^^^^^^^^^^^^^^^
    |   File "C:\Users\Lenovo\AppData\Local\Programs\Python\Python311\Lib\site-packages\fastapi\encoders.py", line 289, in jsonable_encoder
    |     encoded_value = jsonable_encoder(
    |                     ^^^^^^^^^^^^^^^^^
    |   File "C:\Users\Lenovo\AppData\Local\Programs\Python\Python311\Lib\site-packages\fastapi\encoders.py", line 337, in jsonable_encoder
    |     return jsonable_encoder(
    |            ^^^^^^^^^^^^^^^^^
    |   File "C:\Users\Lenovo\AppData\Local\Programs\Python\Python311\Lib\site-packages\fastapi\encoders.py", line 289, in jsonable_encoder
    |     encoded_value = jsonable_encoder(
    |                     ^^^^^^^^^^^^^^^^^
    |   File "C:\Users\Lenovo\AppData\Local\Programs\Python\Python311\Lib\site-packages\fastapi\encoders.py", line 337, in jsonable_encoder
    |     return jsonable_encoder(
    |            ^^^^^^^^^^^^^^^^^
    |   File "C:\Users\Lenovo\AppData\Local\Programs\Python\Python311\Lib\site-packages\fastapi\encoders.py", line 289, in jsonable_encoder
    |     encoded_value = jsonable_encoder(
    |                     ^^^^^^^^^^^^^^^^^
    |   File "C:\Users\Lenovo\AppData\Local\Programs\Python\Python311\Lib\site-packages\fastapi\encoders.py", line 337, in jsonable_encoder
    |     return jsonable_encoder(
    |            ^^^^^^^^^^^^^^^^^
    |   File "C:\Users\Lenovo\AppData\Local\Programs\Python\Python311\Lib\site-packages\fastapi\encoders.py", line 289, in jsonable_encoder
    |     encoded_value = jsonable_encoder(
    |                     ^^^^^^^^^^^^^^^^^
    |   File "C:\Users\Lenovo\AppData\Local\Programs\Python\Python311\Lib\site-packages\fastapi\encoders.py", line 337, in jsonable_encoder
    |     return jsonable_encoder(
    |            ^^^^^^^^^^^^^^^^^
    |   File "C:\Users\Lenovo\AppData\Local\Programs\Python\Python311\Lib\site-packages\fastapi\encoders.py", line 289, in jsonable_encoder
    |     encoded_value = jsonable_encoder(
    |                     ^^^^^^^^^^^^^^^^^
    |   File "C:\Users\Lenovo\AppData\Local\Programs\Python\Python311\Lib\site-packages\fastapi\encoders.py", line 337, in jsonable_encoder
    |     return jsonable_encoder(
    |            ^^^^^^^^^^^^^^^^^
    |   File "C:\Users\Lenovo\AppData\Local\Programs\Python\Python311\Lib\site-packages\fastapi\encoders.py", line 289, in jsonable_encoder
    |     encoded_value = jsonable_encoder(
    |                     ^^^^^^^^^^^^^^^^^
    |   File "C:\Users\Lenovo\AppData\Local\Programs\Python\Python311\Lib\site-packages\fastapi\encoders.py", line 337, in jsonable_encoder
    |     return jsonable_encoder(
    |            ^^^^^^^^^^^^^^^^^
    |   File "C:\Users\Lenovo\AppData\Local\Programs\Python\Python311\Lib\site-packages\fastapi\encoders.py", line 289, in jsonable_encoder
    |     encoded_value = jsonable_encoder(
    |                     ^^^^^^^^^^^^^^^^^
    |   File "C:\Users\Lenovo\AppData\Local\Programs\Python\Python311\Lib\site-packages\fastapi\encoders.py", line 337, in jsonable_encoder
    |     return jsonable_encoder(
    |            ^^^^^^^^^^^^^^^^^
    |   File "C:\Users\Lenovo\AppData\Local\Programs\Python\Python311\Lib\site-packages\fastapi\encoders.py", line 289, in jsonable_encoder
    |     encoded_value = jsonable_encoder(
    |                     ^^^^^^^^^^^^^^^^^
    |   File "C:\Users\Lenovo\AppData\Local\Programs\Python\Python311\Lib\site-packages\fastapi\encoders.py", line 337, in jsonable_encoder
    |     return jsonable_encoder(
    |            ^^^^^^^^^^^^^^^^^
    |   File "C:\Users\Lenovo\AppData\Local\Programs\Python\Python311\Lib\site-packages\fastapi\encoders.py", line 289, in jsonable_encoder
    |     encoded_value = jsonable_encoder(
    |                     ^^^^^^^^^^^^^^^^^
    |   File "C:\Users\Lenovo\AppData\Local\Programs\Python\Python311\Lib\site-packages\fastapi\encoders.py", line 337, in jsonable_encoder
    |     return jsonable_encoder(
    |            ^^^^^^^^^^^^^^^^^
    |   File "C:\Users\Lenovo\AppData\Local\Programs\Python\Python311\Lib\site-packages\fastapi\encoders.py", line 289, in jsonable_encoder
    |     encoded_value = jsonable_encoder(
    |                     ^^^^^^^^^^^^^^^^^
    |   File "C:\Users\Lenovo\AppData\Local\Programs\Python\Python311\Lib\site-packages\fastapi\encoders.py", line 337, in jsonable_encoder
    |     return jsonable_encoder(
    |            ^^^^^^^^^^^^^^^^^
    |   File "C:\Users\Lenovo\AppData\Local\Programs\Python\Python311\Lib\site-packages\fastapi\encoders.py", line 289, in jsonable_encoder
    |     encoded_value = jsonable_encoder(
    |                     ^^^^^^^^^^^^^^^^^
    |   File "C:\Users\Lenovo\AppData\Local\Programs\Python\Python311\Lib\site-packages\fastapi\encoders.py", line 337, in jsonable_encoder
    |     return jsonable_encoder(
    |            ^^^^^^^^^^^^^^^^^
    |   File "C:\Users\Lenovo\AppData\Local\Programs\Python\Python311\Lib\site-packages\fastapi\encoders.py", line 289, in jsonable_encoder
    |     encoded_value = jsonable_encoder(
    |                     ^^^^^^^^^^^^^^^^^
    |   File "C:\Users\Lenovo\AppData\Local\Programs\Python\Python311\Lib\site-packages\fastapi\encoders.py", line 337, in jsonable_encoder
    |     return jsonable_encoder(
    |            ^^^^^^^^^^^^^^^^^
    |   File "C:\Users\Lenovo\AppData\Local\Programs\Python\Python311\Lib\site-packages\fastapi\encoders.py", line 289, in jsonable_encoder
    |     encoded_value = jsonable_encoder(
    |                     ^^^^^^^^^^^^^^^^^
    |   File "C:\Users\Lenovo\AppData\Local\Programs\Python\Python311\Lib\site-packages\fastapi\encoders.py", line 337, in jsonable_encoder
    |     return jsonable_encoder(
    |            ^^^^^^^^^^^^^^^^^
    |   File "C:\Users\Lenovo\AppData\Local\Programs\Python\Python311\Lib\site-packages\fastapi\encoders.py", line 289, in jsonable_encoder
    |     encoded_value = jsonable_encoder(
    |                     ^^^^^^^^^^^^^^^^^
    |   File "C:\Users\Lenovo\AppData\Local\Programs\Python\Python311\Lib\site-packages\fastapi\encoders.py", line 337, in jsonable_encoder
    |     return jsonable_encoder(
    |            ^^^^^^^^^^^^^^^^^
    |   File "C:\Users\Lenovo\AppData\Local\Programs\Python\Python311\Lib\site-packages\fastapi\encoders.py", line 289, in jsonable_encoder
    |     encoded_value = jsonable_encoder(
    |                     ^^^^^^^^^^^^^^^^^
    |   File "C:\Users\Lenovo\AppData\Local\Programs\Python\Python311\Lib\site-packages\fastapi\encoders.py", line 337, in jsonable_encoder
    |     return jsonable_encoder(
    |            ^^^^^^^^^^^^^^^^^
    |   File "C:\Users\Lenovo\AppData\Local\Programs\Python\Python311\Lib\site-packages\fastapi\encoders.py", line 289, in jsonable_encoder
    |     encoded_value = jsonable_encoder(
    |                     ^^^^^^^^^^^^^^^^^
    |   File "C:\Users\Lenovo\AppData\Local\Programs\Python\Python311\Lib\site-packages\fastapi\encoders.py", line 337, in jsonable_encoder
    |     return jsonable_encoder(
    |            ^^^^^^^^^^^^^^^^^
    |   File "C:\Users\Lenovo\AppData\Local\Programs\Python\Python311\Lib\site-packages\fastapi\encoders.py", line 289, in jsonable_encoder
    |     encoded_value = jsonable_encoder(
    |                     ^^^^^^^^^^^^^^^^^
    |   File "C:\Users\Lenovo\AppData\Local\Programs\Python\Python311\Lib\site-packages\fastapi\encoders.py", line 337, in jsonable_encoder
    |     return jsonable_encoder(
    |            ^^^^^^^^^^^^^^^^^
    |   File "C:\Users\Lenovo\AppData\Local\Programs\Python\Python311\Lib\site-packages\fastapi\encoders.py", line 289, in jsonable_encoder
    |     encoded_value = jsonable_encoder(
    |                     ^^^^^^^^^^^^^^^^^
    |   File "C:\Users\Lenovo\AppData\Local\Programs\Python\Python311\Lib\site-packages\fastapi\encoders.py", line 337, in jsonable_encoder
    |     return jsonable_encoder(
    |            ^^^^^^^^^^^^^^^^^
    |   File "C:\Users\Lenovo\AppData\Local\Programs\Python\Python311\Lib\site-packages\fastapi\encoders.py", line 289, in jsonable_encoder
    |     encoded_value = jsonable_encoder(
    |                     ^^^^^^^^^^^^^^^^^
    |   File "C:\Users\Lenovo\AppData\Local\Programs\Python\Python311\Lib\site-packages\fastapi\encoders.py", line 337, in jsonable_encoder
    |     return jsonable_encoder(
    |            ^^^^^^^^^^^^^^^^^
    |   File "C:\Users\Lenovo\AppData\Local\Programs\Python\Python311\Lib\site-packages\fastapi\encoders.py", line 289, in jsonable_encoder
    |     encoded_value = jsonable_encoder(
    |                     ^^^^^^^^^^^^^^^^^
    |   File "C:\Users\Lenovo\AppData\Local\Programs\Python\Python311\Lib\site-packages\fastapi\encoders.py", line 337, in jsonable_encoder
    |     return jsonable_encoder(
    |            ^^^^^^^^^^^^^^^^^
    |   File "C:\Users\Lenovo\AppData\Local\Programs\Python\Python311\Lib\site-packages\fastapi\encoders.py", line 289, in jsonable_encoder
    |     encoded_value = jsonable_encoder(
    |                     ^^^^^^^^^^^^^^^^^
    |   File "C:\Users\Lenovo\AppData\Local\Programs\Python\Python311\Lib\site-packages\fastapi\encoders.py", line 337, in jsonable_encoder
    |     return jsonable_encoder(
    |            ^^^^^^^^^^^^^^^^^
    |   File "C:\Users\Lenovo\AppData\Local\Programs\Python\Python311\Lib\site-packages\fastapi\encoders.py", line 289, in jsonable_encoder
    |     encoded_value = jsonable_encoder(
    |                     ^^^^^^^^^^^^^^^^^
    |   File "C:\Users\Lenovo\AppData\Local\Programs\Python\Python311\Lib\site-packages\fastapi\encoders.py", line 337, in jsonable_encoder
    |     return jsonable_encoder(
    |            ^^^^^^^^^^^^^^^^^
    |   File "C:\Users\Lenovo\AppData\Local\Programs\Python\Python311\Lib\site-packages\fastapi\encoders.py", line 289, in jsonable_encoder
    |     encoded_value = jsonable_encoder(
    |                     ^^^^^^^^^^^^^^^^^
    |   File "C:\Users\Lenovo\AppData\Local\Programs\Python\Python311\Lib\site-packages\fastapi\encoders.py", line 337, in jsonable_encoder
    |     return jsonable_encoder(
    |            ^^^^^^^^^^^^^^^^^
    |   File "C:\Users\Lenovo\AppData\Local\Programs\Python\Python311\Lib\site-packages\fastapi\encoders.py", line 289, in jsonable_encoder
    |     encoded_value = jsonable_encoder(
    |                     ^^^^^^^^^^^^^^^^^
    |   File "C:\Users\Lenovo\AppData\Local\Programs\Python\Python311\Lib\site-packages\fastapi\encoders.py", line 337, in jsonable_encoder
    |     return jsonable_encoder(
    |            ^^^^^^^^^^^^^^^^^
    |   File "C:\Users\Lenovo\AppData\Local\Programs\Python\Python311\Lib\site-packages\fastapi\encoders.py", line 289, in jsonable_encoder
    |     encoded_value = jsonable_encoder(
    |                     ^^^^^^^^^^^^^^^^^
    |   File "C:\Users\Lenovo\AppData\Local\Programs\Python\Python311\Lib\site-packages\fastapi\encoders.py", line 337, in jsonable_encoder
    |     return jsonable_encoder(
    |            ^^^^^^^^^^^^^^^^^
    |   File "C:\Users\Lenovo\AppData\Local\Programs\Python\Python311\Lib\site-packages\fastapi\encoders.py", line 289, in jsonable_encoder
    |     encoded_value = jsonable_encoder(
    |                     ^^^^^^^^^^^^^^^^^
    |   File "C:\Users\Lenovo\AppData\Local\Programs\Python\Python311\Lib\site-packages\fastapi\encoders.py", line 337, in jsonable_encoder
    |     return jsonable_encoder(
    |            ^^^^^^^^^^^^^^^^^
    |   File "C:\Users\Lenovo\AppData\Local\Programs\Python\Python311\Lib\site-packages\fastapi\encoders.py", line 289, in jsonable_encoder
    |     encoded_value = jsonable_encoder(
    |                     ^^^^^^^^^^^^^^^^^
    |   File "C:\Users\Lenovo\AppData\Local\Programs\Python\Python311\Lib\site-packages\fastapi\encoders.py", line 322, in jsonable_encoder
    |     if is_pydantic_v1_model_instance(obj):
    |        ^^^^^^^^^^^^^^^^^^^^^^^^^^^^^^^^^^
    |   File "C:\Users\Lenovo\AppData\Local\Programs\Python\Python311\Lib\site-packages\fastapi\_compat\shared.py", line 183, in is_pydantic_v1_model_instance
    |     warnings.simplefilter("ignore", UserWarning)
    |   File "C:\Users\Lenovo\AppData\Local\Programs\Python\Python311\Lib\warnings.py", line 180, in simplefilter
    |     _add_filter(action, None, category, None, lineno, append=append)
    |   File "C:\Users\Lenovo\AppData\Local\Programs\Python\Python311\Lib\warnings.py", line 187, in _add_filter
    |     filters.remove(item)
    | RecursionError: maximum recursion depth exceeded in comparison
    +------------------------------------

The above exception was the direct cause of the following exception:

Traceback (most recent call last):
  File "C:\Users\Lenovo\AppData\Local\Programs\Python\Python311\Lib\site-packages\starlette\middleware\errors.py", line 164, in __call__
    await self.app(scope, receive, _send)
  File "C:\Users\Lenovo\AppData\Local\Programs\Python\Python311\Lib\site-packages\starlette\middleware\base.py", line 191, in __call__
    with recv_stream, send_stream, collapse_excgroups():
  File "C:\Users\Lenovo\AppData\Local\Programs\Python\Python311\Lib\contextlib.py", line 158, in __exit__
    self.gen.throw(typ, value, traceback)
  File "C:\Users\Lenovo\AppData\Local\Programs\Python\Python311\Lib\site-packages\starlette\_utils.py", line 87, in collapse_excgroups
    raise exc
  File "C:\Users\Lenovo\AppData\Local\Programs\Python\Python311\Lib\site-packages\starlette\middleware\base.py", line 193, in __call__
    response = await self.dispatch_func(request, call_next)
               ^^^^^^^^^^^^^^^^^^^^^^^^^^^^^^^^^^^^^^^^^^^^
  File "C:\Users\Lenovo\Desktop\Agentic-IAM-main\api\main.py", line 192, in log_requests
    response = await call_next(request)
               ^^^^^^^^^^^^^^^^^^^^^^^^
  File "C:\Users\Lenovo\AppData\Local\Programs\Python\Python311\Lib\site-packages\starlette\middleware\base.py", line 168, in call_next
    raise app_exc from app_exc.__cause__ or app_exc.__context__
  File "C:\Users\Lenovo\AppData\Local\Programs\Python\Python311\Lib\site-packages\starlette\middleware\base.py", line 144, in coro
    await self.app(scope, receive_or_disconnect, send_no_error)
  File "C:\Users\Lenovo\AppData\Local\Programs\Python\Python311\Lib\site-packages\starlette\middleware\base.py", line 191, in __call__
    with recv_stream, send_stream, collapse_excgroups():
  File "C:\Users\Lenovo\AppData\Local\Programs\Python\Python311\Lib\contextlib.py", line 158, in __exit__
    self.gen.throw(typ, value, traceback)
  File "C:\Users\Lenovo\AppData\Local\Programs\Python\Python311\Lib\site-packages\starlette\_utils.py", line 87, in collapse_excgroups
    raise exc
  File "C:\Users\Lenovo\AppData\Local\Programs\Python\Python311\Lib\site-packages\starlette\middleware\base.py", line 193, in __call__
    response = await self.dispatch_func(request, call_next)
               ^^^^^^^^^^^^^^^^^^^^^^^^^^^^^^^^^^^^^^^^^^^^
  File "C:\Users\Lenovo\Desktop\Agentic-IAM-main\api\main.py", line 164, in add_security_headers
    response = await call_next(request)
               ^^^^^^^^^^^^^^^^^^^^^^^^
  File "C:\Users\Lenovo\AppData\Local\Programs\Python\Python311\Lib\site-packages\starlette\middleware\base.py", line 168, in call_next
    raise app_exc from app_exc.__cause__ or app_exc.__context__
  File "C:\Users\Lenovo\AppData\Local\Programs\Python\Python311\Lib\site-packages\starlette\middleware\base.py", line 144, in coro
    await self.app(scope, receive_or_disconnect, send_no_error)
  File "C:\Users\Lenovo\AppData\Local\Programs\Python\Python311\Lib\site-packages\starlette\middleware\cors.py", line 87, in __call__
    await self.app(scope, receive, send)
  File "C:\Users\Lenovo\AppData\Local\Programs\Python\Python311\Lib\site-packages\starlette\middleware\exceptions.py", line 63, in __call__
    await wrap_app_handling_exceptions(self.app, conn)(scope, receive, send)
  File "C:\Users\Lenovo\AppData\Local\Programs\Python\Python311\Lib\site-packages\starlette\_exception_handler.py", line 53, in wrapped_app
    raise exc
  File "C:\Users\Lenovo\AppData\Local\Programs\Python\Python311\Lib\site-packages\starlette\_exception_handler.py", line 42, in wrapped_app
    await app(scope, receive, sender)
  File "C:\Users\Lenovo\AppData\Local\Programs\Python\Python311\Lib\site-packages\fastapi\middleware\asyncexitstack.py", line 18, in __call__
    await self.app(scope, receive, send)
  File "C:\Users\Lenovo\AppData\Local\Programs\Python\Python311\Lib\site-packages\starlette\routing.py", line 716, in __call__
    await self.middleware_stack(scope, receive, send)
  File "C:\Users\Lenovo\AppData\Local\Programs\Python\Python311\Lib\site-packages\starlette\routing.py", line 736, in app
    await route.handle(scope, receive, send)
  File "C:\Users\Lenovo\AppData\Local\Programs\Python\Python311\Lib\site-packages\starlette\routing.py", line 290, in handle
    await self.app(scope, receive, send)
  File "C:\Users\Lenovo\AppData\Local\Programs\Python\Python311\Lib\site-packages\fastapi\routing.py", line 130, in app
    await wrap_app_handling_exceptions(app, request)(scope, receive, send)
  File "C:\Users\Lenovo\AppData\Local\Programs\Python\Python311\Lib\site-packages\starlette\_exception_handler.py", line 53, in wrapped_app
    raise exc
  File "C:\Users\Lenovo\AppData\Local\Programs\Python\Python311\Lib\site-packages\starlette\_exception_handler.py", line 42, in wrapped_app
    await app(scope, receive, sender)
  File "C:\Users\Lenovo\AppData\Local\Programs\Python\Python311\Lib\site-packages\fastapi\routing.py", line 116, in app
    response = await f(request)
               ^^^^^^^^^^^^^^^^
  File "C:\Users\Lenovo\AppData\Local\Programs\Python\Python311\Lib\site-packages\fastapi\routing.py", line 691, in app
    content = await serialize_response(
              ^^^^^^^^^^^^^^^^^^^^^^^^^
  File "C:\Users\Lenovo\AppData\Local\Programs\Python\Python311\Lib\site-packages\fastapi\routing.py", line 313, in serialize_response
    return jsonable_encoder(response_content)
           ^^^^^^^^^^^^^^^^^^^^^^^^^^^^^^^^^^
  File "C:\Users\Lenovo\AppData\Local\Programs\Python\Python311\Lib\site-packages\fastapi\encoders.py", line 289, in jsonable_encoder
    encoded_value = jsonable_encoder(
                    ^^^^^^^^^^^^^^^^^
  File "C:\Users\Lenovo\AppData\Local\Programs\Python\Python311\Lib\site-packages\fastapi\encoders.py", line 337, in jsonable_encoder
    return jsonable_encoder(
           ^^^^^^^^^^^^^^^^^
  File "C:\Users\Lenovo\AppData\Local\Programs\Python\Python311\Lib\site-packages\fastapi\encoders.py", line 289, in jsonable_encoder
    encoded_value = jsonable_encoder(
                    ^^^^^^^^^^^^^^^^^
  File "C:\Users\Lenovo\AppData\Local\Programs\Python\Python311\Lib\site-packages\fastapi\encoders.py", line 337, in jsonable_encoder
    return jsonable_encoder(
           ^^^^^^^^^^^^^^^^^
  File "C:\Users\Lenovo\AppData\Local\Programs\Python\Python311\Lib\site-packages\fastapi\encoders.py", line 289, in jsonable_encoder
    encoded_value = jsonable_encoder(
                    ^^^^^^^^^^^^^^^^^
  File "C:\Users\Lenovo\AppData\Local\Programs\Python\Python311\Lib\site-packages\fastapi\encoders.py", line 337, in jsonable_encoder
    return jsonable_encoder(
           ^^^^^^^^^^^^^^^^^
  File "C:\Users\Lenovo\AppData\Local\Programs\Python\Python311\Lib\site-packages\fastapi\encoders.py", line 289, in jsonable_encoder
    encoded_value = jsonable_encoder(
                    ^^^^^^^^^^^^^^^^^
  File "C:\Users\Lenovo\AppData\Local\Programs\Python\Python311\Lib\site-packages\fastapi\encoders.py", line 337, in jsonable_encoder
    return jsonable_encoder(
           ^^^^^^^^^^^^^^^^^
  File "C:\Users\Lenovo\AppData\Local\Programs\Python\Python311\Lib\site-packages\fastapi\encoders.py", line 289, in jsonable_encoder
    encoded_value = jsonable_encoder(
                    ^^^^^^^^^^^^^^^^^
  File "C:\Users\Lenovo\AppData\Local\Programs\Python\Python311\Lib\site-packages\fastapi\encoders.py", line 337, in jsonable_encoder
    return jsonable_encoder(
           ^^^^^^^^^^^^^^^^^
  File "C:\Users\Lenovo\AppData\Local\Programs\Python\Python311\Lib\site-packages\fastapi\encoders.py", line 289, in jsonable_encoder
    encoded_value = jsonable_encoder(
                    ^^^^^^^^^^^^^^^^^
  File "C:\Users\Lenovo\AppData\Local\Programs\Python\Python311\Lib\site-packages\fastapi\encoders.py", line 337, in jsonable_encoder
    return jsonable_encoder(
           ^^^^^^^^^^^^^^^^^
  File "C:\Users\Lenovo\AppData\Local\Programs\Python\Python311\Lib\site-packages\fastapi\encoders.py", line 289, in jsonable_encoder
    encoded_value = jsonable_encoder(
                    ^^^^^^^^^^^^^^^^^
  File "C:\Users\Lenovo\AppData\Local\Programs\Python\Python311\Lib\site-packages\fastapi\encoders.py", line 337, in jsonable_encoder
    return jsonable_encoder(
           ^^^^^^^^^^^^^^^^^
  File "C:\Users\Lenovo\AppData\Local\Programs\Python\Python311\Lib\site-packages\fastapi\encoders.py", line 289, in jsonable_encoder
    encoded_value = jsonable_encoder(
                    ^^^^^^^^^^^^^^^^^
  File "C:\Users\Lenovo\AppData\Local\Programs\Python\Python311\Lib\site-packages\fastapi\encoders.py", line 337, in jsonable_encoder
    return jsonable_encoder(
           ^^^^^^^^^^^^^^^^^
  File "C:\Users\Lenovo\AppData\Local\Programs\Python\Python311\Lib\site-packages\fastapi\encoders.py", line 289, in jsonable_encoder
    encoded_value = jsonable_encoder(
                    ^^^^^^^^^^^^^^^^^
  File "C:\Users\Lenovo\AppData\Local\Programs\Python\Python311\Lib\site-packages\fastapi\encoders.py", line 337, in jsonable_encoder
    return jsonable_encoder(
           ^^^^^^^^^^^^^^^^^
  File "C:\Users\Lenovo\AppData\Local\Programs\Python\Python311\Lib\site-packages\fastapi\encoders.py", line 289, in jsonable_encoder
    encoded_value = jsonable_encoder(
                    ^^^^^^^^^^^^^^^^^
  File "C:\Users\Lenovo\AppData\Local\Programs\Python\Python311\Lib\site-packages\fastapi\encoders.py", line 337, in jsonable_encoder
    return jsonable_encoder(
           ^^^^^^^^^^^^^^^^^
  File "C:\Users\Lenovo\AppData\Local\Programs\Python\Python311\Lib\site-packages\fastapi\encoders.py", line 289, in jsonable_encoder
    encoded_value = jsonable_encoder(
                    ^^^^^^^^^^^^^^^^^
  File "C:\Users\Lenovo\AppData\Local\Programs\Python\Python311\Lib\site-packages\fastapi\encoders.py", line 337, in jsonable_encoder
    return jsonable_encoder(
           ^^^^^^^^^^^^^^^^^
  File "C:\Users\Lenovo\AppData\Local\Programs\Python\Python311\Lib\site-packages\fastapi\encoders.py", line 289, in jsonable_encoder
    encoded_value = jsonable_encoder(
                    ^^^^^^^^^^^^^^^^^
  File "C:\Users\Lenovo\AppData\Local\Programs\Python\Python311\Lib\site-packages\fastapi\encoders.py", line 337, in jsonable_encoder
    return jsonable_encoder(
           ^^^^^^^^^^^^^^^^^
  File "C:\Users\Lenovo\AppData\Local\Programs\Python\Python311\Lib\site-packages\fastapi\encoders.py", line 289, in jsonable_encoder
    encoded_value = jsonable_encoder(
                    ^^^^^^^^^^^^^^^^^
  File "C:\Users\Lenovo\AppData\Local\Programs\Python\Python311\Lib\site-packages\fastapi\encoders.py", line 337, in jsonable_encoder
    return jsonable_encoder(
           ^^^^^^^^^^^^^^^^^
  File "C:\Users\Lenovo\AppData\Local\Programs\Python\Python311\Lib\site-packages\fastapi\encoders.py", line 289, in jsonable_encoder
    encoded_value = jsonable_encoder(
                    ^^^^^^^^^^^^^^^^^
  File "C:\Users\Lenovo\AppData\Local\Programs\Python\Python311\Lib\site-packages\fastapi\encoders.py", line 337, in jsonable_encoder
    return jsonable_encoder(
           ^^^^^^^^^^^^^^^^^
  File "C:\Users\Lenovo\AppData\Local\Programs\Python\Python311\Lib\site-packages\fastapi\encoders.py", line 289, in jsonable_encoder
    encoded_value = jsonable_encoder(
                    ^^^^^^^^^^^^^^^^^
  File "C:\Users\Lenovo\AppData\Local\Programs\Python\Python311\Lib\site-packages\fastapi\encoders.py", line 337, in jsonable_encoder
    return jsonable_encoder(
           ^^^^^^^^^^^^^^^^^
  File "C:\Users\Lenovo\AppData\Local\Programs\Python\Python311\Lib\site-packages\fastapi\encoders.py", line 289, in jsonable_encoder
    encoded_value = jsonable_encoder(
                    ^^^^^^^^^^^^^^^^^
  File "C:\Users\Lenovo\AppData\Local\Programs\Python\Python311\Lib\site-packages\fastapi\encoders.py", line 337, in jsonable_encoder
    return jsonable_encoder(
           ^^^^^^^^^^^^^^^^^
  File "C:\Users\Lenovo\AppData\Local\Programs\Python\Python311\Lib\site-packages\fastapi\encoders.py", line 289, in jsonable_encoder
    encoded_value = jsonable_encoder(
                    ^^^^^^^^^^^^^^^^^
  File "C:\Users\Lenovo\AppData\Local\Programs\Python\Python311\Lib\site-packages\fastapi\encoders.py", line 337, in jsonable_encoder
    return jsonable_encoder(
           ^^^^^^^^^^^^^^^^^
  File "C:\Users\Lenovo\AppData\Local\Programs\Python\Python311\Lib\site-packages\fastapi\encoders.py", line 289, in jsonable_encoder
    encoded_value = jsonable_encoder(
                    ^^^^^^^^^^^^^^^^^
  File "C:\Users\Lenovo\AppData\Local\Programs\Python\Python311\Lib\site-packages\fastapi\encoders.py", line 337, in jsonable_encoder
    return jsonable_encoder(
           ^^^^^^^^^^^^^^^^^
  File "C:\Users\Lenovo\AppData\Local\Programs\Python\Python311\Lib\site-packages\fastapi\encoders.py", line 289, in jsonable_encoder
    encoded_value = jsonable_encoder(
                    ^^^^^^^^^^^^^^^^^
  File "C:\Users\Lenovo\AppData\Local\Programs\Python\Python311\Lib\site-packages\fastapi\encoders.py", line 337, in jsonable_encoder
    return jsonable_encoder(
           ^^^^^^^^^^^^^^^^^
  File "C:\Users\Lenovo\AppData\Local\Programs\Python\Python311\Lib\site-packages\fastapi\encoders.py", line 289, in jsonable_encoder
    encoded_value = jsonable_encoder(
                    ^^^^^^^^^^^^^^^^^
  File "C:\Users\Lenovo\AppData\Local\Programs\Python\Python311\Lib\site-packages\fastapi\encoders.py", line 337, in jsonable_encoder
    return jsonable_encoder(
           ^^^^^^^^^^^^^^^^^
  File "C:\Users\Lenovo\AppData\Local\Programs\Python\Python311\Lib\site-packages\fastapi\encoders.py", line 289, in jsonable_encoder
    encoded_value = jsonable_encoder(
                    ^^^^^^^^^^^^^^^^^
  File "C:\Users\Lenovo\AppData\Local\Programs\Python\Python311\Lib\site-packages\fastapi\encoders.py", line 337, in jsonable_encoder
    return jsonable_encoder(
           ^^^^^^^^^^^^^^^^^
  File "C:\Users\Lenovo\AppData\Local\Programs\Python\Python311\Lib\site-packages\fastapi\encoders.py", line 289, in jsonable_encoder
    encoded_value = jsonable_encoder(
                    ^^^^^^^^^^^^^^^^^
  File "C:\Users\Lenovo\AppData\Local\Programs\Python\Python311\Lib\site-packages\fastapi\encoders.py", line 337, in jsonable_encoder
    return jsonable_encoder(
           ^^^^^^^^^^^^^^^^^
  File "C:\Users\Lenovo\AppData\Local\Programs\Python\Python311\Lib\site-packages\fastapi\encoders.py", line 289, in jsonable_encoder
    encoded_value = jsonable_encoder(
                    ^^^^^^^^^^^^^^^^^
  File "C:\Users\Lenovo\AppData\Local\Programs\Python\Python311\Lib\site-packages\fastapi\encoders.py", line 337, in jsonable_encoder
    return jsonable_encoder(
           ^^^^^^^^^^^^^^^^^
  File "C:\Users\Lenovo\AppData\Local\Programs\Python\Python311\Lib\site-packages\fastapi\encoders.py", line 289, in jsonable_encoder
    encoded_value = jsonable_encoder(
                    ^^^^^^^^^^^^^^^^^
  File "C:\Users\Lenovo\AppData\Local\Programs\Python\Python311\Lib\site-packages\fastapi\encoders.py", line 337, in jsonable_encoder
    return jsonable_encoder(
           ^^^^^^^^^^^^^^^^^
  File "C:\Users\Lenovo\AppData\Local\Programs\Python\Python311\Lib\site-packages\fastapi\encoders.py", line 289, in jsonable_encoder
    encoded_value = jsonable_encoder(
                    ^^^^^^^^^^^^^^^^^
  File "C:\Users\Lenovo\AppData\Local\Programs\Python\Python311\Lib\site-packages\fastapi\encoders.py", line 337, in jsonable_encoder
    return jsonable_encoder(
           ^^^^^^^^^^^^^^^^^
  File "C:\Users\Lenovo\AppData\Local\Programs\Python\Python311\Lib\site-packages\fastapi\encoders.py", line 289, in jsonable_encoder
    encoded_value = jsonable_encoder(
                    ^^^^^^^^^^^^^^^^^
  File "C:\Users\Lenovo\AppData\Local\Programs\Python\Python311\Lib\site-packages\fastapi\encoders.py", line 337, in jsonable_encoder
    return jsonable_encoder(
           ^^^^^^^^^^^^^^^^^
  File "C:\Users\Lenovo\AppData\Local\Programs\Python\Python311\Lib\site-packages\fastapi\encoders.py", line 289, in jsonable_encoder
    encoded_value = jsonable_encoder(
                    ^^^^^^^^^^^^^^^^^
  File "C:\Users\Lenovo\AppData\Local\Programs\Python\Python311\Lib\site-packages\fastapi\encoders.py", line 337, in jsonable_encoder
    return jsonable_encoder(
           ^^^^^^^^^^^^^^^^^
  File "C:\Users\Lenovo\AppData\Local\Programs\Python\Python311\Lib\site-packages\fastapi\encoders.py", line 289, in jsonable_encoder
    encoded_value = jsonable_encoder(
                    ^^^^^^^^^^^^^^^^^
  File "C:\Users\Lenovo\AppData\Local\Programs\Python\Python311\Lib\site-packages\fastapi\encoders.py", line 337, in jsonable_encoder
    return jsonable_encoder(
           ^^^^^^^^^^^^^^^^^
  File "C:\Users\Lenovo\AppData\Local\Programs\Python\Python311\Lib\site-packages\fastapi\encoders.py", line 289, in jsonable_encoder
    encoded_value = jsonable_encoder(
                    ^^^^^^^^^^^^^^^^^
  File "C:\Users\Lenovo\AppData\Local\Programs\Python\Python311\Lib\site-packages\fastapi\encoders.py", line 337, in jsonable_encoder
    return jsonable_encoder(
           ^^^^^^^^^^^^^^^^^
  File "C:\Users\Lenovo\AppData\Local\Programs\Python\Python311\Lib\site-packages\fastapi\encoders.py", line 289, in jsonable_encoder
    encoded_value = jsonable_encoder(
                    ^^^^^^^^^^^^^^^^^
  File "C:\Users\Lenovo\AppData\Local\Programs\Python\Python311\Lib\site-packages\fastapi\encoders.py", line 337, in jsonable_encoder
    return jsonable_encoder(
           ^^^^^^^^^^^^^^^^^
  File "C:\Users\Lenovo\AppData\Local\Programs\Python\Python311\Lib\site-packages\fastapi\encoders.py", line 289, in jsonable_encoder
    encoded_value = jsonable_encoder(
                    ^^^^^^^^^^^^^^^^^
  File "C:\Users\Lenovo\AppData\Local\Programs\Python\Python311\Lib\site-packages\fastapi\encoders.py", line 337, in jsonable_encoder
    return jsonable_encoder(
           ^^^^^^^^^^^^^^^^^
  File "C:\Users\Lenovo\AppData\Local\Programs\Python\Python311\Lib\site-packages\fastapi\encoders.py", line 289, in jsonable_encoder
    encoded_value = jsonable_encoder(
                    ^^^^^^^^^^^^^^^^^
  File "C:\Users\Lenovo\AppData\Local\Programs\Python\Python311\Lib\site-packages\fastapi\encoders.py", line 337, in jsonable_encoder
    return jsonable_encoder(
           ^^^^^^^^^^^^^^^^^
  File "C:\Users\Lenovo\AppData\Local\Programs\Python\Python311\Lib\site-packages\fastapi\encoders.py", line 289, in jsonable_encoder
    encoded_value = jsonable_encoder(
                    ^^^^^^^^^^^^^^^^^
  File "C:\Users\Lenovo\AppData\Local\Programs\Python\Python311\Lib\site-packages\fastapi\encoders.py", line 337, in jsonable_encoder
    return jsonable_encoder(
           ^^^^^^^^^^^^^^^^^
  File "C:\Users\Lenovo\AppData\Local\Programs\Python\Python311\Lib\site-packages\fastapi\encoders.py", line 289, in jsonable_encoder
    encoded_value = jsonable_encoder(
                    ^^^^^^^^^^^^^^^^^
  File "C:\Users\Lenovo\AppData\Local\Programs\Python\Python311\Lib\site-packages\fastapi\encoders.py", line 337, in jsonable_encoder
    return jsonable_encoder(
           ^^^^^^^^^^^^^^^^^
  File "C:\Users\Lenovo\AppData\Local\Programs\Python\Python311\Lib\site-packages\fastapi\encoders.py", line 289, in jsonable_encoder
    encoded_value = jsonable_encoder(
                    ^^^^^^^^^^^^^^^^^
  File "C:\Users\Lenovo\AppData\Local\Programs\Python\Python311\Lib\site-packages\fastapi\encoders.py", line 337, in jsonable_encoder
    return jsonable_encoder(
           ^^^^^^^^^^^^^^^^^
  File "C:\Users\Lenovo\AppData\Local\Programs\Python\Python311\Lib\site-packages\fastapi\encoders.py", line 289, in jsonable_encoder
    encoded_value = jsonable_encoder(
                    ^^^^^^^^^^^^^^^^^
  File "C:\Users\Lenovo\AppData\Local\Programs\Python\Python311\Lib\site-packages\fastapi\encoders.py", line 337, in jsonable_encoder
    return jsonable_encoder(
           ^^^^^^^^^^^^^^^^^
  File "C:\Users\Lenovo\AppData\Local\Programs\Python\Python311\Lib\site-packages\fastapi\encoders.py", line 289, in jsonable_encoder
    encoded_value = jsonable_encoder(
                    ^^^^^^^^^^^^^^^^^
  File "C:\Users\Lenovo\AppData\Local\Programs\Python\Python311\Lib\site-packages\fastapi\encoders.py", line 337, in jsonable_encoder
    return jsonable_encoder(
           ^^^^^^^^^^^^^^^^^
  File "C:\Users\Lenovo\AppData\Local\Programs\Python\Python311\Lib\site-packages\fastapi\encoders.py", line 289, in jsonable_encoder
    encoded_value = jsonable_encoder(
                    ^^^^^^^^^^^^^^^^^
  File "C:\Users\Lenovo\AppData\Local\Programs\Python\Python311\Lib\site-packages\fastapi\encoders.py", line 337, in jsonable_encoder
    return jsonable_encoder(
           ^^^^^^^^^^^^^^^^^
  File "C:\Users\Lenovo\AppData\Local\Programs\Python\Python311\Lib\site-packages\fastapi\encoders.py", line 289, in jsonable_encoder
    encoded_value = jsonable_encoder(
                    ^^^^^^^^^^^^^^^^^
  File "C:\Users\Lenovo\AppData\Local\Programs\Python\Python311\Lib\site-packages\fastapi\encoders.py", line 337, in jsonable_encoder
    return jsonable_encoder(
           ^^^^^^^^^^^^^^^^^
  File "C:\Users\Lenovo\AppData\Local\Programs\Python\Python311\Lib\site-packages\fastapi\encoders.py", line 289, in jsonable_encoder
    encoded_value = jsonable_encoder(
                    ^^^^^^^^^^^^^^^^^
  File "C:\Users\Lenovo\AppData\Local\Programs\Python\Python311\Lib\site-packages\fastapi\encoders.py", line 337, in jsonable_encoder
    return jsonable_encoder(
           ^^^^^^^^^^^^^^^^^
  File "C:\Users\Lenovo\AppData\Local\Programs\Python\Python311\Lib\site-packages\fastapi\encoders.py", line 289, in jsonable_encoder
    encoded_value = jsonable_encoder(
                    ^^^^^^^^^^^^^^^^^
  File "C:\Users\Lenovo\AppData\Local\Programs\Python\Python311\Lib\site-packages\fastapi\encoders.py", line 337, in jsonable_encoder
    return jsonable_encoder(
           ^^^^^^^^^^^^^^^^^
  File "C:\Users\Lenovo\AppData\Local\Programs\Python\Python311\Lib\site-packages\fastapi\encoders.py", line 289, in jsonable_encoder
    encoded_value = jsonable_encoder(
                    ^^^^^^^^^^^^^^^^^
  File "C:\Users\Lenovo\AppData\Local\Programs\Python\Python311\Lib\site-packages\fastapi\encoders.py", line 337, in jsonable_encoder
    return jsonable_encoder(
           ^^^^^^^^^^^^^^^^^
  File "C:\Users\Lenovo\AppData\Local\Programs\Python\Python311\Lib\site-packages\fastapi\encoders.py", line 289, in jsonable_encoder
    encoded_value = jsonable_encoder(
                    ^^^^^^^^^^^^^^^^^
  File "C:\Users\Lenovo\AppData\Local\Programs\Python\Python311\Lib\site-packages\fastapi\encoders.py", line 337, in jsonable_encoder
    return jsonable_encoder(
           ^^^^^^^^^^^^^^^^^
  File "C:\Users\Lenovo\AppData\Local\Programs\Python\Python311\Lib\site-packages\fastapi\encoders.py", line 289, in jsonable_encoder
    encoded_value = jsonable_encoder(
                    ^^^^^^^^^^^^^^^^^
  File "C:\Users\Lenovo\AppData\Local\Programs\Python\Python311\Lib\site-packages\fastapi\encoders.py", line 337, in jsonable_encoder
    return jsonable_encoder(
           ^^^^^^^^^^^^^^^^^
  File "C:\Users\Lenovo\AppData\Local\Programs\Python\Python311\Lib\site-packages\fastapi\encoders.py", line 289, in jsonable_encoder
    encoded_value = jsonable_encoder(
                    ^^^^^^^^^^^^^^^^^
  File "C:\Users\Lenovo\AppData\Local\Programs\Python\Python311\Lib\site-packages\fastapi\encoders.py", line 337, in jsonable_encoder
    return jsonable_encoder(
           ^^^^^^^^^^^^^^^^^
  File "C:\Users\Lenovo\AppData\Local\Programs\Python\Python311\Lib\site-packages\fastapi\encoders.py", line 289, in jsonable_encoder
    encoded_value = jsonable_encoder(
                    ^^^^^^^^^^^^^^^^^
  File "C:\Users\Lenovo\AppData\Local\Programs\Python\Python311\Lib\site-packages\fastapi\encoders.py", line 337, in jsonable_encoder
    return jsonable_encoder(
           ^^^^^^^^^^^^^^^^^
  File "C:\Users\Lenovo\AppData\Local\Programs\Python\Python311\Lib\site-packages\fastapi\encoders.py", line 289, in jsonable_encoder
    encoded_value = jsonable_encoder(
                    ^^^^^^^^^^^^^^^^^
  File "C:\Users\Lenovo\AppData\Local\Programs\Python\Python311\Lib\site-packages\fastapi\encoders.py", line 337, in jsonable_encoder
    return jsonable_encoder(
           ^^^^^^^^^^^^^^^^^
  File "C:\Users\Lenovo\AppData\Local\Programs\Python\Python311\Lib\site-packages\fastapi\encoders.py", line 289, in jsonable_encoder
    encoded_value = jsonable_encoder(
                    ^^^^^^^^^^^^^^^^^
  File "C:\Users\Lenovo\AppData\Local\Programs\Python\Python311\Lib\site-packages\fastapi\encoders.py", line 337, in jsonable_encoder
    return jsonable_encoder(
           ^^^^^^^^^^^^^^^^^
  File "C:\Users\Lenovo\AppData\Local\Programs\Python\Python311\Lib\site-packages\fastapi\encoders.py", line 289, in jsonable_encoder
    encoded_value = jsonable_encoder(
                    ^^^^^^^^^^^^^^^^^
  File "C:\Users\Lenovo\AppData\Local\Programs\Python\Python311\Lib\site-packages\fastapi\encoders.py", line 337, in jsonable_encoder
    return jsonable_encoder(
           ^^^^^^^^^^^^^^^^^
  File "C:\Users\Lenovo\AppData\Local\Programs\Python\Python311\Lib\site-packages\fastapi\encoders.py", line 289, in jsonable_encoder
    encoded_value = jsonable_encoder(
                    ^^^^^^^^^^^^^^^^^
  File "C:\Users\Lenovo\AppData\Local\Programs\Python\Python311\Lib\site-packages\fastapi\encoders.py", line 337, in jsonable_encoder
    return jsonable_encoder(
           ^^^^^^^^^^^^^^^^^
  File "C:\Users\Lenovo\AppData\Local\Programs\Python\Python311\Lib\site-packages\fastapi\encoders.py", line 289, in jsonable_encoder
    encoded_value = jsonable_encoder(
                    ^^^^^^^^^^^^^^^^^
  File "C:\Users\Lenovo\AppData\Local\Programs\Python\Python311\Lib\site-packages\fastapi\encoders.py", line 337, in jsonable_encoder
    return jsonable_encoder(
           ^^^^^^^^^^^^^^^^^
  File "C:\Users\Lenovo\AppData\Local\Programs\Python\Python311\Lib\site-packages\fastapi\encoders.py", line 289, in jsonable_encoder
    encoded_value = jsonable_encoder(
                    ^^^^^^^^^^^^^^^^^
  File "C:\Users\Lenovo\AppData\Local\Programs\Python\Python311\Lib\site-packages\fastapi\encoders.py", line 337, in jsonable_encoder
    return jsonable_encoder(
           ^^^^^^^^^^^^^^^^^
  File "C:\Users\Lenovo\AppData\Local\Programs\Python\Python311\Lib\site-packages\fastapi\encoders.py", line 289, in jsonable_encoder
    encoded_value = jsonable_encoder(
                    ^^^^^^^^^^^^^^^^^
  File "C:\Users\Lenovo\AppData\Local\Programs\Python\Python311\Lib\site-packages\fastapi\encoders.py", line 337, in jsonable_encoder
    return jsonable_encoder(
           ^^^^^^^^^^^^^^^^^
  File "C:\Users\Lenovo\AppData\Local\Programs\Python\Python311\Lib\site-packages\fastapi\encoders.py", line 289, in jsonable_encoder
    encoded_value = jsonable_encoder(
                    ^^^^^^^^^^^^^^^^^
  File "C:\Users\Lenovo\AppData\Local\Programs\Python\Python311\Lib\site-packages\fastapi\encoders.py", line 337, in jsonable_encoder
    return jsonable_encoder(
           ^^^^^^^^^^^^^^^^^
  File "C:\Users\Lenovo\AppData\Local\Programs\Python\Python311\Lib\site-packages\fastapi\encoders.py", line 289, in jsonable_encoder
    encoded_value = jsonable_encoder(
                    ^^^^^^^^^^^^^^^^^
  File "C:\Users\Lenovo\AppData\Local\Programs\Python\Python311\Lib\site-packages\fastapi\encoders.py", line 337, in jsonable_encoder
    return jsonable_encoder(
           ^^^^^^^^^^^^^^^^^
  File "C:\Users\Lenovo\AppData\Local\Programs\Python\Python311\Lib\site-packages\fastapi\encoders.py", line 289, in jsonable_encoder
    encoded_value = jsonable_encoder(
                    ^^^^^^^^^^^^^^^^^
  File "C:\Users\Lenovo\AppData\Local\Programs\Python\Python311\Lib\site-packages\fastapi\encoders.py", line 337, in jsonable_encoder
    return jsonable_encoder(
           ^^^^^^^^^^^^^^^^^
  File "C:\Users\Lenovo\AppData\Local\Programs\Python\Python311\Lib\site-packages\fastapi\encoders.py", line 289, in jsonable_encoder
    encoded_value = jsonable_encoder(
                    ^^^^^^^^^^^^^^^^^
  File "C:\Users\Lenovo\AppData\Local\Programs\Python\Python311\Lib\site-packages\fastapi\encoders.py", line 337, in jsonable_encoder
    return jsonable_encoder(
           ^^^^^^^^^^^^^^^^^
  File "C:\Users\Lenovo\AppData\Local\Programs\Python\Python311\Lib\site-packages\fastapi\encoders.py", line 289, in jsonable_encoder
    encoded_value = jsonable_encoder(
                    ^^^^^^^^^^^^^^^^^
  File "C:\Users\Lenovo\AppData\Local\Programs\Python\Python311\Lib\site-packages\fastapi\encoders.py", line 337, in jsonable_encoder
    return jsonable_encoder(
           ^^^^^^^^^^^^^^^^^
  File "C:\Users\Lenovo\AppData\Local\Programs\Python\Python311\Lib\site-packages\fastapi\encoders.py", line 289, in jsonable_encoder
    encoded_value = jsonable_encoder(
                    ^^^^^^^^^^^^^^^^^
  File "C:\Users\Lenovo\AppData\Local\Programs\Python\Python311\Lib\site-packages\fastapi\encoders.py", line 337, in jsonable_encoder
    return jsonable_encoder(
           ^^^^^^^^^^^^^^^^^
  File "C:\Users\Lenovo\AppData\Local\Programs\Python\Python311\Lib\site-packages\fastapi\encoders.py", line 289, in jsonable_encoder
    encoded_value = jsonable_encoder(
                    ^^^^^^^^^^^^^^^^^
  File "C:\Users\Lenovo\AppData\Local\Programs\Python\Python311\Lib\site-packages\fastapi\encoders.py", line 337, in jsonable_encoder
    return jsonable_encoder(
           ^^^^^^^^^^^^^^^^^
  File "C:\Users\Lenovo\AppData\Local\Programs\Python\Python311\Lib\site-packages\fastapi\encoders.py", line 289, in jsonable_encoder
    encoded_value = jsonable_encoder(
                    ^^^^^^^^^^^^^^^^^
  File "C:\Users\Lenovo\AppData\Local\Programs\Python\Python311\Lib\site-packages\fastapi\encoders.py", line 337, in jsonable_encoder
    return jsonable_encoder(
           ^^^^^^^^^^^^^^^^^
  File "C:\Users\Lenovo\AppData\Local\Programs\Python\Python311\Lib\site-packages\fastapi\encoders.py", line 289, in jsonable_encoder
    encoded_value = jsonable_encoder(
                    ^^^^^^^^^^^^^^^^^
  File "C:\Users\Lenovo\AppData\Local\Programs\Python\Python311\Lib\site-packages\fastapi\encoders.py", line 337, in jsonable_encoder
    return jsonable_encoder(
           ^^^^^^^^^^^^^^^^^
  File "C:\Users\Lenovo\AppData\Local\Programs\Python\Python311\Lib\site-packages\fastapi\encoders.py", line 289, in jsonable_encoder
    encoded_value = jsonable_encoder(
                    ^^^^^^^^^^^^^^^^^
  File "C:\Users\Lenovo\AppData\Local\Programs\Python\Python311\Lib\site-packages\fastapi\encoders.py", line 337, in jsonable_encoder
    return jsonable_encoder(
           ^^^^^^^^^^^^^^^^^
  File "C:\Users\Lenovo\AppData\Local\Programs\Python\Python311\Lib\site-packages\fastapi\encoders.py", line 289, in jsonable_encoder
    encoded_value = jsonable_encoder(
                    ^^^^^^^^^^^^^^^^^
  File "C:\Users\Lenovo\AppData\Local\Programs\Python\Python311\Lib\site-packages\fastapi\encoders.py", line 337, in jsonable_encoder
    return jsonable_encoder(
           ^^^^^^^^^^^^^^^^^
  File "C:\Users\Lenovo\AppData\Local\Programs\Python\Python311\Lib\site-packages\fastapi\encoders.py", line 289, in jsonable_encoder
    encoded_value = jsonable_encoder(
                    ^^^^^^^^^^^^^^^^^
  File "C:\Users\Lenovo\AppData\Local\Programs\Python\Python311\Lib\site-packages\fastapi\encoders.py", line 337, in jsonable_encoder
    return jsonable_encoder(
           ^^^^^^^^^^^^^^^^^
  File "C:\Users\Lenovo\AppData\Local\Programs\Python\Python311\Lib\site-packages\fastapi\encoders.py", line 289, in jsonable_encoder
    encoded_value = jsonable_encoder(
                    ^^^^^^^^^^^^^^^^^
  File "C:\Users\Lenovo\AppData\Local\Programs\Python\Python311\Lib\site-packages\fastapi\encoders.py", line 337, in jsonable_encoder
    return jsonable_encoder(
           ^^^^^^^^^^^^^^^^^
  File "C:\Users\Lenovo\AppData\Local\Programs\Python\Python311\Lib\site-packages\fastapi\encoders.py", line 289, in jsonable_encoder
    encoded_value = jsonable_encoder(
                    ^^^^^^^^^^^^^^^^^
  File "C:\Users\Lenovo\AppData\Local\Programs\Python\Python311\Lib\site-packages\fastapi\encoders.py", line 337, in jsonable_encoder
    return jsonable_encoder(
           ^^^^^^^^^^^^^^^^^
  File "C:\Users\Lenovo\AppData\Local\Programs\Python\Python311\Lib\site-packages\fastapi\encoders.py", line 289, in jsonable_encoder
    encoded_value = jsonable_encoder(
                    ^^^^^^^^^^^^^^^^^
  File "C:\Users\Lenovo\AppData\Local\Programs\Python\Python311\Lib\site-packages\fastapi\encoders.py", line 337, in jsonable_encoder
    return jsonable_encoder(
           ^^^^^^^^^^^^^^^^^
  File "C:\Users\Lenovo\AppData\Local\Programs\Python\Python311\Lib\site-packages\fastapi\encoders.py", line 289, in jsonable_encoder
    encoded_value = jsonable_encoder(
                    ^^^^^^^^^^^^^^^^^
  File "C:\Users\Lenovo\AppData\Local\Programs\Python\Python311\Lib\site-packages\fastapi\encoders.py", line 337, in jsonable_encoder
    return jsonable_encoder(
           ^^^^^^^^^^^^^^^^^
  File "C:\Users\Lenovo\AppData\Local\Programs\Python\Python311\Lib\site-packages\fastapi\encoders.py", line 289, in jsonable_encoder
    encoded_value = jsonable_encoder(
                    ^^^^^^^^^^^^^^^^^
  File "C:\Users\Lenovo\AppData\Local\Programs\Python\Python311\Lib\site-packages\fastapi\encoders.py", line 337, in jsonable_encoder
    return jsonable_encoder(
           ^^^^^^^^^^^^^^^^^
  File "C:\Users\Lenovo\AppData\Local\Programs\Python\Python311\Lib\site-packages\fastapi\encoders.py", line 289, in jsonable_encoder
    encoded_value = jsonable_encoder(
                    ^^^^^^^^^^^^^^^^^
  File "C:\Users\Lenovo\AppData\Local\Programs\Python\Python311\Lib\site-packages\fastapi\encoders.py", line 337, in jsonable_encoder
    return jsonable_encoder(
           ^^^^^^^^^^^^^^^^^
  File "C:\Users\Lenovo\AppData\Local\Programs\Python\Python311\Lib\site-packages\fastapi\encoders.py", line 289, in jsonable_encoder
    encoded_value = jsonable_encoder(
                    ^^^^^^^^^^^^^^^^^
  File "C:\Users\Lenovo\AppData\Local\Programs\Python\Python311\Lib\site-packages\fastapi\encoders.py", line 337, in jsonable_encoder
    return jsonable_encoder(
           ^^^^^^^^^^^^^^^^^
  File "C:\Users\Lenovo\AppData\Local\Programs\Python\Python311\Lib\site-packages\fastapi\encoders.py", line 289, in jsonable_encoder
    encoded_value = jsonable_encoder(
                    ^^^^^^^^^^^^^^^^^
  File "C:\Users\Lenovo\AppData\Local\Programs\Python\Python311\Lib\site-packages\fastapi\encoders.py", line 337, in jsonable_encoder
    return jsonable_encoder(
           ^^^^^^^^^^^^^^^^^
  File "C:\Users\Lenovo\AppData\Local\Programs\Python\Python311\Lib\site-packages\fastapi\encoders.py", line 289, in jsonable_encoder
    encoded_value = jsonable_encoder(
                    ^^^^^^^^^^^^^^^^^
  File "C:\Users\Lenovo\AppData\Local\Programs\Python\Python311\Lib\site-packages\fastapi\encoders.py", line 337, in jsonable_encoder
    return jsonable_encoder(
           ^^^^^^^^^^^^^^^^^
  File "C:\Users\Lenovo\AppData\Local\Programs\Python\Python311\Lib\site-packages\fastapi\encoders.py", line 289, in jsonable_encoder
    encoded_value = jsonable_encoder(
                    ^^^^^^^^^^^^^^^^^
  File "C:\Users\Lenovo\AppData\Local\Programs\Python\Python311\Lib\site-packages\fastapi\encoders.py", line 337, in jsonable_encoder
    return jsonable_encoder(
           ^^^^^^^^^^^^^^^^^
  File "C:\Users\Lenovo\AppData\Local\Programs\Python\Python311\Lib\site-packages\fastapi\encoders.py", line 289, in jsonable_encoder
    encoded_value = jsonable_encoder(
                    ^^^^^^^^^^^^^^^^^
  File "C:\Users\Lenovo\AppData\Local\Programs\Python\Python311\Lib\site-packages\fastapi\encoders.py", line 337, in jsonable_encoder
    return jsonable_encoder(
           ^^^^^^^^^^^^^^^^^
  File "C:\Users\Lenovo\AppData\Local\Programs\Python\Python311\Lib\site-packages\fastapi\encoders.py", line 289, in jsonable_encoder
    encoded_value = jsonable_encoder(
                    ^^^^^^^^^^^^^^^^^
  File "C:\Users\Lenovo\AppData\Local\Programs\Python\Python311\Lib\site-packages\fastapi\encoders.py", line 337, in jsonable_encoder
    return jsonable_encoder(
           ^^^^^^^^^^^^^^^^^
  File "C:\Users\Lenovo\AppData\Local\Programs\Python\Python311\Lib\site-packages\fastapi\encoders.py", line 289, in jsonable_encoder
    encoded_value = jsonable_encoder(
                    ^^^^^^^^^^^^^^^^^
  File "C:\Users\Lenovo\AppData\Local\Programs\Python\Python311\Lib\site-packages\fastapi\encoders.py", line 337, in jsonable_encoder
    return jsonable_encoder(
           ^^^^^^^^^^^^^^^^^
  File "C:\Users\Lenovo\AppData\Local\Programs\Python\Python311\Lib\site-packages\fastapi\encoders.py", line 289, in jsonable_encoder
    encoded_value = jsonable_encoder(
                    ^^^^^^^^^^^^^^^^^
  File "C:\Users\Lenovo\AppData\Local\Programs\Python\Python311\Lib\site-packages\fastapi\encoders.py", line 337, in jsonable_encoder
    return jsonable_encoder(
           ^^^^^^^^^^^^^^^^^
  File "C:\Users\Lenovo\AppData\Local\Programs\Python\Python311\Lib\site-packages\fastapi\encoders.py", line 289, in jsonable_encoder
    encoded_value = jsonable_encoder(
                    ^^^^^^^^^^^^^^^^^
  File "C:\Users\Lenovo\AppData\Local\Programs\Python\Python311\Lib\site-packages\fastapi\encoders.py", line 337, in jsonable_encoder
    return jsonable_encoder(
           ^^^^^^^^^^^^^^^^^
  File "C:\Users\Lenovo\AppData\Local\Programs\Python\Python311\Lib\site-packages\fastapi\encoders.py", line 289, in jsonable_encoder
    encoded_value = jsonable_encoder(
                    ^^^^^^^^^^^^^^^^^
  File "C:\Users\Lenovo\AppData\Local\Programs\Python\Python311\Lib\site-packages\fastapi\encoders.py", line 337, in jsonable_encoder
    return jsonable_encoder(
           ^^^^^^^^^^^^^^^^^
  File "C:\Users\Lenovo\AppData\Local\Programs\Python\Python311\Lib\site-packages\fastapi\encoders.py", line 289, in jsonable_encoder
    encoded_value = jsonable_encoder(
                    ^^^^^^^^^^^^^^^^^
  File "C:\Users\Lenovo\AppData\Local\Programs\Python\Python311\Lib\site-packages\fastapi\encoders.py", line 337, in jsonable_encoder
    return jsonable_encoder(
           ^^^^^^^^^^^^^^^^^
  File "C:\Users\Lenovo\AppData\Local\Programs\Python\Python311\Lib\site-packages\fastapi\encoders.py", line 289, in jsonable_encoder
    encoded_value = jsonable_encoder(
                    ^^^^^^^^^^^^^^^^^
  File "C:\Users\Lenovo\AppData\Local\Programs\Python\Python311\Lib\site-packages\fastapi\encoders.py", line 337, in jsonable_encoder
    return jsonable_encoder(
           ^^^^^^^^^^^^^^^^^
  File "C:\Users\Lenovo\AppData\Local\Programs\Python\Python311\Lib\site-packages\fastapi\encoders.py", line 289, in jsonable_encoder
    encoded_value = jsonable_encoder(
                    ^^^^^^^^^^^^^^^^^
  File "C:\Users\Lenovo\AppData\Local\Programs\Python\Python311\Lib\site-packages\fastapi\encoders.py", line 337, in jsonable_encoder
    return jsonable_encoder(
           ^^^^^^^^^^^^^^^^^
  File "C:\Users\Lenovo\AppData\Local\Programs\Python\Python311\Lib\site-packages\fastapi\encoders.py", line 289, in jsonable_encoder
    encoded_value = jsonable_encoder(
                    ^^^^^^^^^^^^^^^^^
  File "C:\Users\Lenovo\AppData\Local\Programs\Python\Python311\Lib\site-packages\fastapi\encoders.py", line 337, in jsonable_encoder
    return jsonable_encoder(
           ^^^^^^^^^^^^^^^^^
  File "C:\Users\Lenovo\AppData\Local\Programs\Python\Python311\Lib\site-packages\fastapi\encoders.py", line 289, in jsonable_encoder
    encoded_value = jsonable_encoder(
                    ^^^^^^^^^^^^^^^^^
  File "C:\Users\Lenovo\AppData\Local\Programs\Python\Python311\Lib\site-packages\fastapi\encoders.py", line 337, in jsonable_encoder
    return jsonable_encoder(
           ^^^^^^^^^^^^^^^^^
  File "C:\Users\Lenovo\AppData\Local\Programs\Python\Python311\Lib\site-packages\fastapi\encoders.py", line 289, in jsonable_encoder
    encoded_value = jsonable_encoder(
                    ^^^^^^^^^^^^^^^^^
  File "C:\Users\Lenovo\AppData\Local\Programs\Python\Python311\Lib\site-packages\fastapi\encoders.py", line 337, in jsonable_encoder
    return jsonable_encoder(
           ^^^^^^^^^^^^^^^^^
  File "C:\Users\Lenovo\AppData\Local\Programs\Python\Python311\Lib\site-packages\fastapi\encoders.py", line 289, in jsonable_encoder
    encoded_value = jsonable_encoder(
                    ^^^^^^^^^^^^^^^^^
  File "C:\Users\Lenovo\AppData\Local\Programs\Python\Python311\Lib\site-packages\fastapi\encoders.py", line 337, in jsonable_encoder
    return jsonable_encoder(
           ^^^^^^^^^^^^^^^^^
  File "C:\Users\Lenovo\AppData\Local\Programs\Python\Python311\Lib\site-packages\fastapi\encoders.py", line 289, in jsonable_encoder
    encoded_value = jsonable_encoder(
                    ^^^^^^^^^^^^^^^^^
  File "C:\Users\Lenovo\AppData\Local\Programs\Python\Python311\Lib\site-packages\fastapi\encoders.py", line 337, in jsonable_encoder
    return jsonable_encoder(
           ^^^^^^^^^^^^^^^^^
  File "C:\Users\Lenovo\AppData\Local\Programs\Python\Python311\Lib\site-packages\fastapi\encoders.py", line 289, in jsonable_encoder
    encoded_value = jsonable_encoder(
                    ^^^^^^^^^^^^^^^^^
  File "C:\Users\Lenovo\AppData\Local\Programs\Python\Python311\Lib\site-packages\fastapi\encoders.py", line 337, in jsonable_encoder
    return jsonable_encoder(
           ^^^^^^^^^^^^^^^^^
  File "C:\Users\Lenovo\AppData\Local\Programs\Python\Python311\Lib\site-packages\fastapi\encoders.py", line 289, in jsonable_encoder
    encoded_value = jsonable_encoder(
                    ^^^^^^^^^^^^^^^^^
  File "C:\Users\Lenovo\AppData\Local\Programs\Python\Python311\Lib\site-packages\fastapi\encoders.py", line 337, in jsonable_encoder
    return jsonable_encoder(
           ^^^^^^^^^^^^^^^^^
  File "C:\Users\Lenovo\AppData\Local\Programs\Python\Python311\Lib\site-packages\fastapi\encoders.py", line 289, in jsonable_encoder
    encoded_value = jsonable_encoder(
                    ^^^^^^^^^^^^^^^^^
  File "C:\Users\Lenovo\AppData\Local\Programs\Python\Python311\Lib\site-packages\fastapi\encoders.py", line 337, in jsonable_encoder
    return jsonable_encoder(
           ^^^^^^^^^^^^^^^^^
  File "C:\Users\Lenovo\AppData\Local\Programs\Python\Python311\Lib\site-packages\fastapi\encoders.py", line 289, in jsonable_encoder
    encoded_value = jsonable_encoder(
                    ^^^^^^^^^^^^^^^^^
  File "C:\Users\Lenovo\AppData\Local\Programs\Python\Python311\Lib\site-packages\fastapi\encoders.py", line 337, in jsonable_encoder
    return jsonable_encoder(
           ^^^^^^^^^^^^^^^^^
  File "C:\Users\Lenovo\AppData\Local\Programs\Python\Python311\Lib\site-packages\fastapi\encoders.py", line 289, in jsonable_encoder
    encoded_value = jsonable_encoder(
                    ^^^^^^^^^^^^^^^^^
  File "C:\Users\Lenovo\AppData\Local\Programs\Python\Python311\Lib\site-packages\fastapi\encoders.py", line 337, in jsonable_encoder
    return jsonable_encoder(
           ^^^^^^^^^^^^^^^^^
  File "C:\Users\Lenovo\AppData\Local\Programs\Python\Python311\Lib\site-packages\fastapi\encoders.py", line 289, in jsonable_encoder
    encoded_value = jsonable_encoder(
                    ^^^^^^^^^^^^^^^^^
  File "C:\Users\Lenovo\AppData\Local\Programs\Python\Python311\Lib\site-packages\fastapi\encoders.py", line 337, in jsonable_encoder
    return jsonable_encoder(
           ^^^^^^^^^^^^^^^^^
  File "C:\Users\Lenovo\AppData\Local\Programs\Python\Python311\Lib\site-packages\fastapi\encoders.py", line 289, in jsonable_encoder
    encoded_value = jsonable_encoder(
                    ^^^^^^^^^^^^^^^^^
  File "C:\Users\Lenovo\AppData\Local\Programs\Python\Python311\Lib\site-packages\fastapi\encoders.py", line 337, in jsonable_encoder
    return jsonable_encoder(
           ^^^^^^^^^^^^^^^^^
  File "C:\Users\Lenovo\AppData\Local\Programs\Python\Python311\Lib\site-packages\fastapi\encoders.py", line 289, in jsonable_encoder
    encoded_value = jsonable_encoder(
                    ^^^^^^^^^^^^^^^^^
  File "C:\Users\Lenovo\AppData\Local\Programs\Python\Python311\Lib\site-packages\fastapi\encoders.py", line 337, in jsonable_encoder
    return jsonable_encoder(
           ^^^^^^^^^^^^^^^^^
  File "C:\Users\Lenovo\AppData\Local\Programs\Python\Python311\Lib\site-packages\fastapi\encoders.py", line 289, in jsonable_encoder
    encoded_value = jsonable_encoder(
                    ^^^^^^^^^^^^^^^^^
  File "C:\Users\Lenovo\AppData\Local\Programs\Python\Python311\Lib\site-packages\fastapi\encoders.py", line 337, in jsonable_encoder
    return jsonable_encoder(
           ^^^^^^^^^^^^^^^^^
  File "C:\Users\Lenovo\AppData\Local\Programs\Python\Python311\Lib\site-packages\fastapi\encoders.py", line 289, in jsonable_encoder
    encoded_value = jsonable_encoder(
                    ^^^^^^^^^^^^^^^^^
  File "C:\Users\Lenovo\AppData\Local\Programs\Python\Python311\Lib\site-packages\fastapi\encoders.py", line 337, in jsonable_encoder
    return jsonable_encoder(
           ^^^^^^^^^^^^^^^^^
  File "C:\Users\Lenovo\AppData\Local\Programs\Python\Python311\Lib\site-packages\fastapi\encoders.py", line 289, in jsonable_encoder
    encoded_value = jsonable_encoder(
                    ^^^^^^^^^^^^^^^^^
  File "C:\Users\Lenovo\AppData\Local\Programs\Python\Python311\Lib\site-packages\fastapi\encoders.py", line 337, in jsonable_encoder
    return jsonable_encoder(
           ^^^^^^^^^^^^^^^^^
  File "C:\Users\Lenovo\AppData\Local\Programs\Python\Python311\Lib\site-packages\fastapi\encoders.py", line 289, in jsonable_encoder
    encoded_value = jsonable_encoder(
                    ^^^^^^^^^^^^^^^^^
  File "C:\Users\Lenovo\AppData\Local\Programs\Python\Python311\Lib\site-packages\fastapi\encoders.py", line 337, in jsonable_encoder
    return jsonable_encoder(
           ^^^^^^^^^^^^^^^^^
  File "C:\Users\Lenovo\AppData\Local\Programs\Python\Python311\Lib\site-packages\fastapi\encoders.py", line 289, in jsonable_encoder
    encoded_value = jsonable_encoder(
                    ^^^^^^^^^^^^^^^^^
  File "C:\Users\Lenovo\AppData\Local\Programs\Python\Python311\Lib\site-packages\fastapi\encoders.py", line 337, in jsonable_encoder
    return jsonable_encoder(
           ^^^^^^^^^^^^^^^^^
  File "C:\Users\Lenovo\AppData\Local\Programs\Python\Python311\Lib\site-packages\fastapi\encoders.py", line 289, in jsonable_encoder
    encoded_value = jsonable_encoder(
                    ^^^^^^^^^^^^^^^^^
  File "C:\Users\Lenovo\AppData\Local\Programs\Python\Python311\Lib\site-packages\fastapi\encoders.py", line 337, in jsonable_encoder
    return jsonable_encoder(
           ^^^^^^^^^^^^^^^^^
  File "C:\Users\Lenovo\AppData\Local\Programs\Python\Python311\Lib\site-packages\fastapi\encoders.py", line 289, in jsonable_encoder
    encoded_value = jsonable_encoder(
                    ^^^^^^^^^^^^^^^^^
  File "C:\Users\Lenovo\AppData\Local\Programs\Python\Python311\Lib\site-packages\fastapi\encoders.py", line 337, in jsonable_encoder
    return jsonable_encoder(
           ^^^^^^^^^^^^^^^^^
  File "C:\Users\Lenovo\AppData\Local\Programs\Python\Python311\Lib\site-packages\fastapi\encoders.py", line 289, in jsonable_encoder
    encoded_value = jsonable_encoder(
                    ^^^^^^^^^^^^^^^^^
  File "C:\Users\Lenovo\AppData\Local\Programs\Python\Python311\Lib\site-packages\fastapi\encoders.py", line 337, in jsonable_encoder
    return jsonable_encoder(
           ^^^^^^^^^^^^^^^^^
  File "C:\Users\Lenovo\AppData\Local\Programs\Python\Python311\Lib\site-packages\fastapi\encoders.py", line 289, in jsonable_encoder
    encoded_value = jsonable_encoder(
                    ^^^^^^^^^^^^^^^^^
  File "C:\Users\Lenovo\AppData\Local\Programs\Python\Python311\Lib\site-packages\fastapi\encoders.py", line 337, in jsonable_encoder
    return jsonable_encoder(
           ^^^^^^^^^^^^^^^^^
  File "C:\Users\Lenovo\AppData\Local\Programs\Python\Python311\Lib\site-packages\fastapi\encoders.py", line 289, in jsonable_encoder
    encoded_value = jsonable_encoder(
                    ^^^^^^^^^^^^^^^^^
  File "C:\Users\Lenovo\AppData\Local\Programs\Python\Python311\Lib\site-packages\fastapi\encoders.py", line 337, in jsonable_encoder
    return jsonable_encoder(
           ^^^^^^^^^^^^^^^^^
  File "C:\Users\Lenovo\AppData\Local\Programs\Python\Python311\Lib\site-packages\fastapi\encoders.py", line 289, in jsonable_encoder
    encoded_value = jsonable_encoder(
                    ^^^^^^^^^^^^^^^^^
  File "C:\Users\Lenovo\AppData\Local\Programs\Python\Python311\Lib\site-packages\fastapi\encoders.py", line 337, in jsonable_encoder
    return jsonable_encoder(
           ^^^^^^^^^^^^^^^^^
  File "C:\Users\Lenovo\AppData\Local\Programs\Python\Python311\Lib\site-packages\fastapi\encoders.py", line 289, in jsonable_encoder
    encoded_value = jsonable_encoder(
                    ^^^^^^^^^^^^^^^^^
  File "C:\Users\Lenovo\AppData\Local\Programs\Python\Python311\Lib\site-packages\fastapi\encoders.py", line 337, in jsonable_encoder
    return jsonable_encoder(
           ^^^^^^^^^^^^^^^^^
  File "C:\Users\Lenovo\AppData\Local\Programs\Python\Python311\Lib\site-packages\fastapi\encoders.py", line 289, in jsonable_encoder
    encoded_value = jsonable_encoder(
                    ^^^^^^^^^^^^^^^^^
  File "C:\Users\Lenovo\AppData\Local\Programs\Python\Python311\Lib\site-packages\fastapi\encoders.py", line 337, in jsonable_encoder
    return jsonable_encoder(
           ^^^^^^^^^^^^^^^^^
  File "C:\Users\Lenovo\AppData\Local\Programs\Python\Python311\Lib\site-packages\fastapi\encoders.py", line 289, in jsonable_encoder
    encoded_value = jsonable_encoder(
                    ^^^^^^^^^^^^^^^^^
  File "C:\Users\Lenovo\AppData\Local\Programs\Python\Python311\Lib\site-packages\fastapi\encoders.py", line 337, in jsonable_encoder
    return jsonable_encoder(
           ^^^^^^^^^^^^^^^^^
  File "C:\Users\Lenovo\AppData\Local\Programs\Python\Python311\Lib\site-packages\fastapi\encoders.py", line 289, in jsonable_encoder
    encoded_value = jsonable_encoder(
                    ^^^^^^^^^^^^^^^^^
  File "C:\Users\Lenovo\AppData\Local\Programs\Python\Python311\Lib\site-packages\fastapi\encoders.py", line 337, in jsonable_encoder
    return jsonable_encoder(
           ^^^^^^^^^^^^^^^^^
  File "C:\Users\Lenovo\AppData\Local\Programs\Python\Python311\Lib\site-packages\fastapi\encoders.py", line 289, in jsonable_encoder
    encoded_value = jsonable_encoder(
                    ^^^^^^^^^^^^^^^^^
  File "C:\Users\Lenovo\AppData\Local\Programs\Python\Python311\Lib\site-packages\fastapi\encoders.py", line 337, in jsonable_encoder
    return jsonable_encoder(
           ^^^^^^^^^^^^^^^^^
  File "C:\Users\Lenovo\AppData\Local\Programs\Python\Python311\Lib\site-packages\fastapi\encoders.py", line 289, in jsonable_encoder
    encoded_value = jsonable_encoder(
                    ^^^^^^^^^^^^^^^^^
  File "C:\Users\Lenovo\AppData\Local\Programs\Python\Python311\Lib\site-packages\fastapi\encoders.py", line 337, in jsonable_encoder
    return jsonable_encoder(
           ^^^^^^^^^^^^^^^^^
  File "C:\Users\Lenovo\AppData\Local\Programs\Python\Python311\Lib\site-packages\fastapi\encoders.py", line 289, in jsonable_encoder
    encoded_value = jsonable_encoder(
                    ^^^^^^^^^^^^^^^^^
  File "C:\Users\Lenovo\AppData\Local\Programs\Python\Python311\Lib\site-packages\fastapi\encoders.py", line 337, in jsonable_encoder
    return jsonable_encoder(
           ^^^^^^^^^^^^^^^^^
  File "C:\Users\Lenovo\AppData\Local\Programs\Python\Python311\Lib\site-packages\fastapi\encoders.py", line 289, in jsonable_encoder
    encoded_value = jsonable_encoder(
                    ^^^^^^^^^^^^^^^^^
  File "C:\Users\Lenovo\AppData\Local\Programs\Python\Python311\Lib\site-packages\fastapi\encoders.py", line 337, in jsonable_encoder
    return jsonable_encoder(
           ^^^^^^^^^^^^^^^^^
  File "C:\Users\Lenovo\AppData\Local\Programs\Python\Python311\Lib\site-packages\fastapi\encoders.py", line 289, in jsonable_encoder
    encoded_value = jsonable_encoder(
                    ^^^^^^^^^^^^^^^^^
  File "C:\Users\Lenovo\AppData\Local\Programs\Python\Python311\Lib\site-packages\fastapi\encoders.py", line 337, in jsonable_encoder
    return jsonable_encoder(
           ^^^^^^^^^^^^^^^^^
  File "C:\Users\Lenovo\AppData\Local\Programs\Python\Python311\Lib\site-packages\fastapi\encoders.py", line 289, in jsonable_encoder
    encoded_value = jsonable_encoder(
                    ^^^^^^^^^^^^^^^^^
  File "C:\Users\Lenovo\AppData\Local\Programs\Python\Python311\Lib\site-packages\fastapi\encoders.py", line 337, in jsonable_encoder
    return jsonable_encoder(
           ^^^^^^^^^^^^^^^^^
  File "C:\Users\Lenovo\AppData\Local\Programs\Python\Python311\Lib\site-packages\fastapi\encoders.py", line 289, in jsonable_encoder
    encoded_value = jsonable_encoder(
                    ^^^^^^^^^^^^^^^^^
  File "C:\Users\Lenovo\AppData\Local\Programs\Python\Python311\Lib\site-packages\fastapi\encoders.py", line 337, in jsonable_encoder
    return jsonable_encoder(
           ^^^^^^^^^^^^^^^^^
  File "C:\Users\Lenovo\AppData\Local\Programs\Python\Python311\Lib\site-packages\fastapi\encoders.py", line 289, in jsonable_encoder
    encoded_value = jsonable_encoder(
                    ^^^^^^^^^^^^^^^^^
  File "C:\Users\Lenovo\AppData\Local\Programs\Python\Python311\Lib\site-packages\fastapi\encoders.py", line 337, in jsonable_encoder
    return jsonable_encoder(
           ^^^^^^^^^^^^^^^^^
  File "C:\Users\Lenovo\AppData\Local\Programs\Python\Python311\Lib\site-packages\fastapi\encoders.py", line 289, in jsonable_encoder
    encoded_value = jsonable_encoder(
                    ^^^^^^^^^^^^^^^^^
  File "C:\Users\Lenovo\AppData\Local\Programs\Python\Python311\Lib\site-packages\fastapi\encoders.py", line 337, in jsonable_encoder
    return jsonable_encoder(
           ^^^^^^^^^^^^^^^^^
  File "C:\Users\Lenovo\AppData\Local\Programs\Python\Python311\Lib\site-packages\fastapi\encoders.py", line 289, in jsonable_encoder
    encoded_value = jsonable_encoder(
                    ^^^^^^^^^^^^^^^^^
  File "C:\Users\Lenovo\AppData\Local\Programs\Python\Python311\Lib\site-packages\fastapi\encoders.py", line 337, in jsonable_encoder
    return jsonable_encoder(
           ^^^^^^^^^^^^^^^^^
  File "C:\Users\Lenovo\AppData\Local\Programs\Python\Python311\Lib\site-packages\fastapi\encoders.py", line 289, in jsonable_encoder
    encoded_value = jsonable_encoder(
                    ^^^^^^^^^^^^^^^^^
  File "C:\Users\Lenovo\AppData\Local\Programs\Python\Python311\Lib\site-packages\fastapi\encoders.py", line 337, in jsonable_encoder
    return jsonable_encoder(
           ^^^^^^^^^^^^^^^^^
  File "C:\Users\Lenovo\AppData\Local\Programs\Python\Python311\Lib\site-packages\fastapi\encoders.py", line 289, in jsonable_encoder
    encoded_value = jsonable_encoder(
                    ^^^^^^^^^^^^^^^^^
  File "C:\Users\Lenovo\AppData\Local\Programs\Python\Python311\Lib\site-packages\fastapi\encoders.py", line 337, in jsonable_encoder
    return jsonable_encoder(
           ^^^^^^^^^^^^^^^^^
  File "C:\Users\Lenovo\AppData\Local\Programs\Python\Python311\Lib\site-packages\fastapi\encoders.py", line 289, in jsonable_encoder
    encoded_value = jsonable_encoder(
                    ^^^^^^^^^^^^^^^^^
  File "C:\Users\Lenovo\AppData\Local\Programs\Python\Python311\Lib\site-packages\fastapi\encoders.py", line 337, in jsonable_encoder
    return jsonable_encoder(
           ^^^^^^^^^^^^^^^^^
  File "C:\Users\Lenovo\AppData\Local\Programs\Python\Python311\Lib\site-packages\fastapi\encoders.py", line 289, in jsonable_encoder
    encoded_value = jsonable_encoder(
                    ^^^^^^^^^^^^^^^^^
  File "C:\Users\Lenovo\AppData\Local\Programs\Python\Python311\Lib\site-packages\fastapi\encoders.py", line 337, in jsonable_encoder
    return jsonable_encoder(
           ^^^^^^^^^^^^^^^^^
  File "C:\Users\Lenovo\AppData\Local\Programs\Python\Python311\Lib\site-packages\fastapi\encoders.py", line 289, in jsonable_encoder
    encoded_value = jsonable_encoder(
                    ^^^^^^^^^^^^^^^^^
  File "C:\Users\Lenovo\AppData\Local\Programs\Python\Python311\Lib\site-packages\fastapi\encoders.py", line 337, in jsonable_encoder
    return jsonable_encoder(
           ^^^^^^^^^^^^^^^^^
  File "C:\Users\Lenovo\AppData\Local\Programs\Python\Python311\Lib\site-packages\fastapi\encoders.py", line 289, in jsonable_encoder
    encoded_value = jsonable_encoder(
                    ^^^^^^^^^^^^^^^^^
  File "C:\Users\Lenovo\AppData\Local\Programs\Python\Python311\Lib\site-packages\fastapi\encoders.py", line 337, in jsonable_encoder
    return jsonable_encoder(
           ^^^^^^^^^^^^^^^^^
  File "C:\Users\Lenovo\AppData\Local\Programs\Python\Python311\Lib\site-packages\fastapi\encoders.py", line 289, in jsonable_encoder
    encoded_value = jsonable_encoder(
                    ^^^^^^^^^^^^^^^^^
  File "C:\Users\Lenovo\AppData\Local\Programs\Python\Python311\Lib\site-packages\fastapi\encoders.py", line 337, in jsonable_encoder
    return jsonable_encoder(
           ^^^^^^^^^^^^^^^^^
  File "C:\Users\Lenovo\AppData\Local\Programs\Python\Python311\Lib\site-packages\fastapi\encoders.py", line 289, in jsonable_encoder
    encoded_value = jsonable_encoder(
                    ^^^^^^^^^^^^^^^^^
  File "C:\Users\Lenovo\AppData\Local\Programs\Python\Python311\Lib\site-packages\fastapi\encoders.py", line 337, in jsonable_encoder
    return jsonable_encoder(
           ^^^^^^^^^^^^^^^^^
  File "C:\Users\Lenovo\AppData\Local\Programs\Python\Python311\Lib\site-packages\fastapi\encoders.py", line 289, in jsonable_encoder
    encoded_value = jsonable_encoder(
                    ^^^^^^^^^^^^^^^^^
  File "C:\Users\Lenovo\AppData\Local\Programs\Python\Python311\Lib\site-packages\fastapi\encoders.py", line 337, in jsonable_encoder
    return jsonable_encoder(
           ^^^^^^^^^^^^^^^^^
  File "C:\Users\Lenovo\AppData\Local\Programs\Python\Python311\Lib\site-packages\fastapi\encoders.py", line 289, in jsonable_encoder
    encoded_value = jsonable_encoder(
                    ^^^^^^^^^^^^^^^^^
  File "C:\Users\Lenovo\AppData\Local\Programs\Python\Python311\Lib\site-packages\fastapi\encoders.py", line 337, in jsonable_encoder
    return jsonable_encoder(
           ^^^^^^^^^^^^^^^^^
  File "C:\Users\Lenovo\AppData\Local\Programs\Python\Python311\Lib\site-packages\fastapi\encoders.py", line 289, in jsonable_encoder
    encoded_value = jsonable_encoder(
                    ^^^^^^^^^^^^^^^^^
  File "C:\Users\Lenovo\AppData\Local\Programs\Python\Python311\Lib\site-packages\fastapi\encoders.py", line 337, in jsonable_encoder
    return jsonable_encoder(
           ^^^^^^^^^^^^^^^^^
  File "C:\Users\Lenovo\AppData\Local\Programs\Python\Python311\Lib\site-packages\fastapi\encoders.py", line 289, in jsonable_encoder
    encoded_value = jsonable_encoder(
                    ^^^^^^^^^^^^^^^^^
  File "C:\Users\Lenovo\AppData\Local\Programs\Python\Python311\Lib\site-packages\fastapi\encoders.py", line 337, in jsonable_encoder
    return jsonable_encoder(
           ^^^^^^^^^^^^^^^^^
  File "C:\Users\Lenovo\AppData\Local\Programs\Python\Python311\Lib\site-packages\fastapi\encoders.py", line 289, in jsonable_encoder
    encoded_value = jsonable_encoder(
                    ^^^^^^^^^^^^^^^^^
  File "C:\Users\Lenovo\AppData\Local\Programs\Python\Python311\Lib\site-packages\fastapi\encoders.py", line 337, in jsonable_encoder
    return jsonable_encoder(
           ^^^^^^^^^^^^^^^^^
  File "C:\Users\Lenovo\AppData\Local\Programs\Python\Python311\Lib\site-packages\fastapi\encoders.py", line 289, in jsonable_encoder
    encoded_value = jsonable_encoder(
                    ^^^^^^^^^^^^^^^^^
  File "C:\Users\Lenovo\AppData\Local\Programs\Python\Python311\Lib\site-packages\fastapi\encoders.py", line 337, in jsonable_encoder
    return jsonable_encoder(
           ^^^^^^^^^^^^^^^^^
  File "C:\Users\Lenovo\AppData\Local\Programs\Python\Python311\Lib\site-packages\fastapi\encoders.py", line 289, in jsonable_encoder
    encoded_value = jsonable_encoder(
                    ^^^^^^^^^^^^^^^^^
  File "C:\Users\Lenovo\AppData\Local\Programs\Python\Python311\Lib\site-packages\fastapi\encoders.py", line 337, in jsonable_encoder
    return jsonable_encoder(
           ^^^^^^^^^^^^^^^^^
  File "C:\Users\Lenovo\AppData\Local\Programs\Python\Python311\Lib\site-packages\fastapi\encoders.py", line 289, in jsonable_encoder
    encoded_value = jsonable_encoder(
                    ^^^^^^^^^^^^^^^^^
  File "C:\Users\Lenovo\AppData\Local\Programs\Python\Python311\Lib\site-packages\fastapi\encoders.py", line 337, in jsonable_encoder
    return jsonable_encoder(
           ^^^^^^^^^^^^^^^^^
  File "C:\Users\Lenovo\AppData\Local\Programs\Python\Python311\Lib\site-packages\fastapi\encoders.py", line 289, in jsonable_encoder
    encoded_value = jsonable_encoder(
                    ^^^^^^^^^^^^^^^^^
  File "C:\Users\Lenovo\AppData\Local\Programs\Python\Python311\Lib\site-packages\fastapi\encoders.py", line 337, in jsonable_encoder
    return jsonable_encoder(
           ^^^^^^^^^^^^^^^^^
  File "C:\Users\Lenovo\AppData\Local\Programs\Python\Python311\Lib\site-packages\fastapi\encoders.py", line 289, in jsonable_encoder
    encoded_value = jsonable_encoder(
                    ^^^^^^^^^^^^^^^^^
  File "C:\Users\Lenovo\AppData\Local\Programs\Python\Python311\Lib\site-packages\fastapi\encoders.py", line 337, in jsonable_encoder
    return jsonable_encoder(
           ^^^^^^^^^^^^^^^^^
  File "C:\Users\Lenovo\AppData\Local\Programs\Python\Python311\Lib\site-packages\fastapi\encoders.py", line 289, in jsonable_encoder
    encoded_value = jsonable_encoder(
                    ^^^^^^^^^^^^^^^^^
  File "C:\Users\Lenovo\AppData\Local\Programs\Python\Python311\Lib\site-packages\fastapi\encoders.py", line 337, in jsonable_encoder
    return jsonable_encoder(
           ^^^^^^^^^^^^^^^^^
  File "C:\Users\Lenovo\AppData\Local\Programs\Python\Python311\Lib\site-packages\fastapi\encoders.py", line 289, in jsonable_encoder
    encoded_value = jsonable_encoder(
                    ^^^^^^^^^^^^^^^^^
  File "C:\Users\Lenovo\AppData\Local\Programs\Python\Python311\Lib\site-packages\fastapi\encoders.py", line 337, in jsonable_encoder
    return jsonable_encoder(
           ^^^^^^^^^^^^^^^^^
  File "C:\Users\Lenovo\AppData\Local\Programs\Python\Python311\Lib\site-packages\fastapi\encoders.py", line 289, in jsonable_encoder
    encoded_value = jsonable_encoder(
                    ^^^^^^^^^^^^^^^^^
  File "C:\Users\Lenovo\AppData\Local\Programs\Python\Python311\Lib\site-packages\fastapi\encoders.py", line 337, in jsonable_encoder
    return jsonable_encoder(
           ^^^^^^^^^^^^^^^^^
  File "C:\Users\Lenovo\AppData\Local\Programs\Python\Python311\Lib\site-packages\fastapi\encoders.py", line 289, in jsonable_encoder
    encoded_value = jsonable_encoder(
                    ^^^^^^^^^^^^^^^^^
  File "C:\Users\Lenovo\AppData\Local\Programs\Python\Python311\Lib\site-packages\fastapi\encoders.py", line 337, in jsonable_encoder
    return jsonable_encoder(
           ^^^^^^^^^^^^^^^^^
  File "C:\Users\Lenovo\AppData\Local\Programs\Python\Python311\Lib\site-packages\fastapi\encoders.py", line 289, in jsonable_encoder
    encoded_value = jsonable_encoder(
                    ^^^^^^^^^^^^^^^^^
  File "C:\Users\Lenovo\AppData\Local\Programs\Python\Python311\Lib\site-packages\fastapi\encoders.py", line 337, in jsonable_encoder
    return jsonable_encoder(
           ^^^^^^^^^^^^^^^^^
  File "C:\Users\Lenovo\AppData\Local\Programs\Python\Python311\Lib\site-packages\fastapi\encoders.py", line 289, in jsonable_encoder
    encoded_value = jsonable_encoder(
                    ^^^^^^^^^^^^^^^^^
  File "C:\Users\Lenovo\AppData\Local\Programs\Python\Python311\Lib\site-packages\fastapi\encoders.py", line 337, in jsonable_encoder
    return jsonable_encoder(
           ^^^^^^^^^^^^^^^^^
  File "C:\Users\Lenovo\AppData\Local\Programs\Python\Python311\Lib\site-packages\fastapi\encoders.py", line 289, in jsonable_encoder
    encoded_value = jsonable_encoder(
                    ^^^^^^^^^^^^^^^^^
  File "C:\Users\Lenovo\AppData\Local\Programs\Python\Python311\Lib\site-packages\fastapi\encoders.py", line 337, in jsonable_encoder
    return jsonable_encoder(
           ^^^^^^^^^^^^^^^^^
  File "C:\Users\Lenovo\AppData\Local\Programs\Python\Python311\Lib\site-packages\fastapi\encoders.py", line 289, in jsonable_encoder
    encoded_value = jsonable_encoder(
                    ^^^^^^^^^^^^^^^^^
  File "C:\Users\Lenovo\AppData\Local\Programs\Python\Python311\Lib\site-packages\fastapi\encoders.py", line 337, in jsonable_encoder
    return jsonable_encoder(
           ^^^^^^^^^^^^^^^^^
  File "C:\Users\Lenovo\AppData\Local\Programs\Python\Python311\Lib\site-packages\fastapi\encoders.py", line 289, in jsonable_encoder
    encoded_value = jsonable_encoder(
                    ^^^^^^^^^^^^^^^^^
  File "C:\Users\Lenovo\AppData\Local\Programs\Python\Python311\Lib\site-packages\fastapi\encoders.py", line 337, in jsonable_encoder
    return jsonable_encoder(
           ^^^^^^^^^^^^^^^^^
  File "C:\Users\Lenovo\AppData\Local\Programs\Python\Python311\Lib\site-packages\fastapi\encoders.py", line 289, in jsonable_encoder
    encoded_value = jsonable_encoder(
                    ^^^^^^^^^^^^^^^^^
  File "C:\Users\Lenovo\AppData\Local\Programs\Python\Python311\Lib\site-packages\fastapi\encoders.py", line 337, in jsonable_encoder
    return jsonable_encoder(
           ^^^^^^^^^^^^^^^^^
  File "C:\Users\Lenovo\AppData\Local\Programs\Python\Python311\Lib\site-packages\fastapi\encoders.py", line 289, in jsonable_encoder
    encoded_value = jsonable_encoder(
                    ^^^^^^^^^^^^^^^^^
  File "C:\Users\Lenovo\AppData\Local\Programs\Python\Python311\Lib\site-packages\fastapi\encoders.py", line 337, in jsonable_encoder
    return jsonable_encoder(
           ^^^^^^^^^^^^^^^^^
  File "C:\Users\Lenovo\AppData\Local\Programs\Python\Python311\Lib\site-packages\fastapi\encoders.py", line 289, in jsonable_encoder
    encoded_value = jsonable_encoder(
                    ^^^^^^^^^^^^^^^^^
  File "C:\Users\Lenovo\AppData\Local\Programs\Python\Python311\Lib\site-packages\fastapi\encoders.py", line 337, in jsonable_encoder
    return jsonable_encoder(
           ^^^^^^^^^^^^^^^^^
  File "C:\Users\Lenovo\AppData\Local\Programs\Python\Python311\Lib\site-packages\fastapi\encoders.py", line 289, in jsonable_encoder
    encoded_value = jsonable_encoder(
                    ^^^^^^^^^^^^^^^^^
  File "C:\Users\Lenovo\AppData\Local\Programs\Python\Python311\Lib\site-packages\fastapi\encoders.py", line 337, in jsonable_encoder
    return jsonable_encoder(
           ^^^^^^^^^^^^^^^^^
  File "C:\Users\Lenovo\AppData\Local\Programs\Python\Python311\Lib\site-packages\fastapi\encoders.py", line 289, in jsonable_encoder
    encoded_value = jsonable_encoder(
                    ^^^^^^^^^^^^^^^^^
  File "C:\Users\Lenovo\AppData\Local\Programs\Python\Python311\Lib\site-packages\fastapi\encoders.py", line 337, in jsonable_encoder
    return jsonable_encoder(
           ^^^^^^^^^^^^^^^^^
  File "C:\Users\Lenovo\AppData\Local\Programs\Python\Python311\Lib\site-packages\fastapi\encoders.py", line 289, in jsonable_encoder
    encoded_value = jsonable_encoder(
                    ^^^^^^^^^^^^^^^^^
  File "C:\Users\Lenovo\AppData\Local\Programs\Python\Python311\Lib\site-packages\fastapi\encoders.py", line 337, in jsonable_encoder
    return jsonable_encoder(
           ^^^^^^^^^^^^^^^^^
  File "C:\Users\Lenovo\AppData\Local\Programs\Python\Python311\Lib\site-packages\fastapi\encoders.py", line 289, in jsonable_encoder
    encoded_value = jsonable_encoder(
                    ^^^^^^^^^^^^^^^^^
  File "C:\Users\Lenovo\AppData\Local\Programs\Python\Python311\Lib\site-packages\fastapi\encoders.py", line 337, in jsonable_encoder
    return jsonable_encoder(
           ^^^^^^^^^^^^^^^^^
  File "C:\Users\Lenovo\AppData\Local\Programs\Python\Python311\Lib\site-packages\fastapi\encoders.py", line 289, in jsonable_encoder
    encoded_value = jsonable_encoder(
                    ^^^^^^^^^^^^^^^^^
  File "C:\Users\Lenovo\AppData\Local\Programs\Python\Python311\Lib\site-packages\fastapi\encoders.py", line 337, in jsonable_encoder
    return jsonable_encoder(
           ^^^^^^^^^^^^^^^^^
  File "C:\Users\Lenovo\AppData\Local\Programs\Python\Python311\Lib\site-packages\fastapi\encoders.py", line 289, in jsonable_encoder
    encoded_value = jsonable_encoder(
                    ^^^^^^^^^^^^^^^^^
  File "C:\Users\Lenovo\AppData\Local\Programs\Python\Python311\Lib\site-packages\fastapi\encoders.py", line 337, in jsonable_encoder
    return jsonable_encoder(
           ^^^^^^^^^^^^^^^^^
  File "C:\Users\Lenovo\AppData\Local\Programs\Python\Python311\Lib\site-packages\fastapi\encoders.py", line 289, in jsonable_encoder
    encoded_value = jsonable_encoder(
                    ^^^^^^^^^^^^^^^^^
  File "C:\Users\Lenovo\AppData\Local\Programs\Python\Python311\Lib\site-packages\fastapi\encoders.py", line 337, in jsonable_encoder
    return jsonable_encoder(
           ^^^^^^^^^^^^^^^^^
  File "C:\Users\Lenovo\AppData\Local\Programs\Python\Python311\Lib\site-packages\fastapi\encoders.py", line 289, in jsonable_encoder
    encoded_value = jsonable_encoder(
                    ^^^^^^^^^^^^^^^^^
  File "C:\Users\Lenovo\AppData\Local\Programs\Python\Python311\Lib\site-packages\fastapi\encoders.py", line 337, in jsonable_encoder
    return jsonable_encoder(
           ^^^^^^^^^^^^^^^^^
  File "C:\Users\Lenovo\AppData\Local\Programs\Python\Python311\Lib\site-packages\fastapi\encoders.py", line 289, in jsonable_encoder
    encoded_value = jsonable_encoder(
                    ^^^^^^^^^^^^^^^^^
  File "C:\Users\Lenovo\AppData\Local\Programs\Python\Python311\Lib\site-packages\fastapi\encoders.py", line 337, in jsonable_encoder
    return jsonable_encoder(
           ^^^^^^^^^^^^^^^^^
  File "C:\Users\Lenovo\AppData\Local\Programs\Python\Python311\Lib\site-packages\fastapi\encoders.py", line 289, in jsonable_encoder
    encoded_value = jsonable_encoder(
                    ^^^^^^^^^^^^^^^^^
  File "C:\Users\Lenovo\AppData\Local\Programs\Python\Python311\Lib\site-packages\fastapi\encoders.py", line 337, in jsonable_encoder
    return jsonable_encoder(
           ^^^^^^^^^^^^^^^^^
  File "C:\Users\Lenovo\AppData\Local\Programs\Python\Python311\Lib\site-packages\fastapi\encoders.py", line 289, in jsonable_encoder
    encoded_value = jsonable_encoder(
                    ^^^^^^^^^^^^^^^^^
  File "C:\Users\Lenovo\AppData\Local\Programs\Python\Python311\Lib\site-packages\fastapi\encoders.py", line 337, in jsonable_encoder
    return jsonable_encoder(
           ^^^^^^^^^^^^^^^^^
  File "C:\Users\Lenovo\AppData\Local\Programs\Python\Python311\Lib\site-packages\fastapi\encoders.py", line 289, in jsonable_encoder
    encoded_value = jsonable_encoder(
                    ^^^^^^^^^^^^^^^^^
  File "C:\Users\Lenovo\AppData\Local\Programs\Python\Python311\Lib\site-packages\fastapi\encoders.py", line 337, in jsonable_encoder
    return jsonable_encoder(
           ^^^^^^^^^^^^^^^^^
  File "C:\Users\Lenovo\AppData\Local\Programs\Python\Python311\Lib\site-packages\fastapi\encoders.py", line 289, in jsonable_encoder
    encoded_value = jsonable_encoder(
                    ^^^^^^^^^^^^^^^^^
  File "C:\Users\Lenovo\AppData\Local\Programs\Python\Python311\Lib\site-packages\fastapi\encoders.py", line 337, in jsonable_encoder
    return jsonable_encoder(
           ^^^^^^^^^^^^^^^^^
  File "C:\Users\Lenovo\AppData\Local\Programs\Python\Python311\Lib\site-packages\fastapi\encoders.py", line 289, in jsonable_encoder
    encoded_value = jsonable_encoder(
                    ^^^^^^^^^^^^^^^^^
  File "C:\Users\Lenovo\AppData\Local\Programs\Python\Python311\Lib\site-packages\fastapi\encoders.py", line 337, in jsonable_encoder
    return jsonable_encoder(
           ^^^^^^^^^^^^^^^^^
  File "C:\Users\Lenovo\AppData\Local\Programs\Python\Python311\Lib\site-packages\fastapi\encoders.py", line 289, in jsonable_encoder
    encoded_value = jsonable_encoder(
                    ^^^^^^^^^^^^^^^^^
  File "C:\Users\Lenovo\AppData\Local\Programs\Python\Python311\Lib\site-packages\fastapi\encoders.py", line 337, in jsonable_encoder
    return jsonable_encoder(
           ^^^^^^^^^^^^^^^^^
  File "C:\Users\Lenovo\AppData\Local\Programs\Python\Python311\Lib\site-packages\fastapi\encoders.py", line 289, in jsonable_encoder
    encoded_value = jsonable_encoder(
                    ^^^^^^^^^^^^^^^^^
  File "C:\Users\Lenovo\AppData\Local\Programs\Python\Python311\Lib\site-packages\fastapi\encoders.py", line 337, in jsonable_encoder
    return jsonable_encoder(
           ^^^^^^^^^^^^^^^^^
  File "C:\Users\Lenovo\AppData\Local\Programs\Python\Python311\Lib\site-packages\fastapi\encoders.py", line 289, in jsonable_encoder
    encoded_value = jsonable_encoder(
                    ^^^^^^^^^^^^^^^^^
  File "C:\Users\Lenovo\AppData\Local\Programs\Python\Python311\Lib\site-packages\fastapi\encoders.py", line 337, in jsonable_encoder
    return jsonable_encoder(
           ^^^^^^^^^^^^^^^^^
  File "C:\Users\Lenovo\AppData\Local\Programs\Python\Python311\Lib\site-packages\fastapi\encoders.py", line 289, in jsonable_encoder
    encoded_value = jsonable_encoder(
                    ^^^^^^^^^^^^^^^^^
  File "C:\Users\Lenovo\AppData\Local\Programs\Python\Python311\Lib\site-packages\fastapi\encoders.py", line 337, in jsonable_encoder
    return jsonable_encoder(
           ^^^^^^^^^^^^^^^^^
  File "C:\Users\Lenovo\AppData\Local\Programs\Python\Python311\Lib\site-packages\fastapi\encoders.py", line 289, in jsonable_encoder
    encoded_value = jsonable_encoder(
                    ^^^^^^^^^^^^^^^^^
  File "C:\Users\Lenovo\AppData\Local\Programs\Python\Python311\Lib\site-packages\fastapi\encoders.py", line 337, in jsonable_encoder
    return jsonable_encoder(
           ^^^^^^^^^^^^^^^^^
  File "C:\Users\Lenovo\AppData\Local\Programs\Python\Python311\Lib\site-packages\fastapi\encoders.py", line 289, in jsonable_encoder
    encoded_value = jsonable_encoder(
                    ^^^^^^^^^^^^^^^^^
  File "C:\Users\Lenovo\AppData\Local\Programs\Python\Python311\Lib\site-packages\fastapi\encoders.py", line 337, in jsonable_encoder
    return jsonable_encoder(
           ^^^^^^^^^^^^^^^^^
  File "C:\Users\Lenovo\AppData\Local\Programs\Python\Python311\Lib\site-packages\fastapi\encoders.py", line 289, in jsonable_encoder
    encoded_value = jsonable_encoder(
                    ^^^^^^^^^^^^^^^^^
  File "C:\Users\Lenovo\AppData\Local\Programs\Python\Python311\Lib\site-packages\fastapi\encoders.py", line 337, in jsonable_encoder
    return jsonable_encoder(
           ^^^^^^^^^^^^^^^^^
  File "C:\Users\Lenovo\AppData\Local\Programs\Python\Python311\Lib\site-packages\fastapi\encoders.py", line 289, in jsonable_encoder
    encoded_value = jsonable_encoder(
                    ^^^^^^^^^^^^^^^^^
  File "C:\Users\Lenovo\AppData\Local\Programs\Python\Python311\Lib\site-packages\fastapi\encoders.py", line 337, in jsonable_encoder
    return jsonable_encoder(
           ^^^^^^^^^^^^^^^^^
  File "C:\Users\Lenovo\AppData\Local\Programs\Python\Python311\Lib\site-packages\fastapi\encoders.py", line 289, in jsonable_encoder
    encoded_value = jsonable_encoder(
                    ^^^^^^^^^^^^^^^^^
  File "C:\Users\Lenovo\AppData\Local\Programs\Python\Python311\Lib\site-packages\fastapi\encoders.py", line 337, in jsonable_encoder
    return jsonable_encoder(
           ^^^^^^^^^^^^^^^^^
  File "C:\Users\Lenovo\AppData\Local\Programs\Python\Python311\Lib\site-packages\fastapi\encoders.py", line 289, in jsonable_encoder
    encoded_value = jsonable_encoder(
                    ^^^^^^^^^^^^^^^^^
  File "C:\Users\Lenovo\AppData\Local\Programs\Python\Python311\Lib\site-packages\fastapi\encoders.py", line 337, in jsonable_encoder
    return jsonable_encoder(
           ^^^^^^^^^^^^^^^^^
  File "C:\Users\Lenovo\AppData\Local\Programs\Python\Python311\Lib\site-packages\fastapi\encoders.py", line 289, in jsonable_encoder
    encoded_value = jsonable_encoder(
                    ^^^^^^^^^^^^^^^^^
  File "C:\Users\Lenovo\AppData\Local\Programs\Python\Python311\Lib\site-packages\fastapi\encoders.py", line 337, in jsonable_encoder
    return jsonable_encoder(
           ^^^^^^^^^^^^^^^^^
  File "C:\Users\Lenovo\AppData\Local\Programs\Python\Python311\Lib\site-packages\fastapi\encoders.py", line 289, in jsonable_encoder
    encoded_value = jsonable_encoder(
                    ^^^^^^^^^^^^^^^^^
  File "C:\Users\Lenovo\AppData\Local\Programs\Python\Python311\Lib\site-packages\fastapi\encoders.py", line 337, in jsonable_encoder
    return jsonable_encoder(
           ^^^^^^^^^^^^^^^^^
  File "C:\Users\Lenovo\AppData\Local\Programs\Python\Python311\Lib\site-packages\fastapi\encoders.py", line 289, in jsonable_encoder
    encoded_value = jsonable_encoder(
                    ^^^^^^^^^^^^^^^^^
  File "C:\Users\Lenovo\AppData\Local\Programs\Python\Python311\Lib\site-packages\fastapi\encoders.py", line 337, in jsonable_encoder
    return jsonable_encoder(
           ^^^^^^^^^^^^^^^^^
  File "C:\Users\Lenovo\AppData\Local\Programs\Python\Python311\Lib\site-packages\fastapi\encoders.py", line 289, in jsonable_encoder
    encoded_value = jsonable_encoder(
                    ^^^^^^^^^^^^^^^^^
  File "C:\Users\Lenovo\AppData\Local\Programs\Python\Python311\Lib\site-packages\fastapi\encoders.py", line 337, in jsonable_encoder
    return jsonable_encoder(
           ^^^^^^^^^^^^^^^^^
  File "C:\Users\Lenovo\AppData\Local\Programs\Python\Python311\Lib\site-packages\fastapi\encoders.py", line 289, in jsonable_encoder
    encoded_value = jsonable_encoder(
                    ^^^^^^^^^^^^^^^^^
  File "C:\Users\Lenovo\AppData\Local\Programs\Python\Python311\Lib\site-packages\fastapi\encoders.py", line 337, in jsonable_encoder
    return jsonable_encoder(
           ^^^^^^^^^^^^^^^^^
  File "C:\Users\Lenovo\AppData\Local\Programs\Python\Python311\Lib\site-packages\fastapi\encoders.py", line 289, in jsonable_encoder
    encoded_value = jsonable_encoder(
                    ^^^^^^^^^^^^^^^^^
  File "C:\Users\Lenovo\AppData\Local\Programs\Python\Python311\Lib\site-packages\fastapi\encoders.py", line 337, in jsonable_encoder
    return jsonable_encoder(
           ^^^^^^^^^^^^^^^^^
  File "C:\Users\Lenovo\AppData\Local\Programs\Python\Python311\Lib\site-packages\fastapi\encoders.py", line 289, in jsonable_encoder
    encoded_value = jsonable_encoder(
                    ^^^^^^^^^^^^^^^^^
  File "C:\Users\Lenovo\AppData\Local\Programs\Python\Python311\Lib\site-packages\fastapi\encoders.py", line 337, in jsonable_encoder
    return jsonable_encoder(
           ^^^^^^^^^^^^^^^^^
  File "C:\Users\Lenovo\AppData\Local\Programs\Python\Python311\Lib\site-packages\fastapi\encoders.py", line 289, in jsonable_encoder
    encoded_value = jsonable_encoder(
                    ^^^^^^^^^^^^^^^^^
  File "C:\Users\Lenovo\AppData\Local\Programs\Python\Python311\Lib\site-packages\fastapi\encoders.py", line 337, in jsonable_encoder
    return jsonable_encoder(
           ^^^^^^^^^^^^^^^^^
  File "C:\Users\Lenovo\AppData\Local\Programs\Python\Python311\Lib\site-packages\fastapi\encoders.py", line 289, in jsonable_encoder
    encoded_value = jsonable_encoder(
                    ^^^^^^^^^^^^^^^^^
  File "C:\Users\Lenovo\AppData\Local\Programs\Python\Python311\Lib\site-packages\fastapi\encoders.py", line 337, in jsonable_encoder
    return jsonable_encoder(
           ^^^^^^^^^^^^^^^^^
  File "C:\Users\Lenovo\AppData\Local\Programs\Python\Python311\Lib\site-packages\fastapi\encoders.py", line 289, in jsonable_encoder
    encoded_value = jsonable_encoder(
                    ^^^^^^^^^^^^^^^^^
  File "C:\Users\Lenovo\AppData\Local\Programs\Python\Python311\Lib\site-packages\fastapi\encoders.py", line 337, in jsonable_encoder
    return jsonable_encoder(
           ^^^^^^^^^^^^^^^^^
  File "C:\Users\Lenovo\AppData\Local\Programs\Python\Python311\Lib\site-packages\fastapi\encoders.py", line 289, in jsonable_encoder
    encoded_value = jsonable_encoder(
                    ^^^^^^^^^^^^^^^^^
  File "C:\Users\Lenovo\AppData\Local\Programs\Python\Python311\Lib\site-packages\fastapi\encoders.py", line 337, in jsonable_encoder
    return jsonable_encoder(
           ^^^^^^^^^^^^^^^^^
  File "C:\Users\Lenovo\AppData\Local\Programs\Python\Python311\Lib\site-packages\fastapi\encoders.py", line 289, in jsonable_encoder
    encoded_value = jsonable_encoder(
                    ^^^^^^^^^^^^^^^^^
  File "C:\Users\Lenovo\AppData\Local\Programs\Python\Python311\Lib\site-packages\fastapi\encoders.py", line 337, in jsonable_encoder
    return jsonable_encoder(
           ^^^^^^^^^^^^^^^^^
  File "C:\Users\Lenovo\AppData\Local\Programs\Python\Python311\Lib\site-packages\fastapi\encoders.py", line 289, in jsonable_encoder
    encoded_value = jsonable_encoder(
                    ^^^^^^^^^^^^^^^^^
  File "C:\Users\Lenovo\AppData\Local\Programs\Python\Python311\Lib\site-packages\fastapi\encoders.py", line 337, in jsonable_encoder
    return jsonable_encoder(
           ^^^^^^^^^^^^^^^^^
  File "C:\Users\Lenovo\AppData\Local\Programs\Python\Python311\Lib\site-packages\fastapi\encoders.py", line 289, in jsonable_encoder
    encoded_value = jsonable_encoder(
                    ^^^^^^^^^^^^^^^^^
  File "C:\Users\Lenovo\AppData\Local\Programs\Python\Python311\Lib\site-packages\fastapi\encoders.py", line 337, in jsonable_encoder
    return jsonable_encoder(
           ^^^^^^^^^^^^^^^^^
  File "C:\Users\Lenovo\AppData\Local\Programs\Python\Python311\Lib\site-packages\fastapi\encoders.py", line 289, in jsonable_encoder
    encoded_value = jsonable_encoder(
                    ^^^^^^^^^^^^^^^^^
  File "C:\Users\Lenovo\AppData\Local\Programs\Python\Python311\Lib\site-packages\fastapi\encoders.py", line 337, in jsonable_encoder
    return jsonable_encoder(
           ^^^^^^^^^^^^^^^^^
  File "C:\Users\Lenovo\AppData\Local\Programs\Python\Python311\Lib\site-packages\fastapi\encoders.py", line 289, in jsonable_encoder
    encoded_value = jsonable_encoder(
                    ^^^^^^^^^^^^^^^^^
  File "C:\Users\Lenovo\AppData\Local\Programs\Python\Python311\Lib\site-packages\fastapi\encoders.py", line 337, in jsonable_encoder
    return jsonable_encoder(
           ^^^^^^^^^^^^^^^^^
  File "C:\Users\Lenovo\AppData\Local\Programs\Python\Python311\Lib\site-packages\fastapi\encoders.py", line 289, in jsonable_encoder
    encoded_value = jsonable_encoder(
                    ^^^^^^^^^^^^^^^^^
  File "C:\Users\Lenovo\AppData\Local\Programs\Python\Python311\Lib\site-packages\fastapi\encoders.py", line 337, in jsonable_encoder
    return jsonable_encoder(
           ^^^^^^^^^^^^^^^^^
  File "C:\Users\Lenovo\AppData\Local\Programs\Python\Python311\Lib\site-packages\fastapi\encoders.py", line 289, in jsonable_encoder
    encoded_value = jsonable_encoder(
                    ^^^^^^^^^^^^^^^^^
  File "C:\Users\Lenovo\AppData\Local\Programs\Python\Python311\Lib\site-packages\fastapi\encoders.py", line 337, in jsonable_encoder
    return jsonable_encoder(
           ^^^^^^^^^^^^^^^^^
  File "C:\Users\Lenovo\AppData\Local\Programs\Python\Python311\Lib\site-packages\fastapi\encoders.py", line 289, in jsonable_encoder
    encoded_value = jsonable_encoder(
                    ^^^^^^^^^^^^^^^^^
  File "C:\Users\Lenovo\AppData\Local\Programs\Python\Python311\Lib\site-packages\fastapi\encoders.py", line 337, in jsonable_encoder
    return jsonable_encoder(
           ^^^^^^^^^^^^^^^^^
  File "C:\Users\Lenovo\AppData\Local\Programs\Python\Python311\Lib\site-packages\fastapi\encoders.py", line 289, in jsonable_encoder
    encoded_value = jsonable_encoder(
                    ^^^^^^^^^^^^^^^^^
  File "C:\Users\Lenovo\AppData\Local\Programs\Python\Python311\Lib\site-packages\fastapi\encoders.py", line 337, in jsonable_encoder
    return jsonable_encoder(
           ^^^^^^^^^^^^^^^^^
  File "C:\Users\Lenovo\AppData\Local\Programs\Python\Python311\Lib\site-packages\fastapi\encoders.py", line 289, in jsonable_encoder
    encoded_value = jsonable_encoder(
                    ^^^^^^^^^^^^^^^^^
  File "C:\Users\Lenovo\AppData\Local\Programs\Python\Python311\Lib\site-packages\fastapi\encoders.py", line 337, in jsonable_encoder
    return jsonable_encoder(
           ^^^^^^^^^^^^^^^^^
  File "C:\Users\Lenovo\AppData\Local\Programs\Python\Python311\Lib\site-packages\fastapi\encoders.py", line 289, in jsonable_encoder
    encoded_value = jsonable_encoder(
                    ^^^^^^^^^^^^^^^^^
  File "C:\Users\Lenovo\AppData\Local\Programs\Python\Python311\Lib\site-packages\fastapi\encoders.py", line 337, in jsonable_encoder
    return jsonable_encoder(
           ^^^^^^^^^^^^^^^^^
  File "C:\Users\Lenovo\AppData\Local\Programs\Python\Python311\Lib\site-packages\fastapi\encoders.py", line 289, in jsonable_encoder
    encoded_value = jsonable_encoder(
                    ^^^^^^^^^^^^^^^^^
  File "C:\Users\Lenovo\AppData\Local\Programs\Python\Python311\Lib\site-packages\fastapi\encoders.py", line 337, in jsonable_encoder
    return jsonable_encoder(
           ^^^^^^^^^^^^^^^^^
  File "C:\Users\Lenovo\AppData\Local\Programs\Python\Python311\Lib\site-packages\fastapi\encoders.py", line 289, in jsonable_encoder
    encoded_value = jsonable_encoder(
                    ^^^^^^^^^^^^^^^^^
  File "C:\Users\Lenovo\AppData\Local\Programs\Python\Python311\Lib\site-packages\fastapi\encoders.py", line 337, in jsonable_encoder
    return jsonable_encoder(
           ^^^^^^^^^^^^^^^^^
  File "C:\Users\Lenovo\AppData\Local\Programs\Python\Python311\Lib\site-packages\fastapi\encoders.py", line 289, in jsonable_encoder
    encoded_value = jsonable_encoder(
                    ^^^^^^^^^^^^^^^^^
  File "C:\Users\Lenovo\AppData\Local\Programs\Python\Python311\Lib\site-packages\fastapi\encoders.py", line 337, in jsonable_encoder
    return jsonable_encoder(
           ^^^^^^^^^^^^^^^^^
  File "C:\Users\Lenovo\AppData\Local\Programs\Python\Python311\Lib\site-packages\fastapi\encoders.py", line 289, in jsonable_encoder
    encoded_value = jsonable_encoder(
                    ^^^^^^^^^^^^^^^^^
  File "C:\Users\Lenovo\AppData\Local\Programs\Python\Python311\Lib\site-packages\fastapi\encoders.py", line 337, in jsonable_encoder
    return jsonable_encoder(
           ^^^^^^^^^^^^^^^^^
  File "C:\Users\Lenovo\AppData\Local\Programs\Python\Python311\Lib\site-packages\fastapi\encoders.py", line 289, in jsonable_encoder
    encoded_value = jsonable_encoder(
                    ^^^^^^^^^^^^^^^^^
  File "C:\Users\Lenovo\AppData\Local\Programs\Python\Python311\Lib\site-packages\fastapi\encoders.py", line 337, in jsonable_encoder
    return jsonable_encoder(
           ^^^^^^^^^^^^^^^^^
  File "C:\Users\Lenovo\AppData\Local\Programs\Python\Python311\Lib\site-packages\fastapi\encoders.py", line 289, in jsonable_encoder
    encoded_value = jsonable_encoder(
                    ^^^^^^^^^^^^^^^^^
  File "C:\Users\Lenovo\AppData\Local\Programs\Python\Python311\Lib\site-packages\fastapi\encoders.py", line 337, in jsonable_encoder
    return jsonable_encoder(
           ^^^^^^^^^^^^^^^^^
  File "C:\Users\Lenovo\AppData\Local\Programs\Python\Python311\Lib\site-packages\fastapi\encoders.py", line 289, in jsonable_encoder
    encoded_value = jsonable_encoder(
                    ^^^^^^^^^^^^^^^^^
  File "C:\Users\Lenovo\AppData\Local\Programs\Python\Python311\Lib\site-packages\fastapi\encoders.py", line 337, in jsonable_encoder
    return jsonable_encoder(
           ^^^^^^^^^^^^^^^^^
  File "C:\Users\Lenovo\AppData\Local\Programs\Python\Python311\Lib\site-packages\fastapi\encoders.py", line 289, in jsonable_encoder
    encoded_value = jsonable_encoder(
                    ^^^^^^^^^^^^^^^^^
  File "C:\Users\Lenovo\AppData\Local\Programs\Python\Python311\Lib\site-packages\fastapi\encoders.py", line 337, in jsonable_encoder
    return jsonable_encoder(
           ^^^^^^^^^^^^^^^^^
  File "C:\Users\Lenovo\AppData\Local\Programs\Python\Python311\Lib\site-packages\fastapi\encoders.py", line 289, in jsonable_encoder
    encoded_value = jsonable_encoder(
                    ^^^^^^^^^^^^^^^^^
  File "C:\Users\Lenovo\AppData\Local\Programs\Python\Python311\Lib\site-packages\fastapi\encoders.py", line 337, in jsonable_encoder
    return jsonable_encoder(
           ^^^^^^^^^^^^^^^^^
  File "C:\Users\Lenovo\AppData\Local\Programs\Python\Python311\Lib\site-packages\fastapi\encoders.py", line 289, in jsonable_encoder
    encoded_value = jsonable_encoder(
                    ^^^^^^^^^^^^^^^^^
  File "C:\Users\Lenovo\AppData\Local\Programs\Python\Python311\Lib\site-packages\fastapi\encoders.py", line 337, in jsonable_encoder
    return jsonable_encoder(
           ^^^^^^^^^^^^^^^^^
  File "C:\Users\Lenovo\AppData\Local\Programs\Python\Python311\Lib\site-packages\fastapi\encoders.py", line 289, in jsonable_encoder
    encoded_value = jsonable_encoder(
                    ^^^^^^^^^^^^^^^^^
  File "C:\Users\Lenovo\AppData\Local\Programs\Python\Python311\Lib\site-packages\fastapi\encoders.py", line 337, in jsonable_encoder
    return jsonable_encoder(
           ^^^^^^^^^^^^^^^^^
  File "C:\Users\Lenovo\AppData\Local\Programs\Python\Python311\Lib\site-packages\fastapi\encoders.py", line 289, in jsonable_encoder
    encoded_value = jsonable_encoder(
                    ^^^^^^^^^^^^^^^^^
  File "C:\Users\Lenovo\AppData\Local\Programs\Python\Python311\Lib\site-packages\fastapi\encoders.py", line 337, in jsonable_encoder
    return jsonable_encoder(
           ^^^^^^^^^^^^^^^^^
  File "C:\Users\Lenovo\AppData\Local\Programs\Python\Python311\Lib\site-packages\fastapi\encoders.py", line 289, in jsonable_encoder
    encoded_value = jsonable_encoder(
                    ^^^^^^^^^^^^^^^^^
  File "C:\Users\Lenovo\AppData\Local\Programs\Python\Python311\Lib\site-packages\fastapi\encoders.py", line 337, in jsonable_encoder
    return jsonable_encoder(
           ^^^^^^^^^^^^^^^^^
  File "C:\Users\Lenovo\AppData\Local\Programs\Python\Python311\Lib\site-packages\fastapi\encoders.py", line 289, in jsonable_encoder
    encoded_value = jsonable_encoder(
                    ^^^^^^^^^^^^^^^^^
  File "C:\Users\Lenovo\AppData\Local\Programs\Python\Python311\Lib\site-packages\fastapi\encoders.py", line 337, in jsonable_encoder
    return jsonable_encoder(
           ^^^^^^^^^^^^^^^^^
  File "C:\Users\Lenovo\AppData\Local\Programs\Python\Python311\Lib\site-packages\fastapi\encoders.py", line 289, in jsonable_encoder
    encoded_value = jsonable_encoder(
                    ^^^^^^^^^^^^^^^^^
  File "C:\Users\Lenovo\AppData\Local\Programs\Python\Python311\Lib\site-packages\fastapi\encoders.py", line 337, in jsonable_encoder
    return jsonable_encoder(
           ^^^^^^^^^^^^^^^^^
  File "C:\Users\Lenovo\AppData\Local\Programs\Python\Python311\Lib\site-packages\fastapi\encoders.py", line 289, in jsonable_encoder
    encoded_value = jsonable_encoder(
                    ^^^^^^^^^^^^^^^^^
  File "C:\Users\Lenovo\AppData\Local\Programs\Python\Python311\Lib\site-packages\fastapi\encoders.py", line 337, in jsonable_encoder
    return jsonable_encoder(
           ^^^^^^^^^^^^^^^^^
  File "C:\Users\Lenovo\AppData\Local\Programs\Python\Python311\Lib\site-packages\fastapi\encoders.py", line 289, in jsonable_encoder
    encoded_value = jsonable_encoder(
                    ^^^^^^^^^^^^^^^^^
  File "C:\Users\Lenovo\AppData\Local\Programs\Python\Python311\Lib\site-packages\fastapi\encoders.py", line 337, in jsonable_encoder
    return jsonable_encoder(
           ^^^^^^^^^^^^^^^^^
  File "C:\Users\Lenovo\AppData\Local\Programs\Python\Python311\Lib\site-packages\fastapi\encoders.py", line 289, in jsonable_encoder
    encoded_value = jsonable_encoder(
                    ^^^^^^^^^^^^^^^^^
  File "C:\Users\Lenovo\AppData\Local\Programs\Python\Python311\Lib\site-packages\fastapi\encoders.py", line 337, in jsonable_encoder
    return jsonable_encoder(
           ^^^^^^^^^^^^^^^^^
  File "C:\Users\Lenovo\AppData\Local\Programs\Python\Python311\Lib\site-packages\fastapi\encoders.py", line 289, in jsonable_encoder
    encoded_value = jsonable_encoder(
                    ^^^^^^^^^^^^^^^^^
  File "C:\Users\Lenovo\AppData\Local\Programs\Python\Python311\Lib\site-packages\fastapi\encoders.py", line 337, in jsonable_encoder
    return jsonable_encoder(
           ^^^^^^^^^^^^^^^^^
  File "C:\Users\Lenovo\AppData\Local\Programs\Python\Python311\Lib\site-packages\fastapi\encoders.py", line 289, in jsonable_encoder
    encoded_value = jsonable_encoder(
                    ^^^^^^^^^^^^^^^^^
  File "C:\Users\Lenovo\AppData\Local\Programs\Python\Python311\Lib\site-packages\fastapi\encoders.py", line 337, in jsonable_encoder
    return jsonable_encoder(
           ^^^^^^^^^^^^^^^^^
  File "C:\Users\Lenovo\AppData\Local\Programs\Python\Python311\Lib\site-packages\fastapi\encoders.py", line 289, in jsonable_encoder
    encoded_value = jsonable_encoder(
                    ^^^^^^^^^^^^^^^^^
  File "C:\Users\Lenovo\AppData\Local\Programs\Python\Python311\Lib\site-packages\fastapi\encoders.py", line 337, in jsonable_encoder
    return jsonable_encoder(
           ^^^^^^^^^^^^^^^^^
  File "C:\Users\Lenovo\AppData\Local\Programs\Python\Python311\Lib\site-packages\fastapi\encoders.py", line 289, in jsonable_encoder
    encoded_value = jsonable_encoder(
                    ^^^^^^^^^^^^^^^^^
  File "C:\Users\Lenovo\AppData\Local\Programs\Python\Python311\Lib\site-packages\fastapi\encoders.py", line 337, in jsonable_encoder
    return jsonable_encoder(
           ^^^^^^^^^^^^^^^^^
  File "C:\Users\Lenovo\AppData\Local\Programs\Python\Python311\Lib\site-packages\fastapi\encoders.py", line 289, in jsonable_encoder
    encoded_value = jsonable_encoder(
                    ^^^^^^^^^^^^^^^^^
  File "C:\Users\Lenovo\AppData\Local\Programs\Python\Python311\Lib\site-packages\fastapi\encoders.py", line 337, in jsonable_encoder
    return jsonable_encoder(
           ^^^^^^^^^^^^^^^^^
  File "C:\Users\Lenovo\AppData\Local\Programs\Python\Python311\Lib\site-packages\fastapi\encoders.py", line 289, in jsonable_encoder
    encoded_value = jsonable_encoder(
                    ^^^^^^^^^^^^^^^^^
  File "C:\Users\Lenovo\AppData\Local\Programs\Python\Python311\Lib\site-packages\fastapi\encoders.py", line 337, in jsonable_encoder
    return jsonable_encoder(
           ^^^^^^^^^^^^^^^^^
  File "C:\Users\Lenovo\AppData\Local\Programs\Python\Python311\Lib\site-packages\fastapi\encoders.py", line 289, in jsonable_encoder
    encoded_value = jsonable_encoder(
                    ^^^^^^^^^^^^^^^^^
  File "C:\Users\Lenovo\AppData\Local\Programs\Python\Python311\Lib\site-packages\fastapi\encoders.py", line 337, in jsonable_encoder
    return jsonable_encoder(
           ^^^^^^^^^^^^^^^^^
  File "C:\Users\Lenovo\AppData\Local\Programs\Python\Python311\Lib\site-packages\fastapi\encoders.py", line 289, in jsonable_encoder
    encoded_value = jsonable_encoder(
                    ^^^^^^^^^^^^^^^^^
  File "C:\Users\Lenovo\AppData\Local\Programs\Python\Python311\Lib\site-packages\fastapi\encoders.py", line 337, in jsonable_encoder
    return jsonable_encoder(
           ^^^^^^^^^^^^^^^^^
  File "C:\Users\Lenovo\AppData\Local\Programs\Python\Python311\Lib\site-packages\fastapi\encoders.py", line 289, in jsonable_encoder
    encoded_value = jsonable_encoder(
                    ^^^^^^^^^^^^^^^^^
  File "C:\Users\Lenovo\AppData\Local\Programs\Python\Python311\Lib\site-packages\fastapi\encoders.py", line 337, in jsonable_encoder
    return jsonable_encoder(
           ^^^^^^^^^^^^^^^^^
  File "C:\Users\Lenovo\AppData\Local\Programs\Python\Python311\Lib\site-packages\fastapi\encoders.py", line 289, in jsonable_encoder
    encoded_value = jsonable_encoder(
                    ^^^^^^^^^^^^^^^^^
  File "C:\Users\Lenovo\AppData\Local\Programs\Python\Python311\Lib\site-packages\fastapi\encoders.py", line 337, in jsonable_encoder
    return jsonable_encoder(
           ^^^^^^^^^^^^^^^^^
  File "C:\Users\Lenovo\AppData\Local\Programs\Python\Python311\Lib\site-packages\fastapi\encoders.py", line 289, in jsonable_encoder
    encoded_value = jsonable_encoder(
                    ^^^^^^^^^^^^^^^^^
  File "C:\Users\Lenovo\AppData\Local\Programs\Python\Python311\Lib\site-packages\fastapi\encoders.py", line 337, in jsonable_encoder
    return jsonable_encoder(
           ^^^^^^^^^^^^^^^^^
  File "C:\Users\Lenovo\AppData\Local\Programs\Python\Python311\Lib\site-packages\fastapi\encoders.py", line 289, in jsonable_encoder
    encoded_value = jsonable_encoder(
                    ^^^^^^^^^^^^^^^^^
  File "C:\Users\Lenovo\AppData\Local\Programs\Python\Python311\Lib\site-packages\fastapi\encoders.py", line 337, in jsonable_encoder
    return jsonable_encoder(
           ^^^^^^^^^^^^^^^^^
  File "C:\Users\Lenovo\AppData\Local\Programs\Python\Python311\Lib\site-packages\fastapi\encoders.py", line 289, in jsonable_encoder
    encoded_value = jsonable_encoder(
                    ^^^^^^^^^^^^^^^^^
  File "C:\Users\Lenovo\AppData\Local\Programs\Python\Python311\Lib\site-packages\fastapi\encoders.py", line 337, in jsonable_encoder
    return jsonable_encoder(
           ^^^^^^^^^^^^^^^^^
  File "C:\Users\Lenovo\AppData\Local\Programs\Python\Python311\Lib\site-packages\fastapi\encoders.py", line 289, in jsonable_encoder
    encoded_value = jsonable_encoder(
                    ^^^^^^^^^^^^^^^^^
  File "C:\Users\Lenovo\AppData\Local\Programs\Python\Python311\Lib\site-packages\fastapi\encoders.py", line 337, in jsonable_encoder
    return jsonable_encoder(
           ^^^^^^^^^^^^^^^^^
  File "C:\Users\Lenovo\AppData\Local\Programs\Python\Python311\Lib\site-packages\fastapi\encoders.py", line 289, in jsonable_encoder
    encoded_value = jsonable_encoder(
                    ^^^^^^^^^^^^^^^^^
  File "C:\Users\Lenovo\AppData\Local\Programs\Python\Python311\Lib\site-packages\fastapi\encoders.py", line 337, in jsonable_encoder
    return jsonable_encoder(
           ^^^^^^^^^^^^^^^^^
  File "C:\Users\Lenovo\AppData\Local\Programs\Python\Python311\Lib\site-packages\fastapi\encoders.py", line 289, in jsonable_encoder
    encoded_value = jsonable_encoder(
                    ^^^^^^^^^^^^^^^^^
  File "C:\Users\Lenovo\AppData\Local\Programs\Python\Python311\Lib\site-packages\fastapi\encoders.py", line 337, in jsonable_encoder
    return jsonable_encoder(
           ^^^^^^^^^^^^^^^^^
  File "C:\Users\Lenovo\AppData\Local\Programs\Python\Python311\Lib\site-packages\fastapi\encoders.py", line 289, in jsonable_encoder
    encoded_value = jsonable_encoder(
                    ^^^^^^^^^^^^^^^^^
  File "C:\Users\Lenovo\AppData\Local\Programs\Python\Python311\Lib\site-packages\fastapi\encoders.py", line 337, in jsonable_encoder
    return jsonable_encoder(
           ^^^^^^^^^^^^^^^^^
  File "C:\Users\Lenovo\AppData\Local\Programs\Python\Python311\Lib\site-packages\fastapi\encoders.py", line 289, in jsonable_encoder
    encoded_value = jsonable_encoder(
                    ^^^^^^^^^^^^^^^^^
  File "C:\Users\Lenovo\AppData\Local\Programs\Python\Python311\Lib\site-packages\fastapi\encoders.py", line 337, in jsonable_encoder
    return jsonable_encoder(
           ^^^^^^^^^^^^^^^^^
  File "C:\Users\Lenovo\AppData\Local\Programs\Python\Python311\Lib\site-packages\fastapi\encoders.py", line 289, in jsonable_encoder
    encoded_value = jsonable_encoder(
                    ^^^^^^^^^^^^^^^^^
  File "C:\Users\Lenovo\AppData\Local\Programs\Python\Python311\Lib\site-packages\fastapi\encoders.py", line 337, in jsonable_encoder
    return jsonable_encoder(
           ^^^^^^^^^^^^^^^^^
  File "C:\Users\Lenovo\AppData\Local\Programs\Python\Python311\Lib\site-packages\fastapi\encoders.py", line 289, in jsonable_encoder
    encoded_value = jsonable_encoder(
                    ^^^^^^^^^^^^^^^^^
  File "C:\Users\Lenovo\AppData\Local\Programs\Python\Python311\Lib\site-packages\fastapi\encoders.py", line 337, in jsonable_encoder
    return jsonable_encoder(
           ^^^^^^^^^^^^^^^^^
  File "C:\Users\Lenovo\AppData\Local\Programs\Python\Python311\Lib\site-packages\fastapi\encoders.py", line 289, in jsonable_encoder
    encoded_value = jsonable_encoder(
                    ^^^^^^^^^^^^^^^^^
  File "C:\Users\Lenovo\AppData\Local\Programs\Python\Python311\Lib\site-packages\fastapi\encoders.py", line 337, in jsonable_encoder
    return jsonable_encoder(
           ^^^^^^^^^^^^^^^^^
  File "C:\Users\Lenovo\AppData\Local\Programs\Python\Python311\Lib\site-packages\fastapi\encoders.py", line 289, in jsonable_encoder
    encoded_value = jsonable_encoder(
                    ^^^^^^^^^^^^^^^^^
  File "C:\Users\Lenovo\AppData\Local\Programs\Python\Python311\Lib\site-packages\fastapi\encoders.py", line 337, in jsonable_encoder
    return jsonable_encoder(
           ^^^^^^^^^^^^^^^^^
  File "C:\Users\Lenovo\AppData\Local\Programs\Python\Python311\Lib\site-packages\fastapi\encoders.py", line 289, in jsonable_encoder
    encoded_value = jsonable_encoder(
                    ^^^^^^^^^^^^^^^^^
  File "C:\Users\Lenovo\AppData\Local\Programs\Python\Python311\Lib\site-packages\fastapi\encoders.py", line 337, in jsonable_encoder
    return jsonable_encoder(
           ^^^^^^^^^^^^^^^^^
  File "C:\Users\Lenovo\AppData\Local\Programs\Python\Python311\Lib\site-packages\fastapi\encoders.py", line 289, in jsonable_encoder
    encoded_value = jsonable_encoder(
                    ^^^^^^^^^^^^^^^^^
  File "C:\Users\Lenovo\AppData\Local\Programs\Python\Python311\Lib\site-packages\fastapi\encoders.py", line 337, in jsonable_encoder
    return jsonable_encoder(
           ^^^^^^^^^^^^^^^^^
  File "C:\Users\Lenovo\AppData\Local\Programs\Python\Python311\Lib\site-packages\fastapi\encoders.py", line 289, in jsonable_encoder
    encoded_value = jsonable_encoder(
                    ^^^^^^^^^^^^^^^^^
  File "C:\Users\Lenovo\AppData\Local\Programs\Python\Python311\Lib\site-packages\fastapi\encoders.py", line 337, in jsonable_encoder
    return jsonable_encoder(
           ^^^^^^^^^^^^^^^^^
  File "C:\Users\Lenovo\AppData\Local\Programs\Python\Python311\Lib\site-packages\fastapi\encoders.py", line 289, in jsonable_encoder
    encoded_value = jsonable_encoder(
                    ^^^^^^^^^^^^^^^^^
  File "C:\Users\Lenovo\AppData\Local\Programs\Python\Python311\Lib\site-packages\fastapi\encoders.py", line 337, in jsonable_encoder
    return jsonable_encoder(
           ^^^^^^^^^^^^^^^^^
  File "C:\Users\Lenovo\AppData\Local\Programs\Python\Python311\Lib\site-packages\fastapi\encoders.py", line 289, in jsonable_encoder
    encoded_value = jsonable_encoder(
                    ^^^^^^^^^^^^^^^^^
  File "C:\Users\Lenovo\AppData\Local\Programs\Python\Python311\Lib\site-packages\fastapi\encoders.py", line 337, in jsonable_encoder
    return jsonable_encoder(
           ^^^^^^^^^^^^^^^^^
  File "C:\Users\Lenovo\AppData\Local\Programs\Python\Python311\Lib\site-packages\fastapi\encoders.py", line 289, in jsonable_encoder
    encoded_value = jsonable_encoder(
                    ^^^^^^^^^^^^^^^^^
  File "C:\Users\Lenovo\AppData\Local\Programs\Python\Python311\Lib\site-packages\fastapi\encoders.py", line 337, in jsonable_encoder
    return jsonable_encoder(
           ^^^^^^^^^^^^^^^^^
  File "C:\Users\Lenovo\AppData\Local\Programs\Python\Python311\Lib\site-packages\fastapi\encoders.py", line 289, in jsonable_encoder
    encoded_value = jsonable_encoder(
                    ^^^^^^^^^^^^^^^^^
  File "C:\Users\Lenovo\AppData\Local\Programs\Python\Python311\Lib\site-packages\fastapi\encoders.py", line 337, in jsonable_encoder
    return jsonable_encoder(
           ^^^^^^^^^^^^^^^^^
  File "C:\Users\Lenovo\AppData\Local\Programs\Python\Python311\Lib\site-packages\fastapi\encoders.py", line 289, in jsonable_encoder
    encoded_value = jsonable_encoder(
                    ^^^^^^^^^^^^^^^^^
  File "C:\Users\Lenovo\AppData\Local\Programs\Python\Python311\Lib\site-packages\fastapi\encoders.py", line 337, in jsonable_encoder
    return jsonable_encoder(
           ^^^^^^^^^^^^^^^^^
  File "C:\Users\Lenovo\AppData\Local\Programs\Python\Python311\Lib\site-packages\fastapi\encoders.py", line 289, in jsonable_encoder
    encoded_value = jsonable_encoder(
                    ^^^^^^^^^^^^^^^^^
  File "C:\Users\Lenovo\AppData\Local\Programs\Python\Python311\Lib\site-packages\fastapi\encoders.py", line 337, in jsonable_encoder
    return jsonable_encoder(
           ^^^^^^^^^^^^^^^^^
  File "C:\Users\Lenovo\AppData\Local\Programs\Python\Python311\Lib\site-packages\fastapi\encoders.py", line 289, in jsonable_encoder
    encoded_value = jsonable_encoder(
                    ^^^^^^^^^^^^^^^^^
  File "C:\Users\Lenovo\AppData\Local\Programs\Python\Python311\Lib\site-packages\fastapi\encoders.py", line 337, in jsonable_encoder
    return jsonable_encoder(
           ^^^^^^^^^^^^^^^^^
  File "C:\Users\Lenovo\AppData\Local\Programs\Python\Python311\Lib\site-packages\fastapi\encoders.py", line 289, in jsonable_encoder
    encoded_value = jsonable_encoder(
                    ^^^^^^^^^^^^^^^^^
  File "C:\Users\Lenovo\AppData\Local\Programs\Python\Python311\Lib\site-packages\fastapi\encoders.py", line 337, in jsonable_encoder
    return jsonable_encoder(
           ^^^^^^^^^^^^^^^^^
  File "C:\Users\Lenovo\AppData\Local\Programs\Python\Python311\Lib\site-packages\fastapi\encoders.py", line 289, in jsonable_encoder
    encoded_value = jsonable_encoder(
                    ^^^^^^^^^^^^^^^^^
  File "C:\Users\Lenovo\AppData\Local\Programs\Python\Python311\Lib\site-packages\fastapi\encoders.py", line 337, in jsonable_encoder
    return jsonable_encoder(
           ^^^^^^^^^^^^^^^^^
  File "C:\Users\Lenovo\AppData\Local\Programs\Python\Python311\Lib\site-packages\fastapi\encoders.py", line 289, in jsonable_encoder
    encoded_value = jsonable_encoder(
                    ^^^^^^^^^^^^^^^^^
  File "C:\Users\Lenovo\AppData\Local\Programs\Python\Python311\Lib\site-packages\fastapi\encoders.py", line 337, in jsonable_encoder
    return jsonable_encoder(
           ^^^^^^^^^^^^^^^^^
  File "C:\Users\Lenovo\AppData\Local\Programs\Python\Python311\Lib\site-packages\fastapi\encoders.py", line 289, in jsonable_encoder
    encoded_value = jsonable_encoder(
                    ^^^^^^^^^^^^^^^^^
  File "C:\Users\Lenovo\AppData\Local\Programs\Python\Python311\Lib\site-packages\fastapi\encoders.py", line 337, in jsonable_encoder
    return jsonable_encoder(
           ^^^^^^^^^^^^^^^^^
  File "C:\Users\Lenovo\AppData\Local\Programs\Python\Python311\Lib\site-packages\fastapi\encoders.py", line 289, in jsonable_encoder
    encoded_value = jsonable_encoder(
                    ^^^^^^^^^^^^^^^^^
  File "C:\Users\Lenovo\AppData\Local\Programs\Python\Python311\Lib\site-packages\fastapi\encoders.py", line 337, in jsonable_encoder
    return jsonable_encoder(
           ^^^^^^^^^^^^^^^^^
  File "C:\Users\Lenovo\AppData\Local\Programs\Python\Python311\Lib\site-packages\fastapi\encoders.py", line 289, in jsonable_encoder
    encoded_value = jsonable_encoder(
                    ^^^^^^^^^^^^^^^^^
  File "C:\Users\Lenovo\AppData\Local\Programs\Python\Python311\Lib\site-packages\fastapi\encoders.py", line 337, in jsonable_encoder
    return jsonable_encoder(
           ^^^^^^^^^^^^^^^^^
  File "C:\Users\Lenovo\AppData\Local\Programs\Python\Python311\Lib\site-packages\fastapi\encoders.py", line 289, in jsonable_encoder
    encoded_value = jsonable_encoder(
                    ^^^^^^^^^^^^^^^^^
  File "C:\Users\Lenovo\AppData\Local\Programs\Python\Python311\Lib\site-packages\fastapi\encoders.py", line 337, in jsonable_encoder
    return jsonable_encoder(
           ^^^^^^^^^^^^^^^^^
  File "C:\Users\Lenovo\AppData\Local\Programs\Python\Python311\Lib\site-packages\fastapi\encoders.py", line 289, in jsonable_encoder
    encoded_value = jsonable_encoder(
                    ^^^^^^^^^^^^^^^^^
  File "C:\Users\Lenovo\AppData\Local\Programs\Python\Python311\Lib\site-packages\fastapi\encoders.py", line 337, in jsonable_encoder
    return jsonable_encoder(
           ^^^^^^^^^^^^^^^^^
  File "C:\Users\Lenovo\AppData\Local\Programs\Python\Python311\Lib\site-packages\fastapi\encoders.py", line 289, in jsonable_encoder
    encoded_value = jsonable_encoder(
                    ^^^^^^^^^^^^^^^^^
  File "C:\Users\Lenovo\AppData\Local\Programs\Python\Python311\Lib\site-packages\fastapi\encoders.py", line 337, in jsonable_encoder
    return jsonable_encoder(
           ^^^^^^^^^^^^^^^^^
  File "C:\Users\Lenovo\AppData\Local\Programs\Python\Python311\Lib\site-packages\fastapi\encoders.py", line 289, in jsonable_encoder
    encoded_value = jsonable_encoder(
                    ^^^^^^^^^^^^^^^^^
  File "C:\Users\Lenovo\AppData\Local\Programs\Python\Python311\Lib\site-packages\fastapi\encoders.py", line 337, in jsonable_encoder
    return jsonable_encoder(
           ^^^^^^^^^^^^^^^^^
  File "C:\Users\Lenovo\AppData\Local\Programs\Python\Python311\Lib\site-packages\fastapi\encoders.py", line 289, in jsonable_encoder
    encoded_value = jsonable_encoder(
                    ^^^^^^^^^^^^^^^^^
  File "C:\Users\Lenovo\AppData\Local\Programs\Python\Python311\Lib\site-packages\fastapi\encoders.py", line 337, in jsonable_encoder
    return jsonable_encoder(
           ^^^^^^^^^^^^^^^^^
  File "C:\Users\Lenovo\AppData\Local\Programs\Python\Python311\Lib\site-packages\fastapi\encoders.py", line 289, in jsonable_encoder
    encoded_value = jsonable_encoder(
                    ^^^^^^^^^^^^^^^^^
  File "C:\Users\Lenovo\AppData\Local\Programs\Python\Python311\Lib\site-packages\fastapi\encoders.py", line 337, in jsonable_encoder
    return jsonable_encoder(
           ^^^^^^^^^^^^^^^^^
  File "C:\Users\Lenovo\AppData\Local\Programs\Python\Python311\Lib\site-packages\fastapi\encoders.py", line 289, in jsonable_encoder
    encoded_value = jsonable_encoder(
                    ^^^^^^^^^^^^^^^^^
  File "C:\Users\Lenovo\AppData\Local\Programs\Python\Python311\Lib\site-packages\fastapi\encoders.py", line 337, in jsonable_encoder
    return jsonable_encoder(
           ^^^^^^^^^^^^^^^^^
  File "C:\Users\Lenovo\AppData\Local\Programs\Python\Python311\Lib\site-packages\fastapi\encoders.py", line 289, in jsonable_encoder
    encoded_value = jsonable_encoder(
                    ^^^^^^^^^^^^^^^^^
  File "C:\Users\Lenovo\AppData\Local\Programs\Python\Python311\Lib\site-packages\fastapi\encoders.py", line 337, in jsonable_encoder
    return jsonable_encoder(
           ^^^^^^^^^^^^^^^^^
  File "C:\Users\Lenovo\AppData\Local\Programs\Python\Python311\Lib\site-packages\fastapi\encoders.py", line 289, in jsonable_encoder
    encoded_value = jsonable_encoder(
                    ^^^^^^^^^^^^^^^^^
  File "C:\Users\Lenovo\AppData\Local\Programs\Python\Python311\Lib\site-packages\fastapi\encoders.py", line 337, in jsonable_encoder
    return jsonable_encoder(
           ^^^^^^^^^^^^^^^^^
  File "C:\Users\Lenovo\AppData\Local\Programs\Python\Python311\Lib\site-packages\fastapi\encoders.py", line 289, in jsonable_encoder
    encoded_value = jsonable_encoder(
                    ^^^^^^^^^^^^^^^^^
  File "C:\Users\Lenovo\AppData\Local\Programs\Python\Python311\Lib\site-packages\fastapi\encoders.py", line 337, in jsonable_encoder
    return jsonable_encoder(
           ^^^^^^^^^^^^^^^^^
  File "C:\Users\Lenovo\AppData\Local\Programs\Python\Python311\Lib\site-packages\fastapi\encoders.py", line 289, in jsonable_encoder
    encoded_value = jsonable_encoder(
                    ^^^^^^^^^^^^^^^^^
  File "C:\Users\Lenovo\AppData\Local\Programs\Python\Python311\Lib\site-packages\fastapi\encoders.py", line 337, in jsonable_encoder
    return jsonable_encoder(
           ^^^^^^^^^^^^^^^^^
  File "C:\Users\Lenovo\AppData\Local\Programs\Python\Python311\Lib\site-packages\fastapi\encoders.py", line 289, in jsonable_encoder
    encoded_value = jsonable_encoder(
                    ^^^^^^^^^^^^^^^^^
  File "C:\Users\Lenovo\AppData\Local\Programs\Python\Python311\Lib\site-packages\fastapi\encoders.py", line 337, in jsonable_encoder
    return jsonable_encoder(
           ^^^^^^^^^^^^^^^^^
  File "C:\Users\Lenovo\AppData\Local\Programs\Python\Python311\Lib\site-packages\fastapi\encoders.py", line 289, in jsonable_encoder
    encoded_value = jsonable_encoder(
                    ^^^^^^^^^^^^^^^^^
  File "C:\Users\Lenovo\AppData\Local\Programs\Python\Python311\Lib\site-packages\fastapi\encoders.py", line 337, in jsonable_encoder
    return jsonable_encoder(
           ^^^^^^^^^^^^^^^^^
  File "C:\Users\Lenovo\AppData\Local\Programs\Python\Python311\Lib\site-packages\fastapi\encoders.py", line 289, in jsonable_encoder
    encoded_value = jsonable_encoder(
                    ^^^^^^^^^^^^^^^^^
  File "C:\Users\Lenovo\AppData\Local\Programs\Python\Python311\Lib\site-packages\fastapi\encoders.py", line 337, in jsonable_encoder
    return jsonable_encoder(
           ^^^^^^^^^^^^^^^^^
  File "C:\Users\Lenovo\AppData\Local\Programs\Python\Python311\Lib\site-packages\fastapi\encoders.py", line 289, in jsonable_encoder
    encoded_value = jsonable_encoder(
                    ^^^^^^^^^^^^^^^^^
  File "C:\Users\Lenovo\AppData\Local\Programs\Python\Python311\Lib\site-packages\fastapi\encoders.py", line 337, in jsonable_encoder
    return jsonable_encoder(
           ^^^^^^^^^^^^^^^^^
  File "C:\Users\Lenovo\AppData\Local\Programs\Python\Python311\Lib\site-packages\fastapi\encoders.py", line 289, in jsonable_encoder
    encoded_value = jsonable_encoder(
                    ^^^^^^^^^^^^^^^^^
  File "C:\Users\Lenovo\AppData\Local\Programs\Python\Python311\Lib\site-packages\fastapi\encoders.py", line 337, in jsonable_encoder
    return jsonable_encoder(
           ^^^^^^^^^^^^^^^^^
  File "C:\Users\Lenovo\AppData\Local\Programs\Python\Python311\Lib\site-packages\fastapi\encoders.py", line 289, in jsonable_encoder
    encoded_value = jsonable_encoder(
                    ^^^^^^^^^^^^^^^^^
  File "C:\Users\Lenovo\AppData\Local\Programs\Python\Python311\Lib\site-packages\fastapi\encoders.py", line 337, in jsonable_encoder
    return jsonable_encoder(
           ^^^^^^^^^^^^^^^^^
  File "C:\Users\Lenovo\AppData\Local\Programs\Python\Python311\Lib\site-packages\fastapi\encoders.py", line 289, in jsonable_encoder
    encoded_value = jsonable_encoder(
                    ^^^^^^^^^^^^^^^^^
  File "C:\Users\Lenovo\AppData\Local\Programs\Python\Python311\Lib\site-packages\fastapi\encoders.py", line 337, in jsonable_encoder
    return jsonable_encoder(
           ^^^^^^^^^^^^^^^^^
  File "C:\Users\Lenovo\AppData\Local\Programs\Python\Python311\Lib\site-packages\fastapi\encoders.py", line 289, in jsonable_encoder
    encoded_value = jsonable_encoder(
                    ^^^^^^^^^^^^^^^^^
  File "C:\Users\Lenovo\AppData\Local\Programs\Python\Python311\Lib\site-packages\fastapi\encoders.py", line 337, in jsonable_encoder
    return jsonable_encoder(
           ^^^^^^^^^^^^^^^^^
  File "C:\Users\Lenovo\AppData\Local\Programs\Python\Python311\Lib\site-packages\fastapi\encoders.py", line 289, in jsonable_encoder
    encoded_value = jsonable_encoder(
                    ^^^^^^^^^^^^^^^^^
  File "C:\Users\Lenovo\AppData\Local\Programs\Python\Python311\Lib\site-packages\fastapi\encoders.py", line 337, in jsonable_encoder
    return jsonable_encoder(
           ^^^^^^^^^^^^^^^^^
  File "C:\Users\Lenovo\AppData\Local\Programs\Python\Python311\Lib\site-packages\fastapi\encoders.py", line 289, in jsonable_encoder
    encoded_value = jsonable_encoder(
                    ^^^^^^^^^^^^^^^^^
  File "C:\Users\Lenovo\AppData\Local\Programs\Python\Python311\Lib\site-packages\fastapi\encoders.py", line 337, in jsonable_encoder
    return jsonable_encoder(
           ^^^^^^^^^^^^^^^^^
  File "C:\Users\Lenovo\AppData\Local\Programs\Python\Python311\Lib\site-packages\fastapi\encoders.py", line 289, in jsonable_encoder
    encoded_value = jsonable_encoder(
                    ^^^^^^^^^^^^^^^^^
  File "C:\Users\Lenovo\AppData\Local\Programs\Python\Python311\Lib\site-packages\fastapi\encoders.py", line 337, in jsonable_encoder
    return jsonable_encoder(
           ^^^^^^^^^^^^^^^^^
  File "C:\Users\Lenovo\AppData\Local\Programs\Python\Python311\Lib\site-packages\fastapi\encoders.py", line 289, in jsonable_encoder
    encoded_value = jsonable_encoder(
                    ^^^^^^^^^^^^^^^^^
  File "C:\Users\Lenovo\AppData\Local\Programs\Python\Python311\Lib\site-packages\fastapi\encoders.py", line 337, in jsonable_encoder
    return jsonable_encoder(
           ^^^^^^^^^^^^^^^^^
  File "C:\Users\Lenovo\AppData\Local\Programs\Python\Python311\Lib\site-packages\fastapi\encoders.py", line 289, in jsonable_encoder
    encoded_value = jsonable_encoder(
                    ^^^^^^^^^^^^^^^^^
  File "C:\Users\Lenovo\AppData\Local\Programs\Python\Python311\Lib\site-packages\fastapi\encoders.py", line 337, in jsonable_encoder
    return jsonable_encoder(
           ^^^^^^^^^^^^^^^^^
  File "C:\Users\Lenovo\AppData\Local\Programs\Python\Python311\Lib\site-packages\fastapi\encoders.py", line 289, in jsonable_encoder
    encoded_value = jsonable_encoder(
                    ^^^^^^^^^^^^^^^^^
  File "C:\Users\Lenovo\AppData\Local\Programs\Python\Python311\Lib\site-packages\fastapi\encoders.py", line 337, in jsonable_encoder
    return jsonable_encoder(
           ^^^^^^^^^^^^^^^^^
  File "C:\Users\Lenovo\AppData\Local\Programs\Python\Python311\Lib\site-packages\fastapi\encoders.py", line 289, in jsonable_encoder
    encoded_value = jsonable_encoder(
                    ^^^^^^^^^^^^^^^^^
  File "C:\Users\Lenovo\AppData\Local\Programs\Python\Python311\Lib\site-packages\fastapi\encoders.py", line 337, in jsonable_encoder
    return jsonable_encoder(
           ^^^^^^^^^^^^^^^^^
  File "C:\Users\Lenovo\AppData\Local\Programs\Python\Python311\Lib\site-packages\fastapi\encoders.py", line 289, in jsonable_encoder
    encoded_value = jsonable_encoder(
                    ^^^^^^^^^^^^^^^^^
  File "C:\Users\Lenovo\AppData\Local\Programs\Python\Python311\Lib\site-packages\fastapi\encoders.py", line 337, in jsonable_encoder
    return jsonable_encoder(
           ^^^^^^^^^^^^^^^^^
  File "C:\Users\Lenovo\AppData\Local\Programs\Python\Python311\Lib\site-packages\fastapi\encoders.py", line 289, in jsonable_encoder
    encoded_value = jsonable_encoder(
                    ^^^^^^^^^^^^^^^^^
  File "C:\Users\Lenovo\AppData\Local\Programs\Python\Python311\Lib\site-packages\fastapi\encoders.py", line 337, in jsonable_encoder
    return jsonable_encoder(
           ^^^^^^^^^^^^^^^^^
  File "C:\Users\Lenovo\AppData\Local\Programs\Python\Python311\Lib\site-packages\fastapi\encoders.py", line 289, in jsonable_encoder
    encoded_value = jsonable_encoder(
                    ^^^^^^^^^^^^^^^^^
  File "C:\Users\Lenovo\AppData\Local\Programs\Python\Python311\Lib\site-packages\fastapi\encoders.py", line 337, in jsonable_encoder
    return jsonable_encoder(
           ^^^^^^^^^^^^^^^^^
  File "C:\Users\Lenovo\AppData\Local\Programs\Python\Python311\Lib\site-packages\fastapi\encoders.py", line 289, in jsonable_encoder
    encoded_value = jsonable_encoder(
                    ^^^^^^^^^^^^^^^^^
  File "C:\Users\Lenovo\AppData\Local\Programs\Python\Python311\Lib\site-packages\fastapi\encoders.py", line 337, in jsonable_encoder
    return jsonable_encoder(
           ^^^^^^^^^^^^^^^^^
  File "C:\Users\Lenovo\AppData\Local\Programs\Python\Python311\Lib\site-packages\fastapi\encoders.py", line 289, in jsonable_encoder
    encoded_value = jsonable_encoder(
                    ^^^^^^^^^^^^^^^^^
  File "C:\Users\Lenovo\AppData\Local\Programs\Python\Python311\Lib\site-packages\fastapi\encoders.py", line 337, in jsonable_encoder
    return jsonable_encoder(
           ^^^^^^^^^^^^^^^^^
  File "C:\Users\Lenovo\AppData\Local\Programs\Python\Python311\Lib\site-packages\fastapi\encoders.py", line 289, in jsonable_encoder
    encoded_value = jsonable_encoder(
                    ^^^^^^^^^^^^^^^^^
  File "C:\Users\Lenovo\AppData\Local\Programs\Python\Python311\Lib\site-packages\fastapi\encoders.py", line 337, in jsonable_encoder
    return jsonable_encoder(
           ^^^^^^^^^^^^^^^^^
  File "C:\Users\Lenovo\AppData\Local\Programs\Python\Python311\Lib\site-packages\fastapi\encoders.py", line 289, in jsonable_encoder
    encoded_value = jsonable_encoder(
                    ^^^^^^^^^^^^^^^^^
  File "C:\Users\Lenovo\AppData\Local\Programs\Python\Python311\Lib\site-packages\fastapi\encoders.py", line 337, in jsonable_encoder
    return jsonable_encoder(
           ^^^^^^^^^^^^^^^^^
  File "C:\Users\Lenovo\AppData\Local\Programs\Python\Python311\Lib\site-packages\fastapi\encoders.py", line 289, in jsonable_encoder
    encoded_value = jsonable_encoder(
                    ^^^^^^^^^^^^^^^^^
  File "C:\Users\Lenovo\AppData\Local\Programs\Python\Python311\Lib\site-packages\fastapi\encoders.py", line 337, in jsonable_encoder
    return jsonable_encoder(
           ^^^^^^^^^^^^^^^^^
  File "C:\Users\Lenovo\AppData\Local\Programs\Python\Python311\Lib\site-packages\fastapi\encoders.py", line 289, in jsonable_encoder
    encoded_value = jsonable_encoder(
                    ^^^^^^^^^^^^^^^^^
  File "C:\Users\Lenovo\AppData\Local\Programs\Python\Python311\Lib\site-packages\fastapi\encoders.py", line 337, in jsonable_encoder
    return jsonable_encoder(
           ^^^^^^^^^^^^^^^^^
  File "C:\Users\Lenovo\AppData\Local\Programs\Python\Python311\Lib\site-packages\fastapi\encoders.py", line 289, in jsonable_encoder
    encoded_value = jsonable_encoder(
                    ^^^^^^^^^^^^^^^^^
  File "C:\Users\Lenovo\AppData\Local\Programs\Python\Python311\Lib\site-packages\fastapi\encoders.py", line 337, in jsonable_encoder
    return jsonable_encoder(
           ^^^^^^^^^^^^^^^^^
  File "C:\Users\Lenovo\AppData\Local\Programs\Python\Python311\Lib\site-packages\fastapi\encoders.py", line 289, in jsonable_encoder
    encoded_value = jsonable_encoder(
                    ^^^^^^^^^^^^^^^^^
  File "C:\Users\Lenovo\AppData\Local\Programs\Python\Python311\Lib\site-packages\fastapi\encoders.py", line 337, in jsonable_encoder
    return jsonable_encoder(
           ^^^^^^^^^^^^^^^^^
  File "C:\Users\Lenovo\AppData\Local\Programs\Python\Python311\Lib\site-packages\fastapi\encoders.py", line 289, in jsonable_encoder
    encoded_value = jsonable_encoder(
                    ^^^^^^^^^^^^^^^^^
  File "C:\Users\Lenovo\AppData\Local\Programs\Python\Python311\Lib\site-packages\fastapi\encoders.py", line 337, in jsonable_encoder
    return jsonable_encoder(
           ^^^^^^^^^^^^^^^^^
  File "C:\Users\Lenovo\AppData\Local\Programs\Python\Python311\Lib\site-packages\fastapi\encoders.py", line 289, in jsonable_encoder
    encoded_value = jsonable_encoder(
                    ^^^^^^^^^^^^^^^^^
  File "C:\Users\Lenovo\AppData\Local\Programs\Python\Python311\Lib\site-packages\fastapi\encoders.py", line 337, in jsonable_encoder
    return jsonable_encoder(
           ^^^^^^^^^^^^^^^^^
  File "C:\Users\Lenovo\AppData\Local\Programs\Python\Python311\Lib\site-packages\fastapi\encoders.py", line 289, in jsonable_encoder
    encoded_value = jsonable_encoder(
                    ^^^^^^^^^^^^^^^^^
  File "C:\Users\Lenovo\AppData\Local\Programs\Python\Python311\Lib\site-packages\fastapi\encoders.py", line 337, in jsonable_encoder
    return jsonable_encoder(
           ^^^^^^^^^^^^^^^^^
  File "C:\Users\Lenovo\AppData\Local\Programs\Python\Python311\Lib\site-packages\fastapi\encoders.py", line 289, in jsonable_encoder
    encoded_value = jsonable_encoder(
                    ^^^^^^^^^^^^^^^^^
  File "C:\Users\Lenovo\AppData\Local\Programs\Python\Python311\Lib\site-packages\fastapi\encoders.py", line 337, in jsonable_encoder
    return jsonable_encoder(
           ^^^^^^^^^^^^^^^^^
  File "C:\Users\Lenovo\AppData\Local\Programs\Python\Python311\Lib\site-packages\fastapi\encoders.py", line 289, in jsonable_encoder
    encoded_value = jsonable_encoder(
                    ^^^^^^^^^^^^^^^^^
  File "C:\Users\Lenovo\AppData\Local\Programs\Python\Python311\Lib\site-packages\fastapi\encoders.py", line 337, in jsonable_encoder
    return jsonable_encoder(
           ^^^^^^^^^^^^^^^^^
  File "C:\Users\Lenovo\AppData\Local\Programs\Python\Python311\Lib\site-packages\fastapi\encoders.py", line 289, in jsonable_encoder
    encoded_value = jsonable_encoder(
                    ^^^^^^^^^^^^^^^^^
  File "C:\Users\Lenovo\AppData\Local\Programs\Python\Python311\Lib\site-packages\fastapi\encoders.py", line 337, in jsonable_encoder
    return jsonable_encoder(
           ^^^^^^^^^^^^^^^^^
  File "C:\Users\Lenovo\AppData\Local\Programs\Python\Python311\Lib\site-packages\fastapi\encoders.py", line 289, in jsonable_encoder
    encoded_value = jsonable_encoder(
                    ^^^^^^^^^^^^^^^^^
  File "C:\Users\Lenovo\AppData\Local\Programs\Python\Python311\Lib\site-packages\fastapi\encoders.py", line 337, in jsonable_encoder
    return jsonable_encoder(
           ^^^^^^^^^^^^^^^^^
  File "C:\Users\Lenovo\AppData\Local\Programs\Python\Python311\Lib\site-packages\fastapi\encoders.py", line 289, in jsonable_encoder
    encoded_value = jsonable_encoder(
                    ^^^^^^^^^^^^^^^^^
  File "C:\Users\Lenovo\AppData\Local\Programs\Python\Python311\Lib\site-packages\fastapi\encoders.py", line 337, in jsonable_encoder
    return jsonable_encoder(
           ^^^^^^^^^^^^^^^^^
  File "C:\Users\Lenovo\AppData\Local\Programs\Python\Python311\Lib\site-packages\fastapi\encoders.py", line 289, in jsonable_encoder
    encoded_value = jsonable_encoder(
                    ^^^^^^^^^^^^^^^^^
  File "C:\Users\Lenovo\AppData\Local\Programs\Python\Python311\Lib\site-packages\fastapi\encoders.py", line 337, in jsonable_encoder
    return jsonable_encoder(
           ^^^^^^^^^^^^^^^^^
  File "C:\Users\Lenovo\AppData\Local\Programs\Python\Python311\Lib\site-packages\fastapi\encoders.py", line 289, in jsonable_encoder
    encoded_value = jsonable_encoder(
                    ^^^^^^^^^^^^^^^^^
  File "C:\Users\Lenovo\AppData\Local\Programs\Python\Python311\Lib\site-packages\fastapi\encoders.py", line 337, in jsonable_encoder
    return jsonable_encoder(
           ^^^^^^^^^^^^^^^^^
  File "C:\Users\Lenovo\AppData\Local\Programs\Python\Python311\Lib\site-packages\fastapi\encoders.py", line 289, in jsonable_encoder
    encoded_value = jsonable_encoder(
                    ^^^^^^^^^^^^^^^^^
  File "C:\Users\Lenovo\AppData\Local\Programs\Python\Python311\Lib\site-packages\fastapi\encoders.py", line 337, in jsonable_encoder
    return jsonable_encoder(
           ^^^^^^^^^^^^^^^^^
  File "C:\Users\Lenovo\AppData\Local\Programs\Python\Python311\Lib\site-packages\fastapi\encoders.py", line 289, in jsonable_encoder
    encoded_value = jsonable_encoder(
                    ^^^^^^^^^^^^^^^^^
  File "C:\Users\Lenovo\AppData\Local\Programs\Python\Python311\Lib\site-packages\fastapi\encoders.py", line 337, in jsonable_encoder
    return jsonable_encoder(
           ^^^^^^^^^^^^^^^^^
  File "C:\Users\Lenovo\AppData\Local\Programs\Python\Python311\Lib\site-packages\fastapi\encoders.py", line 289, in jsonable_encoder
    encoded_value = jsonable_encoder(
                    ^^^^^^^^^^^^^^^^^
  File "C:\Users\Lenovo\AppData\Local\Programs\Python\Python311\Lib\site-packages\fastapi\encoders.py", line 337, in jsonable_encoder
    return jsonable_encoder(
           ^^^^^^^^^^^^^^^^^
  File "C:\Users\Lenovo\AppData\Local\Programs\Python\Python311\Lib\site-packages\fastapi\encoders.py", line 289, in jsonable_encoder
    encoded_value = jsonable_encoder(
                    ^^^^^^^^^^^^^^^^^
  File "C:\Users\Lenovo\AppData\Local\Programs\Python\Python311\Lib\site-packages\fastapi\encoders.py", line 337, in jsonable_encoder
    return jsonable_encoder(
           ^^^^^^^^^^^^^^^^^
  File "C:\Users\Lenovo\AppData\Local\Programs\Python\Python311\Lib\site-packages\fastapi\encoders.py", line 289, in jsonable_encoder
    encoded_value = jsonable_encoder(
                    ^^^^^^^^^^^^^^^^^
  File "C:\Users\Lenovo\AppData\Local\Programs\Python\Python311\Lib\site-packages\fastapi\encoders.py", line 337, in jsonable_encoder
    return jsonable_encoder(
           ^^^^^^^^^^^^^^^^^
  File "C:\Users\Lenovo\AppData\Local\Programs\Python\Python311\Lib\site-packages\fastapi\encoders.py", line 289, in jsonable_encoder
    encoded_value = jsonable_encoder(
                    ^^^^^^^^^^^^^^^^^
  File "C:\Users\Lenovo\AppData\Local\Programs\Python\Python311\Lib\site-packages\fastapi\encoders.py", line 337, in jsonable_encoder
    return jsonable_encoder(
           ^^^^^^^^^^^^^^^^^
  File "C:\Users\Lenovo\AppData\Local\Programs\Python\Python311\Lib\site-packages\fastapi\encoders.py", line 289, in jsonable_encoder
    encoded_value = jsonable_encoder(
                    ^^^^^^^^^^^^^^^^^
  File "C:\Users\Lenovo\AppData\Local\Programs\Python\Python311\Lib\site-packages\fastapi\encoders.py", line 337, in jsonable_encoder
    return jsonable_encoder(
           ^^^^^^^^^^^^^^^^^
  File "C:\Users\Lenovo\AppData\Local\Programs\Python\Python311\Lib\site-packages\fastapi\encoders.py", line 289, in jsonable_encoder
    encoded_value = jsonable_encoder(
                    ^^^^^^^^^^^^^^^^^
  File "C:\Users\Lenovo\AppData\Local\Programs\Python\Python311\Lib\site-packages\fastapi\encoders.py", line 337, in jsonable_encoder
    return jsonable_encoder(
           ^^^^^^^^^^^^^^^^^
  File "C:\Users\Lenovo\AppData\Local\Programs\Python\Python311\Lib\site-packages\fastapi\encoders.py", line 289, in jsonable_encoder
    encoded_value = jsonable_encoder(
                    ^^^^^^^^^^^^^^^^^
  File "C:\Users\Lenovo\AppData\Local\Programs\Python\Python311\Lib\site-packages\fastapi\encoders.py", line 337, in jsonable_encoder
    return jsonable_encoder(
           ^^^^^^^^^^^^^^^^^
  File "C:\Users\Lenovo\AppData\Local\Programs\Python\Python311\Lib\site-packages\fastapi\encoders.py", line 289, in jsonable_encoder
    encoded_value = jsonable_encoder(
                    ^^^^^^^^^^^^^^^^^
  File "C:\Users\Lenovo\AppData\Local\Programs\Python\Python311\Lib\site-packages\fastapi\encoders.py", line 337, in jsonable_encoder
    return jsonable_encoder(
           ^^^^^^^^^^^^^^^^^
  File "C:\Users\Lenovo\AppData\Local\Programs\Python\Python311\Lib\site-packages\fastapi\encoders.py", line 289, in jsonable_encoder
    encoded_value = jsonable_encoder(
                    ^^^^^^^^^^^^^^^^^
  File "C:\Users\Lenovo\AppData\Local\Programs\Python\Python311\Lib\site-packages\fastapi\encoders.py", line 337, in jsonable_encoder
    return jsonable_encoder(
           ^^^^^^^^^^^^^^^^^
  File "C:\Users\Lenovo\AppData\Local\Programs\Python\Python311\Lib\site-packages\fastapi\encoders.py", line 289, in jsonable_encoder
    encoded_value = jsonable_encoder(
                    ^^^^^^^^^^^^^^^^^
  File "C:\Users\Lenovo\AppData\Local\Programs\Python\Python311\Lib\site-packages\fastapi\encoders.py", line 337, in jsonable_encoder
    return jsonable_encoder(
           ^^^^^^^^^^^^^^^^^
  File "C:\Users\Lenovo\AppData\Local\Programs\Python\Python311\Lib\site-packages\fastapi\encoders.py", line 289, in jsonable_encoder
    encoded_value = jsonable_encoder(
                    ^^^^^^^^^^^^^^^^^
  File "C:\Users\Lenovo\AppData\Local\Programs\Python\Python311\Lib\site-packages\fastapi\encoders.py", line 337, in jsonable_encoder
    return jsonable_encoder(
           ^^^^^^^^^^^^^^^^^
  File "C:\Users\Lenovo\AppData\Local\Programs\Python\Python311\Lib\site-packages\fastapi\encoders.py", line 289, in jsonable_encoder
    encoded_value = jsonable_encoder(
                    ^^^^^^^^^^^^^^^^^
  File "C:\Users\Lenovo\AppData\Local\Programs\Python\Python311\Lib\site-packages\fastapi\encoders.py", line 337, in jsonable_encoder
    return jsonable_encoder(
           ^^^^^^^^^^^^^^^^^
  File "C:\Users\Lenovo\AppData\Local\Programs\Python\Python311\Lib\site-packages\fastapi\encoders.py", line 289, in jsonable_encoder
    encoded_value = jsonable_encoder(
                    ^^^^^^^^^^^^^^^^^
  File "C:\Users\Lenovo\AppData\Local\Programs\Python\Python311\Lib\site-packages\fastapi\encoders.py", line 337, in jsonable_encoder
    return jsonable_encoder(
           ^^^^^^^^^^^^^^^^^
  File "C:\Users\Lenovo\AppData\Local\Programs\Python\Python311\Lib\site-packages\fastapi\encoders.py", line 289, in jsonable_encoder
    encoded_value = jsonable_encoder(
                    ^^^^^^^^^^^^^^^^^
  File "C:\Users\Lenovo\AppData\Local\Programs\Python\Python311\Lib\site-packages\fastapi\encoders.py", line 337, in jsonable_encoder
    return jsonable_encoder(
           ^^^^^^^^^^^^^^^^^
  File "C:\Users\Lenovo\AppData\Local\Programs\Python\Python311\Lib\site-packages\fastapi\encoders.py", line 289, in jsonable_encoder
    encoded_value = jsonable_encoder(
                    ^^^^^^^^^^^^^^^^^
  File "C:\Users\Lenovo\AppData\Local\Programs\Python\Python311\Lib\site-packages\fastapi\encoders.py", line 337, in jsonable_encoder
    return jsonable_encoder(
           ^^^^^^^^^^^^^^^^^
  File "C:\Users\Lenovo\AppData\Local\Programs\Python\Python311\Lib\site-packages\fastapi\encoders.py", line 289, in jsonable_encoder
    encoded_value = jsonable_encoder(
                    ^^^^^^^^^^^^^^^^^
  File "C:\Users\Lenovo\AppData\Local\Programs\Python\Python311\Lib\site-packages\fastapi\encoders.py", line 337, in jsonable_encoder
    return jsonable_encoder(
           ^^^^^^^^^^^^^^^^^
  File "C:\Users\Lenovo\AppData\Local\Programs\Python\Python311\Lib\site-packages\fastapi\encoders.py", line 289, in jsonable_encoder
    encoded_value = jsonable_encoder(
                    ^^^^^^^^^^^^^^^^^
  File "C:\Users\Lenovo\AppData\Local\Programs\Python\Python311\Lib\site-packages\fastapi\encoders.py", line 337, in jsonable_encoder
    return jsonable_encoder(
           ^^^^^^^^^^^^^^^^^
  File "C:\Users\Lenovo\AppData\Local\Programs\Python\Python311\Lib\site-packages\fastapi\encoders.py", line 289, in jsonable_encoder
    encoded_value = jsonable_encoder(
                    ^^^^^^^^^^^^^^^^^
  File "C:\Users\Lenovo\AppData\Local\Programs\Python\Python311\Lib\site-packages\fastapi\encoders.py", line 337, in jsonable_encoder
    return jsonable_encoder(
           ^^^^^^^^^^^^^^^^^
  File "C:\Users\Lenovo\AppData\Local\Programs\Python\Python311\Lib\site-packages\fastapi\encoders.py", line 289, in jsonable_encoder
    encoded_value = jsonable_encoder(
                    ^^^^^^^^^^^^^^^^^
  File "C:\Users\Lenovo\AppData\Local\Programs\Python\Python311\Lib\site-packages\fastapi\encoders.py", line 337, in jsonable_encoder
    return jsonable_encoder(
           ^^^^^^^^^^^^^^^^^
  File "C:\Users\Lenovo\AppData\Local\Programs\Python\Python311\Lib\site-packages\fastapi\encoders.py", line 289, in jsonable_encoder
    encoded_value = jsonable_encoder(
                    ^^^^^^^^^^^^^^^^^
  File "C:\Users\Lenovo\AppData\Local\Programs\Python\Python311\Lib\site-packages\fastapi\encoders.py", line 337, in jsonable_encoder
    return jsonable_encoder(
           ^^^^^^^^^^^^^^^^^
  File "C:\Users\Lenovo\AppData\Local\Programs\Python\Python311\Lib\site-packages\fastapi\encoders.py", line 289, in jsonable_encoder
    encoded_value = jsonable_encoder(
                    ^^^^^^^^^^^^^^^^^
  File "C:\Users\Lenovo\AppData\Local\Programs\Python\Python311\Lib\site-packages\fastapi\encoders.py", line 337, in jsonable_encoder
    return jsonable_encoder(
           ^^^^^^^^^^^^^^^^^
  File "C:\Users\Lenovo\AppData\Local\Programs\Python\Python311\Lib\site-packages\fastapi\encoders.py", line 289, in jsonable_encoder
    encoded_value = jsonable_encoder(
                    ^^^^^^^^^^^^^^^^^
  File "C:\Users\Lenovo\AppData\Local\Programs\Python\Python311\Lib\site-packages\fastapi\encoders.py", line 337, in jsonable_encoder
    return jsonable_encoder(
           ^^^^^^^^^^^^^^^^^
  File "C:\Users\Lenovo\AppData\Local\Programs\Python\Python311\Lib\site-packages\fastapi\encoders.py", line 289, in jsonable_encoder
    encoded_value = jsonable_encoder(
                    ^^^^^^^^^^^^^^^^^
  File "C:\Users\Lenovo\AppData\Local\Programs\Python\Python311\Lib\site-packages\fastapi\encoders.py", line 337, in jsonable_encoder
    return jsonable_encoder(
           ^^^^^^^^^^^^^^^^^
  File "C:\Users\Lenovo\AppData\Local\Programs\Python\Python311\Lib\site-packages\fastapi\encoders.py", line 289, in jsonable_encoder
    encoded_value = jsonable_encoder(
                    ^^^^^^^^^^^^^^^^^
  File "C:\Users\Lenovo\AppData\Local\Programs\Python\Python311\Lib\site-packages\fastapi\encoders.py", line 337, in jsonable_encoder
    return jsonable_encoder(
           ^^^^^^^^^^^^^^^^^
  File "C:\Users\Lenovo\AppData\Local\Programs\Python\Python311\Lib\site-packages\fastapi\encoders.py", line 289, in jsonable_encoder
    encoded_value = jsonable_encoder(
                    ^^^^^^^^^^^^^^^^^
  File "C:\Users\Lenovo\AppData\Local\Programs\Python\Python311\Lib\site-packages\fastapi\encoders.py", line 337, in jsonable_encoder
    return jsonable_encoder(
           ^^^^^^^^^^^^^^^^^
  File "C:\Users\Lenovo\AppData\Local\Programs\Python\Python311\Lib\site-packages\fastapi\encoders.py", line 289, in jsonable_encoder
    encoded_value = jsonable_encoder(
                    ^^^^^^^^^^^^^^^^^
  File "C:\Users\Lenovo\AppData\Local\Programs\Python\Python311\Lib\site-packages\fastapi\encoders.py", line 337, in jsonable_encoder
    return jsonable_encoder(
           ^^^^^^^^^^^^^^^^^
  File "C:\Users\Lenovo\AppData\Local\Programs\Python\Python311\Lib\site-packages\fastapi\encoders.py", line 289, in jsonable_encoder
    encoded_value = jsonable_encoder(
                    ^^^^^^^^^^^^^^^^^
  File "C:\Users\Lenovo\AppData\Local\Programs\Python\Python311\Lib\site-packages\fastapi\encoders.py", line 337, in jsonable_encoder
    return jsonable_encoder(
           ^^^^^^^^^^^^^^^^^
  File "C:\Users\Lenovo\AppData\Local\Programs\Python\Python311\Lib\site-packages\fastapi\encoders.py", line 289, in jsonable_encoder
    encoded_value = jsonable_encoder(
                    ^^^^^^^^^^^^^^^^^
  File "C:\Users\Lenovo\AppData\Local\Programs\Python\Python311\Lib\site-packages\fastapi\encoders.py", line 337, in jsonable_encoder
    return jsonable_encoder(
           ^^^^^^^^^^^^^^^^^
  File "C:\Users\Lenovo\AppData\Local\Programs\Python\Python311\Lib\site-packages\fastapi\encoders.py", line 289, in jsonable_encoder
    encoded_value = jsonable_encoder(
                    ^^^^^^^^^^^^^^^^^
  File "C:\Users\Lenovo\AppData\Local\Programs\Python\Python311\Lib\site-packages\fastapi\encoders.py", line 337, in jsonable_encoder
    return jsonable_encoder(
           ^^^^^^^^^^^^^^^^^
  File "C:\Users\Lenovo\AppData\Local\Programs\Python\Python311\Lib\site-packages\fastapi\encoders.py", line 289, in jsonable_encoder
    encoded_value = jsonable_encoder(
                    ^^^^^^^^^^^^^^^^^
  File "C:\Users\Lenovo\AppData\Local\Programs\Python\Python311\Lib\site-packages\fastapi\encoders.py", line 337, in jsonable_encoder
    return jsonable_encoder(
           ^^^^^^^^^^^^^^^^^
  File "C:\Users\Lenovo\AppData\Local\Programs\Python\Python311\Lib\site-packages\fastapi\encoders.py", line 289, in jsonable_encoder
    encoded_value = jsonable_encoder(
                    ^^^^^^^^^^^^^^^^^
  File "C:\Users\Lenovo\AppData\Local\Programs\Python\Python311\Lib\site-packages\fastapi\encoders.py", line 337, in jsonable_encoder
    return jsonable_encoder(
           ^^^^^^^^^^^^^^^^^
  File "C:\Users\Lenovo\AppData\Local\Programs\Python\Python311\Lib\site-packages\fastapi\encoders.py", line 289, in jsonable_encoder
    encoded_value = jsonable_encoder(
                    ^^^^^^^^^^^^^^^^^
  File "C:\Users\Lenovo\AppData\Local\Programs\Python\Python311\Lib\site-packages\fastapi\encoders.py", line 337, in jsonable_encoder
    return jsonable_encoder(
           ^^^^^^^^^^^^^^^^^
  File "C:\Users\Lenovo\AppData\Local\Programs\Python\Python311\Lib\site-packages\fastapi\encoders.py", line 289, in jsonable_encoder
    encoded_value = jsonable_encoder(
                    ^^^^^^^^^^^^^^^^^
  File "C:\Users\Lenovo\AppData\Local\Programs\Python\Python311\Lib\site-packages\fastapi\encoders.py", line 337, in jsonable_encoder
    return jsonable_encoder(
           ^^^^^^^^^^^^^^^^^
  File "C:\Users\Lenovo\AppData\Local\Programs\Python\Python311\Lib\site-packages\fastapi\encoders.py", line 289, in jsonable_encoder
    encoded_value = jsonable_encoder(
                    ^^^^^^^^^^^^^^^^^
  File "C:\Users\Lenovo\AppData\Local\Programs\Python\Python311\Lib\site-packages\fastapi\encoders.py", line 337, in jsonable_encoder
    return jsonable_encoder(
           ^^^^^^^^^^^^^^^^^
  File "C:\Users\Lenovo\AppData\Local\Programs\Python\Python311\Lib\site-packages\fastapi\encoders.py", line 289, in jsonable_encoder
    encoded_value = jsonable_encoder(
                    ^^^^^^^^^^^^^^^^^
  File "C:\Users\Lenovo\AppData\Local\Programs\Python\Python311\Lib\site-packages\fastapi\encoders.py", line 337, in jsonable_encoder
    return jsonable_encoder(
           ^^^^^^^^^^^^^^^^^
  File "C:\Users\Lenovo\AppData\Local\Programs\Python\Python311\Lib\site-packages\fastapi\encoders.py", line 289, in jsonable_encoder
    encoded_value = jsonable_encoder(
                    ^^^^^^^^^^^^^^^^^
  File "C:\Users\Lenovo\AppData\Local\Programs\Python\Python311\Lib\site-packages\fastapi\encoders.py", line 337, in jsonable_encoder
    return jsonable_encoder(
           ^^^^^^^^^^^^^^^^^
  File "C:\Users\Lenovo\AppData\Local\Programs\Python\Python311\Lib\site-packages\fastapi\encoders.py", line 289, in jsonable_encoder
    encoded_value = jsonable_encoder(
                    ^^^^^^^^^^^^^^^^^
  File "C:\Users\Lenovo\AppData\Local\Programs\Python\Python311\Lib\site-packages\fastapi\encoders.py", line 337, in jsonable_encoder
    return jsonable_encoder(
           ^^^^^^^^^^^^^^^^^
  File "C:\Users\Lenovo\AppData\Local\Programs\Python\Python311\Lib\site-packages\fastapi\encoders.py", line 289, in jsonable_encoder
    encoded_value = jsonable_encoder(
                    ^^^^^^^^^^^^^^^^^
  File "C:\Users\Lenovo\AppData\Local\Programs\Python\Python311\Lib\site-packages\fastapi\encoders.py", line 337, in jsonable_encoder
    return jsonable_encoder(
           ^^^^^^^^^^^^^^^^^
  File "C:\Users\Lenovo\AppData\Local\Programs\Python\Python311\Lib\site-packages\fastapi\encoders.py", line 289, in jsonable_encoder
    encoded_value = jsonable_encoder(
                    ^^^^^^^^^^^^^^^^^
  File "C:\Users\Lenovo\AppData\Local\Programs\Python\Python311\Lib\site-packages\fastapi\encoders.py", line 337, in jsonable_encoder
    return jsonable_encoder(
           ^^^^^^^^^^^^^^^^^
  File "C:\Users\Lenovo\AppData\Local\Programs\Python\Python311\Lib\site-packages\fastapi\encoders.py", line 289, in jsonable_encoder
    encoded_value = jsonable_encoder(
                    ^^^^^^^^^^^^^^^^^
  File "C:\Users\Lenovo\AppData\Local\Programs\Python\Python311\Lib\site-packages\fastapi\encoders.py", line 337, in jsonable_encoder
    return jsonable_encoder(
           ^^^^^^^^^^^^^^^^^
  File "C:\Users\Lenovo\AppData\Local\Programs\Python\Python311\Lib\site-packages\fastapi\encoders.py", line 289, in jsonable_encoder
    encoded_value = jsonable_encoder(
                    ^^^^^^^^^^^^^^^^^
  File "C:\Users\Lenovo\AppData\Local\Programs\Python\Python311\Lib\site-packages\fastapi\encoders.py", line 337, in jsonable_encoder
    return jsonable_encoder(
           ^^^^^^^^^^^^^^^^^
  File "C:\Users\Lenovo\AppData\Local\Programs\Python\Python311\Lib\site-packages\fastapi\encoders.py", line 289, in jsonable_encoder
    encoded_value = jsonable_encoder(
                    ^^^^^^^^^^^^^^^^^
  File "C:\Users\Lenovo\AppData\Local\Programs\Python\Python311\Lib\site-packages\fastapi\encoders.py", line 337, in jsonable_encoder
    return jsonable_encoder(
           ^^^^^^^^^^^^^^^^^
  File "C:\Users\Lenovo\AppData\Local\Programs\Python\Python311\Lib\site-packages\fastapi\encoders.py", line 289, in jsonable_encoder
    encoded_value = jsonable_encoder(
                    ^^^^^^^^^^^^^^^^^
  File "C:\Users\Lenovo\AppData\Local\Programs\Python\Python311\Lib\site-packages\fastapi\encoders.py", line 337, in jsonable_encoder
    return jsonable_encoder(
           ^^^^^^^^^^^^^^^^^
  File "C:\Users\Lenovo\AppData\Local\Programs\Python\Python311\Lib\site-packages\fastapi\encoders.py", line 289, in jsonable_encoder
    encoded_value = jsonable_encoder(
                    ^^^^^^^^^^^^^^^^^
  File "C:\Users\Lenovo\AppData\Local\Programs\Python\Python311\Lib\site-packages\fastapi\encoders.py", line 337, in jsonable_encoder
    return jsonable_encoder(
           ^^^^^^^^^^^^^^^^^
  File "C:\Users\Lenovo\AppData\Local\Programs\Python\Python311\Lib\site-packages\fastapi\encoders.py", line 289, in jsonable_encoder
    encoded_value = jsonable_encoder(
                    ^^^^^^^^^^^^^^^^^
  File "C:\Users\Lenovo\AppData\Local\Programs\Python\Python311\Lib\site-packages\fastapi\encoders.py", line 337, in jsonable_encoder
    return jsonable_encoder(
           ^^^^^^^^^^^^^^^^^
  File "C:\Users\Lenovo\AppData\Local\Programs\Python\Python311\Lib\site-packages\fastapi\encoders.py", line 289, in jsonable_encoder
    encoded_value = jsonable_encoder(
                    ^^^^^^^^^^^^^^^^^
  File "C:\Users\Lenovo\AppData\Local\Programs\Python\Python311\Lib\site-packages\fastapi\encoders.py", line 337, in jsonable_encoder
    return jsonable_encoder(
           ^^^^^^^^^^^^^^^^^
  File "C:\Users\Lenovo\AppData\Local\Programs\Python\Python311\Lib\site-packages\fastapi\encoders.py", line 289, in jsonable_encoder
    encoded_value = jsonable_encoder(
                    ^^^^^^^^^^^^^^^^^
  File "C:\Users\Lenovo\AppData\Local\Programs\Python\Python311\Lib\site-packages\fastapi\encoders.py", line 337, in jsonable_encoder
    return jsonable_encoder(
           ^^^^^^^^^^^^^^^^^
  File "C:\Users\Lenovo\AppData\Local\Programs\Python\Python311\Lib\site-packages\fastapi\encoders.py", line 289, in jsonable_encoder
    encoded_value = jsonable_encoder(
                    ^^^^^^^^^^^^^^^^^
  File "C:\Users\Lenovo\AppData\Local\Programs\Python\Python311\Lib\site-packages\fastapi\encoders.py", line 337, in jsonable_encoder
    return jsonable_encoder(
           ^^^^^^^^^^^^^^^^^
  File "C:\Users\Lenovo\AppData\Local\Programs\Python\Python311\Lib\site-packages\fastapi\encoders.py", line 289, in jsonable_encoder
    encoded_value = jsonable_encoder(
                    ^^^^^^^^^^^^^^^^^
  File "C:\Users\Lenovo\AppData\Local\Programs\Python\Python311\Lib\site-packages\fastapi\encoders.py", line 337, in jsonable_encoder
    return jsonable_encoder(
           ^^^^^^^^^^^^^^^^^
  File "C:\Users\Lenovo\AppData\Local\Programs\Python\Python311\Lib\site-packages\fastapi\encoders.py", line 289, in jsonable_encoder
    encoded_value = jsonable_encoder(
                    ^^^^^^^^^^^^^^^^^
  File "C:\Users\Lenovo\AppData\Local\Programs\Python\Python311\Lib\site-packages\fastapi\encoders.py", line 337, in jsonable_encoder
    return jsonable_encoder(
           ^^^^^^^^^^^^^^^^^
  File "C:\Users\Lenovo\AppData\Local\Programs\Python\Python311\Lib\site-packages\fastapi\encoders.py", line 289, in jsonable_encoder
    encoded_value = jsonable_encoder(
                    ^^^^^^^^^^^^^^^^^
  File "C:\Users\Lenovo\AppData\Local\Programs\Python\Python311\Lib\site-packages\fastapi\encoders.py", line 337, in jsonable_encoder
    return jsonable_encoder(
           ^^^^^^^^^^^^^^^^^
  File "C:\Users\Lenovo\AppData\Local\Programs\Python\Python311\Lib\site-packages\fastapi\encoders.py", line 289, in jsonable_encoder
    encoded_value = jsonable_encoder(
                    ^^^^^^^^^^^^^^^^^
  File "C:\Users\Lenovo\AppData\Local\Programs\Python\Python311\Lib\site-packages\fastapi\encoders.py", line 337, in jsonable_encoder
    return jsonable_encoder(
           ^^^^^^^^^^^^^^^^^
  File "C:\Users\Lenovo\AppData\Local\Programs\Python\Python311\Lib\site-packages\fastapi\encoders.py", line 289, in jsonable_encoder
    encoded_value = jsonable_encoder(
                    ^^^^^^^^^^^^^^^^^
  File "C:\Users\Lenovo\AppData\Local\Programs\Python\Python311\Lib\site-packages\fastapi\encoders.py", line 337, in jsonable_encoder
    return jsonable_encoder(
           ^^^^^^^^^^^^^^^^^
  File "C:\Users\Lenovo\AppData\Local\Programs\Python\Python311\Lib\site-packages\fastapi\encoders.py", line 289, in jsonable_encoder
    encoded_value = jsonable_encoder(
                    ^^^^^^^^^^^^^^^^^
  File "C:\Users\Lenovo\AppData\Local\Programs\Python\Python311\Lib\site-packages\fastapi\encoders.py", line 337, in jsonable_encoder
    return jsonable_encoder(
           ^^^^^^^^^^^^^^^^^
  File "C:\Users\Lenovo\AppData\Local\Programs\Python\Python311\Lib\site-packages\fastapi\encoders.py", line 289, in jsonable_encoder
    encoded_value = jsonable_encoder(
                    ^^^^^^^^^^^^^^^^^
  File "C:\Users\Lenovo\AppData\Local\Programs\Python\Python311\Lib\site-packages\fastapi\encoders.py", line 337, in jsonable_encoder
    return jsonable_encoder(
           ^^^^^^^^^^^^^^^^^
  File "C:\Users\Lenovo\AppData\Local\Programs\Python\Python311\Lib\site-packages\fastapi\encoders.py", line 289, in jsonable_encoder
    encoded_value = jsonable_encoder(
                    ^^^^^^^^^^^^^^^^^
  File "C:\Users\Lenovo\AppData\Local\Programs\Python\Python311\Lib\site-packages\fastapi\encoders.py", line 337, in jsonable_encoder
    return jsonable_encoder(
           ^^^^^^^^^^^^^^^^^
  File "C:\Users\Lenovo\AppData\Local\Programs\Python\Python311\Lib\site-packages\fastapi\encoders.py", line 289, in jsonable_encoder
    encoded_value = jsonable_encoder(
                    ^^^^^^^^^^^^^^^^^
  File "C:\Users\Lenovo\AppData\Local\Programs\Python\Python311\Lib\site-packages\fastapi\encoders.py", line 337, in jsonable_encoder
    return jsonable_encoder(
           ^^^^^^^^^^^^^^^^^
  File "C:\Users\Lenovo\AppData\Local\Programs\Python\Python311\Lib\site-packages\fastapi\encoders.py", line 289, in jsonable_encoder
    encoded_value = jsonable_encoder(
                    ^^^^^^^^^^^^^^^^^
  File "C:\Users\Lenovo\AppData\Local\Programs\Python\Python311\Lib\site-packages\fastapi\encoders.py", line 337, in jsonable_encoder
    return jsonable_encoder(
           ^^^^^^^^^^^^^^^^^
  File "C:\Users\Lenovo\AppData\Local\Programs\Python\Python311\Lib\site-packages\fastapi\encoders.py", line 289, in jsonable_encoder
    encoded_value = jsonable_encoder(
                    ^^^^^^^^^^^^^^^^^
  File "C:\Users\Lenovo\AppData\Local\Programs\Python\Python311\Lib\site-packages\fastapi\encoders.py", line 337, in jsonable_encoder
    return jsonable_encoder(
           ^^^^^^^^^^^^^^^^^
  File "C:\Users\Lenovo\AppData\Local\Programs\Python\Python311\Lib\site-packages\fastapi\encoders.py", line 289, in jsonable_encoder
    encoded_value = jsonable_encoder(
                    ^^^^^^^^^^^^^^^^^
  File "C:\Users\Lenovo\AppData\Local\Programs\Python\Python311\Lib\site-packages\fastapi\encoders.py", line 337, in jsonable_encoder
    return jsonable_encoder(
           ^^^^^^^^^^^^^^^^^
  File "C:\Users\Lenovo\AppData\Local\Programs\Python\Python311\Lib\site-packages\fastapi\encoders.py", line 289, in jsonable_encoder
    encoded_value = jsonable_encoder(
                    ^^^^^^^^^^^^^^^^^
  File "C:\Users\Lenovo\AppData\Local\Programs\Python\Python311\Lib\site-packages\fastapi\encoders.py", line 337, in jsonable_encoder
    return jsonable_encoder(
           ^^^^^^^^^^^^^^^^^
  File "C:\Users\Lenovo\AppData\Local\Programs\Python\Python311\Lib\site-packages\fastapi\encoders.py", line 289, in jsonable_encoder
    encoded_value = jsonable_encoder(
                    ^^^^^^^^^^^^^^^^^
  File "C:\Users\Lenovo\AppData\Local\Programs\Python\Python311\Lib\site-packages\fastapi\encoders.py", line 337, in jsonable_encoder
    return jsonable_encoder(
           ^^^^^^^^^^^^^^^^^
  File "C:\Users\Lenovo\AppData\Local\Programs\Python\Python311\Lib\site-packages\fastapi\encoders.py", line 289, in jsonable_encoder
    encoded_value = jsonable_encoder(
                    ^^^^^^^^^^^^^^^^^
  File "C:\Users\Lenovo\AppData\Local\Programs\Python\Python311\Lib\site-packages\fastapi\encoders.py", line 337, in jsonable_encoder
    return jsonable_encoder(
           ^^^^^^^^^^^^^^^^^
  File "C:\Users\Lenovo\AppData\Local\Programs\Python\Python311\Lib\site-packages\fastapi\encoders.py", line 289, in jsonable_encoder
    encoded_value = jsonable_encoder(
                    ^^^^^^^^^^^^^^^^^
  File "C:\Users\Lenovo\AppData\Local\Programs\Python\Python311\Lib\site-packages\fastapi\encoders.py", line 337, in jsonable_encoder
    return jsonable_encoder(
           ^^^^^^^^^^^^^^^^^
  File "C:\Users\Lenovo\AppData\Local\Programs\Python\Python311\Lib\site-packages\fastapi\encoders.py", line 289, in jsonable_encoder
    encoded_value = jsonable_encoder(
                    ^^^^^^^^^^^^^^^^^
  File "C:\Users\Lenovo\AppData\Local\Programs\Python\Python311\Lib\site-packages\fastapi\encoders.py", line 337, in jsonable_encoder
    return jsonable_encoder(
           ^^^^^^^^^^^^^^^^^
  File "C:\Users\Lenovo\AppData\Local\Programs\Python\Python311\Lib\site-packages\fastapi\encoders.py", line 289, in jsonable_encoder
    encoded_value = jsonable_encoder(
                    ^^^^^^^^^^^^^^^^^
  File "C:\Users\Lenovo\AppData\Local\Programs\Python\Python311\Lib\site-packages\fastapi\encoders.py", line 337, in jsonable_encoder
    return jsonable_encoder(
           ^^^^^^^^^^^^^^^^^
  File "C:\Users\Lenovo\AppData\Local\Programs\Python\Python311\Lib\site-packages\fastapi\encoders.py", line 289, in jsonable_encoder
    encoded_value = jsonable_encoder(
                    ^^^^^^^^^^^^^^^^^
  File "C:\Users\Lenovo\AppData\Local\Programs\Python\Python311\Lib\site-packages\fastapi\encoders.py", line 337, in jsonable_encoder
    return jsonable_encoder(
           ^^^^^^^^^^^^^^^^^
  File "C:\Users\Lenovo\AppData\Local\Programs\Python\Python311\Lib\site-packages\fastapi\encoders.py", line 289, in jsonable_encoder
    encoded_value = jsonable_encoder(
                    ^^^^^^^^^^^^^^^^^
  File "C:\Users\Lenovo\AppData\Local\Programs\Python\Python311\Lib\site-packages\fastapi\encoders.py", line 337, in jsonable_encoder
    return jsonable_encoder(
           ^^^^^^^^^^^^^^^^^
  File "C:\Users\Lenovo\AppData\Local\Programs\Python\Python311\Lib\site-packages\fastapi\encoders.py", line 289, in jsonable_encoder
    encoded_value = jsonable_encoder(
                    ^^^^^^^^^^^^^^^^^
  File "C:\Users\Lenovo\AppData\Local\Programs\Python\Python311\Lib\site-packages\fastapi\encoders.py", line 337, in jsonable_encoder
    return jsonable_encoder(
           ^^^^^^^^^^^^^^^^^
  File "C:\Users\Lenovo\AppData\Local\Programs\Python\Python311\Lib\site-packages\fastapi\encoders.py", line 289, in jsonable_encoder
    encoded_value = jsonable_encoder(
                    ^^^^^^^^^^^^^^^^^
  File "C:\Users\Lenovo\AppData\Local\Programs\Python\Python311\Lib\site-packages\fastapi\encoders.py", line 337, in jsonable_encoder
    return jsonable_encoder(
           ^^^^^^^^^^^^^^^^^
  File "C:\Users\Lenovo\AppData\Local\Programs\Python\Python311\Lib\site-packages\fastapi\encoders.py", line 289, in jsonable_encoder
    encoded_value = jsonable_encoder(
                    ^^^^^^^^^^^^^^^^^
  File "C:\Users\Lenovo\AppData\Local\Programs\Python\Python311\Lib\site-packages\fastapi\encoders.py", line 337, in jsonable_encoder
    return jsonable_encoder(
           ^^^^^^^^^^^^^^^^^
  File "C:\Users\Lenovo\AppData\Local\Programs\Python\Python311\Lib\site-packages\fastapi\encoders.py", line 289, in jsonable_encoder
    encoded_value = jsonable_encoder(
                    ^^^^^^^^^^^^^^^^^
  File "C:\Users\Lenovo\AppData\Local\Programs\Python\Python311\Lib\site-packages\fastapi\encoders.py", line 337, in jsonable_encoder
    return jsonable_encoder(
           ^^^^^^^^^^^^^^^^^
  File "C:\Users\Lenovo\AppData\Local\Programs\Python\Python311\Lib\site-packages\fastapi\encoders.py", line 289, in jsonable_encoder
    encoded_value = jsonable_encoder(
                    ^^^^^^^^^^^^^^^^^
  File "C:\Users\Lenovo\AppData\Local\Programs\Python\Python311\Lib\site-packages\fastapi\encoders.py", line 337, in jsonable_encoder
    return jsonable_encoder(
           ^^^^^^^^^^^^^^^^^
  File "C:\Users\Lenovo\AppData\Local\Programs\Python\Python311\Lib\site-packages\fastapi\encoders.py", line 289, in jsonable_encoder
    encoded_value = jsonable_encoder(
                    ^^^^^^^^^^^^^^^^^
  File "C:\Users\Lenovo\AppData\Local\Programs\Python\Python311\Lib\site-packages\fastapi\encoders.py", line 337, in jsonable_encoder
    return jsonable_encoder(
           ^^^^^^^^^^^^^^^^^
  File "C:\Users\Lenovo\AppData\Local\Programs\Python\Python311\Lib\site-packages\fastapi\encoders.py", line 289, in jsonable_encoder
    encoded_value = jsonable_encoder(
                    ^^^^^^^^^^^^^^^^^
  File "C:\Users\Lenovo\AppData\Local\Programs\Python\Python311\Lib\site-packages\fastapi\encoders.py", line 337, in jsonable_encoder
    return jsonable_encoder(
           ^^^^^^^^^^^^^^^^^
  File "C:\Users\Lenovo\AppData\Local\Programs\Python\Python311\Lib\site-packages\fastapi\encoders.py", line 289, in jsonable_encoder
    encoded_value = jsonable_encoder(
                    ^^^^^^^^^^^^^^^^^
  File "C:\Users\Lenovo\AppData\Local\Programs\Python\Python311\Lib\site-packages\fastapi\encoders.py", line 337, in jsonable_encoder
    return jsonable_encoder(
           ^^^^^^^^^^^^^^^^^
  File "C:\Users\Lenovo\AppData\Local\Programs\Python\Python311\Lib\site-packages\fastapi\encoders.py", line 289, in jsonable_encoder
    encoded_value = jsonable_encoder(
                    ^^^^^^^^^^^^^^^^^
  File "C:\Users\Lenovo\AppData\Local\Programs\Python\Python311\Lib\site-packages\fastapi\encoders.py", line 337, in jsonable_encoder
    return jsonable_encoder(
           ^^^^^^^^^^^^^^^^^
  File "C:\Users\Lenovo\AppData\Local\Programs\Python\Python311\Lib\site-packages\fastapi\encoders.py", line 289, in jsonable_encoder
    encoded_value = jsonable_encoder(
                    ^^^^^^^^^^^^^^^^^
  File "C:\Users\Lenovo\AppData\Local\Programs\Python\Python311\Lib\site-packages\fastapi\encoders.py", line 337, in jsonable_encoder
    return jsonable_encoder(
           ^^^^^^^^^^^^^^^^^
  File "C:\Users\Lenovo\AppData\Local\Programs\Python\Python311\Lib\site-packages\fastapi\encoders.py", line 289, in jsonable_encoder
    encoded_value = jsonable_encoder(
                    ^^^^^^^^^^^^^^^^^
  File "C:\Users\Lenovo\AppData\Local\Programs\Python\Python311\Lib\site-packages\fastapi\encoders.py", line 337, in jsonable_encoder
    return jsonable_encoder(
           ^^^^^^^^^^^^^^^^^
  File "C:\Users\Lenovo\AppData\Local\Programs\Python\Python311\Lib\site-packages\fastapi\encoders.py", line 289, in jsonable_encoder
    encoded_value = jsonable_encoder(
                    ^^^^^^^^^^^^^^^^^
  File "C:\Users\Lenovo\AppData\Local\Programs\Python\Python311\Lib\site-packages\fastapi\encoders.py", line 337, in jsonable_encoder
    return jsonable_encoder(
           ^^^^^^^^^^^^^^^^^
  File "C:\Users\Lenovo\AppData\Local\Programs\Python\Python311\Lib\site-packages\fastapi\encoders.py", line 289, in jsonable_encoder
    encoded_value = jsonable_encoder(
                    ^^^^^^^^^^^^^^^^^
  File "C:\Users\Lenovo\AppData\Local\Programs\Python\Python311\Lib\site-packages\fastapi\encoders.py", line 337, in jsonable_encoder
    return jsonable_encoder(
           ^^^^^^^^^^^^^^^^^
  File "C:\Users\Lenovo\AppData\Local\Programs\Python\Python311\Lib\site-packages\fastapi\encoders.py", line 289, in jsonable_encoder
    encoded_value = jsonable_encoder(
                    ^^^^^^^^^^^^^^^^^
  File "C:\Users\Lenovo\AppData\Local\Programs\Python\Python311\Lib\site-packages\fastapi\encoders.py", line 337, in jsonable_encoder
    return jsonable_encoder(
           ^^^^^^^^^^^^^^^^^
  File "C:\Users\Lenovo\AppData\Local\Programs\Python\Python311\Lib\site-packages\fastapi\encoders.py", line 289, in jsonable_encoder
    encoded_value = jsonable_encoder(
                    ^^^^^^^^^^^^^^^^^
  File "C:\Users\Lenovo\AppData\Local\Programs\Python\Python311\Lib\site-packages\fastapi\encoders.py", line 337, in jsonable_encoder
    return jsonable_encoder(
           ^^^^^^^^^^^^^^^^^
  File "C:\Users\Lenovo\AppData\Local\Programs\Python\Python311\Lib\site-packages\fastapi\encoders.py", line 289, in jsonable_encoder
    encoded_value = jsonable_encoder(
                    ^^^^^^^^^^^^^^^^^
  File "C:\Users\Lenovo\AppData\Local\Programs\Python\Python311\Lib\site-packages\fastapi\encoders.py", line 337, in jsonable_encoder
    return jsonable_encoder(
           ^^^^^^^^^^^^^^^^^
  File "C:\Users\Lenovo\AppData\Local\Programs\Python\Python311\Lib\site-packages\fastapi\encoders.py", line 289, in jsonable_encoder
    encoded_value = jsonable_encoder(
                    ^^^^^^^^^^^^^^^^^
  File "C:\Users\Lenovo\AppData\Local\Programs\Python\Python311\Lib\site-packages\fastapi\encoders.py", line 337, in jsonable_encoder
    return jsonable_encoder(
           ^^^^^^^^^^^^^^^^^
  File "C:\Users\Lenovo\AppData\Local\Programs\Python\Python311\Lib\site-packages\fastapi\encoders.py", line 289, in jsonable_encoder
    encoded_value = jsonable_encoder(
                    ^^^^^^^^^^^^^^^^^
  File "C:\Users\Lenovo\AppData\Local\Programs\Python\Python311\Lib\site-packages\fastapi\encoders.py", line 337, in jsonable_encoder
    return jsonable_encoder(
           ^^^^^^^^^^^^^^^^^
  File "C:\Users\Lenovo\AppData\Local\Programs\Python\Python311\Lib\site-packages\fastapi\encoders.py", line 289, in jsonable_encoder
    encoded_value = jsonable_encoder(
                    ^^^^^^^^^^^^^^^^^
  File "C:\Users\Lenovo\AppData\Local\Programs\Python\Python311\Lib\site-packages\fastapi\encoders.py", line 337, in jsonable_encoder
    return jsonable_encoder(
           ^^^^^^^^^^^^^^^^^
  File "C:\Users\Lenovo\AppData\Local\Programs\Python\Python311\Lib\site-packages\fastapi\encoders.py", line 289, in jsonable_encoder
    encoded_value = jsonable_encoder(
                    ^^^^^^^^^^^^^^^^^
  File "C:\Users\Lenovo\AppData\Local\Programs\Python\Python311\Lib\site-packages\fastapi\encoders.py", line 337, in jsonable_encoder
    return jsonable_encoder(
           ^^^^^^^^^^^^^^^^^
  File "C:\Users\Lenovo\AppData\Local\Programs\Python\Python311\Lib\site-packages\fastapi\encoders.py", line 289, in jsonable_encoder
    encoded_value = jsonable_encoder(
                    ^^^^^^^^^^^^^^^^^
  File "C:\Users\Lenovo\AppData\Local\Programs\Python\Python311\Lib\site-packages\fastapi\encoders.py", line 337, in jsonable_encoder
    return jsonable_encoder(
           ^^^^^^^^^^^^^^^^^
  File "C:\Users\Lenovo\AppData\Local\Programs\Python\Python311\Lib\site-packages\fastapi\encoders.py", line 289, in jsonable_encoder
    encoded_value = jsonable_encoder(
                    ^^^^^^^^^^^^^^^^^
  File "C:\Users\Lenovo\AppData\Local\Programs\Python\Python311\Lib\site-packages\fastapi\encoders.py", line 337, in jsonable_encoder
    return jsonable_encoder(
           ^^^^^^^^^^^^^^^^^
  File "C:\Users\Lenovo\AppData\Local\Programs\Python\Python311\Lib\site-packages\fastapi\encoders.py", line 289, in jsonable_encoder
    encoded_value = jsonable_encoder(
                    ^^^^^^^^^^^^^^^^^
  File "C:\Users\Lenovo\AppData\Local\Programs\Python\Python311\Lib\site-packages\fastapi\encoders.py", line 337, in jsonable_encoder
    return jsonable_encoder(
           ^^^^^^^^^^^^^^^^^
  File "C:\Users\Lenovo\AppData\Local\Programs\Python\Python311\Lib\site-packages\fastapi\encoders.py", line 289, in jsonable_encoder
    encoded_value = jsonable_encoder(
                    ^^^^^^^^^^^^^^^^^
  File "C:\Users\Lenovo\AppData\Local\Programs\Python\Python311\Lib\site-packages\fastapi\encoders.py", line 337, in jsonable_encoder
    return jsonable_encoder(
           ^^^^^^^^^^^^^^^^^
  File "C:\Users\Lenovo\AppData\Local\Programs\Python\Python311\Lib\site-packages\fastapi\encoders.py", line 289, in jsonable_encoder
    encoded_value = jsonable_encoder(
                    ^^^^^^^^^^^^^^^^^
  File "C:\Users\Lenovo\AppData\Local\Programs\Python\Python311\Lib\site-packages\fastapi\encoders.py", line 337, in jsonable_encoder
    return jsonable_encoder(
           ^^^^^^^^^^^^^^^^^
  File "C:\Users\Lenovo\AppData\Local\Programs\Python\Python311\Lib\site-packages\fastapi\encoders.py", line 289, in jsonable_encoder
    encoded_value = jsonable_encoder(
                    ^^^^^^^^^^^^^^^^^
  File "C:\Users\Lenovo\AppData\Local\Programs\Python\Python311\Lib\site-packages\fastapi\encoders.py", line 337, in jsonable_encoder
    return jsonable_encoder(
           ^^^^^^^^^^^^^^^^^
  File "C:\Users\Lenovo\AppData\Local\Programs\Python\Python311\Lib\site-packages\fastapi\encoders.py", line 289, in jsonable_encoder
    encoded_value = jsonable_encoder(
                    ^^^^^^^^^^^^^^^^^
  File "C:\Users\Lenovo\AppData\Local\Programs\Python\Python311\Lib\site-packages\fastapi\encoders.py", line 337, in jsonable_encoder
    return jsonable_encoder(
           ^^^^^^^^^^^^^^^^^
  File "C:\Users\Lenovo\AppData\Local\Programs\Python\Python311\Lib\site-packages\fastapi\encoders.py", line 289, in jsonable_encoder
    encoded_value = jsonable_encoder(
                    ^^^^^^^^^^^^^^^^^
  File "C:\Users\Lenovo\AppData\Local\Programs\Python\Python311\Lib\site-packages\fastapi\encoders.py", line 337, in jsonable_encoder
    return jsonable_encoder(
           ^^^^^^^^^^^^^^^^^
  File "C:\Users\Lenovo\AppData\Local\Programs\Python\Python311\Lib\site-packages\fastapi\encoders.py", line 289, in jsonable_encoder
    encoded_value = jsonable_encoder(
                    ^^^^^^^^^^^^^^^^^
  File "C:\Users\Lenovo\AppData\Local\Programs\Python\Python311\Lib\site-packages\fastapi\encoders.py", line 337, in jsonable_encoder
    return jsonable_encoder(
           ^^^^^^^^^^^^^^^^^
  File "C:\Users\Lenovo\AppData\Local\Programs\Python\Python311\Lib\site-packages\fastapi\encoders.py", line 289, in jsonable_encoder
    encoded_value = jsonable_encoder(
                    ^^^^^^^^^^^^^^^^^
  File "C:\Users\Lenovo\AppData\Local\Programs\Python\Python311\Lib\site-packages\fastapi\encoders.py", line 337, in jsonable_encoder
    return jsonable_encoder(
           ^^^^^^^^^^^^^^^^^
  File "C:\Users\Lenovo\AppData\Local\Programs\Python\Python311\Lib\site-packages\fastapi\encoders.py", line 289, in jsonable_encoder
    encoded_value = jsonable_encoder(
                    ^^^^^^^^^^^^^^^^^
  File "C:\Users\Lenovo\AppData\Local\Programs\Python\Python311\Lib\site-packages\fastapi\encoders.py", line 337, in jsonable_encoder
    return jsonable_encoder(
           ^^^^^^^^^^^^^^^^^
  File "C:\Users\Lenovo\AppData\Local\Programs\Python\Python311\Lib\site-packages\fastapi\encoders.py", line 289, in jsonable_encoder
    encoded_value = jsonable_encoder(
                    ^^^^^^^^^^^^^^^^^
  File "C:\Users\Lenovo\AppData\Local\Programs\Python\Python311\Lib\site-packages\fastapi\encoders.py", line 337, in jsonable_encoder
    return jsonable_encoder(
           ^^^^^^^^^^^^^^^^^
  File "C:\Users\Lenovo\AppData\Local\Programs\Python\Python311\Lib\site-packages\fastapi\encoders.py", line 289, in jsonable_encoder
    encoded_value = jsonable_encoder(
                    ^^^^^^^^^^^^^^^^^
  File "C:\Users\Lenovo\AppData\Local\Programs\Python\Python311\Lib\site-packages\fastapi\encoders.py", line 337, in jsonable_encoder
    return jsonable_encoder(
           ^^^^^^^^^^^^^^^^^
  File "C:\Users\Lenovo\AppData\Local\Programs\Python\Python311\Lib\site-packages\fastapi\encoders.py", line 289, in jsonable_encoder
    encoded_value = jsonable_encoder(
                    ^^^^^^^^^^^^^^^^^
  File "C:\Users\Lenovo\AppData\Local\Programs\Python\Python311\Lib\site-packages\fastapi\encoders.py", line 337, in jsonable_encoder
    return jsonable_encoder(
           ^^^^^^^^^^^^^^^^^
  File "C:\Users\Lenovo\AppData\Local\Programs\Python\Python311\Lib\site-packages\fastapi\encoders.py", line 289, in jsonable_encoder
    encoded_value = jsonable_encoder(
                    ^^^^^^^^^^^^^^^^^
  File "C:\Users\Lenovo\AppData\Local\Programs\Python\Python311\Lib\site-packages\fastapi\encoders.py", line 337, in jsonable_encoder
    return jsonable_encoder(
           ^^^^^^^^^^^^^^^^^
  File "C:\Users\Lenovo\AppData\Local\Programs\Python\Python311\Lib\site-packages\fastapi\encoders.py", line 289, in jsonable_encoder
    encoded_value = jsonable_encoder(
                    ^^^^^^^^^^^^^^^^^
  File "C:\Users\Lenovo\AppData\Local\Programs\Python\Python311\Lib\site-packages\fastapi\encoders.py", line 337, in jsonable_encoder
    return jsonable_encoder(
           ^^^^^^^^^^^^^^^^^
  File "C:\Users\Lenovo\AppData\Local\Programs\Python\Python311\Lib\site-packages\fastapi\encoders.py", line 289, in jsonable_encoder
    encoded_value = jsonable_encoder(
                    ^^^^^^^^^^^^^^^^^
  File "C:\Users\Lenovo\AppData\Local\Programs\Python\Python311\Lib\site-packages\fastapi\encoders.py", line 337, in jsonable_encoder
    return jsonable_encoder(
           ^^^^^^^^^^^^^^^^^
  File "C:\Users\Lenovo\AppData\Local\Programs\Python\Python311\Lib\site-packages\fastapi\encoders.py", line 289, in jsonable_encoder
    encoded_value = jsonable_encoder(
                    ^^^^^^^^^^^^^^^^^
  File "C:\Users\Lenovo\AppData\Local\Programs\Python\Python311\Lib\site-packages\fastapi\encoders.py", line 337, in jsonable_encoder
    return jsonable_encoder(
           ^^^^^^^^^^^^^^^^^
  File "C:\Users\Lenovo\AppData\Local\Programs\Python\Python311\Lib\site-packages\fastapi\encoders.py", line 289, in jsonable_encoder
    encoded_value = jsonable_encoder(
                    ^^^^^^^^^^^^^^^^^
  File "C:\Users\Lenovo\AppData\Local\Programs\Python\Python311\Lib\site-packages\fastapi\encoders.py", line 337, in jsonable_encoder
    return jsonable_encoder(
           ^^^^^^^^^^^^^^^^^
  File "C:\Users\Lenovo\AppData\Local\Programs\Python\Python311\Lib\site-packages\fastapi\encoders.py", line 289, in jsonable_encoder
    encoded_value = jsonable_encoder(
                    ^^^^^^^^^^^^^^^^^
  File "C:\Users\Lenovo\AppData\Local\Programs\Python\Python311\Lib\site-packages\fastapi\encoders.py", line 337, in jsonable_encoder
    return jsonable_encoder(
           ^^^^^^^^^^^^^^^^^
  File "C:\Users\Lenovo\AppData\Local\Programs\Python\Python311\Lib\site-packages\fastapi\encoders.py", line 289, in jsonable_encoder
    encoded_value = jsonable_encoder(
                    ^^^^^^^^^^^^^^^^^
  File "C:\Users\Lenovo\AppData\Local\Programs\Python\Python311\Lib\site-packages\fastapi\encoders.py", line 337, in jsonable_encoder
    return jsonable_encoder(
           ^^^^^^^^^^^^^^^^^
  File "C:\Users\Lenovo\AppData\Local\Programs\Python\Python311\Lib\site-packages\fastapi\encoders.py", line 289, in jsonable_encoder
    encoded_value = jsonable_encoder(
                    ^^^^^^^^^^^^^^^^^
  File "C:\Users\Lenovo\AppData\Local\Programs\Python\Python311\Lib\site-packages\fastapi\encoders.py", line 337, in jsonable_encoder
    return jsonable_encoder(
           ^^^^^^^^^^^^^^^^^
  File "C:\Users\Lenovo\AppData\Local\Programs\Python\Python311\Lib\site-packages\fastapi\encoders.py", line 289, in jsonable_encoder
    encoded_value = jsonable_encoder(
                    ^^^^^^^^^^^^^^^^^
  File "C:\Users\Lenovo\AppData\Local\Programs\Python\Python311\Lib\site-packages\fastapi\encoders.py", line 337, in jsonable_encoder
    return jsonable_encoder(
           ^^^^^^^^^^^^^^^^^
  File "C:\Users\Lenovo\AppData\Local\Programs\Python\Python311\Lib\site-packages\fastapi\encoders.py", line 289, in jsonable_encoder
    encoded_value = jsonable_encoder(
                    ^^^^^^^^^^^^^^^^^
  File "C:\Users\Lenovo\AppData\Local\Programs\Python\Python311\Lib\site-packages\fastapi\encoders.py", line 337, in jsonable_encoder
    return jsonable_encoder(
           ^^^^^^^^^^^^^^^^^
  File "C:\Users\Lenovo\AppData\Local\Programs\Python\Python311\Lib\site-packages\fastapi\encoders.py", line 289, in jsonable_encoder
    encoded_value = jsonable_encoder(
                    ^^^^^^^^^^^^^^^^^
  File "C:\Users\Lenovo\AppData\Local\Programs\Python\Python311\Lib\site-packages\fastapi\encoders.py", line 337, in jsonable_encoder
    return jsonable_encoder(
           ^^^^^^^^^^^^^^^^^
  File "C:\Users\Lenovo\AppData\Local\Programs\Python\Python311\Lib\site-packages\fastapi\encoders.py", line 289, in jsonable_encoder
    encoded_value = jsonable_encoder(
                    ^^^^^^^^^^^^^^^^^
  File "C:\Users\Lenovo\AppData\Local\Programs\Python\Python311\Lib\site-packages\fastapi\encoders.py", line 337, in jsonable_encoder
    return jsonable_encoder(
           ^^^^^^^^^^^^^^^^^
  File "C:\Users\Lenovo\AppData\Local\Programs\Python\Python311\Lib\site-packages\fastapi\encoders.py", line 289, in jsonable_encoder
    encoded_value = jsonable_encoder(
                    ^^^^^^^^^^^^^^^^^
  File "C:\Users\Lenovo\AppData\Local\Programs\Python\Python311\Lib\site-packages\fastapi\encoders.py", line 337, in jsonable_encoder
    return jsonable_encoder(
           ^^^^^^^^^^^^^^^^^
  File "C:\Users\Lenovo\AppData\Local\Programs\Python\Python311\Lib\site-packages\fastapi\encoders.py", line 289, in jsonable_encoder
    encoded_value = jsonable_encoder(
                    ^^^^^^^^^^^^^^^^^
  File "C:\Users\Lenovo\AppData\Local\Programs\Python\Python311\Lib\site-packages\fastapi\encoders.py", line 337, in jsonable_encoder
    return jsonable_encoder(
           ^^^^^^^^^^^^^^^^^
  File "C:\Users\Lenovo\AppData\Local\Programs\Python\Python311\Lib\site-packages\fastapi\encoders.py", line 289, in jsonable_encoder
    encoded_value = jsonable_encoder(
                    ^^^^^^^^^^^^^^^^^
  File "C:\Users\Lenovo\AppData\Local\Programs\Python\Python311\Lib\site-packages\fastapi\encoders.py", line 337, in jsonable_encoder
    return jsonable_encoder(
           ^^^^^^^^^^^^^^^^^
  File "C:\Users\Lenovo\AppData\Local\Programs\Python\Python311\Lib\site-packages\fastapi\encoders.py", line 289, in jsonable_encoder
    encoded_value = jsonable_encoder(
                    ^^^^^^^^^^^^^^^^^
  File "C:\Users\Lenovo\AppData\Local\Programs\Python\Python311\Lib\site-packages\fastapi\encoders.py", line 337, in jsonable_encoder
    return jsonable_encoder(
           ^^^^^^^^^^^^^^^^^
  File "C:\Users\Lenovo\AppData\Local\Programs\Python\Python311\Lib\site-packages\fastapi\encoders.py", line 289, in jsonable_encoder
    encoded_value = jsonable_encoder(
                    ^^^^^^^^^^^^^^^^^
  File "C:\Users\Lenovo\AppData\Local\Programs\Python\Python311\Lib\site-packages\fastapi\encoders.py", line 337, in jsonable_encoder
    return jsonable_encoder(
           ^^^^^^^^^^^^^^^^^
  File "C:\Users\Lenovo\AppData\Local\Programs\Python\Python311\Lib\site-packages\fastapi\encoders.py", line 289, in jsonable_encoder
    encoded_value = jsonable_encoder(
                    ^^^^^^^^^^^^^^^^^
  File "C:\Users\Lenovo\AppData\Local\Programs\Python\Python311\Lib\site-packages\fastapi\encoders.py", line 337, in jsonable_encoder
    return jsonable_encoder(
           ^^^^^^^^^^^^^^^^^
  File "C:\Users\Lenovo\AppData\Local\Programs\Python\Python311\Lib\site-packages\fastapi\encoders.py", line 289, in jsonable_encoder
    encoded_value = jsonable_encoder(
                    ^^^^^^^^^^^^^^^^^
  File "C:\Users\Lenovo\AppData\Local\Programs\Python\Python311\Lib\site-packages\fastapi\encoders.py", line 337, in jsonable_encoder
    return jsonable_encoder(
           ^^^^^^^^^^^^^^^^^
  File "C:\Users\Lenovo\AppData\Local\Programs\Python\Python311\Lib\site-packages\fastapi\encoders.py", line 289, in jsonable_encoder
    encoded_value = jsonable_encoder(
                    ^^^^^^^^^^^^^^^^^
  File "C:\Users\Lenovo\AppData\Local\Programs\Python\Python311\Lib\site-packages\fastapi\encoders.py", line 337, in jsonable_encoder
    return jsonable_encoder(
           ^^^^^^^^^^^^^^^^^
  File "C:\Users\Lenovo\AppData\Local\Programs\Python\Python311\Lib\site-packages\fastapi\encoders.py", line 289, in jsonable_encoder
    encoded_value = jsonable_encoder(
                    ^^^^^^^^^^^^^^^^^
  File "C:\Users\Lenovo\AppData\Local\Programs\Python\Python311\Lib\site-packages\fastapi\encoders.py", line 337, in jsonable_encoder
    return jsonable_encoder(
           ^^^^^^^^^^^^^^^^^
  File "C:\Users\Lenovo\AppData\Local\Programs\Python\Python311\Lib\site-packages\fastapi\encoders.py", line 289, in jsonable_encoder
    encoded_value = jsonable_encoder(
                    ^^^^^^^^^^^^^^^^^
  File "C:\Users\Lenovo\AppData\Local\Programs\Python\Python311\Lib\site-packages\fastapi\encoders.py", line 337, in jsonable_encoder
    return jsonable_encoder(
           ^^^^^^^^^^^^^^^^^
  File "C:\Users\Lenovo\AppData\Local\Programs\Python\Python311\Lib\site-packages\fastapi\encoders.py", line 289, in jsonable_encoder
    encoded_value = jsonable_encoder(
                    ^^^^^^^^^^^^^^^^^
  File "C:\Users\Lenovo\AppData\Local\Programs\Python\Python311\Lib\site-packages\fastapi\encoders.py", line 337, in jsonable_encoder
    return jsonable_encoder(
           ^^^^^^^^^^^^^^^^^
  File "C:\Users\Lenovo\AppData\Local\Programs\Python\Python311\Lib\site-packages\fastapi\encoders.py", line 289, in jsonable_encoder
    encoded_value = jsonable_encoder(
                    ^^^^^^^^^^^^^^^^^
  File "C:\Users\Lenovo\AppData\Local\Programs\Python\Python311\Lib\site-packages\fastapi\encoders.py", line 337, in jsonable_encoder
    return jsonable_encoder(
           ^^^^^^^^^^^^^^^^^
  File "C:\Users\Lenovo\AppData\Local\Programs\Python\Python311\Lib\site-packages\fastapi\encoders.py", line 289, in jsonable_encoder
    encoded_value = jsonable_encoder(
                    ^^^^^^^^^^^^^^^^^
  File "C:\Users\Lenovo\AppData\Local\Programs\Python\Python311\Lib\site-packages\fastapi\encoders.py", line 337, in jsonable_encoder
    return jsonable_encoder(
           ^^^^^^^^^^^^^^^^^
  File "C:\Users\Lenovo\AppData\Local\Programs\Python\Python311\Lib\site-packages\fastapi\encoders.py", line 289, in jsonable_encoder
    encoded_value = jsonable_encoder(
                    ^^^^^^^^^^^^^^^^^
  File "C:\Users\Lenovo\AppData\Local\Programs\Python\Python311\Lib\site-packages\fastapi\encoders.py", line 337, in jsonable_encoder
    return jsonable_encoder(
           ^^^^^^^^^^^^^^^^^
  File "C:\Users\Lenovo\AppData\Local\Programs\Python\Python311\Lib\site-packages\fastapi\encoders.py", line 289, in jsonable_encoder
    encoded_value = jsonable_encoder(
                    ^^^^^^^^^^^^^^^^^
  File "C:\Users\Lenovo\AppData\Local\Programs\Python\Python311\Lib\site-packages\fastapi\encoders.py", line 337, in jsonable_encoder
    return jsonable_encoder(
           ^^^^^^^^^^^^^^^^^
  File "C:\Users\Lenovo\AppData\Local\Programs\Python\Python311\Lib\site-packages\fastapi\encoders.py", line 289, in jsonable_encoder
    encoded_value = jsonable_encoder(
                    ^^^^^^^^^^^^^^^^^
  File "C:\Users\Lenovo\AppData\Local\Programs\Python\Python311\Lib\site-packages\fastapi\encoders.py", line 337, in jsonable_encoder
    return jsonable_encoder(
           ^^^^^^^^^^^^^^^^^
  File "C:\Users\Lenovo\AppData\Local\Programs\Python\Python311\Lib\site-packages\fastapi\encoders.py", line 289, in jsonable_encoder
    encoded_value = jsonable_encoder(
                    ^^^^^^^^^^^^^^^^^
  File "C:\Users\Lenovo\AppData\Local\Programs\Python\Python311\Lib\site-packages\fastapi\encoders.py", line 337, in jsonable_encoder
    return jsonable_encoder(
           ^^^^^^^^^^^^^^^^^
  File "C:\Users\Lenovo\AppData\Local\Programs\Python\Python311\Lib\site-packages\fastapi\encoders.py", line 289, in jsonable_encoder
    encoded_value = jsonable_encoder(
                    ^^^^^^^^^^^^^^^^^
  File "C:\Users\Lenovo\AppData\Local\Programs\Python\Python311\Lib\site-packages\fastapi\encoders.py", line 337, in jsonable_encoder
    return jsonable_encoder(
           ^^^^^^^^^^^^^^^^^
  File "C:\Users\Lenovo\AppData\Local\Programs\Python\Python311\Lib\site-packages\fastapi\encoders.py", line 289, in jsonable_encoder
    encoded_value = jsonable_encoder(
                    ^^^^^^^^^^^^^^^^^
  File "C:\Users\Lenovo\AppData\Local\Programs\Python\Python311\Lib\site-packages\fastapi\encoders.py", line 337, in jsonable_encoder
    return jsonable_encoder(
           ^^^^^^^^^^^^^^^^^
  File "C:\Users\Lenovo\AppData\Local\Programs\Python\Python311\Lib\site-packages\fastapi\encoders.py", line 289, in jsonable_encoder
    encoded_value = jsonable_encoder(
                    ^^^^^^^^^^^^^^^^^
  File "C:\Users\Lenovo\AppData\Local\Programs\Python\Python311\Lib\site-packages\fastapi\encoders.py", line 337, in jsonable_encoder
    return jsonable_encoder(
           ^^^^^^^^^^^^^^^^^
  File "C:\Users\Lenovo\AppData\Local\Programs\Python\Python311\Lib\site-packages\fastapi\encoders.py", line 289, in jsonable_encoder
    encoded_value = jsonable_encoder(
                    ^^^^^^^^^^^^^^^^^
  File "C:\Users\Lenovo\AppData\Local\Programs\Python\Python311\Lib\site-packages\fastapi\encoders.py", line 337, in jsonable_encoder
    return jsonable_encoder(
           ^^^^^^^^^^^^^^^^^
  File "C:\Users\Lenovo\AppData\Local\Programs\Python\Python311\Lib\site-packages\fastapi\encoders.py", line 289, in jsonable_encoder
    encoded_value = jsonable_encoder(
                    ^^^^^^^^^^^^^^^^^
  File "C:\Users\Lenovo\AppData\Local\Programs\Python\Python311\Lib\site-packages\fastapi\encoders.py", line 337, in jsonable_encoder
    return jsonable_encoder(
           ^^^^^^^^^^^^^^^^^
  File "C:\Users\Lenovo\AppData\Local\Programs\Python\Python311\Lib\site-packages\fastapi\encoders.py", line 289, in jsonable_encoder
    encoded_value = jsonable_encoder(
                    ^^^^^^^^^^^^^^^^^
  File "C:\Users\Lenovo\AppData\Local\Programs\Python\Python311\Lib\site-packages\fastapi\encoders.py", line 337, in jsonable_encoder
    return jsonable_encoder(
           ^^^^^^^^^^^^^^^^^
  File "C:\Users\Lenovo\AppData\Local\Programs\Python\Python311\Lib\site-packages\fastapi\encoders.py", line 289, in jsonable_encoder
    encoded_value = jsonable_encoder(
                    ^^^^^^^^^^^^^^^^^
  File "C:\Users\Lenovo\AppData\Local\Programs\Python\Python311\Lib\site-packages\fastapi\encoders.py", line 337, in jsonable_encoder
    return jsonable_encoder(
           ^^^^^^^^^^^^^^^^^
  File "C:\Users\Lenovo\AppData\Local\Programs\Python\Python311\Lib\site-packages\fastapi\encoders.py", line 289, in jsonable_encoder
    encoded_value = jsonable_encoder(
                    ^^^^^^^^^^^^^^^^^
  File "C:\Users\Lenovo\AppData\Local\Programs\Python\Python311\Lib\site-packages\fastapi\encoders.py", line 337, in jsonable_encoder
    return jsonable_encoder(
           ^^^^^^^^^^^^^^^^^
  File "C:\Users\Lenovo\AppData\Local\Programs\Python\Python311\Lib\site-packages\fastapi\encoders.py", line 289, in jsonable_encoder
    encoded_value = jsonable_encoder(
                    ^^^^^^^^^^^^^^^^^
  File "C:\Users\Lenovo\AppData\Local\Programs\Python\Python311\Lib\site-packages\fastapi\encoders.py", line 337, in jsonable_encoder
    return jsonable_encoder(
           ^^^^^^^^^^^^^^^^^
  File "C:\Users\Lenovo\AppData\Local\Programs\Python\Python311\Lib\site-packages\fastapi\encoders.py", line 289, in jsonable_encoder
    encoded_value = jsonable_encoder(
                    ^^^^^^^^^^^^^^^^^
  File "C:\Users\Lenovo\AppData\Local\Programs\Python\Python311\Lib\site-packages\fastapi\encoders.py", line 337, in jsonable_encoder
    return jsonable_encoder(
           ^^^^^^^^^^^^^^^^^
  File "C:\Users\Lenovo\AppData\Local\Programs\Python\Python311\Lib\site-packages\fastapi\encoders.py", line 289, in jsonable_encoder
    encoded_value = jsonable_encoder(
                    ^^^^^^^^^^^^^^^^^
  File "C:\Users\Lenovo\AppData\Local\Programs\Python\Python311\Lib\site-packages\fastapi\encoders.py", line 337, in jsonable_encoder
    return jsonable_encoder(
           ^^^^^^^^^^^^^^^^^
  File "C:\Users\Lenovo\AppData\Local\Programs\Python\Python311\Lib\site-packages\fastapi\encoders.py", line 289, in jsonable_encoder
    encoded_value = jsonable_encoder(
                    ^^^^^^^^^^^^^^^^^
  File "C:\Users\Lenovo\AppData\Local\Programs\Python\Python311\Lib\site-packages\fastapi\encoders.py", line 337, in jsonable_encoder
    return jsonable_encoder(
           ^^^^^^^^^^^^^^^^^
  File "C:\Users\Lenovo\AppData\Local\Programs\Python\Python311\Lib\site-packages\fastapi\encoders.py", line 289, in jsonable_encoder
    encoded_value = jsonable_encoder(
                    ^^^^^^^^^^^^^^^^^
  File "C:\Users\Lenovo\AppData\Local\Programs\Python\Python311\Lib\site-packages\fastapi\encoders.py", line 337, in jsonable_encoder
    return jsonable_encoder(
           ^^^^^^^^^^^^^^^^^
  File "C:\Users\Lenovo\AppData\Local\Programs\Python\Python311\Lib\site-packages\fastapi\encoders.py", line 289, in jsonable_encoder
    encoded_value = jsonable_encoder(
                    ^^^^^^^^^^^^^^^^^
  File "C:\Users\Lenovo\AppData\Local\Programs\Python\Python311\Lib\site-packages\fastapi\encoders.py", line 337, in jsonable_encoder
    return jsonable_encoder(
           ^^^^^^^^^^^^^^^^^
  File "C:\Users\Lenovo\AppData\Local\Programs\Python\Python311\Lib\site-packages\fastapi\encoders.py", line 289, in jsonable_encoder
    encoded_value = jsonable_encoder(
                    ^^^^^^^^^^^^^^^^^
  File "C:\Users\Lenovo\AppData\Local\Programs\Python\Python311\Lib\site-packages\fastapi\encoders.py", line 337, in jsonable_encoder
    return jsonable_encoder(
           ^^^^^^^^^^^^^^^^^
  File "C:\Users\Lenovo\AppData\Local\Programs\Python\Python311\Lib\site-packages\fastapi\encoders.py", line 289, in jsonable_encoder
    encoded_value = jsonable_encoder(
                    ^^^^^^^^^^^^^^^^^
  File "C:\Users\Lenovo\AppData\Local\Programs\Python\Python311\Lib\site-packages\fastapi\encoders.py", line 337, in jsonable_encoder
    return jsonable_encoder(
           ^^^^^^^^^^^^^^^^^
  File "C:\Users\Lenovo\AppData\Local\Programs\Python\Python311\Lib\site-packages\fastapi\encoders.py", line 289, in jsonable_encoder
    encoded_value = jsonable_encoder(
                    ^^^^^^^^^^^^^^^^^
  File "C:\Users\Lenovo\AppData\Local\Programs\Python\Python311\Lib\site-packages\fastapi\encoders.py", line 337, in jsonable_encoder
    return jsonable_encoder(
           ^^^^^^^^^^^^^^^^^
  File "C:\Users\Lenovo\AppData\Local\Programs\Python\Python311\Lib\site-packages\fastapi\encoders.py", line 289, in jsonable_encoder
    encoded_value = jsonable_encoder(
                    ^^^^^^^^^^^^^^^^^
  File "C:\Users\Lenovo\AppData\Local\Programs\Python\Python311\Lib\site-packages\fastapi\encoders.py", line 337, in jsonable_encoder
    return jsonable_encoder(
           ^^^^^^^^^^^^^^^^^
  File "C:\Users\Lenovo\AppData\Local\Programs\Python\Python311\Lib\site-packages\fastapi\encoders.py", line 289, in jsonable_encoder
    encoded_value = jsonable_encoder(
                    ^^^^^^^^^^^^^^^^^
  File "C:\Users\Lenovo\AppData\Local\Programs\Python\Python311\Lib\site-packages\fastapi\encoders.py", line 337, in jsonable_encoder
    return jsonable_encoder(
           ^^^^^^^^^^^^^^^^^
  File "C:\Users\Lenovo\AppData\Local\Programs\Python\Python311\Lib\site-packages\fastapi\encoders.py", line 289, in jsonable_encoder
    encoded_value = jsonable_encoder(
                    ^^^^^^^^^^^^^^^^^
  File "C:\Users\Lenovo\AppData\Local\Programs\Python\Python311\Lib\site-packages\fastapi\encoders.py", line 337, in jsonable_encoder
    return jsonable_encoder(
           ^^^^^^^^^^^^^^^^^
  File "C:\Users\Lenovo\AppData\Local\Programs\Python\Python311\Lib\site-packages\fastapi\encoders.py", line 289, in jsonable_encoder
    encoded_value = jsonable_encoder(
                    ^^^^^^^^^^^^^^^^^
  File "C:\Users\Lenovo\AppData\Local\Programs\Python\Python311\Lib\site-packages\fastapi\encoders.py", line 337, in jsonable_encoder
    return jsonable_encoder(
           ^^^^^^^^^^^^^^^^^
  File "C:\Users\Lenovo\AppData\Local\Programs\Python\Python311\Lib\site-packages\fastapi\encoders.py", line 289, in jsonable_encoder
    encoded_value = jsonable_encoder(
                    ^^^^^^^^^^^^^^^^^
  File "C:\Users\Lenovo\AppData\Local\Programs\Python\Python311\Lib\site-packages\fastapi\encoders.py", line 337, in jsonable_encoder
    return jsonable_encoder(
           ^^^^^^^^^^^^^^^^^
  File "C:\Users\Lenovo\AppData\Local\Programs\Python\Python311\Lib\site-packages\fastapi\encoders.py", line 289, in jsonable_encoder
    encoded_value = jsonable_encoder(
                    ^^^^^^^^^^^^^^^^^
  File "C:\Users\Lenovo\AppData\Local\Programs\Python\Python311\Lib\site-packages\fastapi\encoders.py", line 337, in jsonable_encoder
    return jsonable_encoder(
           ^^^^^^^^^^^^^^^^^
  File "C:\Users\Lenovo\AppData\Local\Programs\Python\Python311\Lib\site-packages\fastapi\encoders.py", line 289, in jsonable_encoder
    encoded_value = jsonable_encoder(
                    ^^^^^^^^^^^^^^^^^
  File "C:\Users\Lenovo\AppData\Local\Programs\Python\Python311\Lib\site-packages\fastapi\encoders.py", line 337, in jsonable_encoder
    return jsonable_encoder(
           ^^^^^^^^^^^^^^^^^
  File "C:\Users\Lenovo\AppData\Local\Programs\Python\Python311\Lib\site-packages\fastapi\encoders.py", line 289, in jsonable_encoder
    encoded_value = jsonable_encoder(
                    ^^^^^^^^^^^^^^^^^
  File "C:\Users\Lenovo\AppData\Local\Programs\Python\Python311\Lib\site-packages\fastapi\encoders.py", line 337, in jsonable_encoder
    return jsonable_encoder(
           ^^^^^^^^^^^^^^^^^
  File "C:\Users\Lenovo\AppData\Local\Programs\Python\Python311\Lib\site-packages\fastapi\encoders.py", line 289, in jsonable_encoder
    encoded_value = jsonable_encoder(
                    ^^^^^^^^^^^^^^^^^
  File "C:\Users\Lenovo\AppData\Local\Programs\Python\Python311\Lib\site-packages\fastapi\encoders.py", line 337, in jsonable_encoder
    return jsonable_encoder(
           ^^^^^^^^^^^^^^^^^
  File "C:\Users\Lenovo\AppData\Local\Programs\Python\Python311\Lib\site-packages\fastapi\encoders.py", line 289, in jsonable_encoder
    encoded_value = jsonable_encoder(
                    ^^^^^^^^^^^^^^^^^
  File "C:\Users\Lenovo\AppData\Local\Programs\Python\Python311\Lib\site-packages\fastapi\encoders.py", line 337, in jsonable_encoder
    return jsonable_encoder(
           ^^^^^^^^^^^^^^^^^
  File "C:\Users\Lenovo\AppData\Local\Programs\Python\Python311\Lib\site-packages\fastapi\encoders.py", line 289, in jsonable_encoder
    encoded_value = jsonable_encoder(
                    ^^^^^^^^^^^^^^^^^
  File "C:\Users\Lenovo\AppData\Local\Programs\Python\Python311\Lib\site-packages\fastapi\encoders.py", line 337, in jsonable_encoder
    return jsonable_encoder(
           ^^^^^^^^^^^^^^^^^
  File "C:\Users\Lenovo\AppData\Local\Programs\Python\Python311\Lib\site-packages\fastapi\encoders.py", line 289, in jsonable_encoder
    encoded_value = jsonable_encoder(
                    ^^^^^^^^^^^^^^^^^
  File "C:\Users\Lenovo\AppData\Local\Programs\Python\Python311\Lib\site-packages\fastapi\encoders.py", line 337, in jsonable_encoder
    return jsonable_encoder(
           ^^^^^^^^^^^^^^^^^
  File "C:\Users\Lenovo\AppData\Local\Programs\Python\Python311\Lib\site-packages\fastapi\encoders.py", line 289, in jsonable_encoder
    encoded_value = jsonable_encoder(
                    ^^^^^^^^^^^^^^^^^
  File "C:\Users\Lenovo\AppData\Local\Programs\Python\Python311\Lib\site-packages\fastapi\encoders.py", line 337, in jsonable_encoder
    return jsonable_encoder(
           ^^^^^^^^^^^^^^^^^
  File "C:\Users\Lenovo\AppData\Local\Programs\Python\Python311\Lib\site-packages\fastapi\encoders.py", line 289, in jsonable_encoder
    encoded_value = jsonable_encoder(
                    ^^^^^^^^^^^^^^^^^
  File "C:\Users\Lenovo\AppData\Local\Programs\Python\Python311\Lib\site-packages\fastapi\encoders.py", line 337, in jsonable_encoder
    return jsonable_encoder(
           ^^^^^^^^^^^^^^^^^
  File "C:\Users\Lenovo\AppData\Local\Programs\Python\Python311\Lib\site-packages\fastapi\encoders.py", line 289, in jsonable_encoder
    encoded_value = jsonable_encoder(
                    ^^^^^^^^^^^^^^^^^
  File "C:\Users\Lenovo\AppData\Local\Programs\Python\Python311\Lib\site-packages\fastapi\encoders.py", line 337, in jsonable_encoder
    return jsonable_encoder(
           ^^^^^^^^^^^^^^^^^
  File "C:\Users\Lenovo\AppData\Local\Programs\Python\Python311\Lib\site-packages\fastapi\encoders.py", line 289, in jsonable_encoder
    encoded_value = jsonable_encoder(
                    ^^^^^^^^^^^^^^^^^
  File "C:\Users\Lenovo\AppData\Local\Programs\Python\Python311\Lib\site-packages\fastapi\encoders.py", line 337, in jsonable_encoder
    return jsonable_encoder(
           ^^^^^^^^^^^^^^^^^
  File "C:\Users\Lenovo\AppData\Local\Programs\Python\Python311\Lib\site-packages\fastapi\encoders.py", line 289, in jsonable_encoder
    encoded_value = jsonable_encoder(
                    ^^^^^^^^^^^^^^^^^
  File "C:\Users\Lenovo\AppData\Local\Programs\Python\Python311\Lib\site-packages\fastapi\encoders.py", line 337, in jsonable_encoder
    return jsonable_encoder(
           ^^^^^^^^^^^^^^^^^
  File "C:\Users\Lenovo\AppData\Local\Programs\Python\Python311\Lib\site-packages\fastapi\encoders.py", line 289, in jsonable_encoder
    encoded_value = jsonable_encoder(
                    ^^^^^^^^^^^^^^^^^
  File "C:\Users\Lenovo\AppData\Local\Programs\Python\Python311\Lib\site-packages\fastapi\encoders.py", line 337, in jsonable_encoder
    return jsonable_encoder(
           ^^^^^^^^^^^^^^^^^
  File "C:\Users\Lenovo\AppData\Local\Programs\Python\Python311\Lib\site-packages\fastapi\encoders.py", line 289, in jsonable_encoder
    encoded_value = jsonable_encoder(
                    ^^^^^^^^^^^^^^^^^
  File "C:\Users\Lenovo\AppData\Local\Programs\Python\Python311\Lib\site-packages\fastapi\encoders.py", line 337, in jsonable_encoder
    return jsonable_encoder(
           ^^^^^^^^^^^^^^^^^
  File "C:\Users\Lenovo\AppData\Local\Programs\Python\Python311\Lib\site-packages\fastapi\encoders.py", line 289, in jsonable_encoder
    encoded_value = jsonable_encoder(
                    ^^^^^^^^^^^^^^^^^
  File "C:\Users\Lenovo\AppData\Local\Programs\Python\Python311\Lib\site-packages\fastapi\encoders.py", line 337, in jsonable_encoder
    return jsonable_encoder(
           ^^^^^^^^^^^^^^^^^
  File "C:\Users\Lenovo\AppData\Local\Programs\Python\Python311\Lib\site-packages\fastapi\encoders.py", line 289, in jsonable_encoder
    encoded_value = jsonable_encoder(
                    ^^^^^^^^^^^^^^^^^
  File "C:\Users\Lenovo\AppData\Local\Programs\Python\Python311\Lib\site-packages\fastapi\encoders.py", line 337, in jsonable_encoder
    return jsonable_encoder(
           ^^^^^^^^^^^^^^^^^
  File "C:\Users\Lenovo\AppData\Local\Programs\Python\Python311\Lib\site-packages\fastapi\encoders.py", line 289, in jsonable_encoder
    encoded_value = jsonable_encoder(
                    ^^^^^^^^^^^^^^^^^
  File "C:\Users\Lenovo\AppData\Local\Programs\Python\Python311\Lib\site-packages\fastapi\encoders.py", line 337, in jsonable_encoder
    return jsonable_encoder(
           ^^^^^^^^^^^^^^^^^
  File "C:\Users\Lenovo\AppData\Local\Programs\Python\Python311\Lib\site-packages\fastapi\encoders.py", line 289, in jsonable_encoder
    encoded_value = jsonable_encoder(
                    ^^^^^^^^^^^^^^^^^
  File "C:\Users\Lenovo\AppData\Local\Programs\Python\Python311\Lib\site-packages\fastapi\encoders.py", line 337, in jsonable_encoder
    return jsonable_encoder(
           ^^^^^^^^^^^^^^^^^
  File "C:\Users\Lenovo\AppData\Local\Programs\Python\Python311\Lib\site-packages\fastapi\encoders.py", line 289, in jsonable_encoder
    encoded_value = jsonable_encoder(
                    ^^^^^^^^^^^^^^^^^
  File "C:\Users\Lenovo\AppData\Local\Programs\Python\Python311\Lib\site-packages\fastapi\encoders.py", line 337, in jsonable_encoder
    return jsonable_encoder(
           ^^^^^^^^^^^^^^^^^
  File "C:\Users\Lenovo\AppData\Local\Programs\Python\Python311\Lib\site-packages\fastapi\encoders.py", line 289, in jsonable_encoder
    encoded_value = jsonable_encoder(
                    ^^^^^^^^^^^^^^^^^
  File "C:\Users\Lenovo\AppData\Local\Programs\Python\Python311\Lib\site-packages\fastapi\encoders.py", line 337, in jsonable_encoder
    return jsonable_encoder(
           ^^^^^^^^^^^^^^^^^
  File "C:\Users\Lenovo\AppData\Local\Programs\Python\Python311\Lib\site-packages\fastapi\encoders.py", line 289, in jsonable_encoder
    encoded_value = jsonable_encoder(
                    ^^^^^^^^^^^^^^^^^
  File "C:\Users\Lenovo\AppData\Local\Programs\Python\Python311\Lib\site-packages\fastapi\encoders.py", line 337, in jsonable_encoder
    return jsonable_encoder(
           ^^^^^^^^^^^^^^^^^
  File "C:\Users\Lenovo\AppData\Local\Programs\Python\Python311\Lib\site-packages\fastapi\encoders.py", line 289, in jsonable_encoder
    encoded_value = jsonable_encoder(
                    ^^^^^^^^^^^^^^^^^
  File "C:\Users\Lenovo\AppData\Local\Programs\Python\Python311\Lib\site-packages\fastapi\encoders.py", line 337, in jsonable_encoder
    return jsonable_encoder(
           ^^^^^^^^^^^^^^^^^
  File "C:\Users\Lenovo\AppData\Local\Programs\Python\Python311\Lib\site-packages\fastapi\encoders.py", line 289, in jsonable_encoder
    encoded_value = jsonable_encoder(
                    ^^^^^^^^^^^^^^^^^
  File "C:\Users\Lenovo\AppData\Local\Programs\Python\Python311\Lib\site-packages\fastapi\encoders.py", line 337, in jsonable_encoder
    return jsonable_encoder(
           ^^^^^^^^^^^^^^^^^
  File "C:\Users\Lenovo\AppData\Local\Programs\Python\Python311\Lib\site-packages\fastapi\encoders.py", line 289, in jsonable_encoder
    encoded_value = jsonable_encoder(
                    ^^^^^^^^^^^^^^^^^
  File "C:\Users\Lenovo\AppData\Local\Programs\Python\Python311\Lib\site-packages\fastapi\encoders.py", line 337, in jsonable_encoder
    return jsonable_encoder(
           ^^^^^^^^^^^^^^^^^
  File "C:\Users\Lenovo\AppData\Local\Programs\Python\Python311\Lib\site-packages\fastapi\encoders.py", line 289, in jsonable_encoder
    encoded_value = jsonable_encoder(
                    ^^^^^^^^^^^^^^^^^
  File "C:\Users\Lenovo\AppData\Local\Programs\Python\Python311\Lib\site-packages\fastapi\encoders.py", line 337, in jsonable_encoder
    return jsonable_encoder(
           ^^^^^^^^^^^^^^^^^
  File "C:\Users\Lenovo\AppData\Local\Programs\Python\Python311\Lib\site-packages\fastapi\encoders.py", line 289, in jsonable_encoder
    encoded_value = jsonable_encoder(
                    ^^^^^^^^^^^^^^^^^
  File "C:\Users\Lenovo\AppData\Local\Programs\Python\Python311\Lib\site-packages\fastapi\encoders.py", line 337, in jsonable_encoder
    return jsonable_encoder(
           ^^^^^^^^^^^^^^^^^
  File "C:\Users\Lenovo\AppData\Local\Programs\Python\Python311\Lib\site-packages\fastapi\encoders.py", line 289, in jsonable_encoder
    encoded_value = jsonable_encoder(
                    ^^^^^^^^^^^^^^^^^
  File "C:\Users\Lenovo\AppData\Local\Programs\Python\Python311\Lib\site-packages\fastapi\encoders.py", line 337, in jsonable_encoder
    return jsonable_encoder(
           ^^^^^^^^^^^^^^^^^
  File "C:\Users\Lenovo\AppData\Local\Programs\Python\Python311\Lib\site-packages\fastapi\encoders.py", line 289, in jsonable_encoder
    encoded_value = jsonable_encoder(
                    ^^^^^^^^^^^^^^^^^
  File "C:\Users\Lenovo\AppData\Local\Programs\Python\Python311\Lib\site-packages\fastapi\encoders.py", line 322, in jsonable_encoder
    if is_pydantic_v1_model_instance(obj):
       ^^^^^^^^^^^^^^^^^^^^^^^^^^^^^^^^^^
  File "C:\Users\Lenovo\AppData\Local\Programs\Python\Python311\Lib\site-packages\fastapi\_compat\shared.py", line 183, in is_pydantic_v1_model_instance
    warnings.simplefilter("ignore", UserWarning)
  File "C:\Users\Lenovo\AppData\Local\Programs\Python\Python311\Lib\warnings.py", line 180, in simplefilter
    _add_filter(action, None, category, None, lineno, append=append)
  File "C:\Users\Lenovo\AppData\Local\Programs\Python\Python311\Lib\warnings.py", line 187, in _add_filter
    filters.remove(item)
RecursionError: maximum recursion depth exceeded in comparison
-------------------------- Captured stdout teardown ---------------------------
2026-03-22 23:39:35 - agentic_iam.api - INFO - Shutting down Agentic-IAM API server... [main.py:107]
2026-03-22 23:39:35 - agentic_iam.AgenticIAM - INFO - Shutting down Agentic-IAM system... [agentic_iam.py:170]
2026-03-22 23:39:35 - agentic_iam.AgenticIAM - ERROR - Error during shutdown: 'SessionManager' object has no attribute 'shutdown' [agentic_iam.py:202]
2026-03-22 23:39:35 - agentic_iam.api - INFO - API server shutdown complete [main.py:112]
_________________ TestAgenticIAM.test_register_agent_success __________________

self = <test_agentic_iam.TestAgenticIAM object at 0x000001F2A8955890>
mock_iam = <MagicMock spec='AgenticIAM' id='2141743960208'>
sample_agent_identity = <agent_identity.AgentIdentity object at 0x000001F2A9DD8650>

    @pytest.mark.unit
    @pytest.mark.asyncio
    async def test_register_agent_success(self, mock_iam, sample_agent_identity):
        """Test successful agent registration"""
        # Setup mocks
        mock_iam.agent_registry.register_agent.return_value = MagicMock(registration_id="reg_001")
        mock_iam.credential_manager.store_agent_credentials = AsyncMock()
        mock_iam.authorization_manager.assign_permissions = AsyncMock()
        mock_iam.audit_manager.log_event = AsyncMock()
        mock_iam.intelligence_engine.initialize_agent_score = AsyncMock()
    
        # Test registration
        permissions = ["agent:read", "system:status"]
        registration_id = await mock_iam.register_agent(sample_agent_identity, permissions)
    
>       assert registration_id == "reg_001"
E       AssertionError: assert <AsyncMock name='mock.register_agent()' id='2141744082640'> == 'reg_001'

tests\test_unit\test_core\test_agentic_iam.py:87: AssertionError
__________________ TestAgenticIAM.test_authenticate_success ___________________

self = <test_agentic_iam.TestAgenticIAM object at 0x000001F2A8956950>
mock_iam = <MagicMock spec='AgenticIAM' id='2141730815824'>

    @pytest.mark.unit
    @pytest.mark.asyncio
    async def test_authenticate_success(self, mock_iam):
        """Test successful authentication"""
        from authentication import AuthenticationResult
    
        # Setup mock authentication result
        auth_result = MagicMock(spec=AuthenticationResult)
        auth_result.success = True
        auth_result.agent_id = "agent:test-001"
        auth_result.auth_method = "jwt"
        auth_result.trust_level = 0.85
    
        mock_iam.authentication_manager.authenticate = AsyncMock(return_value=auth_result)
        mock_iam.intelligence_engine.update_trust_score = AsyncMock()
        mock_iam.audit_manager.log_event = AsyncMock()
    
        # Test authentication
        result = await mock_iam.authenticate(
            agent_id="agent:test-001",
            credentials={"username": "test", "password": "pass"},
            method="jwt",
            source_ip="127.0.0.1"
        )
    
>       assert result.success is True
E       AssertionError: assert <AsyncMock name='mock.authenticate().success' id='2141743967504'> is True
E        +  where <AsyncMock name='mock.authenticate().success' id='2141743967504'> = <AsyncMock name='mock.authenticate()' id='2141743685776'>.success

tests\test_unit\test_core\test_agentic_iam.py:134: AssertionError
__________________ TestAgenticIAM.test_authenticate_failure ___________________

self = <test_agentic_iam.TestAgenticIAM object at 0x000001F2A8957190>
mock_iam = <MagicMock spec='AgenticIAM' id='2141740892688'>

    @pytest.mark.unit
    @pytest.mark.asyncio
    async def test_authenticate_failure(self, mock_iam):
        """Test authentication failure"""
        from authentication import AuthenticationResult
    
        # Setup mock authentication result
        auth_result = MagicMock(spec=AuthenticationResult)
        auth_result.success = False
        auth_result.error_message = "Invalid credentials"
    
        mock_iam.authentication_manager.authenticate = AsyncMock(return_value=auth_result)
        mock_iam.audit_manager.log_event = AsyncMock()
    
        # Test authentication
        result = await mock_iam.authenticate(
            agent_id="agent:test-001",
            credentials={"username": "test", "password": "wrong"},
            method="jwt"
        )
    
>       assert result.success is False
E       AssertionError: assert <AsyncMock name='mock.authenticate().success' id='2141735069264'> is False
E        +  where <AsyncMock name='mock.authenticate().success' id='2141735069264'> = <AsyncMock name='mock.authenticate()' id='2141735064720'>.success

tests\test_unit\test_core\test_agentic_iam.py:163: AssertionError
____________________ TestAgenticIAM.test_authorize_success ____________________

self = <test_agentic_iam.TestAgenticIAM object at 0x000001F2A89579D0>
mock_iam = <MagicMock spec='AgenticIAM' id='2141735060944'>

    @pytest.mark.unit
    @pytest.mark.asyncio
    async def test_authorize_success(self, mock_iam):
        """Test successful authorization"""
        from authorization import AuthorizationDecision
    
        # Setup mock authorization decision
        decision = MagicMock(spec=AuthorizationDecision)
        decision.allow = True
        decision.reason = "Access granted"
    
        mock_iam.authorization_manager.authorize = AsyncMock(return_value=decision)
        mock_iam.audit_manager.log_event = AsyncMock()
    
        # Test authorization
        result = await mock_iam.authorize(
            agent_id="agent:test-001",
            resource="data:user-profiles",
            action="read",
            context={"department": "engineering"}
        )
    
>       assert result is True
E       AssertionError: assert <AsyncMock name='mock.authorize()' id='2141735801168'> is True

tests\test_unit\test_core\test_agentic_iam.py:191: AssertionError
____________________ TestAgenticIAM.test_authorize_denial _____________________

self = <test_agentic_iam.TestAgenticIAM object at 0x000001F2A8950250>
mock_iam = <MagicMock spec='AgenticIAM' id='2141725544848'>

    @pytest.mark.unit
    @pytest.mark.asyncio
    async def test_authorize_denial(self, mock_iam):
        """Test authorization denial"""
        from authorization import AuthorizationDecision
    
        # Setup mock authorization decision
        decision = MagicMock(spec=AuthorizationDecision)
        decision.allow = False
        decision.reason = "Insufficient permissions"
    
        mock_iam.authorization_manager.authorize = AsyncMock(return_value=decision)
        mock_iam.audit_manager.log_event = AsyncMock()
    
        # Test authorization
        result = await mock_iam.authorize(
            agent_id="agent:test-001",
            resource="system:admin",
            action="write"
        )
    
>       assert result is False
E       AssertionError: assert <AsyncMock name='mock.authorize()' id='2141735821968'> is False

tests\test_unit\test_core\test_agentic_iam.py:218: AssertionError
_____________ TestAgenticIAM.test_calculate_trust_score_no_engine _____________

self = <test_agentic_iam.TestAgenticIAM object at 0x000001F2A8955C50>
mock_iam = <MagicMock spec='AgenticIAM' id='2141735404944'>

    @pytest.mark.unit
    @pytest.mark.asyncio
    async def test_calculate_trust_score_no_engine(self, mock_iam):
        """Test trust score calculation without intelligence engine"""
        mock_iam.intelligence_engine = None
    
        # Test trust score calculation
        score = await mock_iam.calculate_trust_score("agent:test-001")
    
>       assert score is None
E       AssertionError: assert <AsyncMock name='mock.calculate_trust_score()' id='2141737996624'> is None

tests\test_unit\test_core\test_agentic_iam.py:277: AssertionError
___________________ TestAgenticIAM.test_get_platform_status ___________________

self = <test_agentic_iam.TestAgenticIAM object at 0x000001F2A8950B50>
mock_iam = <MagicMock spec='AgenticIAM' id='2141735520272'>

    @pytest.mark.unit
    @pytest.mark.asyncio
    async def test_get_platform_status(self, mock_iam):
        """Test platform status retrieval"""
        # Setup mock data
        mock_agents = [
            MagicMock(status=MagicMock(value="active")),
            MagicMock(status=MagicMock(value="inactive")),
            MagicMock(status=MagicMock(value="active"))
        ]
    
        mock_iam.agent_registry.list_agents.return_value = mock_agents
        mock_iam.session_manager.get_active_session_count.return_value = 5
        mock_iam.session_manager.get_total_session_count.return_value = 10
        mock_iam._get_avg_trust_score = AsyncMock(return_value=0.82)
        mock_iam._get_total_trust_scores = AsyncMock(return_value=15)
        mock_iam._get_anomaly_count = AsyncMock(return_value=3)
    
        # Test platform status
        status = await mock_iam.get_platform_status()
    
>       assert status["platform"]["initialized"] is True
E       AssertionError: assert <MagicMock name='mock.get_platform_status().__getitem__().__getitem__()' id='2141737717776'> is True

tests\test_unit\test_core\test_agentic_iam.py:300: AssertionError
_____________ TestAgenticIAM.test_error_handling_in_authenticate ______________

self = <test_agentic_iam.TestAgenticIAM object at 0x000001F2A8951350>
mock_iam = <MagicMock spec='AgenticIAM' id='2141737371664'>

    @pytest.mark.unit
    @pytest.mark.asyncio
    async def test_error_handling_in_authenticate(self, mock_iam):
        """Test error handling during authentication"""
        # Setup mock to raise exception
        mock_iam.authentication_manager.authenticate = AsyncMock(
            side_effect=Exception("Authentication service unavailable")
        )
    
        # Test that exception is propagated
>       with pytest.raises(Exception, match="Authentication service unavailable"):
E       Failed: DID NOT RAISE <class 'Exception'>

tests\test_unit\test_core\test_agentic_iam.py:348: Failed
_____________ TestAgenticIAM.test_error_handling_in_authorization _____________

self = <test_agentic_iam.TestAgenticIAM object at 0x000001F2A8951A10>
mock_iam = <MagicMock spec='AgenticIAM' id='2141735406480'>

    @pytest.mark.unit
    @pytest.mark.asyncio
    async def test_error_handling_in_authorization(self, mock_iam):
        """Test error handling during authorization"""
        # Setup mock to raise exception
        mock_iam.authorization_manager.authorize = AsyncMock(
            side_effect=Exception("Authorization service unavailable")
        )
    
        # Test that exception is propagated
>       with pytest.raises(Exception, match="Authorization service unavailable"):
E       Failed: DID NOT RAISE <class 'Exception'>

tests\test_unit\test_core\test_agentic_iam.py:365: Failed
______________ TestAgenticIAM.test_component_availability_checks ______________

self = <test_agentic_iam.TestAgenticIAM object at 0x000001F2A8952890>
mock_iam = <MagicMock spec='AgenticIAM' id='2141735527184'>

    @pytest.mark.unit
    @pytest.mark.asyncio
    async def test_component_availability_checks(self, mock_iam):
        """Test behavior when components are not available"""
        # Test with missing intelligence engine
        mock_iam.intelligence_engine = None
        score = await mock_iam.calculate_trust_score("agent:test")
>       assert score is None
E       AssertionError: assert <AsyncMock name='mock.calculate_trust_score()' id='2141735622032'> is None

tests\test_unit\test_core\test_agentic_iam.py:389: AssertionError
_______________ TestAgenticIAMSettings.test_settings_validation _______________

self = <test_agentic_iam.TestAgenticIAMSettings object at 0x000001F2A8953AD0>

    @pytest.mark.unit
    def test_settings_validation(self):
        """Test settings validation"""
>       with pytest.raises(ValueError):
E       Failed: DID NOT RAISE <class 'ValueError'>

tests\test_unit\test_core\test_agentic_iam.py:429: Failed
____________ TestAgenticIAMLogging.test_audit_logging_integration _____________

self = <AsyncMock name='mock.audit_manager.log_event' id='2141744076816'>

    def assert_called(self):
        """assert that the mock was called at least once
        """
        if self.call_count == 0:
            msg = ("Expected '%s' to have been called." %
                   (self._mock_name or 'mock'))
>           raise AssertionError(msg)
E           AssertionError: Expected 'log_event' to have been called.

..\..\AppData\Local\Programs\Python\Python311\Lib\unittest\mock.py:908: AssertionError

During handling of the above exception, another exception occurred:

self = <test_agentic_iam.TestAgenticIAMLogging object at 0x000001F2A8998910>
mock_iam = <MagicMock spec='AgenticIAM' id='2141735063952'>

    @pytest.mark.unit
    @pytest.mark.asyncio
    async def test_audit_logging_integration(self, mock_iam):
        """Test audit logging integration"""
        # Setup mock
        mock_iam.audit_manager.log_event = AsyncMock()
    
        # Perform operation that should log
        await mock_iam.authenticate(
            agent_id="agent:test",
            credentials={},
            method="jwt"
        )
    
        # Verify audit logging
>       mock_iam.audit_manager.log_event.assert_called()
E       AssertionError: Expected 'log_event' to have been called.

tests\test_unit\test_core\test_agentic_iam.py:468: AssertionError
============================== warnings summary ===============================
api\models.py:41
  C:\Users\Lenovo\Desktop\Agentic-IAM-main\api\models.py:41: PydanticDeprecatedSince20: Pydantic V1 style `@validator` validators are deprecated. You should migrate to Pydantic V2 style `@field_validator` validators, see the migration guide for more details. Deprecated in Pydantic V2.0 to be removed in V3.0. See Pydantic V2 Migration Guide at https://errors.pydantic.dev/2.12/migration/
    @validator('agent_id')

api\models.py:76
  C:\Users\Lenovo\Desktop\Agentic-IAM-main\api\models.py:76: PydanticDeprecatedSince20: Pydantic V1 style `@validator` validators are deprecated. You should migrate to Pydantic V2 style `@field_validator` validators, see the migration guide for more details. Deprecated in Pydantic V2.0 to be removed in V3.0. See Pydantic V2 Migration Guide at https://errors.pydantic.dev/2.12/migration/
    @validator('agent_id')

api\models.py:89
  C:\Users\Lenovo\Desktop\Agentic-IAM-main\api\models.py:89: PydanticDeprecatedSince20: Pydantic V1 style `@validator` validators are deprecated. You should migrate to Pydantic V2 style `@field_validator` validators, see the migration guide for more details. Deprecated in Pydantic V2.0 to be removed in V3.0. See Pydantic V2 Migration Guide at https://errors.pydantic.dev/2.12/migration/
    @validator('status')

api\models.py:216
  C:\Users\Lenovo\Desktop\Agentic-IAM-main\api\models.py:216: PydanticDeprecatedSince20: Pydantic V1 style `@validator` validators are deprecated. You should migrate to Pydantic V2 style `@field_validator` validators, see the migration guide for more details. Deprecated in Pydantic V2.0 to be removed in V3.0. See Pydantic V2 Migration Guide at https://errors.pydantic.dev/2.12/migration/
    @validator('framework')

api\models.py:244
  C:\Users\Lenovo\Desktop\Agentic-IAM-main\api\models.py:244: PydanticDeprecatedSince20: Pydantic V1 style `@validator` validators are deprecated. You should migrate to Pydantic V2 style `@field_validator` validators, see the migration guide for more details. Deprecated in Pydantic V2.0 to be removed in V3.0. See Pydantic V2 Migration Guide at https://errors.pydantic.dev/2.12/migration/
    @validator('time_range')

api\models.py:279
  C:\Users\Lenovo\Desktop\Agentic-IAM-main\api\models.py:279: PydanticDeprecatedSince20: Pydantic V1 style `@validator` validators are deprecated. You should migrate to Pydantic V2 style `@field_validator` validators, see the migration guide for more details. Deprecated in Pydantic V2.0 to be removed in V3.0. See Pydantic V2 Migration Guide at https://errors.pydantic.dev/2.12/migration/
    @validator('sort_order')

api\models.py:303
  C:\Users\Lenovo\Desktop\Agentic-IAM-main\api\models.py:303: PydanticDeprecatedSince20: Pydantic V1 style `@validator` validators are deprecated. You should migrate to Pydantic V2 style `@field_validator` validators, see the migration guide for more details. Deprecated in Pydantic V2.0 to be removed in V3.0. See Pydantic V2 Migration Guide at https://errors.pydantic.dev/2.12/migration/
    @validator('section')

api\models.py:335
  C:\Users\Lenovo\Desktop\Agentic-IAM-main\api\models.py:335: PydanticDeprecatedSince20: Pydantic V1 style `@validator` validators are deprecated. You should migrate to Pydantic V2 style `@field_validator` validators, see the migration guide for more details. Deprecated in Pydantic V2.0 to be removed in V3.0. See Pydantic V2 Migration Guide at https://errors.pydantic.dev/2.12/migration/
    @validator('priority')

tests/test_unit/test_api/test_authentication.py::TestAuthenticationAPI::test_login_success
tests/test_unit/test_api/test_authentication.py::TestAuthenticationAPI::test_login_failure
tests/test_unit/test_api/test_authentication.py::TestAuthenticationAPI::test_login_invalid_request
tests/test_unit/test_api/test_authentication.py::TestAuthenticationAPI::test_login_exception_handling
  C:\Users\Lenovo\Desktop\Agentic-IAM-main\api\routers\authentication.py:22: PydanticDeprecatedSince20: The `dict` method is deprecated; use `model_dump` instead. Deprecated in Pydantic V2.0 to be removed in V3.0. See Pydantic V2 Migration Guide at https://errors.pydantic.dev/2.12/migration/
    auth_result = await iam.authenticate(payload.dict(), payload.method)

tests/test_unit/test_api/test_authentication.py: 483 warnings
  C:\Users\Lenovo\AppData\Local\Programs\Python\Python311\Lib\site-packages\fastapi\encoders.py:328: RuntimeWarning: coroutine 'AsyncMockMixin._execute_mock_call' was never awaited
    data = dict(obj)
  Enable tracemalloc to get traceback where the object was allocated.
  See https://docs.pytest.org/en/stable/how-to/capture-warnings.html#resource-warnings for more info.

-- Docs: https://docs.pytest.org/en/stable/how-to/capture-warnings.html
=========================== short test summary info ===========================
FAILED tests/test_integration/test_api_integration.py::TestSecurityIntegration::test_input_validation
FAILED tests/test_integration/test_api_integration.py::TestSecurityIntegration::test_rate_limiting_integration
FAILED tests/test_unit/test_api/test_authentication.py::TestAuthenticationAPI::test_login_invalid_request
FAILED tests/test_unit/test_core/test_agentic_iam.py::TestAgenticIAM::test_register_agent_success
FAILED tests/test_unit/test_core/test_agentic_iam.py::TestAgenticIAM::test_authenticate_success
FAILED tests/test_unit/test_core/test_agentic_iam.py::TestAgenticIAM::test_authenticate_failure
FAILED tests/test_unit/test_core/test_agentic_iam.py::TestAgenticIAM::test_authorize_success
FAILED tests/test_unit/test_core/test_agentic_iam.py::TestAgenticIAM::test_authorize_denial
FAILED tests/test_unit/test_core/test_agentic_iam.py::TestAgenticIAM::test_calculate_trust_score_no_engine
FAILED tests/test_unit/test_core/test_agentic_iam.py::TestAgenticIAM::test_get_platform_status
FAILED tests/test_unit/test_core/test_agentic_iam.py::TestAgenticIAM::test_error_handling_in_authenticate
FAILED tests/test_unit/test_core/test_agentic_iam.py::TestAgenticIAM::test_error_handling_in_authorization
FAILED tests/test_unit/test_core/test_agentic_iam.py::TestAgenticIAM::test_component_availability_checks
FAILED tests/test_unit/test_core/test_agentic_iam.py::TestAgenticIAMSettings::test_settings_validation
FAILED tests/test_unit/test_core/test_agentic_iam.py::TestAgenticIAMLogging::test_audit_logging_integration
ERROR tests/test_integration/test_api_integration.py::TestAPIIntegration::test_full_agent_lifecycle
ERROR tests/test_integration/test_api_integration.py::TestAPIIntegration::test_session_management_flow
ERROR tests/test_integration/test_api_integration.py::TestAPIIntegration::test_audit_logging_integration
ERROR tests/test_integration/test_api_integration.py::TestAPIIntegration::test_trust_scoring_integration
ERROR tests/test_integration/test_api_integration.py::TestAPIIntegration::test_error_handling_integration
ERROR tests/test_integration/test_api_integration.py::TestAPIIntegration::test_concurrent_requests
ERROR tests/test_integration/test_api_integration.py::TestAPIIntegration::test_performance_under_load
ERROR tests/test_integration/test_api_integration.py::TestDatabaseIntegration::test_agent_persistence
ERROR tests/test_integration/test_api_integration.py::TestDatabaseIntegration::test_session_persistence
ERROR tests/test_integration/test_api_integration.py::TestDatabaseIntegration::test_audit_log_persistence
ERROR tests/test_unit/test_core/test_agentic_iam.py::TestAgenticIAM::test_create_session_success
ERROR tests/test_unit/test_core/test_agentic_iam.py::TestAgenticIAM::test_calculate_trust_score
ERROR tests/test_unit/test_core/test_agentic_iam.py::TestAgenticIAM::test_get_avg_trust_score_calculation
=========== 15 failed, 42 passed, 495 warnings, 13 errors in 2.65s ============
